10-16 17:31:36.890  1093  1135 W FtcAccessPointService: MonitoringThread: The RC has not reported itself as alive for more than 10 seconds. Relaunching the RC.
10-16 17:31:36.891   429   461 I ActivityManager: Force stopping com.qualcomm.ftcrobotcontroller appid=10038 user=0: from pid 1093
10-16 17:31:37.922  1093  1135 I FtcAccessPointService: MonitoringThread: Launching RC app
10-16 17:31:37.924   429   460 I ActivityManager: START u0 {act=android.intent.action.MAIN cat=[android.intent.category.LAUNCHER] flg=0x10000000 pkg=com.qualcomm.ftcrobotcontroller cmp=com.qualcomm.ftcrobotcontroller/org.firstinspires.ftc.robotcontroller.internal.PermissionValidatorWrapper} from uid 10017 on display 0
10-16 17:31:37.932   903   903 I ManiActivity_LEANBACK: onPause
10-16 17:31:37.962   429  2105 I ActivityManager: Start proc 2112:com.qualcomm.ftcrobotcontroller/u0a38 for activity com.qualcomm.ftcrobotcontroller/org.firstinspires.ftc.robotcontroller.internal.PermissionValidatorWrapper
10-16 17:31:37.965  2112  2112 I art     : Late-enabling -Xcheck:jni
10-16 17:31:38.068   429   461 W ActivityManager: Slow operation: 76ms so far, now at attachApplicationLocked: after mServices.attachApplicationLocked
10-16 17:31:38.131  2112  2112 D Uvc     : [jni.cpp:72] JNI_OnLoad()...
10-16 17:31:38.132  2112  2112 D Uvc     : [JniEnv.h:32] ScopedJniEnv::onJniLoad()...
10-16 17:31:38.132  2112  2112 D Uvc     : [JniEnv.h:32] ...ScopedJniEnv::onJniLoad()
10-16 17:31:38.132  2112  2112 D Uvc     : [jni.cpp:72] ...JNI_OnLoad()
10-16 17:31:38.138  2112  2112 V AppUtil : initializing: getExternalStorageDirectory()=/storage/emulated/0
10-16 17:31:38.142  2112  2112 I AppUtil : found usbFileSystemRoot: /dev/bus/usb
10-16 17:31:38.143  2112  2112 I robotcontroller: type=1400 audit(0.0:284): avc: denied { read } for name="direction" dev="sysfs" ino=16332 scontext=u:r:untrusted_app:s0:c512,c768 tcontext=u:object_r:sysfs:s0 tclass=file permissive=1
10-16 17:31:38.143  2112  2112 I robotcontroller: type=1400 audit(0.0:285): avc: denied { open } for path="/sys/devices/pinctrl.26/gpio/gpio50/direction" dev="sysfs" ino=16332 scontext=u:r:untrusted_app:s0:c512,c768 tcontext=u:object_r:sysfs:s0 tclass=file permissive=1
10-16 17:31:38.143  2112  2112 I robotcontroller: type=1400 audit(0.0:286): avc: denied { getattr } for path="/sys/devices/pinctrl.26/gpio/gpio50/direction" dev="sysfs" ino=16332 scontext=u:r:untrusted_app:s0:c512,c768 tcontext=u:object_r:sysfs:s0 tclass=file permissive=1
10-16 17:31:38.146  2112  2112 I robotcontroller: type=1400 audit(0.0:287): avc: denied { write } for name="value" dev="sysfs" ino=13336 scontext=u:r:untrusted_app:s0:c512,c768 tcontext=u:object_r:sysfs:s0 tclass=file permissive=1
10-16 17:31:38.155  2112  2112 I AppAliveNotifier: Telling the OS to set the RC alive notification timeout to 20 seconds
10-16 17:31:38.164  2112  2130 V RobotCore: saving logcat to /storage/emulated/0/robotControllerLog.txt
10-16 17:31:38.164  2112  2130 V RobotCore: logging command line: exec logcat -f /storage/emulated/0/robotControllerLog.txt -r4096 -n4 -v threadtime UsbRequestJNI:S UsbRequest:S art:W ThreadPool:W System:W ExtendedExtractor:W OMXClient:W MediaPlayer:W dalvikvm:W  *:V
10-16 17:31:38.170  1093  1093 I FtcAccessPointService: MonitoringThread: Changing rcAliveNotificationTimeoutSeconds from 10 to 20
10-16 17:31:38.179  2112  2112 V AppUtil : rootActivity=PermissionValidatorWrapper
10-16 17:31:38.179  2112  2112 I PermissionValidatorActivity: Lifecycle onCreate : 6d5214a
10-16 17:31:38.216  2112  2130 I RobotCore: Done running ps
10-16 17:31:38.223  2112  2112 I PermissionValidatorActivity: Lifecycle onStart : 6d5214a
10-16 17:31:38.225  2112  2112 I PermissionValidator: Checking permission for android.permission.WRITE_EXTERNAL_STORAGE
10-16 17:31:38.230  2112  2112 I PermissionValidator:     Granted: android.permission.WRITE_EXTERNAL_STORAGE
10-16 17:31:38.230  2112  2112 I PermissionValidator: Checking permission for android.permission.READ_EXTERNAL_STORAGE
10-16 17:31:38.231  2112  2112 I PermissionValidator:     Granted: android.permission.READ_EXTERNAL_STORAGE
10-16 17:31:38.232  2112  2112 I PermissionValidator: Checking permission for android.permission.CAMERA
10-16 17:31:38.233  2112  2112 I PermissionValidator:     Granted: android.permission.CAMERA
10-16 17:31:38.233  2112  2112 I PermissionValidator: Checking permission for android.permission.ACCESS_COARSE_LOCATION
10-16 17:31:38.234  2112  2112 I PermissionValidator:     Granted: android.permission.ACCESS_COARSE_LOCATION
10-16 17:31:38.234  2112  2112 I PermissionValidator: Checking permission for android.permission.ACCESS_FINE_LOCATION
10-16 17:31:38.235  2112  2112 I PermissionValidator:     Granted: android.permission.ACCESS_FINE_LOCATION
10-16 17:31:38.236  2112  2112 I PermissionValidator: Checking permission for android.permission.READ_PHONE_STATE
10-16 17:31:38.237  2112  2112 I PermissionValidator:     Granted: android.permission.READ_PHONE_STATE
10-16 17:31:38.233  2133  2133 I sh      : type=1400 audit(0.0:288): avc: denied { read } for name="/" dev="rootfs" ino=1 scontext=u:r:untrusted_app:s0:c512,c768 tcontext=u:object_r:rootfs:s0 tclass=dir permissive=1
10-16 17:31:38.243  2112  2112 V ServiceStarter: attempting to start service MediaTransferProtocolMonitorService
10-16 17:31:38.233  2133  2133 I sh      : type=1400 audit(0.0:289): avc: denied { open } for path="/" dev="rootfs" ino=1 scontext=u:r:untrusted_app:s0:c512,c768 tcontext=u:object_r:rootfs:s0 tclass=dir permissive=1
10-16 17:31:38.245  2112  2112 V ServiceStarter: started service MediaTransferProtocolMonitorService
10-16 17:31:38.246  2112  2112 V ServiceStarter: attempting to start service OnBotJavaService
10-16 17:31:38.249  2112  2112 V ServiceStarter: started service OnBotJavaService
10-16 17:31:38.249  2112  2112 I PermissionValidatorActivity: All permissions validated.  Starting RobotController
10-16 17:31:38.251   429   899 I ActivityManager: START u0 {cmp=com.qualcomm.ftcrobotcontroller/org.firstinspires.ftc.robotcontroller.internal.FtcRobotControllerActivity} from uid 10038 on display 0
10-16 17:31:38.272  2112  2112 V MTPMonitorService: onCreate()
10-16 17:31:38.273  2112  2112 V MTPMonitorService: onStartCommand() intent=Intent { cmp=com.qualcomm.ftcrobotcontroller/org.firstinspires.ftc.robotcore.internal.files.MediaTransferProtocolMonitorService } flags=0x0 startId=1
10-16 17:31:38.276  2112  2112 V ThreadPool: container(0x04d6ad69: MTPMonitor) added id=119 TID=0 count=1
10-16 17:31:38.277  2112  2112 V MTPMonitor: observing: /storage/emulated/0
10-16 17:31:38.487   903   903 E LQH     : AppViewFocusAnimator->onFocusChange->v:com.rockchips.android.leanbacklauncher.apps.BannerView{61b2aa5 VFE...CL. .....AID 56,0-244,160 #7f0c016f app:id/app_favorite_banner},hasFocus:false
10-16 17:31:38.527   150   150 W SurfaceFlinger: couldn't log to binary event log: overflow.
10-16 17:31:38.650  2112  2112 V OnBotJavaService: onCreate()
10-16 17:31:38.651  2112  2112 V OnBotJavaService: onStartCommand() intent=Intent { cmp=com.qualcomm.ftcrobotcontroller/org.firstinspires.ftc.onbotjava.OnBotJavaService } flags=0x0 startId=1
10-16 17:31:38.652  2112  2112 V OnBotJava: OnBotJavaManager::static
10-16 17:31:38.756   429   481 W ActivityManager: Activity pause timeout for ActivityRecord{ecaaaa0 u0 com.qualcomm.ftcrobotcontroller/org.firstinspires.ftc.robotcontroller.internal.PermissionValidatorWrapper t3942 f}
10-16 17:31:38.912   552   552 W asset   : Asset path /data/app/com.qualcomm.ftcrobotcontroller-2/base.apk is neither a directory nor file (type=1).
10-16 17:31:38.913   552   552 E ResourcesManager: failed to add asset path /data/app/com.qualcomm.ftcrobotcontroller-2/base.apk
10-16 17:31:38.913   552   552 W PackageManager: Failure retrieving resources for com.qualcomm.ftcrobotcontroller
10-16 17:31:38.913   552   552 W asset   : Asset path /data/app/com.qualcomm.ftcrobotcontroller-2/base.apk is neither a directory nor file (type=1).
10-16 17:31:38.913   552   552 E ResourcesManager: failed to add asset path /data/app/com.qualcomm.ftcrobotcontroller-2/base.apk
10-16 17:31:38.913   552   552 W PackageManager: Failure retrieving resources for com.qualcomm.ftcrobotcontroller
10-16 17:31:38.914   552   552 W asset   : Asset path /data/app/com.qualcomm.ftcrobotcontroller-2/base.apk is neither a directory nor file (type=1).
10-16 17:31:38.914   552   552 E ResourcesManager: failed to add asset path /data/app/com.qualcomm.ftcrobotcontroller-2/base.apk
10-16 17:31:38.914   552   552 W PackageManager: Failure retrieving resources for com.qualcomm.ftcrobotcontroller
10-16 17:31:38.914   552   552 W asset   : Asset path /data/app/com.qualcomm.ftcrobotcontroller-2/base.apk is neither a directory nor file (type=1).
10-16 17:31:38.915   552   552 E ResourcesManager: failed to add asset path /data/app/com.qualcomm.ftcrobotcontroller-2/base.apk
10-16 17:31:38.915   552   552 W PackageManager: Failure retrieving resources for com.qualcomm.ftcrobotcontroller
10-16 17:31:38.915   552   552 W asset   : Asset path /data/app/com.qualcomm.ftcrobotcontroller-2/base.apk is neither a directory nor file (type=1).
10-16 17:31:38.915   552   552 E ResourcesManager: failed to add asset path /data/app/com.qualcomm.ftcrobotcontroller-2/base.apk
10-16 17:31:38.915   552   552 W PackageManager: Failure retrieving resources for com.qualcomm.ftcrobotcontroller
10-16 17:31:39.369  2112  2112 V OnBotJava: ctor()...
10-16 17:31:39.371  2112  2112 V OnBotJava: ...ctor()
10-16 17:31:39.376  2112  2112 V RCActivity: Permissions validated already
10-16 17:31:39.376  2112  2112 V RCActivity: onCreate()
10-16 17:31:39.378  2112  2112 V RCActivity: rootActivity is of class PermissionValidatorWrapper
10-16 17:31:39.381  2112  2112 V RCActivity: launchActivity is of class class org.firstinspires.ftc.robotcontroller.internal.PermissionValidatorWrapper
10-16 17:31:39.388  2112  2112 V ThreadPool: container(0x058c7412: CallbackLooper) added id=121 TID=0 count=1
10-16 17:31:39.389  2112  2139 V CallbackLooper: thread=121
10-16 17:31:39.393  2112  2112 V NetDiscover_wifiDirectAgent: doStart()...
10-16 17:31:39.398  2112  2112 V NetDiscover_wifiDirectAgent: ...doStart()
10-16 17:31:39.398  2112  2112 V NetDiscover_prefremrc: ----- all preferences -----
10-16 17:31:39.399  2112  2112 V NetDiscover_prefremrc: name='android.permission.READ_PHONE_STATE' value=false
10-16 17:31:39.399  2112  2112 V NetDiscover_prefremrc: name='pref_autostarted_robot_controller' value=true
10-16 17:31:39.399  2112  2112 V NetDiscover_prefremrc: name='pref_warn_about_obsolete_software' value=true
10-16 17:31:39.399  2112  2112 V NetDiscover_prefremrc: name='pref_has_independent_phone_battery' value=false
10-16 17:31:39.399  2112  2112 V NetDiscover_prefremrc: name='android.permission.CAMERA' value=false
10-16 17:31:39.400  2112  2112 V NetDiscover_prefremrc: name='pref_wifip2p_remote_channel_change_works' value=false
10-16 17:31:39.400  2112  2112 V NetDiscover_prefremrc: name='pref_hardware_config_filename' value={"isDirty":false,"location":"LOCAL_STORAGE","name":"yaibaTest","resourceId":0}
10-16 17:31:39.400  2112  2112 V NetDiscover_prefremrc: name='pref_warn_about_mismatched_app_versions' value=true
10-16 17:31:39.400  2112  2112 V NetDiscover_prefremrc: name='pref_sound_on_off' value=false
10-16 17:31:39.400  2112  2112 V NetDiscover_prefremrc: name='pref_ftc_season_year_of_current_rc_new' value=2024
10-16 17:31:39.400  2112  2112 V NetDiscover_prefremrc: name='App Restrictions' value=AAAAAA==
10-16 17:31:39.400  2112  2112 V NetDiscover_prefremrc:     
10-16 17:31:39.400  2112  2112 V NetDiscover_prefremrc: name='pref_warn_about_incorrect_clocks' value=true
10-16 17:31:39.400  2112  2112 V NetDiscover_prefremrc: name='android.permission.ACCESS_COARSE_LOCATION' value=false
10-16 17:31:39.400  2112  2112 V NetDiscover_prefremrc: name='pref_has_speaker' value=false
10-16 17:31:39.401  2112  2112 V NetDiscover_prefremrc: name='android.permission.WRITE_EXTERNAL_STORAGE' value=false
10-16 17:31:39.401  2112  2112 V NetDiscover_prefremrc: name='pref_connection_owner_password' value=neverFinish
10-16 17:31:39.401  2112  2112 V NetDiscover_prefremrc: name='pref_pairing_kind' value=RCWIRELESSAP
10-16 17:31:39.401  2112  2112 V NetDiscover_prefremrc: name='pref_device_name_internal' value=FTC-22346
10-16 17:31:39.401  2112  2112 V NetDiscover_prefremrc: name='pref_app_theme' value=red
10-16 17:31:39.401  2112  2112 V NetDiscover_prefremrc: name='android.permission.ACCESS_FINE_LOCATION' value=false
10-16 17:31:39.402  2112  2112 V NetDiscover_prefremrc: name='pref_device_name' value=FTC-22346
10-16 17:31:39.402  2112  2112 V NetDiscover_prefremrc: name='pref_warn_about_2_4_ghz_band' value=true
10-16 17:31:39.402  2112  2112 V NetDiscover_prefremrc: name='pref_device_name_tracking' value=WIFIAP
10-16 17:31:39.402  2112  2112 V NetDiscover_prefremrc: name='android.permission.READ_EXTERNAL_STORAGE' value=false
10-16 17:31:39.402  2112  2112 V NetDiscover_prefremrc: name='pref_rc_connected' value=true
10-16 17:31:39.408  2112  2112 V Robocol : SendOnceRunnable created
10-16 17:31:39.410  2112  2112 V ThreadPool: container(0x01c77d55: default scheduler) added id=123 TID=0 count=1
10-16 17:31:39.410  2112  2112 V NetDiscover_prefremrc: doStart()...
10-16 17:31:39.410  2112  2112 V NetDiscover_prefremrc: ...doStart()
10-16 17:31:39.436  2112  2141 V ThreadPool: container(0x01c77d55: default scheduler) added id=124 TID=0 count=2
10-16 17:31:39.442  2112  2112 W System  : ClassLoader referenced unknown path: /system/app/webview/lib/arm64
10-16 17:31:39.443  2112  2112 D ApplicationLoaders: ignored Vulkan layer search path /system/app/webview/lib/arm64:/system/app/webview/webview.apk!/lib/arm64-v8a:/system/lib64:/vendor/lib64 for namespace 0x723865f0f0
10-16 17:31:39.447  2112  2112 I WebViewFactory: Loading com.android.webview version 52.0.2743.100 (code 275610050)
10-16 17:31:39.482  2112  2112 I cr_LibraryLoader: Time to load native libraries: 3 ms (timestamps 8484-8487)
10-16 17:31:39.482  2112  2112 I cr_LibraryLoader: Expected native library version number "52.0.2743.100", actual native library version number "52.0.2743.100"
10-16 17:31:39.495  2112  2112 V WebViewChromiumFactoryProvider: Binding Chromium to main looper Looper (main, tid 1) {54a862f}
10-16 17:31:39.495  2112  2112 I cr_LibraryLoader: Expected native library version number "52.0.2743.100", actual native library version number "52.0.2743.100"
10-16 17:31:39.495  2112  2112 I chromium: [INFO:library_loader_hooks.cc(143)] Chromium logging enabled: level = 0, default verbosity = 0
10-16 17:31:39.516  2112  2112 I cr_BrowserStartup: Initializing chromium process, singleProcess=true
10-16 17:31:39.541  2112  2112 I mali_so : [File] : hardware/rockchip/driver/./src/base/arch/arch_011_udd/base_arch_main.c; [Line] : 565; [Func] : deal_with_version_affairs_rk_ext;
10-16 17:31:39.541  2112  2112 I mali_so : arm_release_ver of this mali_so is 'r7p0-00rel1', rk_so_ver is '1@2' for 3328h_android_7.1, built at '15:47:51', on 'Jun 28 2017'.
10-16 17:31:39.541  2112  2112 I mali_so : [File] : hardware/rockchip/driver/./src/base/arch/arch_011_udd/base_arch_main.c; [Line] : 578; [Func] : deal_with_version_affairs_rk_ext;
10-16 17:31:39.541  2112  2112 I mali_so : mali_ver_property has been set to 'r7p0-00rel1-5-1@2', to return.
10-16 17:31:39.594  2112  2112 I cr_DRP  : No DRP key due to exception:java.lang.ClassNotFoundException: com.android.webview.chromium.Drp
10-16 17:31:39.616   429   479 D ConnectivityService: listenForNetwork for uid/pid:10038/2112 NetworkRequest [ LISTEN id=17, [ Capabilities: INTERNET&NOT_RESTRICTED&TRUSTED] ]
10-16 17:31:39.637  2112  2112 W cr_AwContents: onDetachedFromWindow called when already detached. Ignoring
10-16 17:31:40.983  1174  1174 I hostapd : type=1400 audit(0.0:290): avc: denied { write } for name="wpa_ctrl_1093-5" dev="mmcblk0p14" ino=344484 scontext=u:r:hostapd:s0 tcontext=u:object_r:wpa_socket:s0:c512,c768 tclass=sock_file permissive=1
10-16 17:31:41.202  2112  2117 I art     : Do partial code cache collection, code=29KB, data=28KB
10-16 17:31:41.202  2112  2117 I art     : After code cache collection, code=28KB, data=27KB
10-16 17:31:41.202  2112  2117 I art     : Increasing code cache capacity to 128KB
10-16 17:31:41.846  2112  2112 V UpdateUI: Network: inactive, disconnected
10-16 17:31:41.847  2112  2112 V ServiceStarter: attempting to start service FtcRobotControllerWatchdogService
10-16 17:31:41.850  2112  2112 V ServiceStarter: started service FtcRobotControllerWatchdogService
10-16 17:31:41.870  2112  2112 I RobotCore: App info: version=11.0.0 appId=com.qualcomm.ftcrobotcontroller
10-16 17:31:41.870  2112  2112 I RobotCore: Android Device: maker=REV Robotics model=Control Hub v1.0 sdk=25 serial=4970fbf388f1f13e
10-16 17:31:41.871  2112  2112 V AndroidBoard: REV Control Hub contains REV3328
10-16 17:31:41.871  2112  2112 V AndroidBoard: Communicating with embedded REV hub via /dev/ttyS1
10-16 17:31:41.873  2112  2112 V RCActivity: onStart()
10-16 17:31:41.877  2112  2112 V RCActivity: onResume()
10-16 17:31:41.894  2112  2112 V NetDiscover_prefremrc: onSharedPreferenceChanged(name=App Restrictions, value=AAAAAA==
10-16 17:31:41.894  2112  2112 V NetDiscover_prefremrc: )
10-16 17:31:41.901   429  1914 D ConnectivityService: listenForNetwork for uid/pid:10038/2112 NetworkRequest [ LISTEN id=18, [ Capabilities: INTERNET&NOT_RESTRICTED&TRUSTED] ]
10-16 17:31:41.905  2112  2112 V FtcRobotControllerWatchdogService: onCreate()
10-16 17:31:41.906  2112  2112 V FtcRobotControllerWatchdogService: onStartCommand() intent=Intent { cmp=com.qualcomm.ftcrobotcontroller/org.firstinspires.ftc.ftccommon.internal.FtcRobotControllerWatchdogService } flags=0x0 startId=1
10-16 17:31:41.906  2112  2112 V FtcRobotControllerWatchdogService: shouldAutoLauchRobotController() result=true
10-16 17:31:41.908  2112  2112 V FTCService: onCreate()
10-16 17:31:41.938  2112  2112 W art     : Before Android 4.1, method double java.util.concurrent.ThreadLocalRandom.internalNextDouble(double, double) would have incorrectly overridden the package-private method in java.util.Random
10-16 17:31:41.938  2112  2112 W art     : Before Android 4.1, method int java.util.concurrent.ThreadLocalRandom.internalNextInt(int, int) would have incorrectly overridden the package-private method in java.util.Random
10-16 17:31:41.938  2112  2112 W art     : Before Android 4.1, method long java.util.concurrent.ThreadLocalRandom.internalNextLong(long, long) would have incorrectly overridden the package-private method in java.util.Random
10-16 17:31:41.967  2112  2112 V FTCService: onBind()
10-16 17:31:41.989  2112  2112 V CoreRobotWebServer: creating NanoHTTPD(8080)
10-16 17:31:41.994  2112  2112 V WebSocketManager: Registered broadcast-only namespace progress
10-16 17:31:42.000  2112  2112 V ThreadPool: container(0x01c77d55: default scheduler) added id=143 TID=0 count=3
10-16 17:31:42.001  2112  2112 V WebSocketManager: Registered handler for namespace ControlHubUpdater
10-16 17:31:42.002  2112  2112 V RobotCore: Getting network assistant of type: RCWIRELESSAP
10-16 17:31:42.004  2112  2112 I RobotControllerAccessPointAssistant: Enabling network services
10-16 17:31:42.006  2112  2112 I RobotControllerAccessPointAssistant: Sending SSID and password to AP service
10-16 17:31:42.007  2112  2112 I RobotCore: neverFinish
10-16 17:31:42.007  2112  2112 D RobotControllerAccessPointAssistant: setNetworkProperties(deviceName=FTC-22346, password=neverFinish, ApChannel=null) sendSettingsIndividually=false
10-16 17:31:42.008  2112  2112 I NetDiscover_ControlHubNameManager: Robot controller name: FTC-22346
10-16 17:31:42.008  2112  2112 I ControlHubPasswordManager: Robot controller password: neverFinish
10-16 17:31:42.008  2112  2112 D RobotControllerAccessPointAssistant: Sending bulk settings broadcast intent
10-16 17:31:42.019  1093  2165 I FtcAccessPointService: Received FTC_AP_SETTINGS_CHANGE
10-16 17:31:42.019  1093  2165 I FtcAccessPointService: Received FTC_AP_SETTINGS_CHANGE intent=#Intent;action=org.firstinspires.ftc.intent.action.FTC_AP_SETTINGS_CHANGE;component=org.firstinspires.ftc.ftcaccesspointservice/.FtcAccessPointService;S.org.firstinspires.ftc.intent.extra.EXTRA_AP_PASSWORD=neverFinish;S.org.firstinspires.ftc.intent.extra.EXTRA_AP_NAME=FTC-22346;end
10-16 17:31:42.020  1093  2165 I FtcAccessPointService: processed AP settings: name=FTC-22346 password=neverFinish band=null channel=null
10-16 17:31:42.020  1093  2165 I FtcAccessPointService: Taking no action on FTC_AP_SETTINGS_CHANGE
10-16 17:31:42.020  1093  2165 I FtcAccessPointService: Received TEST_FTC_WIFI
10-16 17:31:42.069  2112  2162 I OpenGLRenderer: Initialized EGL, version 1.4
10-16 17:31:42.069  2112  2162 D OpenGLRenderer: Swap behavior 1
10-16 17:31:42.074  2112  2112 I RobotControllerAccessPointAssistant: Wi-Fi state change:, wifiApState: 13
10-16 17:31:42.075  2112  2112 I FTCService: onNetworkConnectionEvent: CONNECTION_INFO_AVAILABLE
10-16 17:31:42.076  2112  2112 I RobotCore: neverFinish
10-16 17:31:42.076  2112  2112 I FTCService: Network Connection Passphrase: neverFinish
10-16 17:31:42.076  2112  2112 V CoreRobotWebServer: starting port=8080
10-16 17:31:42.088  2112  2112 V RobotCore: Getting network assistant of type: RCWIRELESSAP
10-16 17:31:42.089  2112  2112 V CoreRobotWebServer: started port=8080
10-16 17:31:42.090  2112  2112 V FTCService: RCActivity.controllerService=bound
10-16 17:31:42.090  2112  2112 V UpdateUI: Network: active, disconnected
10-16 17:31:42.092  2112  2112 V RobotCore: Robot Status: stopped
10-16 17:31:42.100  2112  2168 V TooTallWebSocketServer: Started WebSocket server on port 8081
10-16 17:31:42.114  2112  2112 V ThreadPool: container(0x00fa466b: default threadpool) added id=147 TID=0 count=1
10-16 17:31:42.115  2112  2171 V RobotCore: thread: 'RobotSetupRunnable.run()' starting...
10-16 17:31:42.115  2112  2171 V FTCService: Processing robot setup
10-16 17:31:42.116  2112  2171 V RobotCore: Robot Status: stopped, scanning for USB devices
10-16 17:31:42.116  2112  2171 I AppAliveNotifier: Telling the OS to set the RC alive notification timeout to 10 seconds
10-16 17:31:42.132  1093  1093 I FtcAccessPointService: MonitoringThread: Changing rcAliveNotificationTimeoutSeconds from 20 to 10
10-16 17:31:42.145  2112  2112 V WebSocketManager: Registered handler for namespace ONBOTJAVA
10-16 17:31:42.148  2112  2112 V WebSocketManager: Registered handler for namespace MC
10-16 17:31:42.157  2112  2162 I [Gralloc]:  ion device open success! fd = 91
10-16 17:31:42.210   429   488 I ActivityManager: Displayed com.qualcomm.ftcrobotcontroller/org.firstinspires.ftc.robotcontroller.internal.FtcRobotControllerActivity: +3s453ms (total +4s263ms)
10-16 17:31:42.213  2112  2112 V AppUtil : rootActivity=PermissionValidatorWrapper destroyed
10-16 17:31:42.213  2112  2112 V AppUtil : rootActivity=FtcRobotControllerActivity
10-16 17:31:42.213  2112  2112 I PermissionValidatorActivity: Lifecycle onDestroy : 6d5214a
10-16 17:31:42.231   903   903 I AppsAdapter: sortItemsIfNeeded
10-16 17:31:42.231   903   903 I AppsAdapter: sortItemsIfNeeded
10-16 17:31:42.231   903   903 I AppsAdapter: sortItemsIfNeeded
10-16 17:31:43.285   851   851 D lvjinhua:  Failed while trying resolve alarm filter file, not exists
10-16 17:31:43.400   851   857 I art     : Do partial code cache collection, code=26KB, data=29KB
10-16 17:31:43.400   851   857 I art     : After code cache collection, code=26KB, data=29KB
10-16 17:31:43.400   851   857 I art     : Increasing code cache capacity to 128KB
10-16 17:31:44.415  2112  2141 V ThreadPool: container(0x01c77d55: default scheduler) added id=150 TID=0 count=4
10-16 17:31:45.983  1174  1174 I hostapd : type=1400 audit(0.0:291): avc: denied { sendto } for path="/data/misc/wifi/sockets/wpa_ctrl_1093-5" scontext=u:r:hostapd:s0 tcontext=u:r:platform_app:s0:c512,c768 tclass=unix_dgram_socket permissive=1
10-16 17:31:47.125  2112  2171 V RobotCore: EventLoopManager state is NOT_STARTED
10-16 17:31:47.125  2112  2171 V FTCService: Waiting for a connection to a Wi-Fi service
10-16 17:31:47.126  2112  2171 V RobotCore: Robot Status: stopped, waiting for network to become active
10-16 17:31:47.127  2112  2171 I RobotControllerAccessPointAssistant: Wi-Fi AP is enabled
10-16 17:31:47.128  2112  2171 V CoreRobotWebServer: Asked an already running WebServer to start
10-16 17:31:47.128  2112  2171 V RobotCore: Robot Status: stopped, starting robot
10-16 17:31:47.129  2112  2171 V Robocol : EventLoopManager.start()
10-16 17:31:47.129  2112  2171 V RobotCore: Getting network assistant of type: RCWIRELESSAP
10-16 17:31:47.130  2112  2171 I RobotControllerAccessPointAssistant: Wi-Fi AP is enabled
10-16 17:31:47.130  2112  2171 V Robocol : Spoofing a Network Connection event...
10-16 17:31:47.130  2112  2171 I EventLoopManager: onNetworkConnectionEvent: CONNECTION_INFO_AVAILABLE
10-16 17:31:47.130  2112  2171 I Robocol : Received network connection event
10-16 17:31:47.131  2112  2171 I RobotControllerAccessPointAssistant: Wi-Fi AP is enabled
10-16 17:31:47.131  2112  2171 I NetworkConnectionHandler: Handling new network connection infomation, connected: true setup needed: true
10-16 17:31:47.132  2112  2171 I RobotControllerAccessPointAssistant: Wi-Fi AP is enabled
10-16 17:31:48.854  2112  2117 I art     : Do partial code cache collection, code=61KB, data=57KB
10-16 17:31:48.854  2112  2117 I art     : After code cache collection, code=60KB, data=57KB
10-16 17:31:48.854  2112  2117 I art     : Increasing code cache capacity to 256KB
10-16 17:31:49.414  2112  2164 V ThreadPool: container(0x01c77d55: default scheduler) added id=151 TID=0 count=5
10-16 17:31:50.178  2112  2177 V RobotCore: thread: 'SetupRunnable.run()' starting...
10-16 17:31:50.178  2112  2171 V ThreadPool: executive service EventLoop(0x0258ae15) is terminated
10-16 17:31:50.178  2112  2171 V RobotCore: EventLoopManager state is STOPPED
10-16 17:31:50.179  2112  2171 V Robocol : eventLoop=FtcEventLoop
10-16 17:31:50.180  2112  2171 V RobotCore: EventLoopManager state is INIT
10-16 17:31:50.181  2112  2171 V RobotCore: Robot Status: initializing, starting robot
10-16 17:31:50.181  2112  2171 I FtcEventLoop: ======= INIT START =======
10-16 17:31:50.182  2112  2171 V OpmodeRegistration: registered {DefaultOpMode} as {$Stop$Robot$}
10-16 17:31:50.191  2112  2177 D Robocol : RobocolDatagramSocket listening addr=/192.168.43.1:20884 cbRec=65520 cbSend=106496 msRecTO=300
10-16 17:31:50.194  2112  2177 V Robocol : RecvLoopRunnable created
10-16 17:31:50.196  2112  2177 V ThreadPool: container(0x02d2bcda: ReceiveLoopService) added id=153 TID=0 count=1
10-16 17:31:50.198  2112  2177 V ThreadPool: container(0x02d2bcda: ReceiveLoopService) added id=154 TID=0 count=2
10-16 17:31:50.200  2112  2178 V Robocol : PacketProcessor started
10-16 17:31:50.200  2112  2177 V ThreadPool: container(0x02d2bcda: ReceiveLoopService) added id=155 TID=0 count=3
10-16 17:31:50.204  2112  2179 V Robocol : CommandProcessor started
10-16 17:31:50.205  2112  2177 V PeerDiscovery: Starting peer discovery remote: /192.168.43.1 local: /192.168.43.1
10-16 17:31:50.205  2112  2180 V RobotCore: thread: 'RecvLoopRunnable.run()' starting...
10-16 17:31:50.205  2112  2177 V PeerDiscovery: No need for initiating peer discovery, we are the Robot Controller
10-16 17:31:50.205  2112  2177 V RobotCore: Setup complete
10-16 17:31:50.205  2112  2177 V RobotCore: thread: ...terminating 'SetupRunnable.run()'
10-16 17:31:50.209  2112  2178 D RobotCore: system telemetry: key=$System$None$ msg=""
10-16 17:31:50.211  2112  2178 V PeerDiscovery: new remote peer discovered: 192.168.43.149
10-16 17:31:50.212  2112  2178 V NetworkConnectionHandler: starting sending loop
10-16 17:31:50.214  2112  2181 V Robocol : sending CMD_NOTIFY_ROBOT_STATE(9), attempt: 0
10-16 17:31:50.216  2112  2181 V Robocol : sending CMD_NOTIFY_ROBOT_STATE(10), attempt: 0
10-16 17:31:50.217  2112  2181 V Robocol : sending CMD_NOTIFY_ROBOT_STATE(11), attempt: 0
10-16 17:31:50.257  2112  2171 V OpmodeRegistration: registered {ManualControlOpMode} as {$Manual$Control$}
10-16 17:31:50.258  2112  2171 V OpmodeRegistration: registered {standardDrive} as {standardDrive}
10-16 17:31:50.259  2112  2171 V OpmodeRegistration: registered {huskyLensTest} as {huskyLensTest}
10-16 17:31:50.259  2112  2171 V OpmodeRegistration: registered {AxonTest} as {AxonTest}
10-16 17:31:50.260  2112  2171 V OpmodeRegistration: registered {motorTest} as {motorTest}
10-16 17:31:50.261  2112  2171 V OpmodeRegistration: registered {ParkAuto} as {ParkAuto}
10-16 17:31:50.262  2112  2171 V OpmodeRegistration: registered {SensorGoBildaPinpointExample} as {goBILDA Pinpoint Example}
10-16 17:31:50.262  2112  2178 V ThreadPool: container(0x0218e6e7: SoundPlayer) added id=159 TID=0 count=1
10-16 17:31:50.263  2112  2171 V OpmodeRegistration: registered {limelightTest} as {limelightTest}
10-16 17:31:50.263  2112  2178 V UpdateUI: Network: active, connected
10-16 17:31:50.263  2112  2171 V OpmodeRegistration: registered {yaibaTest} as {yaibaTest}
10-16 17:31:50.263  2112  2178 D FTCService: Sending user device types and preferences to driver station
10-16 17:31:50.264  2112  2171 V OpmodeRegistration: registered {YAIBA} as {YAIBA}
10-16 17:31:50.265   203   608 I MediaPlayerService: processName cmdline:/proc/2112/cmdline
10-16 17:31:50.266   203   618 I MediaPlayerFactory:  createFFPlayer
10-16 17:31:50.267   203   618 E FFPlayer: isBluray(), extension = .apk
10-16 17:31:50.267   203   618 E FFPlayerHelper: isBDDirectory() ,path = /data/app/com.qualcomm.ftcrobotcontroller-1/base.apk
10-16 17:31:50.267   203   618 E FFPlayerHelper: isBDDirectory(): no BDMV
10-16 17:31:50.267   203   618 D RkMemConfig: RkMemConfig init
10-16 17:31:50.267   203   618 E RockFFPlayerBase: FFMPlayerBase:eDisplayIdMain
10-16 17:31:50.267   203   618 D FFPlayerHelper: MediaServer is SP_FOREGROUND, tid=618
10-16 17:31:50.268   203   618 D RkExtensionPlayer: RkExtensionPlayer in
10-16 17:31:50.268   203   618 D RkExtensionPlayer: checkDirectoryAccess: Directory[0] = /tmp/rk_ext_subtitle/, AccessPermission = -1
10-16 17:31:50.268   203   618 D RkExtensionPlayer: checkDirectoryAccess: Directory[1] = /data/rk_ext_subtitle/, AccessPermission = -1
10-16 17:31:50.268   203   618 D RkExtensionPlayer: checkDirectoryAccess: Directory[2] = /data/media/0/rk_ext_subtitle/, AccessPermission = -1
10-16 17:31:50.268   203   618 E RkExtensionPlayer: createDirectory(), path = /tmp/rk_ext_subtitle/
10-16 17:31:50.268   203   618 E RkExtensionPlayer: createDirectory(), create directory = /tmp/rk_ext_subtitle/ fail,reson = No such file or directory
10-16 17:31:50.268   203   618 E RkExtensionPlayer: createDirectory(), path = /data/rk_ext_subtitle/
10-16 17:31:50.269   203   618 E RkExtensionPlayer: createDirectory(), path = /data/rk_ext_subtitle/edfb43c0/
10-16 17:31:50.269   203   618 D RkExtensionPlayer: checkDirectoryAccess: Use [/data/rk_ext_subtitle/edfb43c0/] as Temp Subtile Directory
10-16 17:31:50.266   203   203 I Binder:203_3: type=1400 audit(0.0:292): avc: denied { create } for name="rk_ext_subtitle" scontext=u:r:mediaserver:s0 tcontext=u:object_r:system_data_file:s0 tclass=dir permissive=1
10-16 17:31:50.270   203   618 E TraceThread: TraceThread::randomUID() --> [UID=0033c395]
10-16 17:31:50.271   203  2186 E TraceThread:     VsyncReciver(tid = 3962939680)--> [UID=0033c395] VsyncReciver::startthread
10-16 17:31:50.271   203   618 E TraceThread:     RockFFPlayer(tid = 3965028640)--> [UID=0033c395] FFMPlayer Construction; object=0xedfd0000
10-16 17:31:50.271   203   618 D RockFFPlayer: setDataSource fd = 12, offset =22899136,length = 72716
10-16 17:31:50.271   203   618 D RockFFPlayer: start:create thread
10-16 17:31:50.271   203  2187 D RockFFPlayer: RkMessageQueue::run()
10-16 17:31:50.266   203   203 I Binder:203_3: type=1400 audit(0.0:293): avc: denied { setattr } for name="rk_ext_subtitle" dev="mmcblk0p14" ino=588673 scontext=u:r:mediaserver:s0 tcontext=u:object_r:system_data_file:s0 tclass=dir permissive=1
10-16 17:31:50.273   203   203 I FFParser: type=1400 audit(0.0:294): avc: denied { read } for name="com.qualcomm.ftcrobotcontroller-1" dev="mmcblk0p14" ino=327131 scontext=u:r:mediaserver:s0 tcontext=u:object_r:apk_data_file:s0 tclass=dir permissive=1
10-16 17:31:50.273   203   203 I FFParser: type=1400 audit(0.0:295): avc: denied { open } for path="/data/app/com.qualcomm.ftcrobotcontroller-1" dev="mmcblk0p14" ino=327131 scontext=u:r:mediaserver:s0 tcontext=u:object_r:apk_data_file:s0 tclass=dir permissive=1
10-16 17:31:50.271   203   618 D RockFFPlayer: start:create thread ok,mThreadStatus=0
10-16 17:31:50.271   203   618 D RockFFPlayer: enter enqueueMessage
10-16 17:31:50.271   203   618 D RockFFPlayer: enqueueMessage:****1
10-16 17:31:50.271   203   618 D RockFFPlayer: enqueueMessage:****2
10-16 17:31:50.271   203   618 D RockFFPlayer: enqueueMessage:****3
10-16 17:31:50.271   203   618 D RockFFPlayer: enqueueMessage:Message 1,set signal
10-16 17:31:50.271   203   618 D RockFFPlayer: enqueueMessage:sync wait
10-16 17:31:50.272   203  2187 D RockFFPlayer: deliverMessage 
10-16 17:31:50.272   203  2187 D RockFFPlayer: run : dequeueMessage Message 20
10-16 17:31:50.272   203  2187 D RockFFPlayer: CMD_CURRENTSTATUS
10-16 17:31:50.272   203  2187 D RockFFPlayerBase: dumpStatus(): Initialized
10-16 17:31:50.272   203  2187 D RockFFPlayer: run : dequeueMessage Message 20 OK
10-16 17:31:50.272   203  2187 D RockFFPlayer: Messagecomplete type [20]
10-16 17:31:50.272   203  2187 D RockFFPlayer: run : Message 20 complete
10-16 17:31:50.272   203   618 D RockFFPlayer: enqueueMessage:sync wait ok
10-16 17:31:50.273   203   271 D RockFFPlayer: prepareAsync in
10-16 17:31:50.273   203   271 D RockFFPlayerBase: dumpStatus(): Initialized
10-16 17:31:50.273   203   271 D RockFFPlayerBase: dumpStatus(): Preparing
10-16 17:31:50.274   203  2188 I FFPlayer_Version: ******************************************
10-16 17:31:50.274   203  2188 I FFPlayer_Version: 
10-16 17:31:50.274   203  2188 I FFPlayer_Version: starting main player: v2.1 ffplayer git_version: git-2018-01-18-45a23f4
10-16 17:31:50.274   203  2188 I FFPlayer_Version: ffPlayer runs on BOARD_RK3328
10-16 17:31:50.274   203  2188 I FFPlayer_Version: 
10-16 17:31:50.274   203  2188 I FFPlayer_Version: ******************************************
10-16 17:31:50.274   203  2188 I RockFFPlayer: setDataSource(url =file/fd::12,offset::22899136,length::72716)
10-16 17:31:50.274   203  2188 I RockFFPlayer: setDataSource(fileurl =/data/app/com.qualcomm.ftcrobotcontroller-1/base.apk)
10-16 17:31:50.274   203  2188 E RockFFPlayerBase: openContext : in
10-16 17:31:50.274   203   271 D RockFFPlayer: prepareAsync ok
10-16 17:31:50.274   203  2188 E RockFFPlayer: ffmpeg version v2.1: git-2017-12-25-6d3343b
10-16 17:31:50.274   203  2188 E RockFFPlayer: av_probe_input_buffer:avio_read
10-16 17:31:50.274   203  2188 I RockFFPlayer: flv_probe get probe score: 0
10-16 17:31:50.275   203  2188 E RockFFPlayer: Hery, probe size = 0
10-16 17:31:50.275   203  2188 E RockFFPlayer: avformat_open_input:read_header
10-16 17:31:50.275   203  2188 E RockFFPlayer: file_read: offset=22971852, c->offset=22899136, c->length=72716
10-16 17:31:50.275   203  2188 E RockFFPlayer: file_read: offset=22971852, c->offset=22899136, c->length=72716
10-16 17:31:50.275   203  2188 E RockFFPlayer: avformat_open_input:read_header ok
10-16 17:31:50.275   203  2188 D RkExtensionPlayer: openContext in
10-16 17:31:50.275   203  2188 E RkExtensionPlayer: autoDetect(): path = /data/app/com.qualcomm.ftcrobotcontroller-1/base.apk
10-16 17:31:50.275   203  2188 E FFPlayerHelper: isNetWorkUrl: url = /data/app/com.qualcomm.ftcrobotcontroller-1/base.apk
10-16 17:31:50.276   203  2188 E FFPlayerHelper: isBDDirectory() ,path = /data/app/com.qualcomm.ftcrobotcontroller-1
10-16 17:31:50.276   203  2188 E FFPlayerHelper: isBDDirectory(): no BDMV
10-16 17:31:50.276   203  2188 D RkExtensionPlayer: openContext out,mTrackInfos size = 0
10-16 17:31:50.276   203  2188 E RockFFPlayerBase: openContext : out,ret = 0
10-16 17:31:50.276   203  2188 D RockFFPlayer: the source format name: wav
10-16 17:31:50.276   203  2188 D RockFFPlayer: find av stream info in
10-16 17:31:50.276   203  2188 I RockFFPlayer: flv_probe get probe score: 0
10-16 17:31:50.276   203  2188 E RockFFPlayer: Hery, probe size = 0
10-16 17:31:50.277   203  2188 I RockFFPlayer: flv_probe get probe score: 0
10-16 17:31:50.278   203  2188 E RockFFPlayer: Hery, probe size = 0
10-16 17:31:50.280   203  2188 I RockFFPlayer: flv_probe get probe score: 0
10-16 17:31:50.280   203  2188 E RockFFPlayer: Hery, probe size = 0
10-16 17:31:50.286   203  2188 I RockFFPlayer: flv_probe get probe score: 0
10-16 17:31:50.287   203  2188 E RockFFPlayer: Hery, probe size = 0
10-16 17:31:50.292  2112  2181 V Robocol : sending CMD_NOTIFY_ACTIVE_CONFIGURATION(15), attempt: 0
10-16 17:31:50.295   203  2188 I RockFFPlayer: flv_probe get probe score: 0
10-16 17:31:50.298   203  2188 E RockFFPlayer: Hery, probe size = 0
10-16 17:31:50.306   203  2188 E RockFFPlayer: file_read: offset=22971852, c->offset=22899136, c->length=72716
10-16 17:31:50.306   203  2188 E RockFFPlayer: file_read: offset=22971852, c->offset=22899136, c->length=72716
10-16 17:31:50.309   203  2188 I RockFFPlayer: flv_probe get probe score: 0
10-16 17:31:50.311   203  2188 E RockFFPlayer: Hery, probe size = 0
10-16 17:31:50.319   203  2188 E RockFFPlayer: probed stream 0
10-16 17:31:50.320   203  2188 E RockFFPlayer: file_read: offset=22971852, c->offset=22899136, c->length=72716
10-16 17:31:50.320   203  2188 E RockFFPlayer: read_size = 72672
10-16 17:31:50.320   203  2188 E RockFFPlayer: update_stream_timings: st[-302476872].duration = 36336
10-16 17:31:50.320   203  2188 E RockFFPlayer: update_stream_timings: st[-302476872].duration = 36336
10-16 17:31:50.320   203  2188 E RockFFPlayer: estimate_timings:0: start_time: -9223372036854.775 duration: 0.036,base_time.den=48000,base_time.num=1
10-16 17:31:50.320   203  2188 E RockFFPlayer: stream: start_time: -9223372036854.775 duration: 0.757 bitrate=842655 kb/s
10-16 17:31:50.320   203  2188 E RockFFPlayer: avformat_find_stream_info:find_stream_info_err:free info,ok
10-16 17:31:50.320   203  2188 D RockFFPlayer: find av stream info ok
10-16 17:31:50.321   203  2188 D RockFFPlayer: AudioStartTime=0,VideoStartTime=-1,tmpTime=-1
10-16 17:31:50.321   203  2188 D RockFFPlayer: findAVStreamStartTime:start_time set 0
10-16 17:31:50.321   203  2188 E RockFFPlayer: Hery, s->duration = 757000.000000
10-16 17:31:50.321   203  2188 I RockFFPlayer: Input #0, wav, from 'file/fd::12,offset::22899136,length::72716':
10-16 17:31:50.321   203  2188 I RockFFPlayer:   Duration: 
10-16 17:31:50.321   203  2188 I RockFFPlayer: 00:00:00.76
10-16 17:31:50.321   203  2188 I RockFFPlayer: , start: 
10-16 17:31:50.321   203  2188 I RockFFPlayer: 0.000000
10-16 17:31:50.321   203  2188 I RockFFPlayer: , bitrate: 
10-16 17:31:50.321   203  2188 I RockFFPlayer: 842655 kb/s
10-16 17:31:50.321   203  2188 I RockFFPlayer: 
10-16 17:31:50.321   203  2188 I RockFFPlayer:     Stream #0:0
10-16 17:31:50.321   203  2188 I RockFFPlayer: : Audio: pcm_s16le ([1][0][0][0] / 0x0001), 48000 Hz, 1 channels, s16, 768 kb/s
10-16 17:31:50.321   203  2188 I RockFFPlayer: 
10-16 17:31:50.321   203  2188 D RockFFPlayer: send do-prepare message in
10-16 17:31:50.321   203  2188 D RockFFPlayer: enter enqueueMessage
10-16 17:31:50.321   203  2188 D RockFFPlayer: enqueueMessage:****1
10-16 17:31:50.321   203  2188 D RockFFPlayer: enqueueMessage:****2
10-16 17:31:50.321   203  2188 D RockFFPlayer: enqueueMessage:****3
10-16 17:31:50.321   203  2188 D RockFFPlayer: enqueueMessage:Message 1,set signal
10-16 17:31:50.321   203  2188 D RockFFPlayer: enqueueMessage:sync wait
10-16 17:31:50.321   203  2187 D RockFFPlayer: deliverMessage 
10-16 17:31:50.321   203  2187 D RockFFPlayer: run : dequeueMessage Message 1
10-16 17:31:50.321   203  2187 D RockFFPlayer: CMD_PREPARE
10-16 17:31:50.321   203  2187 I RockFFPlayer: doPrepare in
10-16 17:31:50.321   203  2187 I RockFFPlayer: prepareVideo
10-16 17:31:50.321   203  2187 E RockFFPlayer: mVideoStreamIndex is -1
10-16 17:31:50.321   203  2187 I RockFFPlayer: prepareAudio
10-16 17:31:50.321   203  2187 E RockFFPlayer: audio stream codec_id = 65536
10-16 17:31:50.322   203  2187 D RockFFPlayerBase: open MediaDecoder.cfg failed,so can't config anything
10-16 17:31:50.322   203  2187 D RockFFPlayerBase: File not exists!
10-16 17:31:50.322   203  2187 D RkBitstreamManager: isBypass: false
10-16 17:31:50.322   203  2187 D RockFFPlayer: initAudioPlayer
10-16 17:31:50.322   203  2187 I RkBitstreamManager: BUF: 
10-16 17:31:50.322   203  2187 I RkBitstreamManager: 
10-16 17:31:50.322   203  2187 D RkBitstreamManager: isBypass: false
10-16 17:31:50.322   203  2187 D RockFFPlayer: AudioPlayer getOutputMode : 0, SPDIF mode : -1
10-16 17:31:50.322   203  2187 D RockFFPlayerBase: setAudioOutputMode output_mode : 0
10-16 17:31:50.322   203  2187 D RockFFPlayerBase: set SPDIF output mode : -1
10-16 17:31:50.322   203  2187 D AudioPlayerApi: audio player mode in: 0
10-16 17:31:50.319   203   203 I RkMsgQueue: type=1400 audit(0.0:296): avc: denied { read } for name="edfb43c0" dev="mmcblk0p14" ino=588674 scontext=u:r:mediaserver:s0 tcontext=u:object_r:system_data_file:s0 tclass=dir permissive=1
10-16 17:31:50.319   203   203 I RkMsgQueue: type=1400 audit(0.0:297): avc: denied { open } for path="/data/rk_ext_subtitle/edfb43c0" dev="mmcblk0p14" ino=588674 scontext=u:r:mediaserver:s0 tcontext=u:object_r:system_data_file:s0 tclass=dir permissive=1
10-16 17:31:50.323   203   203 I RkMsgQueue: type=1400 audit(0.0:298): avc: denied { remove_name } for name="edfb43c0" dev="mmcblk0p14" ino=588674 scontext=u:r:mediaserver:s0 tcontext=u:object_r:system_data_file:s0 tclass=dir permissive=1
10-16 17:31:50.323   203   203 I RkMsgQueue: type=1400 audit(0.0:299): avc: denied { rmdir } for name="edfb43c0" dev="mmcblk0p14" ino=588674 scontext=u:r:mediaserver:s0 tcontext=u:object_r:system_data_file:s0 tclass=dir permissive=1
10-16 17:31:50.323   203   203 I RkMsgQueue: type=1400 audit(0.0:300): avc: denied { write } for name="trace_thread.log" dev="mmcblk0p14" ino=14 scontext=u:r:mediaserver:s0 tcontext=u:object_r:system_data_file:s0 tclass=file permissive=1
10-16 17:31:50.323   203   203 I RkMsgQueue: type=1400 audit(0.0:301): avc: denied { open } for path="/data/trace_thread.log" dev="mmcblk0p14" ino=14 scontext=u:r:mediaserver:s0 tcontext=u:object_r:system_data_file:s0 tclass=file permissive=1
10-16 17:31:50.323   203  2187 D AudioPlayerApi: audio player mode out: 0
10-16 17:31:50.323   203  2187 D RockFFPlayer: initAudioPlayer out
10-16 17:31:50.323   203  2187 D RkExtensionPlayer: prepareExtendSubtitle in
10-16 17:31:50.323   203  2187 E RockFFPlayer: prepareExtandSubtitle return error!
10-16 17:31:50.323   203  2187 D RkExtensionPlayer: ~RkExtensionPlayer in
10-16 17:31:50.323   203  2187 D RkExtensionPlayer: RkExtensionPlayer::closeExtendSubDecoder in
10-16 17:31:50.323   203  2187 E FFExtensionSource: ~FFExtensionSource in
10-16 17:31:50.323   203  2187 D RockFFPlayer: FFMediaSource context null. 
10-16 17:31:50.323   203  2187 E FFExtensionSource: ~FFExtensionSource out
10-16 17:31:50.323   203  2187 D RockFFPlayer: ~FFMediaSource
10-16 17:31:50.323   203  2187 D RockFFPlayer: FFMediaSource context null. 
10-16 17:31:50.323   203  2187 D RkExtensionPlayer: closeExtendSubDecoder out
10-16 17:31:50.324   203  2187 E RkExtensionPlayer: deleteAllFileInDirectory(),/tmp/rk_ext_subtitle/ is not exist
10-16 17:31:50.324   203  2187 E RkExtensionPlayer: deleteAllFileInDirectory(),/data/media/0/rk_ext_subtitle/ is not exist
10-16 17:31:50.324   203  2187 I RockFFPlayer: prepareSubtitle in
10-16 17:31:50.324   203  2187 E RockFFPlayer: hasSubtitle return fail
10-16 17:31:50.324   203  2187 D AudioDecoder: decodeaudio AudioOutputMode : 0, SPDIF_MODE : -1, PlayerMode : 0
10-16 17:31:50.324   203  2187 D AudioDecoder: mStream->codec->channels = 1  mStream->codec->sample_rate = 48000
10-16 17:31:50.324   203  2187 D AudioDecoder: mStream->codec->channels = 1  mStream->codec->sample_rate = 48000
10-16 17:31:50.325   203  2187 D RockFFPlayer: createAudioDecoder: create audio decoder ok
10-16 17:31:50.325   203  2187 E RockFFPlayer: createVideoDecoder: no video stream
10-16 17:31:50.325   203  2187 E RockFFPlayer: createSubtitleDecoder: no subtitle stream
10-16 17:31:50.325   203  2187 E TraceThread: TraceThread::dumpTrace() FileName:/data/trace_thread.log
10-16 17:31:50.325   203  2187 D RockFFPlayerBase: dumpStatus(): Preapared
10-16 17:31:50.325   203  2187 D RockFFPlayer: Sync master clock type - 1
10-16 17:31:50.325   203  2187 I RockFFPlayer: doPrepareFinish ok
10-16 17:31:50.325   203  2187 D RockFFPlayer: run : dequeueMessage Message 1 OK
10-16 17:31:50.325   203  2187 D RockFFPlayer: Messagecomplete type [1]
10-16 17:31:50.325   203  2187 D RockFFPlayer: run : Message 1 complete
10-16 17:31:50.325   203  2188 D RockFFPlayer: enqueueMessage:sync wait ok
10-16 17:31:50.325   203  2188 D RockFFPlayer: send do-prepare message ok
10-16 17:31:50.325   203  2188 I RockFFPlayer: decodeMovie:getCurrentStatus() = 8
10-16 17:31:50.325   203  2188 D FFPlayerHelper: MediaServer is SP_FOREGROUND, tid=2188
10-16 17:31:50.328  2112  2112 D MediaPlayer: setSubtitleAnchor in MediaPlayer
10-16 17:31:50.329  2112  2184 D MediaPlayer: setSubtitleAnchor in MediaPlayer
10-16 17:31:50.330   203  2188 E RockFFPlayer: file_read: offset=22971852, c->offset=22899136, c->length=72716
10-16 17:31:50.330   203   608 E RockFFPlayer: doGetTrackInfo: track size = 1
10-16 17:31:50.330   203  2188 E RockFFPlayer: file_read: offset=22971852, c->offset=22899136, c->length=72716
10-16 17:31:50.330   203  2188 D RockFFPlayer: url_feof=1,err=0
10-16 17:31:50.330   203  2188 I RockFFPlayer: av_read_frame end of stream ret = -541478725
10-16 17:31:50.331   203   608 E RockFFPlayer: doGetTrackInfo: track size = 1
10-16 17:31:50.332  2112  2184 V SoundInfo: construct(0x0c7b8525)
10-16 17:31:50.343  2112  2183 E WVMExtractor: Failed to open libwvm.so: dlopen failed: "/system/vendor/lib64/libwvm.so" is 32-bit instead of 64-bit
10-16 17:31:50.344  2112  2178 V NetDiscover_prefremrc: sendAllPreferences()
10-16 17:31:50.344  2112  2178 V NetDiscover_prefremrc: sending RC pref name=pref_wifip2p_remote_channel_change_works value=false
10-16 17:31:50.349  2112  2178 V NetDiscover_prefremrc: sending RC pref name=pref_device_name value=FTC-22346
10-16 17:31:50.349  2112  2178 V NetDiscover_prefremrc: sending RC pref name=pref_warn_about_incorrect_clocks value=true
10-16 17:31:50.350  2112  2178 V NetDiscover_prefremrc: sending RC pref name=pref_warn_about_obsolete_software value=true
10-16 17:31:50.351  2112  2178 V NetDiscover_prefremrc: sending RC pref name=pref_has_speaker value=false
10-16 17:31:50.352  2112  2178 V NetDiscover_prefremrc: sending RC pref name=pref_warn_about_2_4_ghz_band value=true
10-16 17:31:50.352  2112  2178 V NetDiscover_prefremrc: sending RC pref name=pref_has_independent_phone_battery value=false
10-16 17:31:50.353  2112  2178 V NetDiscover_prefremrc: sending RC pref name=pref_app_theme value=red
10-16 17:31:50.353  2112  2178 V NetDiscover_prefremrc: sending RC pref name=pref_warn_about_mismatched_app_versions value=true
10-16 17:31:50.354  2112  2112 V ThreadPool: container(0x00fa466b: default threadpool) added id=161 TID=0 count=2
10-16 17:31:50.354  2112  2178 V NetDiscover_prefremrc: sending RC pref name=pref_sound_on_off value=false
10-16 17:31:50.355  2112  2178 V NetworkConnectionHandler: Peer connection established
10-16 17:31:50.355  2112  2171 V ThreadPool: container(0x01c77d55: default scheduler) added id=162 TID=0 count=6
10-16 17:31:50.356  2112  2171 V FtcEventLoop: Ensuring that the embedded Control Hub module is set up correctly
10-16 17:31:50.357  2112  2171 V RobotCore: Creating REV Robotics USB Expansion Hub Portal [(embedded)]
10-16 17:31:50.358  2112  2178 V Robocol : packet processing took 149.7ms: type=PEER_DISCOVERY
10-16 17:31:50.358  2112  2171 V LynxUsb : creating new [(embedded)]: 0x0ab4b238
10-16 17:31:50.361  2112  2171 V FtDeviceManager: createDeviceInfoList(): 0 USB devices
10-16 17:31:50.362  2112  2171 V RobotUsbManagerCombining: FTDI driver failed to open USB device with serial number (embedded) (returned null device)
10-16 17:31:50.363  2112  2171 V SerialPortNative: [SerialPort.cpp:150] opened(/dev/ttyS1): fd=103
10-16 17:31:50.364  2112  2171 V RobotUsbDeviceTTY: opening serial=(embedded) file=/dev/ttyS1
10-16 17:31:50.365  2112  2171 V LynxUsb : armDevice() serial=(embedded)...
10-16 17:31:50.365  2112  2171 V LynxUsb : resetDevice() serial=(embedded)
10-16 17:31:50.367  2112  2171 V LynxModule: resetting embedded usb device: isPresent: was=true
10-16 17:31:50.370  2112  2183 I MediaCodec: callingProcessName:com.qualcomm.ftcrobotcontroller
10-16 17:31:50.371   203   618 I MediaPlayerService: MediaPlayerService::getOMX
10-16 17:31:50.372  2112  2181 V Robocol : sending CMD_NOTIFY_USER_DEVICE_LIST(16), attempt: 0
10-16 17:31:50.372  2112  2192 I OMXClient: MuxOMX ctor
10-16 17:31:50.373  2112  2192 I ACodec  : onAllocateComponent:6752 mSoftCodecPref:0 componentName:
10-16 17:31:50.374  2112  2192 I ACodec  : onAllocateComponent:6783 mSoftCodecPref:0 componentName:OMX.google.raw.decoder
10-16 17:31:50.375  2112  2181 V Robocol : sending CMD_NOTIFY_USER_DEVICE_LIST(17), attempt: 0
10-16 17:31:50.375   200   914 I OMXMaster: makeComponentInstance(OMX.google.raw.decoder) in mediacodec process
10-16 17:31:50.377  2112  2181 V Robocol : sending CMD_ROBOT_CONTROLLER_PREFERENCE(18), attempt: 0
