10-16 17:35:39.574   429   550 E Lights Hal: write_int failed to open /sys/class/backlight/backlight/brightness
10-16 17:35:49.059  1093  1135 W FtcAccessPointService: MonitoringThread: The RC has not reported itself as alive for more than 10 seconds. Relaunching the RC.
10-16 17:35:49.060   429   899 I ActivityManager: Force stopping com.qualcomm.ftcrobotcontroller appid=10038 user=0: from pid 1093
10-16 17:35:50.080  1093  1135 I FtcAccessPointService: MonitoringThread: Launching RC app
10-16 17:35:50.081   429   753 I ActivityManager: START u0 {act=android.intent.action.MAIN cat=[android.intent.category.LAUNCHER] flg=0x10000000 pkg=com.qualcomm.ftcrobotcontroller cmp=com.qualcomm.ftcrobotcontroller/org.firstinspires.ftc.robotcontroller.internal.PermissionValidatorWrapper} from uid 10017 on display 0
10-16 17:35:50.089   903   903 I ManiActivity_LEANBACK: onPause
10-16 17:35:50.119   429   899 I ActivityManager: Start proc 2276:com.qualcomm.ftcrobotcontroller/u0a38 for activity com.qualcomm.ftcrobotcontroller/org.firstinspires.ftc.robotcontroller.internal.PermissionValidatorWrapper
10-16 17:35:50.122  2276  2276 I art     : Late-enabling -Xcheck:jni
10-16 17:35:50.234   429   460 W ActivityManager: Slow operation: 74ms so far, now at attachApplicationLocked: after mServices.attachApplicationLocked
10-16 17:35:50.293  2276  2276 D Uvc     : [jni.cpp:72] JNI_OnLoad()...
10-16 17:35:50.293  2276  2276 D Uvc     : [JniEnv.h:32] ScopedJniEnv::onJniLoad()...
10-16 17:35:50.293  2276  2276 D Uvc     : [JniEnv.h:32] ...ScopedJniEnv::onJniLoad()
10-16 17:35:50.293  2276  2276 D Uvc     : [jni.cpp:72] ...JNI_OnLoad()
10-16 17:35:50.300  2276  2276 V AppUtil : initializing: getExternalStorageDirectory()=/storage/emulated/0
10-16 17:35:50.304  2276  2276 I AppUtil : found usbFileSystemRoot: /dev/bus/usb
10-16 17:35:50.304  2276  2276 I robotcontroller: type=1400 audit(0.0:318): avc: denied { read } for name="direction" dev="sysfs" ino=16332 scontext=u:r:untrusted_app:s0:c512,c768 tcontext=u:object_r:sysfs:s0 tclass=file permissive=1
10-16 17:35:50.304  2276  2276 I robotcontroller: type=1400 audit(0.0:319): avc: denied { open } for path="/sys/devices/pinctrl.26/gpio/gpio50/direction" dev="sysfs" ino=16332 scontext=u:r:untrusted_app:s0:c512,c768 tcontext=u:object_r:sysfs:s0 tclass=file permissive=1
10-16 17:35:50.304  2276  2276 I robotcontroller: type=1400 audit(0.0:320): avc: denied { getattr } for path="/sys/devices/pinctrl.26/gpio/gpio50/direction" dev="sysfs" ino=16332 scontext=u:r:untrusted_app:s0:c512,c768 tcontext=u:object_r:sysfs:s0 tclass=file permissive=1
10-16 17:35:50.307  2276  2276 I robotcontroller: type=1400 audit(0.0:321): avc: denied { write } for name="value" dev="sysfs" ino=13336 scontext=u:r:untrusted_app:s0:c512,c768 tcontext=u:object_r:sysfs:s0 tclass=file permissive=1
10-16 17:35:50.317  2276  2276 I AppAliveNotifier: Telling the OS to set the RC alive notification timeout to 20 seconds
10-16 17:35:50.326  1093  1093 I FtcAccessPointService: MonitoringThread: Changing rcAliveNotificationTimeoutSeconds from 10 to 20
10-16 17:35:50.326  2276  2294 V RobotCore: saving logcat to /storage/emulated/0/robotControllerLog.txt
10-16 17:35:50.326  2276  2294 V RobotCore: logging command line: exec logcat -f /storage/emulated/0/robotControllerLog.txt -r4096 -n4 -v threadtime UsbRequestJNI:S UsbRequest:S art:W ThreadPool:W System:W ExtendedExtractor:W OMXClient:W MediaPlayer:W dalvikvm:W  *:V
10-16 17:35:50.343  2276  2276 V AppUtil : rootActivity=PermissionValidatorWrapper
10-16 17:35:50.343  2276  2276 I PermissionValidatorActivity: Lifecycle onCreate : 21fe8bb
10-16 17:35:50.364  2276  2294 I RobotCore: Done running ps
10-16 17:35:50.377  2298  2298 I sh      : type=1400 audit(0.0:322): avc: denied { read } for name="/" dev="rootfs" ino=1 scontext=u:r:untrusted_app:s0:c512,c768 tcontext=u:object_r:rootfs:s0 tclass=dir permissive=1
10-16 17:35:50.377  2298  2298 I sh      : type=1400 audit(0.0:323): avc: denied { open } for path="/" dev="rootfs" ino=1 scontext=u:r:untrusted_app:s0:c512,c768 tcontext=u:object_r:rootfs:s0 tclass=dir permissive=1
10-16 17:35:50.387  2276  2276 I PermissionValidatorActivity: Lifecycle onStart : 21fe8bb
10-16 17:35:50.389  2276  2276 I PermissionValidator: Checking permission for android.permission.WRITE_EXTERNAL_STORAGE
10-16 17:35:50.394  2276  2276 I PermissionValidator:     Granted: android.permission.WRITE_EXTERNAL_STORAGE
10-16 17:35:50.394  2276  2276 I PermissionValidator: Checking permission for android.permission.READ_EXTERNAL_STORAGE
10-16 17:35:50.396  2276  2276 I PermissionValidator:     Granted: android.permission.READ_EXTERNAL_STORAGE
10-16 17:35:50.396  2276  2276 I PermissionValidator: Checking permission for android.permission.CAMERA
10-16 17:35:50.397  2276  2276 I PermissionValidator:     Granted: android.permission.CAMERA
10-16 17:35:50.397  2276  2276 I PermissionValidator: Checking permission for android.permission.ACCESS_COARSE_LOCATION
10-16 17:35:50.398  2276  2276 I PermissionValidator:     Granted: android.permission.ACCESS_COARSE_LOCATION
10-16 17:35:50.398  2276  2276 I PermissionValidator: Checking permission for android.permission.ACCESS_FINE_LOCATION
10-16 17:35:50.399  2276  2276 I PermissionValidator:     Granted: android.permission.ACCESS_FINE_LOCATION
10-16 17:35:50.399  2276  2276 I PermissionValidator: Checking permission for android.permission.READ_PHONE_STATE
10-16 17:35:50.401  2276  2276 I PermissionValidator:     Granted: android.permission.READ_PHONE_STATE
10-16 17:35:50.406  2276  2276 V ServiceStarter: attempting to start service MediaTransferProtocolMonitorService
10-16 17:35:50.409  2276  2276 V ServiceStarter: started service MediaTransferProtocolMonitorService
10-16 17:35:50.410  2276  2276 V ServiceStarter: attempting to start service OnBotJavaService
10-16 17:35:50.414  2276  2276 V ServiceStarter: started service OnBotJavaService
10-16 17:35:50.414  2276  2276 I PermissionValidatorActivity: All permissions validated.  Starting RobotController
10-16 17:35:50.416   429  1751 I ActivityManager: START u0 {cmp=com.qualcomm.ftcrobotcontroller/org.firstinspires.ftc.robotcontroller.internal.FtcRobotControllerActivity} from uid 10038 on display 0
10-16 17:35:50.439  2276  2276 V MTPMonitorService: onCreate()
10-16 17:35:50.439  2276  2276 V MTPMonitorService: onStartCommand() intent=Intent { cmp=com.qualcomm.ftcrobotcontroller/org.firstinspires.ftc.robotcore.internal.files.MediaTransferProtocolMonitorService } flags=0x0 startId=1
10-16 17:35:50.443  2276  2276 V ThreadPool: container(0x04d6ad69: MTPMonitor) added id=123 TID=0 count=1
10-16 17:35:50.443  2276  2276 V MTPMonitor: observing: /storage/emulated/0
10-16 17:35:50.653   903   903 E LQH     : AppViewFocusAnimator->onFocusChange->v:com.rockchips.android.leanbacklauncher.apps.BannerView{61b2aa5 VFE...CL. .....AID 56,0-244,160 #7f0c016f app:id/app_favorite_banner},hasFocus:false
10-16 17:35:50.693   150   150 W SurfaceFlinger: couldn't log to binary event log: overflow.
10-16 17:35:50.823  2276  2276 V OnBotJavaService: onCreate()
10-16 17:35:50.824  2276  2276 V OnBotJavaService: onStartCommand() intent=Intent { cmp=com.qualcomm.ftcrobotcontroller/org.firstinspires.ftc.onbotjava.OnBotJavaService } flags=0x0 startId=1
10-16 17:35:50.825  2276  2276 V OnBotJava: OnBotJavaManager::static
10-16 17:35:50.922   429   481 W ActivityManager: Activity pause timeout for ActivityRecord{e8bb1d9 u0 com.qualcomm.ftcrobotcontroller/org.firstinspires.ftc.robotcontroller.internal.PermissionValidatorWrapper t3943 f}
10-16 17:35:51.078   552   552 W asset   : Asset path /data/app/com.qualcomm.ftcrobotcontroller-2/base.apk is neither a directory nor file (type=1).
10-16 17:35:51.078   552   552 E ResourcesManager: failed to add asset path /data/app/com.qualcomm.ftcrobotcontroller-2/base.apk
10-16 17:35:51.078   552   552 W PackageManager: Failure retrieving resources for com.qualcomm.ftcrobotcontroller
10-16 17:35:51.078   552   552 W asset   : Asset path /data/app/com.qualcomm.ftcrobotcontroller-2/base.apk is neither a directory nor file (type=1).
10-16 17:35:51.079   552   552 E ResourcesManager: failed to add asset path /data/app/com.qualcomm.ftcrobotcontroller-2/base.apk
10-16 17:35:51.079   552   552 W PackageManager: Failure retrieving resources for com.qualcomm.ftcrobotcontroller
10-16 17:35:51.079   552   552 W asset   : Asset path /data/app/com.qualcomm.ftcrobotcontroller-2/base.apk is neither a directory nor file (type=1).
10-16 17:35:51.079   552   552 E ResourcesManager: failed to add asset path /data/app/com.qualcomm.ftcrobotcontroller-2/base.apk
10-16 17:35:51.080   552   552 W PackageManager: Failure retrieving resources for com.qualcomm.ftcrobotcontroller
10-16 17:35:51.080   552   552 W asset   : Asset path /data/app/com.qualcomm.ftcrobotcontroller-2/base.apk is neither a directory nor file (type=1).
10-16 17:35:51.080   552   552 E ResourcesManager: failed to add asset path /data/app/com.qualcomm.ftcrobotcontroller-2/base.apk
10-16 17:35:51.080   552   552 W PackageManager: Failure retrieving resources for com.qualcomm.ftcrobotcontroller
10-16 17:35:51.080   552   552 W asset   : Asset path /data/app/com.qualcomm.ftcrobotcontroller-2/base.apk is neither a directory nor file (type=1).
10-16 17:35:51.081   552   552 E ResourcesManager: failed to add asset path /data/app/com.qualcomm.ftcrobotcontroller-2/base.apk
10-16 17:35:51.081   552   552 W PackageManager: Failure retrieving resources for com.qualcomm.ftcrobotcontroller
10-16 17:35:51.550  2276  2276 V OnBotJava: ctor()...
10-16 17:35:51.552  2276  2276 V OnBotJava: ...ctor()
10-16 17:35:51.557  2276  2276 V RCActivity: Permissions validated already
10-16 17:35:51.557  2276  2276 V RCActivity: onCreate()
10-16 17:35:51.559  2276  2276 V RCActivity: rootActivity is of class PermissionValidatorWrapper
10-16 17:35:51.562  2276  2276 V RCActivity: launchActivity is of class class org.firstinspires.ftc.robotcontroller.internal.PermissionValidatorWrapper
10-16 17:35:51.569  2276  2276 V ThreadPool: container(0x058c7412: CallbackLooper) added id=125 TID=0 count=1
10-16 17:35:51.570  2276  2303 V CallbackLooper: thread=125
10-16 17:35:51.574  2276  2276 V NetDiscover_wifiDirectAgent: doStart()...
10-16 17:35:51.579  2276  2276 V NetDiscover_wifiDirectAgent: ...doStart()
10-16 17:35:51.580  2276  2276 V NetDiscover_prefremrc: ----- all preferences -----
10-16 17:35:51.581  2276  2276 V NetDiscover_prefremrc: name='android.permission.READ_PHONE_STATE' value=false
10-16 17:35:51.581  2276  2276 V NetDiscover_prefremrc: name='pref_autostarted_robot_controller' value=true
10-16 17:35:51.581  2276  2276 V NetDiscover_prefremrc: name='pref_warn_about_obsolete_software' value=true
10-16 17:35:51.581  2276  2276 V NetDiscover_prefremrc: name='pref_has_independent_phone_battery' value=false
10-16 17:35:51.581  2276  2276 V NetDiscover_prefremrc: name='android.permission.CAMERA' value=false
10-16 17:35:51.581  2276  2276 V NetDiscover_prefremrc: name='pref_wifip2p_remote_channel_change_works' value=false
10-16 17:35:51.582  2276  2276 V NetDiscover_prefremrc: name='pref_hardware_config_filename' value={"isDirty":false,"location":"LOCAL_STORAGE","name":"yaibaTest","resourceId":0}
10-16 17:35:51.582  2276  2276 V NetDiscover_prefremrc: name='pref_sound_on_off' value=false
10-16 17:35:51.582  2276  2276 V NetDiscover_prefremrc: name='pref_warn_about_mismatched_app_versions' value=true
10-16 17:35:51.582  2276  2276 V NetDiscover_prefremrc: name='pref_ftc_season_year_of_current_rc_new' value=2024
10-16 17:35:51.582  2276  2276 V NetDiscover_prefremrc: name='App Restrictions' value=AAAAAA==
10-16 17:35:51.582  2276  2276 V NetDiscover_prefremrc:     
10-16 17:35:51.582  2276  2276 V NetDiscover_prefremrc: name='pref_warn_about_incorrect_clocks' value=true
10-16 17:35:51.582  2276  2276 V NetDiscover_prefremrc: name='android.permission.ACCESS_COARSE_LOCATION' value=false
10-16 17:35:51.583  2276  2276 V NetDiscover_prefremrc: name='pref_has_speaker' value=false
10-16 17:35:51.583  2276  2276 V NetDiscover_prefremrc: name='android.permission.WRITE_EXTERNAL_STORAGE' value=false
10-16 17:35:51.583  2276  2276 V NetDiscover_prefremrc: name='pref_connection_owner_password' value=neverFinish
10-16 17:35:51.583  2276  2276 V NetDiscover_prefremrc: name='pref_pairing_kind' value=RCWIRELESSAP
10-16 17:35:51.583  2276  2276 V NetDiscover_prefremrc: name='android.permission.ACCESS_FINE_LOCATION' value=false
10-16 17:35:51.583  2276  2276 V NetDiscover_prefremrc: name='pref_app_theme' value=red
10-16 17:35:51.583  2276  2276 V NetDiscover_prefremrc: name='pref_device_name_internal' value=FTC-22346
10-16 17:35:51.583  2276  2276 V NetDiscover_prefremrc: name='pref_device_name' value=FTC-22346
10-16 17:35:51.583  2276  2276 V NetDiscover_prefremrc: name='pref_warn_about_2_4_ghz_band' value=true
10-16 17:35:51.584  2276  2276 V NetDiscover_prefremrc: name='android.permission.READ_EXTERNAL_STORAGE' value=false
10-16 17:35:51.584  2276  2276 V NetDiscover_prefremrc: name='pref_device_name_tracking' value=WIFIAP
10-16 17:35:51.584  2276  2276 V NetDiscover_prefremrc: name='pref_rc_connected' value=true
10-16 17:35:51.590  2276  2276 V Robocol : SendOnceRunnable created
10-16 17:35:51.592  2276  2276 V ThreadPool: container(0x01c77d55: default scheduler) added id=127 TID=0 count=1
10-16 17:35:51.593  2276  2276 V NetDiscover_prefremrc: doStart()...
10-16 17:35:51.593  2276  2276 V NetDiscover_prefremrc: ...doStart()
10-16 17:35:51.617  2276  2305 V ThreadPool: container(0x01c77d55: default scheduler) added id=128 TID=0 count=2
10-16 17:35:51.624  2276  2276 W System  : ClassLoader referenced unknown path: /system/app/webview/lib/arm64
10-16 17:35:51.625  2276  2276 D ApplicationLoaders: ignored Vulkan layer search path /system/app/webview/lib/arm64:/system/app/webview/webview.apk!/lib/arm64-v8a:/system/lib64:/vendor/lib64 for namespace 0x723865f0f0
10-16 17:35:51.629  2276  2276 I WebViewFactory: Loading com.android.webview version 52.0.2743.100 (code 275610050)
10-16 17:35:51.669  2276  2276 I cr_LibraryLoader: Time to load native libraries: 2 ms (timestamps 705-707)
10-16 17:35:51.669  2276  2276 I cr_LibraryLoader: Expected native library version number "52.0.2743.100", actual native library version number "52.0.2743.100"
10-16 17:35:51.684  2276  2276 V WebViewChromiumFactoryProvider: Binding Chromium to main looper Looper (main, tid 1) {54a862f}
10-16 17:35:51.684  2276  2276 I cr_LibraryLoader: Expected native library version number "52.0.2743.100", actual native library version number "52.0.2743.100"
10-16 17:35:51.684  2276  2276 I chromium: [INFO:library_loader_hooks.cc(143)] Chromium logging enabled: level = 0, default verbosity = 0
10-16 17:35:51.715  2276  2276 I cr_BrowserStartup: Initializing chromium process, singleProcess=true
10-16 17:35:51.739  2276  2276 I mali_so : [File] : hardware/rockchip/driver/./src/base/arch/arch_011_udd/base_arch_main.c; [Line] : 565; [Func] : deal_with_version_affairs_rk_ext;
10-16 17:35:51.739  2276  2276 I mali_so : arm_release_ver of this mali_so is 'r7p0-00rel1', rk_so_ver is '1@2' for 3328h_android_7.1, built at '15:47:51', on 'Jun 28 2017'.
10-16 17:35:51.739  2276  2276 I mali_so : [File] : hardware/rockchip/driver/./src/base/arch/arch_011_udd/base_arch_main.c; [Line] : 578; [Func] : deal_with_version_affairs_rk_ext;
10-16 17:35:51.739  2276  2276 I mali_so : mali_ver_property has been set to 'r7p0-00rel1-5-1@2', to return.
10-16 17:35:51.792  2276  2276 I cr_DRP  : No DRP key due to exception:java.lang.ClassNotFoundException: com.android.webview.chromium.Drp
10-16 17:35:51.816   429  1914 D ConnectivityService: listenForNetwork for uid/pid:10038/2276 NetworkRequest [ LISTEN id=19, [ Capabilities: INTERNET&NOT_RESTRICTED&TRUSTED] ]
10-16 17:35:51.837  2276  2276 W cr_AwContents: onDetachedFromWindow called when already detached. Ignoring
