10-16 17:37:01.587  2276  2328 V ThreadPool: container(0x01c77d55: default scheduler) added id=189 TID=0 count=19
10-16 17:37:06.587  2276  2394 V ThreadPool: container(0x01c77d55: default scheduler) added id=190 TID=0 count=20
10-16 17:37:11.586  2276  2389 V ThreadPool: container(0x01c77d55: default scheduler) added id=191 TID=0 count=21
10-16 17:37:16.588  2276  2390 V ThreadPool: container(0x01c77d55: default scheduler) added id=192 TID=0 count=22
10-16 17:37:21.587  2276  2396 V ThreadPool: container(0x01c77d55: default scheduler) added id=193 TID=0 count=23
10-16 17:37:26.588  2276  2387 V ThreadPool: container(0x01c77d55: default scheduler) added id=194 TID=0 count=24
10-16 17:39:40.974   429   524 E wifi    : wifi_get_supported_feature_set returned error = 0xffffffa1
10-16 17:39:40.975   429   484 E BatteryStatsService: no controller energy info supplied
10-16 17:39:40.975   429   484 E BatteryStatsService: no controller energy info supplied
10-16 17:39:40.975   429   484 E BatteryStatsService: no controller energy info supplied
10-16 17:39:48.866   429   481 I ProcessStatsService: Prepared write state in 2ms
10-16 17:40:14.651  1206  1206 I dnsmasq : DHCPREQUEST(wlan0) 192.168.43.149 c4:3c:b0:e9:eb:1a 
10-16 17:40:14.651  1206  1206 I dnsmasq : DHCPACK(wlan0) 192.168.43.149 c4:3c:b0:e9:eb:1a 
10-16 17:40:39.148   429  2270 W ActivityManager: Ignoring remove of inactive process: ProcessRecord{fd8b373 0:com.qualcomm.ftcrobotcontroller/u0a38}
10-16 17:40:39.365   429   488 W AppOps  : Finishing op nesting under-run: uid 1000 pkg android code 24 time=0 duration=0 nesting=0
10-16 17:41:24.581   903   903 I ManiActivity_LEANBACK: resetLauncherState
10-16 17:42:16.060  2276  2287 I art     : Background partial concurrent mark sweep GC freed 119069(4MB) AllocSpace objects, 114(7MB) LOS objects, 40% free, 17MB/28MB, paused 1.576ms total 102.125ms
10-16 17:47:06.119  2276  2287 I art     : Background partial concurrent mark sweep GC freed 137608(5MB) AllocSpace objects, 101(6MB) LOS objects, 40% free, 17MB/28MB, paused 2.599ms total 111.967ms
10-16 17:47:45.946  2276  2287 I art     : Background partial concurrent mark sweep GC freed 164794(6MB) AllocSpace objects, 85(5MB) LOS objects, 40% free, 17MB/28MB, paused 2.461ms total 114.854ms
10-16 17:49:42.404  2276  2287 I art     : Background partial concurrent mark sweep GC freed 155327(5MB) AllocSpace objects, 92(5MB) LOS objects, 40% free, 17MB/28MB, paused 1.497ms total 100.309ms
10-16 17:50:42.285  2276  2287 I art     : Background partial concurrent mark sweep GC freed 163688(5MB) AllocSpace objects, 88(5MB) LOS objects, 39% free, 17MB/28MB, paused 2.462ms total 123.969ms
10-16 17:51:22.531  2276  2287 I art     : Background partial concurrent mark sweep GC freed 166810(6MB) AllocSpace objects, 87(5MB) LOS objects, 40% free, 17MB/28MB, paused 2.078ms total 114.256ms
10-16 17:51:27.390   429   480 I UsageStatsService: User[0] Flushing usage stats to disk
10-16 17:51:52.718  2276  2287 I art     : Background partial concurrent mark sweep GC freed 166788(6MB) AllocSpace objects, 86(5MB) LOS objects, 39% free, 17MB/28MB, paused 1.543ms total 104.637ms
10-16 17:52:13.027  2276  2287 I art     : Background partial concurrent mark sweep GC freed 168367(6MB) AllocSpace objects, 85(5MB) LOS objects, 39% free, 17MB/28MB, paused 2.615ms total 116.287ms
10-16 17:52:33.207  2276  2287 I art     : Background partial concurrent mark sweep GC freed 167925(6MB) AllocSpace objects, 85(5MB) LOS objects, 40% free, 17MB/29MB, paused 2.100ms total 113.460ms
10-16 17:52:53.645  2276  2287 I art     : Background partial concurrent mark sweep GC freed 169348(6MB) AllocSpace objects, 87(5MB) LOS objects, 40% free, 17MB/28MB, paused 1.512ms total 106.310ms
10-16 17:53:23.652  2276  2287 I art     : Background partial concurrent mark sweep GC freed 165477(6MB) AllocSpace objects, 85(5MB) LOS objects, 39% free, 17MB/28MB, paused 2.036ms total 111.944ms
10-16 17:53:43.613  2276  2287 I art     : Background partial concurrent mark sweep GC freed 166364(6MB) AllocSpace objects, 84(5MB) LOS objects, 40% free, 17MB/28MB, paused 2.051ms total 107.059ms
10-16 17:54:03.727  2276  2287 I art     : Background partial concurrent mark sweep GC freed 167431(6MB) AllocSpace objects, 86(5MB) LOS objects, 40% free, 17MB/28MB, paused 1.482ms total 106.209ms
10-16 17:54:33.589  2276  2287 I art     : Background partial concurrent mark sweep GC freed 167353(6MB) AllocSpace objects, 84(5MB) LOS objects, 39% free, 17MB/28MB, paused 2.103ms total 110.285ms
10-16 17:54:53.718  2276  2287 I art     : Background partial concurrent mark sweep GC freed 169099(6MB) AllocSpace objects, 85(5MB) LOS objects, 40% free, 17MB/28MB, paused 1.995ms total 116.106ms
10-16 17:55:13.883  2276  2287 I art     : Background partial concurrent mark sweep GC freed 168625(6MB) AllocSpace objects, 85(5MB) LOS objects, 39% free, 17MB/28MB, paused 1.582ms total 108.786ms
10-16 17:55:34.067  2276  2287 I art     : Background partial concurrent mark sweep GC freed 169112(6MB) AllocSpace objects, 85(5MB) LOS objects, 40% free, 17MB/28MB, paused 2.028ms total 110.460ms
10-16 17:56:04.172  2276  2287 I art     : Background partial concurrent mark sweep GC freed 166006(6MB) AllocSpace objects, 86(5MB) LOS objects, 40% free, 17MB/28MB, paused 2.030ms total 118.209ms
10-16 17:56:24.360  2276  2287 I art     : Background partial concurrent mark sweep GC freed 167497(6MB) AllocSpace objects, 85(5MB) LOS objects, 39% free, 17MB/28MB, paused 2.060ms total 113.061ms
10-16 17:56:44.511  2276  2287 I art     : Background partial concurrent mark sweep GC freed 168645(6MB) AllocSpace objects, 85(5MB) LOS objects, 40% free, 17MB/28MB, paused 2.006ms total 109.457ms
10-16 17:57:04.700  2276  2287 I art     : Background partial concurrent mark sweep GC freed 167850(6MB) AllocSpace objects, 86(5MB) LOS objects, 39% free, 17MB/28MB, paused 2.084ms total 112.823ms
10-16 17:57:24.646  2276  2287 I art     : Background partial concurrent mark sweep GC freed 167018(6MB) AllocSpace objects, 84(5MB) LOS objects, 40% free, 17MB/28MB, paused 2.716ms total 138.190ms
10-16 17:57:44.931  2276  2287 I art     : Background partial concurrent mark sweep GC freed 168513(6MB) AllocSpace objects, 85(5MB) LOS objects, 39% free, 17MB/28MB, paused 1.999ms total 110.059ms
10-16 17:58:05.192  2276  2287 I art     : Background partial concurrent mark sweep GC freed 167738(6MB) AllocSpace objects, 85(5MB) LOS objects, 39% free, 17MB/28MB, paused 1.508ms total 107.937ms
10-16 17:58:25.325  2276  2287 I art     : Background partial concurrent mark sweep GC freed 168174(6MB) AllocSpace objects, 84(5MB) LOS objects, 39% free, 17MB/28MB, paused 2.819ms total 114.125ms
10-16 17:58:45.502  2276  2287 I art     : Background partial concurrent mark sweep GC freed 167950(6MB) AllocSpace objects, 86(5MB) LOS objects, 40% free, 17MB/28MB, paused 2.104ms total 111.428ms
10-16 17:59:05.546  2276  2287 I art     : Background partial concurrent mark sweep GC freed 167468(6MB) AllocSpace objects, 84(5MB) LOS objects, 39% free, 17MB/28MB, paused 2.077ms total 112.344ms
10-16 17:59:25.499  2276  2287 I art     : Background partial concurrent mark sweep GC freed 166309(6MB) AllocSpace objects, 84(5MB) LOS objects, 39% free, 17MB/28MB, paused 2.085ms total 107.555ms
10-16 17:59:45.673  2276  2287 I art     : Background partial concurrent mark sweep GC freed 168278(6MB) AllocSpace objects, 85(5MB) LOS objects, 39% free, 17MB/28MB, paused 2.039ms total 108.476ms
10-16 18:00:05.849  2276  2287 I art     : Background partial concurrent mark sweep GC freed 168442(6MB) AllocSpace objects, 85(5MB) LOS objects, 39% free, 17MB/28MB, paused 2.237ms total 112.594ms
10-16 18:00:26.064  2276  2287 I art     : Background partial concurrent mark sweep GC freed 167734(6MB) AllocSpace objects, 86(5MB) LOS objects, 40% free, 17MB/28MB, paused 1.781ms total 110.378ms
10-16 18:00:46.103  2276  2287 I art     : Background partial concurrent mark sweep GC freed 167922(6MB) AllocSpace objects, 84(5MB) LOS objects, 40% free, 17MB/28MB, paused 1.659ms total 109.641ms
10-16 18:01:06.114  2276  2287 I art     : Background partial concurrent mark sweep GC freed 167234(6MB) AllocSpace objects, 84(5MB) LOS objects, 40% free, 17MB/28MB, paused 2.297ms total 110.112ms
10-16 18:01:26.316  2276  2287 I art     : Background partial concurrent mark sweep GC freed 167586(6MB) AllocSpace objects, 86(5MB) LOS objects, 40% free, 17MB/28MB, paused 2.167ms total 116.529ms
10-16 18:01:46.596  2276  2287 I art     : Background partial concurrent mark sweep GC freed 167787(6MB) AllocSpace objects, 86(5MB) LOS objects, 39% free, 17MB/28MB, paused 2.037ms total 120.414ms
10-16 18:02:06.864  2276  2287 I art     : Background partial concurrent mark sweep GC freed 167990(6MB) AllocSpace objects, 85(5MB) LOS objects, 39% free, 17MB/28MB, paused 1.519ms total 107.712ms
10-16 18:02:26.897  2276  2287 I art     : Background partial concurrent mark sweep GC freed 166140(6MB) AllocSpace objects, 84(5MB) LOS objects, 39% free, 17MB/28MB, paused 1.582ms total 104.941ms
10-16 18:02:45.614  2479  2479 E vpu_api : dlopen vpu lib failed
10-16 18:02:45.619  2479  2479 D AndroidRuntime: >>>>>> START com.android.internal.os.RuntimeInit uid 2000 <<<<<<
10-16 18:02:45.624  2479  2479 D AndroidRuntime: CheckJNI is OFF
10-16 18:02:45.634  2477  2477 E vpu_api : dlopen vpu lib failed
10-16 18:02:45.639  2477  2477 D AndroidRuntime: >>>>>> START com.android.internal.os.RuntimeInit uid 2000 <<<<<<
10-16 18:02:45.644  2477  2477 D AndroidRuntime: CheckJNI is OFF
10-16 18:02:45.671  2479  2479 D ICU     : No timezone override file found: /data/misc/zoneinfo/current/icu/icu_tzdata.dat
10-16 18:02:45.691  2477  2477 D ICU     : No timezone override file found: /data/misc/zoneinfo/current/icu/icu_tzdata.dat
10-16 18:02:45.722  2479  2479 E memtrack: Couldn't load memtrack module (No such file or directory)
10-16 18:02:45.722  2479  2479 E android.os.Debug: failed to load memtrack module: -2
10-16 18:02:45.724  2479  2479 I Radio-JNI: register_android_hardware_Radio DONE
10-16 18:02:45.731  2477  2477 E memtrack: Couldn't load memtrack module (No such file or directory)
10-16 18:02:45.731  2477  2477 E android.os.Debug: failed to load memtrack module: -2
10-16 18:02:45.733  2477  2477 I Radio-JNI: register_android_hardware_Radio DONE
10-16 18:02:45.750  2479  2479 D AndroidRuntime: Calling main entry com.android.commands.am.Am
10-16 18:02:45.755  2477  2477 D AndroidRuntime: Calling main entry com.android.commands.wm.Wm
10-16 18:02:45.759  2477  2477 D AndroidRuntime: Shutting down VM
10-16 18:02:45.777   429  1914 I ActivityManager: Force stopping com.qualcomm.ftcrobotcontroller appid=10038 user=0: from pid 2479
10-16 18:02:45.777   429  1914 I ActivityManager: Killing 2276:com.qualcomm.ftcrobotcontroller/u0a38 (adj 0): stop com.qualcomm.ftcrobotcontroller
10-16 18:02:45.778   429  1914 D ActivityManager: cleanUpApplicationRecord -- 2276
10-16 18:02:45.778   429  1914 W ActivityManager: Scheduling restart of crashed service com.qualcomm.ftcrobotcontroller/org.firstinspires.ftc.ftccommon.internal.FtcRobotControllerWatchdogService in 1000ms
10-16 18:02:45.778   429  1914 W ActivityManager: Scheduling restart of crashed service com.qualcomm.ftcrobotcontroller/org.firstinspires.ftc.onbotjava.OnBotJavaService in 11000ms
10-16 18:02:45.779   429   483 I libprocessgroup: Killing pid 2298 in uid 10038 as part of process group 2276
10-16 18:02:45.779   429  1914 W ActivityManager: Scheduling restart of crashed service com.qualcomm.ftcrobotcontroller/org.firstinspires.ftc.robotcore.internal.files.MediaTransferProtocolMonitorService in 11000ms
10-16 18:02:45.779   429  1914 W ActivityManager: Force removing ActivityRecord{954b550 u0 com.qualcomm.ftcrobotcontroller/org.firstinspires.ftc.robotcontroller.internal.FtcRobotControllerActivity t3943}: app died, no saved state
10-16 18:02:45.792   429  1914 I ActivityManager:   Force stopping service ServiceRecord{a651bb0 u0 com.qualcomm.ftcrobotcontroller/org.firstinspires.ftc.ftccommon.internal.FtcRobotControllerWatchdogService}
10-16 18:02:45.794  2479  2479 D AndroidRuntime: Shutting down VM
10-16 18:02:45.801   150   150 W SurfaceFlinger: couldn't log to binary event log: overflow.
10-16 18:02:45.803   429   550 E Lights Hal: write_int failed to open /sys/class/backlight/rk28_bl/brightness
10-16 18:02:45.803   429   550 E Lights Hal: write_int failed to open /sys/class/backlight/backlight/brightness
10-16 18:02:45.806   903   903 I ManiActivity_LEANBACK: onStart
10-16 18:02:45.807   903   903 I LauncherWallpaper: resetBackground
10-16 18:02:45.808   903   903 I LauncherWallpaper: updateChildVisibility
10-16 18:02:45.808   903   903 I ManiActivity_LEANBACK: resetLauncherState
10-16 18:02:45.810   903   903 I ManiActivity_LEANBACK: onResume
10-16 18:02:45.810   903   903 I ManiActivity_LEANBACK: updateNetWorkState->networkState
10-16 18:02:45.813   903   903 I AppsAdapter: sortItemsIfNeeded
10-16 18:02:45.813   903   903 I AppsAdapter: sortItemsIfNeeded
10-16 18:02:45.813   903   903 I AppsAdapter: sortItemsIfNeeded
10-16 18:02:45.813   903   903 I LauncherWallpaper: setShynessMode->shyMode:true
10-16 18:02:45.813   903   903 I LauncherWallpaper: updateChildVisibility
10-16 18:02:45.813   903   903 I LauncherWallpaper: resetBackground
10-16 18:02:45.813   903   903 I LauncherWallpaper: updateChildVisibility
10-16 18:02:45.813   903   903 I ManiActivity_LEANBACK: mIdleListeners.get(i)->className:com.rockchips.android.leanbacklauncher.notifications.NotificationsAdapter
10-16 18:02:45.813   903   903 I ManiActivity_LEANBACK: mIdleListeners.get(i)->className:com.rockchips.android.leanbacklauncher.SearchOrbView
10-16 18:02:45.814   903   903 E LQH     : AppViewFocusAnimator->onFocusChange->v:com.rockchips.android.leanbacklauncher.apps.BannerView{61b2aa5 VFE...CL. .F...AID 56,0-244,160 #7f0c016f app:id/app_favorite_banner},hasFocus:true
10-16 18:02:45.821   429   550 E Lights Hal: write_int failed to open /sys/class/backlight/rk28_bl/brightness
10-16 18:02:45.821   429   550 E Lights Hal: write_int failed to open /sys/class/backlight/backlight/brightness
10-16 18:02:45.822   203   608 D RockFFPlayer: reset()***********
10-16 18:02:45.822   203   608 D RockFFPlayerBase: dumpStatus(): Preapared
10-16 18:02:45.822   203   608 D RockFFPlayer: reset(),stop_l
10-16 18:02:45.822   203   608 D RockFFPlayer: stop_l
10-16 18:02:45.822   203   608 D RockFFPlayer: enter enqueueMessage
10-16 18:02:45.822   203   608 D RockFFPlayer: enqueueMessage:****1
10-16 18:02:45.822   203   608 D RockFFPlayer: enqueueMessage:****2
10-16 18:02:45.822   203   608 D RockFFPlayer: enqueueMessage:****3
10-16 18:02:45.822   203   608 D RockFFPlayer: enqueueMessage:Message 1,set signal
10-16 18:02:45.822   203   608 D RockFFPlayer: enqueueMessage:sync wait
10-16 18:02:45.822   203  2379 D RockFFPlayer: deliverMessage 
10-16 18:02:45.822   203  2379 D RockFFPlayer: run : dequeueMessage Message 4
10-16 18:02:45.822   203  2379 D RockFFPlayer: CMD_STOP
10-16 18:02:45.822   203  2379 D RockFFPlayer: doStop()*****
10-16 18:02:45.822   203  2379 D RockFFPlayerBase: dumpStatus(): Preapared
10-16 18:02:45.822   203  2379 D RockFFPlayerBase: dumpStatus(): Stopped
10-16 18:02:45.822   203  2379 D RockFFPlayer: doRelease()************
10-16 18:02:45.822   203  2379 I FFIDecoder: waiting on end of decoder thread
10-16 18:02:45.822   203  2379 E FFMpegThread: DecoderAudio,wait
10-16 18:02:45.822   203  2379 E RockFFPlayerBase: FFMPlayerBase::flushRenderQueue in
10-16 18:02:45.822   203  2379 E RockFFPlayerBase: FFMPlayerBase::flushRenderQueue out
10-16 18:02:45.822   203  2379 D FFMpegThread: DecoderAudio:~PlayerThread enter mThreadStatus=-1
10-16 18:02:45.822   429   479 D GraphicsStats: Buffer count: 4
10-16 18:02:45.823   429   753 D ConnectivityService: ConnectivityService NetworkRequestInfo binderDied(NetworkRequest [ LISTEN id=20, [ Capabilities: INTERNET&NOT_RESTRICTED&TRUSTED] ], android.os.BinderProxy@4f58b46)
10-16 18:02:45.823   429   753 D ConnectivityService: ConnectivityService NetworkRequestInfo binderDied(NetworkRequest [ LISTEN id=19, [ Capabilities: INTERNET&NOT_RESTRICTED&TRUSTED] ], android.os.BinderProxy@b1fd107)
10-16 18:02:45.823   203  2379 D RockFFPlayer: doRelease ok
10-16 18:02:45.823   203  2379 D RockFFPlayer: doStop()*****OK
10-16 18:02:45.823   203  2379 D RockFFPlayer: run : dequeueMessage Message 4 OK
10-16 18:02:45.823   203  2379 D RockFFPlayer: Messagecomplete type [4]
10-16 18:02:45.823   203  2379 D RockFFPlayer: run : Message 4 complete
10-16 18:02:45.823   203   608 D RockFFPlayer: enqueueMessage:sync wait ok
10-16 18:02:45.823   203   608 D RockFFPlayer: doRelease() clearQueue************
10-16 18:02:45.823   203   608 D RockFFPlayer: stop_l:MessageStop down
10-16 18:02:45.823   203   608 D RockFFPlayerBase: dumpStatus(): Stopped
10-16 18:02:45.823   203   608 D RockFFPlayer: stop_l : create CancelThread
10-16 18:02:45.824   203   608 D RockFFPlayer: stop_l :CancelThread create ok
10-16 18:02:45.824   203   608 D RockFFPlayer: stop_l buffer thread quit
10-16 18:02:45.824   203   608 D RockFFPlayer: enter enqueueMessage
10-16 18:02:45.824   203   608 D RockFFPlayer: enqueueMessage:****1
10-16 18:02:45.824   203   608 D RockFFPlayer: enqueueMessage:****2
10-16 18:02:45.824   203   608 D RockFFPlayer: enqueueMessage:****3
10-16 18:02:45.824   203   608 D RockFFPlayer: enqueueMessage:Message 1,set signal
10-16 18:02:45.824   203   608 D RockFFPlayer: enqueueMessage:sync wait
10-16 18:02:45.824   203  2379 D RockFFPlayer: deliverMessage 
10-16 18:02:45.824   203  2379 D RockFFPlayer: run : dequeueMessage Message 11
10-16 18:02:45.824   203  2379 D RockFFPlayer: CMD_RESET
10-16 18:02:45.824   203  2379 D RockFFPlayerBase: dumpStatus(): Idle
10-16 18:02:45.824   203  2379 D RockFFPlayer: doReset ok
10-16 18:02:45.824   203  2379 D RockFFPlayer: run : dequeueMessage Message 11 OK
10-16 18:02:45.824   203  2379 D RockFFPlayer: Messagecomplete type [11]
10-16 18:02:45.824   203  2379 D RockFFPlayer: run : Message 11 complete
10-16 18:02:45.824   203   608 D RockFFPlayer: enqueueMessage:sync wait ok
10-16 18:02:45.824   203   608 D RockFFPlayer: reset(),MessageReset down
10-16 18:02:45.824   203  2379 D RockFFPlayer: signal thread out
10-16 18:02:45.824   203  2379 D RockFFPlayer: sched_thread out
10-16 18:02:45.824   203  2380 I RockFFPlayer: readthread end of playing
10-16 18:02:45.824   203   608 D RockFFPlayer: stop:wait is ok
10-16 18:02:45.824   203   608 D RockFFPlayer: stop:ok
10-16 18:02:45.824   203   608 D RockFFPlayer: ~RkMessageQueue
10-16 18:02:45.824   203   608 E FFPlayer: ~FFPlayer
10-16 18:02:45.824   203   608 D RockFFPlayer: reset()***********
10-16 18:02:45.824   203   608 D RockFFPlayerBase: dumpStatus(): Idle
10-16 18:02:45.824   203   608 D RockFFPlayer: CurrentStatus is IDLE,already reset
10-16 18:02:45.824   203   608 D RockFFPlayer: ~FFMPlayer*******
10-16 18:02:45.824   203   608 D RockFFPlayer: reset()***********
10-16 18:02:45.825   203   608 D RockFFPlayerBase: dumpStatus(): Idle
10-16 18:02:45.825   203   608 D RockFFPlayer: CurrentStatus is IDLE,already reset
10-16 18:02:45.825   203   608 D RockFFPlayer: ~FFMPlayer:CancelThread
10-16 18:02:45.825   203  2497 D RockFFPlayer: CancelThread start
10-16 18:02:45.825   203  2497 E RockFFPlayerBase: closeContext : in
10-16 18:02:45.825   429   528 D ConnectivityService: releasing NetworkRequest [ LISTEN id=20, [ Capabilities: INTERNET&NOT_RESTRICTED&TRUSTED] ]
10-16 18:02:45.825   203  2497 E RockFFPlayerBase: closeContext : out
10-16 18:02:45.825   203  2497 D RockFFPlayer: CancelThread end
10-16 18:02:45.825   203  2497 D RockFFPlayer: CancelThread return
10-16 18:02:45.825   203   608 D RockFFPlayer: ~FFMediaSource
10-16 18:02:45.825   203   608 D RockFFPlayer: FFMediaSource context null. 
10-16 18:02:45.825   203   608 E TraceThread:     VsyncReciver(tid = 3962939680)--> [UID=c20eec8e] pthread_join begin-->player = 0xedfd9000
10-16 18:02:45.826   429   528 D ConnectivityService: sending notification RELEASED for NetworkRequest [ LISTEN id=20, [ Capabilities: INTERNET&NOT_RESTRICTED&TRUSTED] ]
10-16 18:02:45.826   429   528 E ConnectivityService: RemoteException caught trying to send a callback msg for NetworkRequest [ LISTEN id=20, [ Capabilities: INTERNET&NOT_RESTRICTED&TRUSTED] ]
10-16 18:02:45.826   429   528 D ConnectivityService: releasing NetworkRequest [ LISTEN id=19, [ Capabilities: INTERNET&NOT_RESTRICTED&TRUSTED] ]
10-16 18:02:45.827   429   528 D ConnectivityService: sending notification RELEASED for NetworkRequest [ LISTEN id=19, [ Capabilities: INTERNET&NOT_RESTRICTED&TRUSTED] ]
10-16 18:02:45.827   429   528 E ConnectivityService: RemoteException caught trying to send a callback msg for NetworkRequest [ LISTEN id=19, [ Capabilities: INTERNET&NOT_RESTRICTED&TRUSTED] ]
10-16 18:02:45.841   903   903 I ManiActivity_LEANBACK: addWidget->childCount:2
10-16 18:02:45.842   429   550 E Lights Hal: write_int failed to open /sys/class/backlight/rk28_bl/brightness
10-16 18:02:45.842   429   550 E Lights Hal: write_int failed to open /sys/class/backlight/backlight/brightness
10-16 18:02:45.846   203   608 E TraceThread:     VsyncReciver(tid = 3962939680)--> [UID=c20eec8e] pthread_join   end-->player = 0xedfd9000
10-16 18:02:45.846   203   608 D VsyncReciver: stop_l:vsyncThread down
10-16 18:02:45.846   203   608 E TraceThread:     RockFFPlayer(tid = 3968162080)--> [UID=c20eec8e] ~FFMPlayer Destruction; object=0xedfd9000
10-16 18:02:45.846   203   608 D RockFFPlayer: ~FFMPlayer***end
10-16 18:02:45.846   203   608 D RockFFPlayerBase: ~FFMPlayerBase(():mDequeueThread down
10-16 18:02:45.846   203   608 D RockFFPlayerBase: ~RkMessageHandler
10-16 18:02:45.847   903   903 I ClockView: ClockView create
10-16 18:02:45.847   903   903 I ClockView: setTextSize->size:40.0
10-16 18:02:45.847   903   903 I ClockView: setTextSize->size1:40.0
10-16 18:02:45.860   429   550 E Lights Hal: write_int failed to open /sys/class/backlight/rk28_bl/brightness
10-16 18:02:45.860   429   550 E Lights Hal: write_int failed to open /sys/class/backlight/backlight/brightness
10-16 18:02:45.882   429   550 E Lights Hal: write_int failed to open /sys/class/backlight/rk28_bl/brightness
10-16 18:02:45.882   429   550 E Lights Hal: write_int failed to open /sys/class/backlight/backlight/brightness
10-16 18:02:45.900   429   550 E Lights Hal: write_int failed to open /sys/class/backlight/rk28_bl/brightness
10-16 18:02:45.900   429   550 E Lights Hal: write_int failed to open /sys/class/backlight/backlight/brightness
10-16 18:02:45.920   429   550 E Lights Hal: write_int failed to open /sys/class/backlight/rk28_bl/brightness
10-16 18:02:45.920   429   550 E Lights Hal: write_int failed to open /sys/class/backlight/backlight/brightness
10-16 18:02:45.944   429   550 E Lights Hal: write_int failed to open /sys/class/backlight/rk28_bl/brightness
10-16 18:02:45.944   429   550 E Lights Hal: write_int failed to open /sys/class/backlight/backlight/brightness
10-16 18:02:45.962   429   550 E Lights Hal: write_int failed to open /sys/class/backlight/rk28_bl/brightness
10-16 18:02:45.962   429   550 E Lights Hal: write_int failed to open /sys/class/backlight/backlight/brightness
10-16 18:02:45.980   429   550 E Lights Hal: write_int failed to open /sys/class/backlight/rk28_bl/brightness
10-16 18:02:45.980   429   550 E Lights Hal: write_int failed to open /sys/class/backlight/backlight/brightness
10-16 18:02:46.000   429   550 E Lights Hal: write_int failed to open /sys/class/backlight/rk28_bl/brightness
10-16 18:02:46.000   429   550 E Lights Hal: write_int failed to open /sys/class/backlight/backlight/brightness
10-16 18:02:46.020   429   550 E Lights Hal: write_int failed to open /sys/class/backlight/rk28_bl/brightness
10-16 18:02:46.020   429   550 E Lights Hal: write_int failed to open /sys/class/backlight/backlight/brightness
10-16 18:02:46.040   429   550 E Lights Hal: write_int failed to open /sys/class/backlight/rk28_bl/brightness
10-16 18:02:46.040   429   550 E Lights Hal: write_int failed to open /sys/class/backlight/backlight/brightness
10-16 18:02:46.060   429   550 E Lights Hal: write_int failed to open /sys/class/backlight/rk28_bl/brightness
10-16 18:02:46.060   429   550 E Lights Hal: write_int failed to open /sys/class/backlight/backlight/brightness
10-16 18:02:46.080   429   550 E Lights Hal: write_int failed to open /sys/class/backlight/rk28_bl/brightness
10-16 18:02:46.080   429   550 E Lights Hal: write_int failed to open /sys/class/backlight/backlight/brightness
10-16 18:02:46.101   429   550 E Lights Hal: write_int failed to open /sys/class/backlight/rk28_bl/brightness
10-16 18:02:46.101   429   550 E Lights Hal: write_int failed to open /sys/class/backlight/backlight/brightness
10-16 18:02:46.120   429   550 E Lights Hal: write_int failed to open /sys/class/backlight/rk28_bl/brightness
10-16 18:02:46.120   429   550 E Lights Hal: write_int failed to open /sys/class/backlight/backlight/brightness
10-16 18:02:46.140   429   550 E Lights Hal: write_int failed to open /sys/class/backlight/rk28_bl/brightness
10-16 18:02:46.140   429   550 E Lights Hal: write_int failed to open /sys/class/backlight/backlight/brightness
10-16 18:02:46.160   429   550 E Lights Hal: write_int failed to open /sys/class/backlight/rk28_bl/brightness
10-16 18:02:46.160   429   550 E Lights Hal: write_int failed to open /sys/class/backlight/backlight/brightness
10-16 18:02:46.180   429   550 E Lights Hal: write_int failed to open /sys/class/backlight/rk28_bl/brightness
10-16 18:02:46.180   429   550 E Lights Hal: write_int failed to open /sys/class/backlight/backlight/brightness
10-16 18:02:46.200   429   550 E Lights Hal: write_int failed to open /sys/class/backlight/rk28_bl/brightness
10-16 18:02:46.200   429   550 E Lights Hal: write_int failed to open /sys/class/backlight/backlight/brightness
10-16 18:02:46.220   429   550 E Lights Hal: write_int failed to open /sys/class/backlight/rk28_bl/brightness
10-16 18:02:46.220   429   550 E Lights Hal: write_int failed to open /sys/class/backlight/backlight/brightness
10-16 18:02:46.240   429   550 E Lights Hal: write_int failed to open /sys/class/backlight/rk28_bl/brightness
10-16 18:02:46.240   429   550 E Lights Hal: write_int failed to open /sys/class/backlight/backlight/brightness
10-16 18:02:46.601  2498  2498 E vpu_api : dlopen vpu lib failed
10-16 18:02:46.607  2498  2498 D AndroidRuntime: >>>>>> START com.android.internal.os.RuntimeInit uid 2000 <<<<<<
10-16 18:02:46.611  2498  2498 D AndroidRuntime: CheckJNI is OFF
10-16 18:02:46.656  2498  2498 D ICU     : No timezone override file found: /data/misc/zoneinfo/current/icu/icu_tzdata.dat
10-16 18:02:46.697  2498  2498 E memtrack: Couldn't load memtrack module (No such file or directory)
10-16 18:02:46.697  2498  2498 E android.os.Debug: failed to load memtrack module: -2
10-16 18:02:46.699  2498  2498 I Radio-JNI: register_android_hardware_Radio DONE
10-16 18:02:46.718  2498  2498 D AndroidRuntime: Calling main entry com.android.commands.am.Am
10-16 18:02:46.739   429  1751 I ActivityManager: Force stopping com.qualcomm.ftcrobotcontroller appid=10038 user=0: from pid 2498
10-16 18:02:46.741  2498  2498 D AndroidRuntime: Shutting down VM
10-16 18:02:46.849  1358  1358 I studio.deploy: Received request 'dump'
10-16 18:02:47.343  2526  2526 W linker  : /data/local/tmp/.studio/bin/installer: unsupported flags DT_FLAGS_1=0x8000001
10-16 18:02:47.352  2526  2526 I studio.deploy: Received request 'dump'
10-16 18:02:47.435   198   198 I         : free_cache(44074565) avail 10098843648
10-16 18:02:47.502  2510  2510 E vpu_api : dlopen vpu lib failed
10-16 18:02:47.507  2510  2510 D AndroidRuntime: >>>>>> START com.android.internal.os.RuntimeInit uid 2000 <<<<<<
10-16 18:02:47.512  2510  2510 D AndroidRuntime: CheckJNI is OFF
10-16 18:02:47.557  2510  2510 D ICU     : No timezone override file found: /data/misc/zoneinfo/current/icu/icu_tzdata.dat
10-16 18:02:47.596  2510  2510 E memtrack: Couldn't load memtrack module (No such file or directory)
10-16 18:02:47.596  2510  2510 E android.os.Debug: failed to load memtrack module: -2
10-16 18:02:47.598  2510  2510 I Radio-JNI: register_android_hardware_Radio DONE
10-16 18:02:47.619  2510  2510 D AndroidRuntime: Calling main entry com.android.commands.wm.Wm
10-16 18:02:47.625  2510  2510 D AndroidRuntime: Shutting down VM
10-16 18:02:50.934  1093  1093 I pool-2-thread-1: type=1400 audit(0.0:350): avc: denied { sendto } for path="/data/misc/wifi/hostapd/wlan0" scontext=u:r:platform_app:s0:c512,c768 tcontext=u:r:hostapd:s0 tclass=unix_dgram_socket permissive=1
10-16 18:02:50.934  1174  1174 I hostapd : type=1400 audit(0.0:351): avc: denied { write } for name="wpa_ctrl_1093-5" dev="mmcblk0p14" ino=344484 scontext=u:r:hostapd:s0 tcontext=u:object_r:wpa_socket:s0:c512,c768 tclass=sock_file permissive=1
10-16 18:02:50.934  1174  1174 I hostapd : type=1400 audit(0.0:352): avc: denied { sendto } for path="/data/misc/wifi/sockets/wpa_ctrl_1093-5" scontext=u:r:hostapd:s0 tcontext=u:r:platform_app:s0:c512,c768 tclass=unix_dgram_socket permissive=1
10-16 18:02:52.448   429   494 I PackageManager.DexOptimizer: Running dexopt (dex2oat) on: /data/app/vmdl600941821.tmp/base.apk pkg=com.qualcomm.ftcrobotcontroller isa=arm64 vmSafeMode=false debuggable=true target-filter=interpret-only oatDir = /data/app/vmdl600941821.tmp/oat sharedLibraries=null
10-16 18:02:52.555  2556  2556 I dex2oat : /system/bin/dex2oat --compiler-filter=interpret-only --debuggable
10-16 18:02:54.918  1093  1135 W FtcAccessPointService: MonitoringThread: The RC has not reported itself as alive for more than 10 seconds. Relaunching the RC.
10-16 18:02:54.919   429   899 I ActivityManager: Force stopping com.qualcomm.ftcrobotcontroller appid=10038 user=0: from pid 1093
10-16 18:02:55.949  1093  1135 I FtcAccessPointService: MonitoringThread: Launching RC app
10-16 18:02:55.950   429   479 I ActivityManager: START u0 {act=android.intent.action.MAIN cat=[android.intent.category.LAUNCHER] flg=0x10000000 pkg=com.qualcomm.ftcrobotcontroller cmp=com.qualcomm.ftcrobotcontroller/org.firstinspires.ftc.robotcontroller.internal.PermissionValidatorWrapper} from uid 10017 on display 0
10-16 18:02:55.955   903   903 I ManiActivity_LEANBACK: onPause
10-16 18:02:55.975   429  2105 I ActivityManager: Start proc 2559:com.qualcomm.ftcrobotcontroller/u0a38 for activity com.qualcomm.ftcrobotcontroller/org.firstinspires.ftc.robotcontroller.internal.PermissionValidatorWrapper
10-16 18:02:55.975  2559  2559 I art     : Late-enabling -Xcheck:jni
10-16 18:02:56.064  2573  2573 I getprop : type=1400 audit(0.0:353): avc: denied { open } for path="/dev/__properties__/u:object_r:secureboot_prop:s0" dev="tmpfs" ino=6160 scontext=u:r:shell:s0 tcontext=u:object_r:secureboot_prop:s0 tclass=file permissive=1
10-16 18:02:56.064  2573  2573 I getprop : type=1400 audit(0.0:354): avc: denied { getattr } for path="/dev/__properties__/u:object_r:secureboot_prop:s0" dev="tmpfs" ino=6160 scontext=u:r:shell:s0 tcontext=u:object_r:secureboot_prop:s0 tclass=file permissive=1
10-16 18:02:56.064  2573  2573 I getprop : type=1400 audit(0.0:355): avc: denied { open } for path="/dev/__properties__/u:object_r:pppoe_prop:s0" dev="tmpfs" ino=6161 scontext=u:r:shell:s0 tcontext=u:object_r:pppoe_prop:s0 tclass=file permissive=1
10-16 18:02:56.064  2573  2573 I getprop : type=1400 audit(0.0:356): avc: denied { getattr } for path="/dev/__properties__/u:object_r:pppoe_prop:s0" dev="tmpfs" ino=6161 scontext=u:r:shell:s0 tcontext=u:object_r:pppoe_prop:s0 tclass=file permissive=1
10-16 18:02:56.081  2559  2559 D Uvc     : [jni.cpp:72] JNI_OnLoad()...
10-16 18:02:56.081  2559  2559 D Uvc     : [JniEnv.h:32] ScopedJniEnv::onJniLoad()...
10-16 18:02:56.081  2559  2559 D Uvc     : [JniEnv.h:32] ...ScopedJniEnv::onJniLoad()
10-16 18:02:56.081  2559  2559 D Uvc     : [jni.cpp:72] ...JNI_OnLoad()
10-16 18:02:56.088  2559  2559 V AppUtil : initializing: getExternalStorageDirectory()=/storage/emulated/0
10-16 18:02:56.092  2559  2559 I AppUtil : found usbFileSystemRoot: /dev/bus/usb
10-16 18:02:56.105  2559  2559 I AppAliveNotifier: Telling the OS to set the RC alive notification timeout to 20 seconds
10-16 18:02:56.111  1093  1093 I FtcAccessPointService: MonitoringThread: Changing rcAliveNotificationTimeoutSeconds from 10 to 20
10-16 18:02:56.112  2559  2577 V RobotCore: saving logcat to /storage/emulated/0/robotControllerLog.txt
10-16 18:02:56.112  2559  2577 V RobotCore: logging command line: exec logcat -f /storage/emulated/0/robotControllerLog.txt -r4096 -n4 -v threadtime UsbRequestJNI:S UsbRequest:S art:W ThreadPool:W System:W ExtendedExtractor:W OMXClient:W MediaPlayer:W dalvikvm:W  *:V
10-16 18:02:56.124  2559  2559 V AppUtil : rootActivity=PermissionValidatorWrapper
10-16 18:02:56.125  2559  2559 I PermissionValidatorActivity: Lifecycle onCreate : 21fe8bb
10-16 18:02:56.151  2559  2577 I RobotCore: Done running ps
10-16 18:02:56.167  2559  2559 I PermissionValidatorActivity: Lifecycle onStart : 21fe8bb
10-16 18:02:56.168  2559  2559 I PermissionValidator: Checking permission for android.permission.WRITE_EXTERNAL_STORAGE
10-16 18:02:56.172  2559  2559 I PermissionValidator:     Granted: android.permission.WRITE_EXTERNAL_STORAGE
10-16 18:02:56.172  2559  2559 I PermissionValidator: Checking permission for android.permission.READ_EXTERNAL_STORAGE
10-16 18:02:56.173  2559  2559 I PermissionValidator:     Granted: android.permission.READ_EXTERNAL_STORAGE
10-16 18:02:56.173  2559  2559 I PermissionValidator: Checking permission for android.permission.CAMERA
10-16 18:02:56.175  2559  2559 I PermissionValidator:     Granted: android.permission.CAMERA
10-16 18:02:56.175  2559  2559 I PermissionValidator: Checking permission for android.permission.ACCESS_COARSE_LOCATION
10-16 18:02:56.176  2559  2559 I PermissionValidator:     Granted: android.permission.ACCESS_COARSE_LOCATION
10-16 18:02:56.176  2559  2559 I PermissionValidator: Checking permission for android.permission.ACCESS_FINE_LOCATION
10-16 18:02:56.177  2559  2559 I PermissionValidator:     Granted: android.permission.ACCESS_FINE_LOCATION
10-16 18:02:56.177  2559  2559 I PermissionValidator: Checking permission for android.permission.READ_PHONE_STATE
10-16 18:02:56.179  2559  2559 I PermissionValidator:     Granted: android.permission.READ_PHONE_STATE
10-16 18:02:56.185  2559  2559 V ServiceStarter: attempting to start service MediaTransferProtocolMonitorService
10-16 18:02:56.188  2559  2559 V ServiceStarter: started service MediaTransferProtocolMonitorService
10-16 18:02:56.189  2559  2559 V ServiceStarter: attempting to start service OnBotJavaService
10-16 18:02:56.192  2559  2559 V ServiceStarter: started service OnBotJavaService
10-16 18:02:56.192  2559  2559 I PermissionValidatorActivity: All permissions validated.  Starting RobotController
10-16 18:02:56.195   429   753 I ActivityManager: START u0 {cmp=com.qualcomm.ftcrobotcontroller/org.firstinspires.ftc.robotcontroller.internal.FtcRobotControllerActivity} from uid 10038 on display 0
10-16 18:02:56.210  2559  2559 V MTPMonitorService: onCreate()
10-16 18:02:56.211  2559  2559 V MTPMonitorService: onStartCommand() intent=Intent { cmp=com.qualcomm.ftcrobotcontroller/org.firstinspires.ftc.robotcore.internal.files.MediaTransferProtocolMonitorService } flags=0x0 startId=1
10-16 18:02:56.214  2559  2559 V ThreadPool: container(0x007403ee: MTPMonitor) added id=126 TID=0 count=1
10-16 18:02:56.215  2559  2559 V MTPMonitor: observing: /storage/emulated/0
10-16 18:02:56.480   903   903 E LQH     : AppViewFocusAnimator->onFocusChange->v:com.rockchips.android.leanbacklauncher.apps.BannerView{61b2aa5 VFE...CL. .....AID 56,0-244,160 #7f0c016f app:id/app_favorite_banner},hasFocus:false
10-16 18:02:56.500   150   150 W SurfaceFlinger: couldn't log to binary event log: overflow.
10-16 18:02:56.704   429   481 W ActivityManager: Activity pause timeout for ActivityRecord{b5c24a6 u0 com.qualcomm.ftcrobotcontroller/org.firstinspires.ftc.robotcontroller.internal.PermissionValidatorWrapper t3944 f}
10-16 18:02:56.753  2559  2559 V OnBotJavaService: onCreate()
10-16 18:02:56.753  2559  2559 V OnBotJavaService: onStartCommand() intent=Intent { cmp=com.qualcomm.ftcrobotcontroller/org.firstinspires.ftc.onbotjava.OnBotJavaService } flags=0x0 startId=1
10-16 18:02:56.755  2559  2559 V OnBotJava: OnBotJavaManager::static
10-16 18:02:56.819   552   552 W asset   : Asset path /data/app/com.qualcomm.ftcrobotcontroller-2/base.apk is neither a directory nor file (type=1).
10-16 18:02:56.819   552   552 E ResourcesManager: failed to add asset path /data/app/com.qualcomm.ftcrobotcontroller-2/base.apk
10-16 18:02:56.819   552   552 W PackageManager: Failure retrieving resources for com.qualcomm.ftcrobotcontroller
10-16 18:02:56.820   552   552 W asset   : Asset path /data/app/com.qualcomm.ftcrobotcontroller-2/base.apk is neither a directory nor file (type=1).
10-16 18:02:56.820   552   552 E ResourcesManager: failed to add asset path /data/app/com.qualcomm.ftcrobotcontroller-2/base.apk
10-16 18:02:56.821   552   552 W PackageManager: Failure retrieving resources for com.qualcomm.ftcrobotcontroller
10-16 18:02:56.821   552   552 W asset   : Asset path /data/app/com.qualcomm.ftcrobotcontroller-2/base.apk is neither a directory nor file (type=1).
10-16 18:02:56.821   552   552 E ResourcesManager: failed to add asset path /data/app/com.qualcomm.ftcrobotcontroller-2/base.apk
10-16 18:02:56.821   552   552 W PackageManager: Failure retrieving resources for com.qualcomm.ftcrobotcontroller
10-16 18:02:56.822   552   552 W asset   : Asset path /data/app/com.qualcomm.ftcrobotcontroller-2/base.apk is neither a directory nor file (type=1).
10-16 18:02:56.822   552   552 E ResourcesManager: failed to add asset path /data/app/com.qualcomm.ftcrobotcontroller-2/base.apk
10-16 18:02:56.822   552   552 W PackageManager: Failure retrieving resources for com.qualcomm.ftcrobotcontroller
10-16 18:02:56.822   552   552 W asset   : Asset path /data/app/com.qualcomm.ftcrobotcontroller-2/base.apk is neither a directory nor file (type=1).
10-16 18:02:56.823   552   552 E ResourcesManager: failed to add asset path /data/app/com.qualcomm.ftcrobotcontroller-2/base.apk
10-16 18:02:56.823   552   552 W PackageManager: Failure retrieving resources for com.qualcomm.ftcrobotcontroller
10-16 18:02:58.006  2559  2559 V OnBotJava: ctor()...
10-16 18:02:58.008  2559  2559 V OnBotJava: ...ctor()
10-16 18:02:58.015  2559  2559 V RCActivity: Permissions validated already
10-16 18:02:58.015  2559  2559 V RCActivity: onCreate()
10-16 18:02:58.018  2559  2559 V RCActivity: rootActivity is of class PermissionValidatorWrapper
10-16 18:02:58.021  2559  2559 V RCActivity: launchActivity is of class class org.firstinspires.ftc.robotcontroller.internal.PermissionValidatorWrapper
10-16 18:02:58.030  2559  2559 V ThreadPool: container(0x058c7412: CallbackLooper) added id=128 TID=0 count=1
10-16 18:02:58.031  2559  2585 V CallbackLooper: thread=128
10-16 18:02:58.036  2559  2559 V NetDiscover_wifiDirectAgent: doStart()...
10-16 18:02:58.043  2559  2559 V NetDiscover_wifiDirectAgent: ...doStart()
10-16 18:02:58.043  2559  2559 V NetDiscover_prefremrc: ----- all preferences -----
10-16 18:02:58.044  2559  2559 V NetDiscover_prefremrc: name='android.permission.READ_PHONE_STATE' value=false
10-16 18:02:58.044  2559  2559 V NetDiscover_prefremrc: name='pref_autostarted_robot_controller' value=true
10-16 18:02:58.044  2559  2559 V NetDiscover_prefremrc: name='pref_warn_about_obsolete_software' value=true
10-16 18:02:58.044  2559  2559 V NetDiscover_prefremrc: name='pref_has_independent_phone_battery' value=false
10-16 18:02:58.044  2559  2559 V NetDiscover_prefremrc: name='android.permission.CAMERA' value=false
10-16 18:02:58.045  2559  2559 V NetDiscover_prefremrc: name='pref_wifip2p_remote_channel_change_works' value=false
10-16 18:02:58.045  2559  2559 V NetDiscover_prefremrc: name='pref_hardware_config_filename' value={"isDirty":false,"location":"LOCAL_STORAGE","name":"yaibaTest","resourceId":0}
10-16 18:02:58.045  2559  2559 V NetDiscover_prefremrc: name='pref_warn_about_mismatched_app_versions' value=true
10-16 18:02:58.045  2559  2559 V NetDiscover_prefremrc: name='pref_sound_on_off' value=false
10-16 18:02:58.045  2559  2559 V NetDiscover_prefremrc: name='pref_ftc_season_year_of_current_rc_new' value=2024
10-16 18:02:58.045  2559  2559 V NetDiscover_prefremrc: name='App Restrictions' value=AAAAAA==
10-16 18:02:58.045  2559  2559 V NetDiscover_prefremrc:     
10-16 18:02:58.046  2559  2559 V NetDiscover_prefremrc: name='pref_warn_about_incorrect_clocks' value=true
10-16 18:02:58.046  2559  2559 V NetDiscover_prefremrc: name='android.permission.ACCESS_COARSE_LOCATION' value=false
10-16 18:02:58.046  2559  2559 V NetDiscover_prefremrc: name='pref_has_speaker' value=false
10-16 18:02:58.046  2559  2559 V NetDiscover_prefremrc: name='android.permission.WRITE_EXTERNAL_STORAGE' value=false
10-16 18:02:58.046  2559  2559 V NetDiscover_prefremrc: name='pref_connection_owner_password' value=neverFinish
10-16 18:02:58.046  2559  2559 V NetDiscover_prefremrc: name='pref_pairing_kind' value=RCWIRELESSAP
10-16 18:02:58.047  2559  2559 V NetDiscover_prefremrc: name='pref_device_name_internal' value=FTC-22346
10-16 18:02:58.047  2559  2559 V NetDiscover_prefremrc: name='pref_app_theme' value=red
10-16 18:02:58.047  2559  2559 V NetDiscover_prefremrc: name='android.permission.ACCESS_FINE_LOCATION' value=false
10-16 18:02:58.047  2559  2559 V NetDiscover_prefremrc: name='pref_device_name' value=FTC-22346
10-16 18:02:58.048  2559  2559 V NetDiscover_prefremrc: name='pref_warn_about_2_4_ghz_band' value=true
10-16 18:02:58.048  2559  2559 V NetDiscover_prefremrc: name='pref_device_name_tracking' value=WIFIAP
10-16 18:02:58.048  2559  2559 V NetDiscover_prefremrc: name='android.permission.READ_EXTERNAL_STORAGE' value=false
10-16 18:02:58.048  2559  2559 V NetDiscover_prefremrc: name='pref_rc_connected' value=true
10-16 18:02:58.054  2559  2559 V Robocol : SendOnceRunnable created
10-16 18:02:58.056  2559  2559 V ThreadPool: container(0x01c77d55: default scheduler) added id=130 TID=0 count=1
10-16 18:02:58.057  2559  2559 V NetDiscover_prefremrc: doStart()...
10-16 18:02:58.057  2559  2559 V NetDiscover_prefremrc: ...doStart()
10-16 18:02:58.073  2559  2587 V ThreadPool: container(0x01c77d55: default scheduler) added id=131 TID=0 count=2
10-16 18:02:58.094  2559  2559 W System  : ClassLoader referenced unknown path: /system/app/webview/lib/arm64
10-16 18:02:58.095  2559  2559 D ApplicationLoaders: ignored Vulkan layer search path /system/app/webview/lib/arm64:/system/app/webview/webview.apk!/lib/arm64-v8a:/system/lib64:/vendor/lib64 for namespace 0x7243d890f0
10-16 18:02:58.099  2559  2559 I WebViewFactory: Loading com.android.webview version 52.0.2743.100 (code 275610050)
10-16 18:02:58.137  2559  2559 I cr_LibraryLoader: Time to load native libraries: 3 ms (timestamps 7186-7189)
10-16 18:02:58.137  2559  2559 I cr_LibraryLoader: Expected native library version number "52.0.2743.100", actual native library version number "52.0.2743.100"
10-16 18:02:58.153  2559  2559 V WebViewChromiumFactoryProvider: Binding Chromium to main looper Looper (main, tid 1) {54a862f}
10-16 18:02:58.154  2559  2559 I cr_LibraryLoader: Expected native library version number "52.0.2743.100", actual native library version number "52.0.2743.100"
10-16 18:02:58.154  2559  2559 I chromium: [INFO:library_loader_hooks.cc(143)] Chromium logging enabled: level = 0, default verbosity = 0
10-16 18:02:58.177  2559  2559 I cr_BrowserStartup: Initializing chromium process, singleProcess=true
10-16 18:02:58.208  2559  2559 I mali_so : [File] : hardware/rockchip/driver/./src/base/arch/arch_011_udd/base_arch_main.c; [Line] : 565; [Func] : deal_with_version_affairs_rk_ext;
10-16 18:02:58.208  2559  2559 I mali_so : arm_release_ver of this mali_so is 'r7p0-00rel1', rk_so_ver is '1@2' for 3328h_android_7.1, built at '15:47:51', on 'Jun 28 2017'.
10-16 18:02:58.208  2559  2559 I mali_so : [File] : hardware/rockchip/driver/./src/base/arch/arch_011_udd/base_arch_main.c; [Line] : 578; [Func] : deal_with_version_affairs_rk_ext;
10-16 18:02:58.208  2559  2559 I mali_so : mali_ver_property has been set to 'r7p0-00rel1-5-1@2', to return.
10-16 18:02:58.266  2559  2559 I cr_DRP  : No DRP key due to exception:java.lang.ClassNotFoundException: com.android.webview.chromium.Drp
10-16 18:02:58.297   429  1751 D ConnectivityService: listenForNetwork for uid/pid:10038/2559 NetworkRequest [ LISTEN id=21, [ Capabilities: INTERNET&NOT_RESTRICTED&TRUSTED] ]
10-16 18:02:58.328  2559  2559 W cr_AwContents: onDetachedFromWindow called when already detached. Ignoring
10-16 18:02:58.644  2556  2556 W dex2oat : Before Android 4.1, method int androidx.appcompat.widget.DropDownListView.lookForSelectablePosition(int, boolean) would have incorrectly overridden the package-private method in android.widget.ListView
10-16 18:02:58.646  2556  2556 W dex2oat : Before Android 4.1, method int androidx.appcompat.widget.MenuPopupWindow$MenuDropDownListView.lookForSelectablePosition(int, boolean) would have incorrectly overridden the package-private method in android.widget.ListView
10-16 18:02:58.685  2556  2608 W dex2oat : Before Android 4.1, method android.graphics.PorterDuffColorFilter androidx.vectordrawable.graphics.drawable.VectorDrawableCompat.updateTintFilter(android.graphics.PorterDuffColorFilter, android.content.res.ColorStateList, android.graphics.PorterDuff$Mode) would have incorrectly overridden the package-private method in android.graphics.drawable.Drawable
10-16 18:03:00.291  2559  2564 I art     : Do partial code cache collection, code=29KB, data=28KB
10-16 18:03:00.292  2559  2564 I art     : After code cache collection, code=28KB, data=27KB
10-16 18:03:00.292  2559  2564 I art     : Increasing code cache capacity to 128KB
10-16 18:03:01.016  2559  2559 V UpdateUI: Network: inactive, disconnected
10-16 18:03:01.017  2559  2559 V ServiceStarter: attempting to start service FtcRobotControllerWatchdogService
10-16 18:03:01.020  2559  2559 V ServiceStarter: started service FtcRobotControllerWatchdogService
10-16 18:03:01.043  2559  2559 I RobotCore: App info: version=11.0.0 appId=com.qualcomm.ftcrobotcontroller
10-16 18:03:01.043  2559  2559 I RobotCore: Android Device: maker=REV Robotics model=Control Hub v1.0 sdk=25 serial=4970fbf388f1f13e
10-16 18:03:01.043  2559  2559 V AndroidBoard: REV Control Hub contains REV3328
10-16 18:03:01.044  2559  2559 V AndroidBoard: Communicating with embedded REV hub via /dev/ttyS1
10-16 18:03:01.046  2559  2559 V RCActivity: onStart()
10-16 18:03:01.050  2559  2559 V RCActivity: onResume()
10-16 18:03:01.072  2559  2559 V NetDiscover_prefremrc: onSharedPreferenceChanged(name=App Restrictions, value=AAAAAA==
10-16 18:03:01.072  2559  2559 V NetDiscover_prefremrc: )
10-16 18:03:01.080   429   899 D ConnectivityService: listenForNetwork for uid/pid:10038/2559 NetworkRequest [ LISTEN id=22, [ Capabilities: INTERNET&NOT_RESTRICTED&TRUSTED] ]
10-16 18:03:01.085  2559  2559 V FtcRobotControllerWatchdogService: onCreate()
10-16 18:03:01.086  2559  2559 V FtcRobotControllerWatchdogService: onStartCommand() intent=Intent { cmp=com.qualcomm.ftcrobotcontroller/org.firstinspires.ftc.ftccommon.internal.FtcRobotControllerWatchdogService } flags=0x0 startId=1
10-16 18:03:01.087  2559  2559 V FtcRobotControllerWatchdogService: shouldAutoLauchRobotController() result=true
10-16 18:03:01.089  2559  2559 V FTCService: onCreate()
10-16 18:03:01.120  2559  2559 W art     : Before Android 4.1, method double java.util.concurrent.ThreadLocalRandom.internalNextDouble(double, double) would have incorrectly overridden the package-private method in java.util.Random
10-16 18:03:01.120  2559  2559 W art     : Before Android 4.1, method int java.util.concurrent.ThreadLocalRandom.internalNextInt(int, int) would have incorrectly overridden the package-private method in java.util.Random
10-16 18:03:01.120  2559  2559 W art     : Before Android 4.1, method long java.util.concurrent.ThreadLocalRandom.internalNextLong(long, long) would have incorrectly overridden the package-private method in java.util.Random
10-16 18:03:01.151  2559  2559 V FTCService: onBind()
10-16 18:03:01.176  2559  2559 V CoreRobotWebServer: creating NanoHTTPD(8080)
10-16 18:03:01.182  2559  2559 V WebSocketManager: Registered broadcast-only namespace progress
10-16 18:03:01.189  2559  2559 V ThreadPool: container(0x01c77d55: default scheduler) added id=150 TID=0 count=3
10-16 18:03:01.190  2559  2559 V WebSocketManager: Registered handler for namespace ControlHubUpdater
10-16 18:03:01.191  2559  2559 V RobotCore: Getting network assistant of type: RCWIRELESSAP
10-16 18:03:01.193  2559  2559 I RobotControllerAccessPointAssistant: Enabling network services
10-16 18:03:01.195  2559  2559 I RobotControllerAccessPointAssistant: Sending SSID and password to AP service
10-16 18:03:01.195  2559  2559 I RobotCore: neverFinish
10-16 18:03:01.196  2559  2559 D RobotControllerAccessPointAssistant: setNetworkProperties(deviceName=FTC-22346, password=neverFinish, ApChannel=null) sendSettingsIndividually=false
10-16 18:03:01.196  2559  2559 I NetDiscover_ControlHubNameManager: Robot controller name: FTC-22346
10-16 18:03:01.196  2559  2559 I ControlHubPasswordManager: Robot controller password: neverFinish
10-16 18:03:01.196  2559  2559 D RobotControllerAccessPointAssistant: Sending bulk settings broadcast intent
10-16 18:03:01.211  1093  2614 I FtcAccessPointService: Received FTC_AP_SETTINGS_CHANGE
