10-16 17:32:44.804  2233  2233 I ps      : type=1400 audit(0.0:316): avc: denied { read } for name="cmdline" dev="proc" ino=10527 scontext=u:r:untrusted_app:s0:c512,c768 tcontext=u:r:kernel:s0 tclass=file permissive=1
10-16 17:32:44.804  2233  2233 I ps      : type=1400 audit(0.0:317): avc: denied { open } for path="/proc/2/cmdline" dev="proc" ino=10527 scontext=u:r:untrusted_app:s0:c512,c768 tcontext=u:r:kernel:s0 tclass=file permissive=1
10-16 17:32:49.385  2112  2164 V ThreadPool: container(0x01c77d55: default scheduler) added id=184 TID=0 count=19
10-16 17:32:54.385  2112  2219 V ThreadPool: container(0x01c77d55: default scheduler) added id=185 TID=0 count=20
10-16 17:32:59.384  2112  2214 V ThreadPool: container(0x01c77d55: default scheduler) added id=186 TID=0 count=21
10-16 17:33:04.384  2112  2214 V ThreadPool: container(0x01c77d55: default scheduler) added id=187 TID=0 count=22
10-16 17:33:09.385  2112  2224 V ThreadPool: container(0x01c77d55: default scheduler) added id=188 TID=0 count=23
10-16 17:33:14.385  2112  2212 V ThreadPool: container(0x01c77d55: default scheduler) added id=189 TID=0 count=24
10-16 17:35:34.558  2112  2178 V Robocol : received command: CMD_INIT_OP_MODE(13071) $Stop$Robot$
10-16 17:35:34.573  2112  2202 V ThreadPool: container(0x0cb68ffc: OpModeStuckCodeMonitor) added id=190 TID=0 count=1
10-16 17:35:34.578  2112  2207 V RobotCore: thread: ...terminating 'OpModeThread'
10-16 17:35:34.580  2112  2202 I RobotCore: Attempting to switch to OpMode $Stop$Robot$
10-16 17:35:34.581  2112  2207 V ThreadPool: container(0x03a7fdc9: OpModeExecutor) removed id=170 TID=2207 count=1
10-16 17:35:34.586  2112  2202 D HardwareMap: Clearing which device instances have been retrieved
10-16 17:35:34.589  2112  2202 V ThreadPool: container(0x091146d7: OpModeExecutor) added id=191 TID=0 count=1
10-16 17:35:34.590  2112  2258 V RobotCore: thread: 'OpModeThread' starting...
10-16 17:35:34.619  2112  2181 V Robocol : sending CMD_NOTIFY_INIT_OP_MODE(3122), attempt: 0
10-16 17:35:34.620  2112  2181 V Robocol : sending CMD_NOTIFY_RUN_OP_MODE(3123), attempt: 0
10-16 17:35:37.760  2112  2178 V Robocol : received command: CMD_SET_MATCH_NUMBER(13121) 0
10-16 17:35:37.762  2112  2178 V Robocol : received command: CMD_INIT_OP_MODE(13122) yaibaTest
10-16 17:35:37.786  2112  2258 V RobotCore: thread: ...terminating 'OpModeThread'
10-16 17:35:37.789  2112  2202 I RobotCore: Attempting to switch to OpMode yaibaTest
10-16 17:35:37.790  2112  2258 V ThreadPool: container(0x091146d7: OpModeExecutor) removed id=191 TID=2258 count=1
10-16 17:35:37.795  2112  2202 I RobotCore: ******************** START - OPMODE yaibaTest ********************
10-16 17:35:37.878  2112  2202 D HardwareMap: Clearing which device instances have been retrieved
10-16 17:35:37.881  2112  2202 V ThreadPool: container(0x0db97973: OpModeExecutor) added id=192 TID=0 count=1
10-16 17:35:37.882  2112  2259 V RobotCore: thread: 'OpModeThread' starting...
10-16 17:35:37.899  2112  2181 V Robocol : sending CMD_NOTIFY_INIT_OP_MODE(3184), attempt: 0
10-16 17:35:38.218  2112  2259 I tflite  : Created TensorFlow Lite delegate for select TF ops.
10-16 17:35:38.224  2112  2259 I tflite  : Initialized TensorFlow Lite runtime.
10-16 17:35:38.275  2262  2259 F google-breakpad: -----BEGIN BREAKPAD MICRODUMP-----
10-16 17:35:38.275  2262  2259 F google-breakpad: V WebView:52.0.2743.100
10-16 17:35:38.276  2262  2259 F google-breakpad: O A arm64 04 aarch64 FIRST/ch_v1_box/rk3328_box:7.1.2/NHG47K/rev05081324:userdebug/release-keys
10-16 17:35:38.276  2262  2259 F google-breakpad: G OpenGL ES 2.0|ARM|Mali-450 MP
10-16 17:35:38.276  2262  2259 F google-breakpad: S 0 000000722D1F0A30 000000722D1F0000 0000000000006000
10-16 17:35:38.281  2262  2259 F google-breakpad: S 000000722D1F0000 00000000000000000000000000000000000000000000000000000000000000000000000000000000000000000000000000000000000000000000000000000000000000000000000000000000000000000000000000000000000000000000000000000000000000000000000000000000000000000000000000000000000000000000000000000000000000000000000000000000000000000000000000000000000000000000000000000000000000000000000000000000000000000000000000000000000000000000000000000000000000000000000000000000000000000000000000000000000000000000000000000000000000000000000000333031313538393739373130303030333837334FFF1E2D720000000100000000000000FD001F2D720000001300000000000000E8541F2D72000000A018A0257200000001000000720000000000000000000000000000000000000020031F2D72000000C0011F2D7200000074278C2A72000000000000000000000040031F2D72000000
10-16 17:35:38.282  2262  2259 F google-breakpad: S 000000722D1F0180 B41EA62672000000A819A02572000000E8541F2D7200000000181F2D72000000C0DBEC2B720000000000000000000000000000000000000020031F2D7200000040021F2D7200000048048C2A72000000000000000000000090BB002672000000FFFFFFFF00000000F8B240327200000001000000720000000000000000000000B41EA62672000000E8541F2D7200000078051F2D7200000000181F2D7200000000000000000000000000000000000000000000000000000020031F2D7200000080021F2D7200000090D38C2A7200000000181F2D7200000040031F2D72000000E8541F2D720000000000000000000000000000000000000020031F2D72000000D0021F2D720000007CF38B2A720000000000000000000000DC61BF88F6E1A4F778051F2D7200000000181F2D7200000000061F2D720000000000000000000000000000000000000084161F2D7200000070161F2D72000000F4DC8B2A720000000000000000000000A4161F2D7200000090161F2D72000000D0051F2D72000000
10-16 17:35:38.283  2262  2259 F google-breakpad: S 000000722D1F0300 18031F2D7200000018031F2D7200000018041F2D72000000FFFFFFFFFFFFFFFF3B198F2A720000004A198F2A7200000048031F2D7200000048031F2D7200000048041F2D720000004A198F2A7200000068031F2D7200000068031F2D7200000068041F2D72000000000000000000000000000000000000000000000000000000000000000000000000000000000000000000000000000000000000000000000000000000000000000000000000000000000000000000000000000000000000000000000000000000000000000000000000000000000000000000000000000000000000000000000000000000000000000000000000000000000000000000000000000000000000000000000000000000000000000000000030041F2D7200000030041F2D7200000030051F2D7200000040041F2D7200000040051F2D7200000050041F2D7200000060041F2D7200000060041F2D7200000060051F2D72000000000000000000000080041F2D7200000080041F2D72000000F8B2403272000000
10-16 17:35:38.284  2262  2259 F google-breakpad: S 000000722D1F0480 00000000000000000000000000000000DC61BF88F6E1A4F7FFFFFFFF000000000000000000000000DC61BF88F6E1A4F7E0081F2D720000000200000000000000D0081F2D720000000600000000000000060000000000000088101F2D72000000200E1F2D72000000DCC66051720000000000000000000000000000000000000000000000000000000000000000000000000000000000000000000000000000000000000000000000000000000000000000000000000000000000C92572000000907419267200000000000000000000002F6A6F623A6C6F63616C686F73742F720000000000000000000000000000000000000000000000000000000000000000EBFFFF000000000000000000000000007680ADEB0000000000000000000000007780ADEB000000000000000000000000000000000000000060C4D82572000000E8C4D8257200000060C4D8257200000074665F6E756D615F30061F2D72000000000000000000000050C4D82572000000F86B1F267200000050C4D82572000000
10-16 17:35:38.285  2262  2259 F google-breakpad: S 000000722D1F0600 20061F2D72000000147A615172000000008D503672000000300F1F2D7200000000745F3272000000E8541F2D7200000048071F2D72000000DC61BF88F6E1A4F778081F2D7200000000040000000000001D35952A7200000030081F2D7200000000081F2D72000000C4426151720000000000000000000000DC61BF88F6E1A4F7000E1F2D72000000900D1F2D72000000500D1F2D72000000D0FFFFFF80FFFFFFFFFFFFFFFFFFFFFF9016A025720000008C081F2D7200000000000000EB03000008020000FFFFFFFF78081F2D72000000FF03000000000000A8801F2672000000E8541F2D720000009CE22C2A7200000080111F2D00000000A018A02572000000000000000000000048071F2D72000000B8111F2D72000000DC61BF88F6E1A4F70100000000000000F8B2403272000000FFFFFFFF00000000B87E4030720000000100000000000000000000000000000000000000000000000000000000000000000000000000000000000000000000000000000000000000FFFFFFFF00000000
10-16 17:35:38.285  2262  2259 F google-breakpad: S 000000722D1F0780 004000000000000000000000000000000000000000000000000000000000000000000000000000000000000000000000000000000000000050B00D2672000000300F1F2D7200000000745F3272000000E8541F2D720000003000000000000000006A523672000000900D1F2D7200000014000000000000001D35952A7200000058B51F267200000010A62C2A7200000050081F2D72000000509C62517200000050B00D26720000004C78675172000000000E1F2D72000000900D1F2D72000000500D1F2D72000000C8FFFFFF80FFFFFF000E1F2D72000000900D1F2D72000000500D1F2D72000000C8FFFFFF80FFFFFF42424242424242422D3330313135383937393731303030303338373300E1A4F750B00D2672000000E0081F2D7200000010091F2D7200000090801F26720000009074192672000000F06B1F2672000000E8541F2D7200000030C02C2A7200000088801F2672000000DC61BF88F6E1A4F7583EEA2B7200000080801F267200000000000000000000000C00000000000000
10-16 17:35:38.286  2262  2259 F google-breakpad: S 000000722D1F0900 E0081F2D7200000094A7635172000000DC61BF88F6E1A4F7FFFFFFFF00000000000000000000000080AB1F267200000088A3463072000000DC61BF88F6E1A4F70900000000000000E07F3B0000000000A0091F2D72000000B8B500267200000001000000000000000000000000000000010000007200000000000000000000002500000000000000DC61BF88F6E1A4F70900000000000000E07F3B0000000000000A1F2D7200000090E662517200000009000000000000001909443072000000186E6751720000000300000000000000003000000000000003000000000000004821C050720000004021C05072000000B018A02572000000802BC05072000000500A1F2D720000001482625172000000480D1F2D72000000B00A1F2D72000000E00B1F2D720000002C34252A720000000000000000000000E8541F2D72000000200B1F2D72000000D80A1F2D7200000058D45A3072000000D0151F2D72000000E8541F2D72000000700C1F2D720000004C78675172000000DC61BF88F6E1A4F7
10-16 17:35:38.287  2262  2259 F google-breakpad: S 000000722D1F0A80 030000000000000088A346307200000080A34630720000003000000000000000200B1F2D7200000094A763517200000088F6EB2B72000000000000000000000000000000000000000000000000000000000000000000000048F9EB2B72000000000000000000000000000000000000000000000000000000000000000000000000000000000000000000000000000000000000000000000000000000000000000000000000000000010000000000000000000000000000000100000000000000906A512B72000000000000000000000038B2F12B7200000038B2F12B7200000038B2F12B72000000000000000000000000000000000000000000000000000000DC61BF88F6E1A4F730815A2A7200000000905F3272000000030000000000000028801F267200000000F01F2672000000D0151F2D7200000040151F2D7200000040151F2D720000008042413072000000C0681E2672000000E8541F2D72000000F0141F2D720000003019252A720000005FE04F2B720000000900000000000000
10-16 17:35:38.288  2262  2259 F google-breakpad: S 000000722D1F0C00 B00B1F2D72000000010000000000000069E04F2B720000000600000000000000280D1F2D720000000100000000000000D10D1F2D720000000100000000000000B90D1F2D720000000300000000000000A69E4F2B720000000100000000000000F80C1F2D7200000001000000000000000000000000000000DC61BF88F6E1A4F7008D5036720000004021C05072000000E8541F2D720000003000000000000000006A52367200000040B51F2672000000C08D50367200000040B51F2672000000E8541F2D7200000000F01F2672000000000000000000000000E01F2672000000C0681E2672000000000000000000000000000040000000000000000000000000B90D1F2D72000000A69E4F2B7200000006000000000000000100000000000000280D1F2D72000000D10D1F2D720000007680ADEB0000000000000000000000007780ADEB00000000500D1F2D720000000000000000000000000000000000000088A34630720000004021C05072000000C00D1F2D72000000D08A625172000000
10-16 17:35:38.289  2262  2259 F google-breakpad: S 000000722D1F0D80 E8541F2D72000000900F1F2D720000004C78675172000000DC61BF88F6E1A4F7030000000000000088A346307200000080A34630720000003000000000000000400E1F2D7200000094A7635172000000C8FFFFFF80FFFFFFDC61BF88F6E1A4F7008D503672000000580000000000000058B51F2672000000DC61BF88F6E1A4F7E8541F2D72000000900F1F2D720000003000000000000000000000000000000025000000000000000A0000000000000020111F2D720000003000000000000000600E1F2D72000000B8B98B2A72000000F00E1F2D720000004021C05072000000E8541F2D72000000E09F2C2A72000000000000000000000048101F2D720000000000000000000000F0101F2D7200000018101F2D72000000000000000000000020111F2D7200000030815A2A72000000006A523672000000E0AB1F2672000000D00E1F2D7200000001000000000000003000523672000000DC61BF88F6E1A4F7E8541F2D7200000057D74E2B7200000059E04F2B720000000500000000000000
10-16 17:35:38.290  2262  2259 F google-breakpad: S 000000722D1F0F00 190944307200000009000000000000005FE04F2B720000000900000000000000D00E1F2D72000000010000000000000069E04F2B72000000060000000000000048101F2D720000000100000000000000F1101F2D720000000100000000000000D9101F2D720000000300000000000000A69E4F2B72000000010000000000000018101F2D7200000001000000000000000000000000000000506C1F267200000088A34630720000004021C050720000000000000000000000A00C1F26720000000000000000000000A0AC1F267200000088A34630720000004021C0507200000030101F2D72000000D08A625172000000010000000000000010000000000000004C78675172000000DC61BF88F6E1A4F7020000000000000088A346307200000080A34630720000002000000000000000B0101F2D7200000094A763517200000090101F2D72000000D08A6251720000000100000000000000DC61BF88F6E1A4F70100000000000000DC61BF88F6E1A4F701000000000000001000000000000000
10-16 17:35:38.290  2262  2259 F google-breakpad: S 000000722D1F1080 480D1F2D720000000000000000000000801CD88865CEC9F10100000000000000D06A1E26720000002000000000000000D0101F2D72000000B8B98B2A72000000307C522B72000000D83B3D2A720000000000000000000000CCCB402A7200000039B011CB9C93E30100B61F267200000000745F3272000000801CD88865CEC9F139B011CB9C93E301801CD88865CEC9F1D06A1E26720000002CCB402A72000000D06A1E2672000000FFFFFFFFFFFFFFFFC06A1E26720000002850402A72000000FCA9F1D24D62503F80F21F267200000080F21F2672000000D0131F2D72000000D8151F2D72000000E8541F2D72000000C06A1E2672000000C0111F2D72000000B8111F2D72000000ECC8402A7200000000F01F267200000080F61F267200000080F61F2672000000ECC5402A7200000088A3463072000000000000000000000000B61F2672000000C0111F2D7200000001541F2D72000000E8541F2D72000000C09DEA2B7200000000F01F2672000000090000000000000088A3463072000000
10-16 17:35:38.291  2262  2259 F google-breakpad: S 000000722D1F1200 E0111F2D720000009000000000000000089EEA2B7200000000F01F2672000000486A4E2B72000000907419267200000010121F2D7200000020952F2A720000000900000000000000DC61BF88F6E1A4F7E8541F2D72000000E8541F2D72000000005F423072000000506C1F26720000000000000000000000C06A1E267200000088A34630720000004021C05072000000E0121F2D72000000D08A625172000000010000000000000080F21F26720000004C78675172000000DC61BF88F6E1A4F7040000000000000088A346307200000080A3463072000000380000000000000060131F2D7200000094A7635172000000000000000000000000F01F2672000000D0131F2D7200000058932F2A72000000F0121F2D72000000DC61BF88F6E1A4F7FFFFFFFFFFFFFFFF00F01F2672000000D0131F2D72000000D8151F2D7200000020131F2D7200000000745F32720000000000000000000000DC61BF88F6E1A4F7F8151F2D72000000A0B51F2672000000C06A1E26720000000000000000000000
10-16 17:35:38.292  2262  2259 F google-breakpad: S 000000722D1F1380 00F01F2672000000BC5A402A7200000000000000000000004021C05072000000A0BB0026720000000036C050000000000000000000000000F8151F2D72000000E8541F2D720000000000000000000000000000000000000000F01F267200000000000000000000000000000000000000000000000000000000000000000000000000000000000000000000000000000000000000000000000000000000000000000000000000000000000000F6E1A4F7C09BEA2B7200000000F01F267200000080A3463072000000100700000000000030141F2D7200000094A763517200000080141F2D7200000000141F2D72000000010000000000000030001F2D72000000C0151F2D72000000DC61BF88F6E1A4F7E8541F2D72000000DC61BF88F6E1A4F700905F32720000000300000000000000E8541F2D7200000000F01F2672000000E0B41F267200000040151F2D7200000040151F2D720000008042413072000000C0681E2672000000D0151F2D72000000C0151F2D720000001432252A72000000
10-16 17:35:38.293  2262  2259 F google-breakpad: S 000000722D1F1500 0000000000000000009C62517200000000000000000000004C786751720000000000000000000000000000000000000000000000000000000000000000000000E00FEA2B72000000DC33252A7200000060A91F2672000000000000000000000040151F2D72000000002CC0507200000040691E2672000000DC61BF88F6E1A4F70000000000000000E8541F2D72000000FFFFFF7F00000000E8541F2D72000000A842413072000000A84241307200000080DE3C2672000000F8151F2D7200000030171F2D7200000054BA242A7200000000000000000000009074192672000000000000000000000000000000000000000000000000000000681EEB2B720000000000000000000000582AEB2B72000000000000000000000000000000000000000000000000000000000000000000000000000000000000000000000000000000000000000000000000000000720000000000000000000000010000000000000000000000000000000100000000000000906A512B720000000000000000000000
10-16 17:35:38.294  2262  2259 F google-breakpad: S 000000722D1F1680 000000000000000000000000000000000000000000000000000000000000000000000000000000000000000000000000000000000000000000000000000000000000000000000000000000000000000000000000000000000100000000000000FFFFFFFF0000000000000000000000000000000000000000DC61BF88F6E1A4F700905F32720000000000000000000000A84241307200000080DE3C2672000000A842413072000000C0681E2672000000F0181F2D72000000E4A8892A7200000040691E2672000000C0FBE112B05B7913181B1F2D7200000000905F327200000000C65E327200000040C1A7507200000000905F3272000000430000004300000000C5945072000000DC61BF88F6E1A4F7000000000000000000DF3C267200000088A34630720000004021C0507200000000181F2D72000000D08A625172000000000000000000000020000000000000004C78675172000000DC61BF88F6E1A4F7080000000000000088A346307200000080A34630720000008000000000000000
10-16 17:35:38.294  2262  2259 F google-breakpad: S 000000722D1F1800 80181F2D7200000094A76351720000000000000000005900DC61BF88F6E1A4F7DC61BF88F6E1A4F70300000000000000ECC5945072000000DC61BF88F6E1A4F700000000000000002000000000000000000000000000000080000000000000000000000000000000800000000000000080DF3C26720000008000000000000000A0181F2D720000006027F92572000000F84341307200000000905F3272000000F0181F2D72000000DC61BF88F6E1A4F700905F3272000000E8541F2D720000000000000000000000C0681E2672000000A84241307200000080424130720000000000000000000000000000000000000060191F2D72000000DCA9F625720000008C1C1F2D72000000DC61BF88F6E1A4F700905F3272000000030000000000000098905F3272000000DC61BF88F6E1A4F718000000000000002200CE377200000058D45A307200000058D45A3072000000C0681E2672000000C07F1F267200000090191F2D72000000D8D8F625720000008C1C1F2D7200000000905F3272000000
10-16 17:35:38.295  2262  2259 F google-breakpad: S 000000722D1F1980 60A81F267200000000C65E3272000000B0191F2D72000000E084DD2572000000B08C4A507200000000905F3272000000A81A1F2D72000000F83A403872000000A016353272000000000000000000000001000000004453130000000000000000FCA9F1D24D62503F000000000000000000000000000000000000000000000000000000000000000000000000000000000000000000000000000000000000000000905F3272000000A01635327200000000905F32720000008C1C1F2D720000002200CE37720000001800000000000000DC61BF88F6E1A4F798905F3272000000030000000000000000905F3272000000A81A1F2D720000006C9A4A50720000000000000000000000C07F1F267200000060A81F2672000000C0681E267200000000905F3272000000A01B1F2D72000000B4644B5072000000881E1F2D720000002200CE3772000000201B1F2D72000000881E1F2D72000000A01635327200000000905F32720000008C1C1F2D720000002200CE37720000001800000000000000
10-16 17:35:38.296  2262  2259 F google-breakpad: S 000000722D1F1B00 DC61BF88F6E1A4F798905F3272000000030000000000000000905F32720000000044531300000000D816353272000000D01C1F2D7200000060454E5072000000000000000000000010451F2D72000000B01F1F2D72000000DC61BF88F6E1A4F7DC61BF88F6E1A4F70000000000000000D8163532720000000000000000000000501C1F2D72000000A01635327200000000905F3272000000881E1F2D72000000401C1F2D720000005078665072000000501C1F2D720000005078665072000000000000000000000000004300720000000000000000005900DC61BF88F6E1A4F70500000000000000DC61BF88F6E1A4F700905F32720000000300000000000000060000000000000000000000000000000000000000000000501C1F2D72000000881E1F2D72000000DC61BF88F6E1A4F7DC61BF88F6E1A4F7B01F1F2D72000000801D1F2D720000000819665072000000B01F1F2D72000000A0163532720000000000000000000000000000000000000000000000000000000000000000000000
10-16 17:35:38.297  2262  2259 F google-breakpad: S 000000722D1F1C80 060000000000000070E19F50C07F1F267200000060A81F2672000000C0681E267200000000000000000000000000000000000000000000000000000000000000DC61BF88F6E1A4F70C1D1F2D72000000801D1F2D7200000003000000000000000000000000000000101D1F2D720000000C1D1F2D72000000DC61BF88F6E1A4F7A81D1F2D72000000020000005833CE1270BCD71200905F3272000000020000000000000072000000DC61BF88F6E1A4F70016A5507200000070E19F5072000000DC61BF88F6E1A4F7D81635327200000000905F3272000000B01F1F2D720000000E87B637720000007706000000000000A016353272000000881E1F2D72000000201E1F2D72000000D84093507200000001000000721000000000000005000000FCA9F1D24D62503F0000000000000000010000000000000000905F32720000000100000000000000DC61BF88F6E1A4F70016A5507200000070E19F507200000087130000000000001C201F2D72000000808A4950720000007706000000000000
10-16 17:35:38.298  2262  2259 F google-breakpad: S 000000722D1F1E00 00905F3272000000EC1F1F2D720000000E87B63772000000B01F1F2D72000000701E1F2D7200000018C6495072000000B81F1F2D7200000070E19F5072000000D816353272000000DC61BF88F6E1A4F700000000000000000006AD507200000000905F32720000008486B63772000000F01E1F2D72000000F09863507200000029FE000000000000C0681E267200000029FE000000000000DC61BF88F6E1A4F70C00000000000000020008000000000070E19F5072000000DC61BF88F6E1A4F78486B637720000008486B6377200000000700F2D72000000B01F1F2D7200000028221F2D7200000000905F3272000000A01F1F2D72000000E0F563507200000050231F2D72000000DC61BF88F6E1A4F7DC61BF88F6E1A4F70000000000000000901A353272000000000000000000000000201F2D72000000781935327200000000905F3272000000DC61BF88F6E1A4F70C00000000000000DC61BF88F6E1A4F7EC1F1F2D720000000A000000000000008486B63772000000B01F1F2D72000000
10-16 17:35:38.298  2262  2259 F google-breakpad: S 000000722D1F1F80 28221F2D7200000000905F3272000000000000000000000050231F2D7200000020211F2D72000000200866507200000050231F2D72000000D816353272000000881E1F2D720000000E87B637720000008486B6377200000000000000000000000C00000000000000871387130100000000328313B05B7913C07F1F267200000060A81F2672000000C0681E26720000000000000060858113781111130000000000328313B05B7913000000000000000000000000000000000000000000000000000000006085811378111113720000000700000000000000702000000000000000905F327200000028221F2D7200000020211F2D720000001C5663507200000030211F2D72000000B0201F2D72000000AC201F2D72000000200000000000000048211F2D72000000020000005833CE12070000000C00000000000000000000000000000000000000DC61BF88F6E1A4F770E19F5072000000DC61BF88F6E1A4F729FE000000000000901A35327200000050231F2D7200000000905F3272000000
10-16 17:35:38.299  2262  2259 F google-breakpad: S 000000722D1F2100 D489B637720000007020000000000000D81635327200000028221F2D72000000C0211F2D72000000A01F935072000000C0211F2D72000000EC9593507200000000000000000000000000000000000000010000006085811300905F32720000000100000000000000DC61BF88F6E1A4F70016A5507200000070E19F50720000008713000000000000C0231F2D72000000808A495072000000702000000000000000905F32720000008C231F2D72000000D489B6377200000050231F2D7200000010221F2D7200000098C249507200000058231F2D7200000070E19F5072000000901A353272000000DC61BF88F6E1A4F700000000000000000006AD507200000000905F32720000001089B6377200000090221F2D72000000F09863507200000043FE000000000000050000000000000043FE000000000000DC61BF88F6E1A4F700905F3272000000020008000000000070E19F5072000000DC61BF88F6E1A4F71089B637720000001089B6377200000000700F2D7200000050231F2D72000000
10-16 17:35:38.300  2262  2259 F google-breakpad: S 000000722D1F2280 C8251F2D7200000000905F327200000040231F2D72000000E0F5635072000000DC61BF88F6E1A4F70000000000000000C015353272000000000000000000000090231F2D72000000F01735327200000000905F3272000000C8251F2D7200000080231F2D72000000DC61BF88F6E1A4F700905F327200000001000000000000000D0000000000000007000000000000001089B6377200000050231F2D72000000C8251F2D72000000DC61BF88F6E1A4F7DC61BF88F6E1A4F7F0261F2D72000000C0241F2D72000000EC18665072000000F0261F2D72000000901A35327200000028221F2D72000000D489B637720000001089B6377200000000000000000000000D0000000000000087138713000000007200000000000000000000000000000000000000000000006085811360A81F267200000040A91F26720000007811111300000000000000000000000000000000000000000000000000000000608581130000000000000000000000000000000078111113720000007606000000000000
10-16 17:35:38.300  2262  2259 F google-breakpad: S 000000722D1F2400 DC61BF88F6E1A4F74C241F2D72000000C0241F2D7200000001000000000000000000000000905F3250241F2D720000004C241F2D72000000DC61BF88F6E1A4F7E8241F2D72000000020000005833CE1270BCD71200905F3272000000020000000000000072000000DC61BF88F6E1A4F770E19F5072000000DC61BF88F6E1A4F743FE000000000000C015353272000000F0261F2D720000000E86B6377200000000905F32720000007606000000000000901A353272000000C8251F2D7200000060251F2D72000000E03C9350720000001100088000000000000000000000000018000000000000000000000000000000010000006085811300905F32720000000100000000000000DC61BF88F6E1A4F70016A5507200000070E19F5072000000871300000000000064271F2D72000000808A495072000000760600000000000000905F32720000002C271F2D720000000E86B63772000000F0261F2D72000000B0251F2D7200000098C5495072000000F8261F2D7200000070E19F5072000000
10-16 17:35:38.301  2262  2259 F google-breakpad: S 000000722D1F2580 C015353272000000DC61BF88F6E1A4F700000000000000000006AD507200000000905F32720000007085B6377200000030261F2D72000000F098635072000000FAA1CC377200000040A91F267200000023FE000000000000DC61BF88F6E1A4F70E00000000000000000009000000000070E19F5072000000DC61BF88F6E1A4F77085B637720000007085B6377200000000700F2D72000000F0261F2D7200000078291F2D7200000000905F3272000000E0261F2D72000000E0F5635072000000808A495072000000A4281F2D7200000000905F3272000000A4281F2D72000000896700000200000000000000000000000000000072000000A05E5345720000000100000000000000DC61BF88F6E1A4F70E00000000000000DC61BF88F6E1A4F72C271F2D720000000B000000000000007085B63772000000F0261F2D7200000078291F2D7200000000905F32720000000000000000000000A02A1F2D7200000070281F2D720000002008665072000000A02A1F2D72000000C015353272000000
10-16 17:35:38.302  2262  2259 F google-breakpad: S 000000722D1F2700 C8251F2D720000000E86B637720000007085B6377200000000000000000000000E0000000000000087138713407105136085811360A81F267200000040A91F26720000007811111360A81F267200000040A91F26720000006085811340710513781111134071051360858113000000000000000000000000000000007811111300000000000000000000000000000000608581134071051378111113720000000000000000000000703000000000000000905F327200000078291F2D7200000070281F2D720000001C5663507200000010291F2D7200000000281F2D72000000FC271F2D72000000050000000000000098281F2D72000000020000005833CE12000000000200000003000000000000000000000072000000DC61BF88F6E1A4F770E19F5072000000DC61BF88F6E1A4F723FE000000000000500D353272000000A02A1F2D7200000000905F32720000004E7FB637720000007030000000000000C01535327200000078291F2D7200000010291F2D72000000A01F935072000000
10-16 17:35:38.303  2262  2259 F google-breakpad: S 000000722D1F2880 F80D353272000000000000000000000050000000000000000000000000000000010000006085811300905F32720000000100000000000000DC61BF88F6E1A4F70016A5507200000070E19F50720000008713000000000000EC2A1F2D72000000808A495072000000703000000000000000905F3272000000DC2A1F2D720000004E7FB63772000000A02A1F2D7200000060291F2D7200000098C2495072000000A82A1F2D7200000070E19F5072000000500D353272000000DC61BF88F6E1A4F700000000000000000006AD507200000000905F3272000000347FB63772000000E0291F2D72000000F09863507200000080455313000000000000000000000000202B1F2D72000000DC61BF88F6E1A4F70400000000000000010009000000000070E19F5072000000DC61BF88F6E1A4F7347FB63772000000347FB6377200000000700F2D72000000A02A1F2D72000000D82C1F2D7200000000905F3272000000902A1F2D72000000E0F563507200000000C65E327200000040C1A75072000000
10-16 17:35:38.303  2262  2259 F google-breakpad: S 000000722D1F2A00 00905F3272000000430000004300000000905F327200000000C65E32720000000500000000000000DC61BF88F6E1A4F7DC61BF88F6E1A4F7DC61BF88F6E1A4F70400000000000000DC61BF88F6E1A4F7DC2A1F2D720000000100000000000000347FB63772000000A02A1F2D72000000D82C1F2D7200000000905F32720000000000000000000000002E1F2D72000000D02B1F2D720000002008665072000000002E1F2D72000000500D35327200000078291F2D720000004E7FB63772000000347FB63772000000000000000000000004000000000000008713871360858113C05B7913407105137811111360858113C05B79134071051378111113720000000300000000000000703000000000000000905F3272000000D82C1F2D72000000D02B1F2D720000001C56635072000000702C1F2D72000000602B1F2D720000005C2B1F2D72000000DC61BF88F6E1A4F7F82B1F2D720000000200000078243E13030000000000000001000000000000000000000000000000DC61BF88F6E1A4F7
10-16 17:35:38.304  2262  2259 F google-breakpad: S 000000722D1F2B80 70E19F5072000000DC61BF88F6E1A4F75D00000000000000304F3E3272000000002E1F2D7200000000905F327200000022125737720000007030000000000000500D353272000000D82C1F2D72000000702C1F2D72000000A01F935072000000E92000000000000000000000000000001000000000000000000000000000000001000000C05B791300905F32720000000100000000000000DC61BF88F6E1A4F70016A5507200000070E19F50720000008713000000000000602E1F2D72000000808A495072000000703000000000000000905F32720000003C2E1F2D720000002212573772000000002E1F2D72000000C02C1F2D7200000098C2495072000000082E1F2D7200000070E19F5072000000304F3E3272000000DC61BF88F6E1A4F700000000000000000006AD507200000000905F3272000000D011573772000000402D1F2D72000000F098635072000000540000000000000078111113000000000100000000000000DC61BF88F6E1A4F709000000000000000100090000000000
10-16 17:35:38.305  2262  2259 F google-breakpad: S 000000722D1F2D00 70E19F5072000000DC61BF88F6E1A4F7D011573772000000D01157377200000000700F2D72000000002E1F2D7200000068301F2D7200000000905F3272000000F02D1F2D72000000E0F5635072000000F0B1E31200000000882E1F2D72000000782E1F2D7200000000905F3272000000E42D1F2D72000000C42D1F2D72000000502E1F2D720000006C4A745072000000A02E1F2D72000000DC61BF88F6E1A4F70900000000000000DC61BF88F6E1A4F73C2E1F2D720000000700000000000000D011573772000000002E1F2D7200000068301F2D7200000000905F3272000000000000000000000090311F2D72000000602F1F2D72000000200866507200000090311F2D72000000304F3E3272000000D82C1F2D720000002212573772000000D01157377200000000000000000000000900000000000000871387134071051378111113B05B7913C05B7913000000000000000000000000405B7913D0D6E0124071051378111113B05B7913C05B7913000000000000000000000000405B7913
10-16 17:35:38.306  2262  2259 F google-breakpad: S 000000722D1F2E80 D0D6E0127200000000905F32720000000000000000000000702000000000000000905F327200000068301F2D72000000602F1F2D720000001C566350720000000000000000000000F02E1F2D72000000EC2E1F2D7200000070E19F5072000000882F1F2D720000000200000078243E13000000000100000000000000000000000000000000000000DC61BF88F6E1A4F770E19F5072000000DC61BF88F6E1A4F75400000000000000C04B3E327200000090311F2D7200000000905F3272000000DC0C5737720000007020000000000000304F3E327200000068301F2D7200000000301F2D72000000A01F93507200000000905F32720000000100000000000000602F1F2D72000000000000000000000001000000405B791300905F32720000000100000000000000DC61BF88F6E1A4F70016A5507200000070E19F50720000008713000000000000E0311F2D72000000808A495072000000702000000000000000905F3272000000CC311F2D72000000DC0C57377200000090311F2D72000000
10-16 17:35:38.306  2262  2259 F google-breakpad: S 000000722D1F3000 50301F2D7200000098C249507200000098311F2D7200000070E19F5072000000C04B3E3272000000DC61BF88F6E1A4F700000000000000000006AD507200000000905F3272000000C00C573772000000D0301F2D72000000F098635072000000DC61BF88F6E1A4F700000000000000000000000000000000DC61BF88F6E1A4F70500000000000000010008000000000070E19F5072000000DC61BF88F6E1A4F7C00C573772000000C00C57377200000000700F2D7200000090311F2D72000000B8331F2D7200000000905F327200000080311F2D72000000E0F5635072000000000000000000000000000000000000000000000000000000000000000000000078B4457000000000DC61BF88F6E1A4F70C00000000000000B25D0A720000000080AACF1200000000DC61BF88F6E1A4F70500000000000000DC61BF88F6E1A4F7CC311F2D720000000400000000000000C00C57377200000090311F2D72000000B8331F2D7200000000905F32720000000000000000000000E0341F2D72000000
10-16 17:35:38.307  2262  2259 F google-breakpad: S 000000722D1F3180 D0321F2D720000002008665072000000E0341F2D72000000C04B3E327200000068301F2D72000000DC0C573772000000C00C5737720000000000000000000000050000000000000087138713405B7913D0D6E0120000000000000000A09BCC12405B7913D0D6E0120000000000000000A09BCC12720000000200000000000000010000000000000080AACF120000000000905F3272000000B8331F2D72000000DC61BF88F6E1A4F798905F3272000000DC61BF88F6E1A4F70400000000000000B8321F2D72000000E8E266740000000040B44570000000000000000002000000010000000000000000000000000000000000000072000000DC61BF88F6E1A4F770E19F5072000000DC61BF88F6E1A4F70006AD5072000000C04B3E3272000000A09BCC120000000000905F3272000000E0341F2D7200000092BAEE3672000000E910000000000000B8331F2D7200000050331F2D72000000144593507200000098361F2D72000000DC61BF88F6E1A4F78713000000000000DC61BF88F6E1A4F7
10-16 17:35:38.308  2262  2259 F google-breakpad: S 000000722D1F3300 0016A5507200000070E19F5072000000871300000000000024351F2D72000000808A495072000000E91000000000000000905F32720000001C351F2D7200000092BAEE3672000000E0341F2D72000000A0331F2D7200000018FF495072000000E8341F2D7200000070E19F5072000000C07A1E3472000000DC61BF88F6E1A4F700000000000000000006AD507200000000905F327200000078BAEE367200000020341F2D72000000F09863507200000050341F2D720000000000000000000000E0F6277000000000DC61BF88F6E1A4F70200000000000000100008000000000070E19F5072000000DC61BF88F6E1A4F778BAEE367200000078BAEE367200000000700F2D72000000E0341F2D72000000E8361F2D7200000000905F3272000000D0341F2D72000000E0F563507200000098361F2D7200000000905F32720000000000000000000000C0371F2D7200000090351F2D720000003C08665072000000C0371F2D7200000040B44570000000000000000000000000DC61BF88F6E1A4F7
10-16 17:35:38.309  2262  2259 F google-breakpad: S 000000722D1F3480 0200000000000000DC61BF88F6E1A4F71C351F2D72000000010000000000000078BAEE3672000000E0341F2D72000000E8361F2D7200000000905F3272000000000000000000000010381F2D7200000000361F2D72000000200866507200000010381F2D72000000C07A1E3472000000B8331F2D7200000092BAEE367200000078BAEE3672000000000000000000000002000000000000008713871300000000A09BCC1200000000A09BCC12000000000300000000000000DC61BF880000000000905F3272000000E8361F2D72000000DC61BF88F6E1A4F7E00C4E547200000000905F3272000000C0371F2D72000000507DF03672000000713000000000000040B445700000000098361F2D72000000030000000000000000000000000000000000000000000000DC61BF88F6E1A4F770E19F5072000000DC61BF88F6E1A4F70006AD5072000000C07A1E3472000000A09BCC120000000000905F327200000010381F2D72000000EEBEEE3672000000E910000000000000E8361F2D72000000
10-16 17:35:38.310  2262  2259 F google-breakpad: S 000000722D1F3600 80361F2D72000000144593507200000000905F3272000000FC371F2D72000000C87DF03672000000DC61BF88F6E1A4F70016A5507200000070E19F50720000007F130000000000005C381F2D72000000808A495072000000E91000000000000000905F32720000004C381F2D72000000EEBEEE367200000010381F2D72000000D0361F2D7200000018FF49507200000018381F2D7200000070E19F507200000078851E3472000000DC61BF88F6E1A4F700000000000000000006AD507200000000905F3272000000DCBEEE367200000050371F2D72000000F09863507200000000700F2D720000000000000000000000183A1F2D72000000DC61BF88F6E1A4F70400000000000000001008000000000070E19F5072000000DC61BF88F6E1A4F7DCBEEE3672000000DCBEEE367200000000700F2D7200000010381F2D72000000283A1F2D7200000000905F327200000000381F2D72000000E0F56350720000000800000000000000DC61BF88F6E1A4F7FC371F2D720000000500000000000000
10-16 17:35:38.310  2262  2259 F google-breakpad: S 000000722D1F3780 307DF03672000000C0371F2D72000000183A1F2D7200000000905F32720000000000000000000000DC61BF88F6E1A4F70400000000000000DC61BF88F6E1A4F74C381F2D720000000300000000000000DCBEEE367200000010381F2D72000000283A1F2D7200000000905F32720000000000000000000000503B1F2D7200000040391F2D720000002008665072000000503B1F2D7200000078851E3472000000E8361F2D72000000EEBEEE3672000000DCBEEE3672000000000000000000000004000000000000007F137F13010000000000000000000000A09BCC12000000000000000000000000A09BCC12000000000000000000000000708481130000000000905F3272000000283A1F2D72000000DC61BF88F6E1A4F798905F3272000000000000000100000002000000000000000000000072000000DC61BF88F6E1A4F70016A5507200000070E19F5072000000000000000000000000000000000000000000000072000000DC61BF88F6E1A4F770E19F5072000000DC61BF88F6E1A4F7
10-16 17:35:38.311  2262  2259 F google-breakpad: S 000000722D1F3900 0006AD507200000078851E3472000000A09BCC120000000000905F3272000000503B1F2D72000000ECBBEE3672000000E910000000000000283A1F2D72000000C0391F2D720000001445935072000000808A495072000000010000000000000000905F3272000000DC61BF88F6E1A4F70016A5507200000070E19F50720000008313000000000000943B1F2D72000000808A495072000000E91000000000000000905F32720000008C3B1F2D72000000ECBBEE3672000000503B1F2D72000000103A1F2D7200000018FF495072000000583B1F2D7200000070E19F5072000000E0E36F3272000000DC61BF88F6E1A4F700000000000000000006AD507200000000905F3272000000D8BBEE3672000000903A1F2D72000000F098635072000000000000000000000000000000000000000300000000000000DC61BF88F6E1A4F70200000000000000110008000000000070E19F5072000000DC61BF88F6E1A4F7D8BBEE3672000000D8BBEE367200000000700F2D72000000503B1F2D72000000
10-16 17:35:38.312  2262  2259 F google-breakpad: S 000000722D1F3A80 783D1F2D7200000000905F3272000000403B1F2D72000000E0F563507200000000905F3272000000783D1F2D72000000503B1F2D720000005078665072000000603B1F2D720000005078665072000000A8836E7200000000DC61BF88F6E1A4F70300000000000000DC61BF88F6E1A4F70200000000000000DC61BF88F6E1A4F78C3B1F2D720000000100000000000000D8BBEE3672000000503B1F2D72000000783D1F2D7200000000905F32720000000000000000000000A03E1F2D72000000703C1F2D720000002008665072000000A03E1F2D72000000E0E36F3272000000283A1F2D72000000ECBBEE3672000000D8BBEE36720000000000000000000000020000000000000083138313A09BCC12C05A7913A09BCC12C05A7913720000000400000000000000100000000000000000905F3272000000783D1F2D7200000088A8D86F000000000000000000000000000000000000000010000000000000001000000000000000DC61BF88F6E1A4F701000000000000002410000000000000
10-16 17:35:38.313  2262  2259 F google-breakpad: S 000000722D1F3C00 040000000000000000000000000000000000000072000000DC61BF88F6E1A4F70800000000000000E0E36F32720000000006AD5072000000C05A79130000000028CE4E5472000000A03E1F2D7200000000905F3272000000F4B3F0367200000070E19F5072000000783D1F2D72000000103D1F2D72000000001D935072000000E920000072100000783D1F2D72000000103D1F2D720000001445935072000000030000000000000000000000000000000000000000000000DC61BF88F6E1A4F70016A5507200000070E19F50720000005B12000000000000F03E1F2D72000000808A495072000000721000000000000000905F3272000000DC3E1F2D72000000F4B3F03672000000A03E1F2D72000000603D1F2D7200000098C3495072000000A83E1F2D7200000070E19F507200000028CE4E5472000000DC61BF88F6E1A4F700000000000000000006AD507200000000905F3272000000B8B3F03672000000E03D1F2D72000000F09863507200000000905F32720000000000000000000000
10-16 17:35:38.313  2262  2259 F google-breakpad: S 000000722D1F3D80 003E1F2D72000000DC61BF88F6E1A4F70500000000000000090008000000000070E19F5072000000DC61BF88F6E1A4F7B8B3F03672000000B8B3F0367200000000700F2D72000000A03E1F2D72000000E8401F2D7200000000905F3272000000903E1F2D72000000E0F5635072000000E8401F2D7200000000905F3272000000B03E1F2D72000000ECF5635072000000E0803173000000000000000000000000000000000000000000000000000000000000000000000000DC61BF88F6E1A4F70500000000000000DC61BF88F6E1A4F7DC3E1F2D720000000300000000000000B8B3F03672000000A03E1F2D72000000E8401F2D7200000000905F3272000000000000000000000010421F2D72000000E03F1F2D72000000200866507200000010421F2D7200000028CE4E5472000000783D1F2D72000000F4B3F03672000000B8B3F03672000000000000000000000005000000000000005B125B12B86F411380AACF12D05A7913B87CDA12C05A7913B86F411380AACF12D05A7913B87CDA12
10-16 17:35:38.314  2262  2259 F google-breakpad: S 000000722D1F3F00 C05A7913C05A7913A09BCC127200000001000000000000000C0000000000000000905F3272000000E8401F2D7200000070E19F507200000010421F2D7200000080401F2D72000000D455935072000000C01CFC120000000026000000000000002600000000000000B05A7913000000000100000000000000000000000000000000000000F6E1A4F7DC61BF88F6E1A4F70016A5507200000070E19F5072000000DC61BF88F6E1A4F7B0851E347200000000905F327200000010421F2D72000000E2BFEE3672000000712000000000000028CE4E5472000000E8401F2D7200000080401F2D720000009823935072000000500F0000000000000000000000000000100000000000000010000000000000000400000000000000C01CFC1200000000B05A791300000000DC61BF88F6E1A4F70016A5507200000070E19F5072000000811300000000000058421F2D72000000808A495072000000712000000000000000905F32720000004C421F2D72000000E2BFEE367200000010421F2D72000000
10-16 17:35:38.315  2262  2259 F google-breakpad: S 000000722D1F4080 D0401F2D7200000018C349507200000018421F2D7200000070E19F5072000000B0851E3472000000DC61BF88F6E1A4F700000000000000000006AD507200000000905F3272000000C4BFEE367200000050411F2D72000000F09863507200000098905F327200000000000000000000000000000000000000DC61BF88F6E1A4F70300000000000000001008000000000070E19F5072000000DC61BF88F6E1A4F7C4BFEE3672000000C4BFEE367200000000700F2D7200000010421F2D7200000028441F2D7200000000905F327200000000421F2D72000000E0F5635072000000F8846E720000000001000000000000000A0000000000000098421F2D72000000607FA150720000000C0000000000000080421F2D72000000008E7850720000000000000000000000DC61BF88F6E1A4F70300000000000000DC61BF88F6E1A4F74C421F2D720000000200000000000000C4BFEE367200000010421F2D7200000028441F2D7200000000905F32720000000000000000000000A0441F2D72000000
10-16 17:35:38.316  2262  2259 F google-breakpad: S 000000722D1F4200 40431F2D720000002008665072000000A0441F2D72000000B0851E3472000000E8401F2D72000000E2BFEE3672000000C4BFEE36720000000000000000000000030000000000000081138113C05A7913B87CDA12A09BCC12C05A7913B87CDA12A09BCC12000000001600000000000000000000000000000058431F2D0000000000905F327200000028441F2D72000000000000000000000000C0A750720000000A00000001000000F8846E720000000004856E7200000000D80835700000000000000000000000000000000000000000000000000000000000000000000000000000000072000000DC61BF88F6E1A4F770E19F5072000000DC61BF88F6E1A4F70006AD5072000000B0851E3472000000A09BCC120000000000905F3272000000A0441F2D7200000024BCEE3672000000E91000000000000028441F2D72000000C0431F2D720000001445935072000000150E000000000000DC61BF88F6E1A4F790D0731300000000DC61BF88F6E1A4F70016A5507200000070E19F5072000000
10-16 17:35:38.317  2262  2259 F google-breakpad: S 000000722D1F4380 6513000000000000E4441F2D72000000808A495072000000E91000000000000000905F3272000000DC441F2D7200000024BCEE3672000000A0441F2D7200000010441F2D7200000018FF495072000000A8441F2D7200000070E19F507200000070E66F3272000000DC61BF88F6E1A4F700000000000000000006AD507200000000905F327200000010BCEE367200000090441F2D72000000F098635072000000A0441F2D72000000000000000000000070E19F5072000000DC61BF88F6E1A4F702000000000000000100000000000000F7AC293772000000DC61BF88F6E1A4F7A0441F2D7200000070E66F327200000010BCEE3672000000000000000000000020461F2D7200000000905F327200000010461F2D720000009458925072000000000000000000000070E66F327200000028441F2D7200000024BCEE367200000010BCEE36720000000000000000000000020000000000000065136513A09BCC1290D07313A09BCC1290D07313720000000200000000000000DC61BF88F6E1A4F7
10-16 17:35:38.317  2262  2259 F google-breakpad: S 000000722D1F4500 0000000000000000000000000000000020461F2D7200000080481F2D72000000000000000000000000C65E3272000000000000000000000000C65E327200000000461F2D72000000AC3D6E5072000000987E9F507200000000905F3272000000F7AC293772000000010000000000000070461F2D7200000030461F2D7200000008471F2D72000000010000000000000000000000010000000000000000000000A0441F2D720000000200000000000000DC61BF88F6E1A4F700000000000000000200000000000000DC61BF88F6E1A4F7000000000000000060B182130000000090D073130000000090B7CF120000000030CDD312000000006001227000000000000000000000000000905F3272000000E8471F2D72000000B02E4B5072000000F89851700000000000905F327200000015000000000000000000000000000000F4E7185272000000B4D01852720000000000000000000000EBFFFF00000000007680ADEB000000007780ADEB0000000090D073130000000090B7CF1200000000
10-16 17:35:38.318  2262  2259 F google-breakpad: S 000000722D1F4680 90D07313000000000C00000000000000F8846E720000000004856E720000000000000000000000000000000000000000600122700000000030CDD3120000000090B7CF120000000090D073130000000060B18213000000000000000000000000DC61BF88F6E1A4F70200000000000000E8471F2D7200000074EE8F73000000006001227000000000DC61BF88F6E1A4F70016A55090B7CF1290D0731300000000DC61BF88F6E1A4F750CB4E547200000000905F327200000090491F2D7200000098B1F036720000007120000000000000B0CF4E547200000068481F2D7200000030CDD3120000000060B1821300000000D0491F2D72000000484BF670000000000400000000000000DC61BF88F6E1A4F798905F3272000000808A907300000000888B21700000000030CDD31260B1821300905F3272000000888B21700000000000905F3272000000B8974A5072000000000000000000000060B182137200000000905F3272000000E0481F2D7200000084644B5072000000B84B1F2D72000000
10-16 17:35:38.319  2262  2259 F google-breakpad: S 000000722D1F4800 484BF6700000000060481F2D72000000B84B1F2D72000000888B21700000000000905F3272000000D0491F2D72000000484BF670000000000400000000000000DC61BF88F6E1A4F798905F3272000000DC61BF88F6E1A4F70200000000000000DC61BF88F6E1A4F700000000000000000000000000000000DC61BF88F6E1A4F70000000000000000B04C1F2D72000000304C1F2D72000000DC61BF88F6E1A4F7DC61BF88F6E1A4F714CAEC7000000000C0E14E5472000000010001000000000090491F2D72000000888B21700000000000905F3272000000B84B1F2D7200000080491F2D72000000507866507200000090491F2D72000000507866507200000000000000000000000000000000000000000000000000000000000000000000000000000000000000DC61BF88F6E1A4F70200000000000000DC61BF88F6E1A4F7CC491F2D72000000010000000000000014CAEC700000000090491F2D72000000B84B1F2D7200000000905F32720000000000000000000000304C1F2D72000000
10-16 17:35:38.320  2262  2259 F google-breakpad: S 000000722D1F4980 B04A1F2D720000003C08665072000000304C1F2D72000000888B21700000000000000000000000000000000000000000000000000000000000000000000000000200000000000000341334130000000060B182130000000060B18213000000000000000000000000000000000000000000905F3272000000B84B1F2D7200000000000000000000000000000000000000000000000000000000000000000000000000000000000000000000000000000000000000000000000000000000000000000000000000000000000000000000000000000000000000DC61BF88F6E1A4F70800000000000000888B2170000000000006AD507200000060B1821300000000C0E14E5472000000304C1F2D7200000000905F3272000000A6ABF0367200000070E19F5072000000B84B1F2D72000000504B1F2D72000000001D9350720000000000000072100000000000000000000000000000000000000000000000000000000000000000000000000000000000000000000000000000DC61BF88F6E1A4F7
10-16 17:35:38.321  2262  2259 F google-breakpad: S 000000722D1F4B00 0016A5507200000070E19F5072000000A00B0000000000007C4C1F2D72000000808A495072000000721000000000000000905F32720000006C4C1F2D72000000A6ABF03672000000304C1F2D72000000A04B1F2D7200000098C3495072000000384C1F2D7200000070E19F5072000000C0E14E5472000000DC61BF88F6E1A4F700000000000000000006AD507200000000905F32720000007CABF03672000000204C1F2D72000000F098635072000000304C1F2D72000000000000000000000070E19F5072000000DC61BF88F6E1A4F748983A70000000000100000000000000F7AC293772000000DC61BF88F6E1A4F7304C1F2D72000000C0E14E54720000007CABF036720000000000000000000000C04D1F2D7200000000905F3272000000B04D1F2D7200000094589250720000000000000000000000C0E14E5472000000B84B1F2D72000000A6ABF036720000007CABF0367200000000000000000000000400000000000000A00BA00B60B18213D30800000000000060D0731360B18213
10-16 17:35:38.321  2262  2259 F google-breakpad: S 000000722D1F4C80 000000000000000060D07313720000000000000000000000000000000000000000000000000000000000000000000000C04D1F2D72000000804F1F2D72000000000000000000000000000000000000000000000000000000000000000000000000000000000000000000000000000000987E9F50720000000000000000000000F7AC2937720000000100000000000000104E1F2D72000000D04D1F2D72000000A84E1F2D72000000010000000000000000000000010000000000000000000000304C1F2D720000000400000000000000DC61BF88F6E1A4F7000000000000000048983A7000000000585982507200000098905F3272000000DC61BF88F6E1A4F704000000000000009EEABE700000000060521F2D7200000090B7CF120000000060D073130000000000905F3272000000E84E1F2D72000000B02E4B5072000000F898517000000000000000000000000000000000000000000000000000000000F4E7185272000000B4D01852720000000000000000000000EBFFFF0000000000
10-16 17:35:38.322  2262  2259 F google-breakpad: S 000000722D1F4E00 7680ADEB000000007780ADEB0000000060D0731300000000000000000000000000905F327200000040521F2D720000009EEABE70000000008000000000000000646274736E712CFF60D073130000000090B7CF120000000060521F2D720000009EEABE70000000000400000000000000DC61BF88F6E1A4F798905F3272000000585982507200000048983A7000000000E84E1F2D72000000682532730000000048983A70000000000000000000000000000000000000000048983A700000000000905F3272000000B8974A5072000000000000000000000090B7CF1272000000304F1F2D72000000E04F1F2D7200000084644B507200000040521F2D720000009EEABE7000000000604F1F2D7200000040521F2D7200000048983A700000000000905F327200000060521F2D720000009EEABE70000000000400000000000000DC61BF88F6E1A4F798905F3272000000585982507200000048983A700000000000000000000000000000000000000000C04F1F2D7200000020A3635172000000
10-16 17:35:38.323  2262  2259 F google-breakpad: S 000000722D1F4F80 000000000000000000000000000000000000000000000000DC61BF88F6E1A4F70000000000000000DC61BF88F6E1A4F748983A700000000048521F2D7200000060521F2D7200000048531F2D7200000040521F2D720000009EEABE700000000030521F2D72000000DC5080507200000010501F2D7200000044896C507200000000905F3272000000220920000000000070501F2D72000000A0EB825072000000000000000000000028501F2D7200000028501F2D7200000050541F2D7200000080A3463002000000DC61BF88F6E1A4F790B7CF120000000022092000000000004CD594507200000040521F2D7200000040511F2D72000000FC8A4D50720000008045A55072000000010000000000000000C65E32720000000042A5507200000000C0A8507200000000905F327200000048983A7000000000440384507200000000E09F5072000000DC61BF88F6E1A4F7DC61BF88F6E1A4F7DC61BF88F6E1A4F700C65E3272000000DC61BF88F6E1A4F700501F2D72000000DC61BF88F6E1A4F7
10-16 17:35:38.324  2262  2259 F google-breakpad: S 000000722D1F5100 DC61BF88F6E1A4F7DC61BF88F6E1A4F70000000000000000010000000000000076D994507200000058521F2D7200000040521F2D7200000090521F2D7200000010521F2D72000000EC6C4D507200000000500F2D72000000DC61BF88F6E1A4F700E09F5072000000DC61BF88F6E1A4F7DC61BF88F6E1A4F74300000000000000ECC5945072000000DC61BF88F6E1A4F7DC61BF88F6E1A4F7DC61BF88F6E1A4F748983A7000000000FED194507200000000C65E3272000000DC61BF88F6E1A4F700905F3272000000010010000000000030521F2D72000000DC61BF88F6E1A4F7DC61BF88F6E1A4F758598250720000000000000000000000DC61BF88F6E1A4F79EEABE700000000090B7CF120000000048983A70000000000000000000000000010010000000000048531F2D72000000F0521F2D72000000E06380507200000000000000000000009EEABE7000000000010000000400000060521F2D7200000090B7CF12720000002FD294507200000070E19F5072000000FED1945072000000
