10-16 17:35:38.325  2262  2259 F google-breakpad: S 000000722D1F5280 00E09F5072000000DC61BF88F6E1A4F7F0521F2D72000000DC61BF88F6E1A4F70000000000000000DC61BF88F6E1A4F7ECC59450720000002FD294507200000070E19F5072000000FED1945072000000010010000000000000C65E327200000048983A700000000000905F3272000000D0531F2D72000000A85D825072000000224F704D6F64654578656375746F722D233000000000000000000000000000000000000000000000000000000000000000000000000000000000000000000000000043000000590000905F327200000000C65E327200000040C1A7507200000000905F327200000043000000590000000000000000000000DC61BF88F6E1A4F770E19F50720000005859825072000000DC61BF88F6E1A4F70050100000000000D0541F2D72000000DC61BF88F6E1A4F700905F32720000004008000000000000D0541F2D7200000050541F2D7200000030541F2D720000000C7761517200000070E19F50720000005859825072000000DC61BF88F6E1A4F70050100000000000
10-16 17:35:38.325  2262  2259 F google-breakpad: S 000000722D1F5400 D0541F2D72000000DC61BF88F6E1A4F700905F3272000000400800000000000050A42F2D72000000DC61BF88F6E1A4F740541F2D7200000040CA5C51720000000000000000000000000000000000000050D4062C7200000050C4D82572000000D308000040080000010000000000000000100F2D720000005044100000000000001000000000000000000000000000000000430000000000483126700000590003000000000000000000000000000000585982507200000000905F327200000000000000000000000000243072000000010000000000000000501000000000000000000000000000E8541F2D7200000050541F2D72000000160000000000000000000000000000000000000000000000DC61BF88F6E1A4F7005E1F2D7200000000905F32720000000000000000000000010000000000000080A34630720000000100000000000000FFFFFFFFFFFFFFFF000000000000000000000000000000000000000000000000000000000000000000000000000000000000000000000000
10-16 17:35:38.326  2262  2259 F google-breakpad: S 000000722D1F5580 000000000000000000000000000000000000000000000000000000000000000000000000000000000000000000000000000000000000000000000000000000000000000000000000000000000000000000000000000000000000000000000000000000000000000000000000000000000000000000000000000000000000000000000000000000000000000000000000000000000000000000000000000000000000000000000000000000000000000000000000000000000000000000000000000000000000000000000000000000000000000000000000000000000000000000000000000000000000000000000000000000000000000000000000000000000000000000000000000000000000000000000000000000000000000000000000000000000000000000000000000000000000000000000000000000000000000000000000000000000000000000000000000000000000000000000000000000000000000000000000000000000000000000000000000000000000000000000000
10-16 17:35:38.327  2262  2259 F google-breakpad: S 000000722D1F5700 000000000000000000000000000000000000000000000000000000000000000000000000000000000000000000000000000000000000000000000000000000000000000000000000000000000000000000000000000000000000000000000000000000000000000000000000000000000000000000000000000000000000000000000000000000000000000000000000000000000000000000000000000000000000000000000000000000000000000000000000000000000000000000000000000000000000000000000000000000000000000000000000000000000000000000000000000000000000000000000000000000000000000000000000000000000000000000000000000000000000000000000000000000000000000000000000000000000000000000000000000000000000000000000000000000000000000000000000000000000000000000000000000000000000000000000000000000000000000000000000000000000000000000000000000000000000000000000000
10-16 17:35:38.328  2262  2259 F google-breakpad: S 000000722D1F5880 000000000000000000000000000000000000000000000000000000000000000000000000000000000000000000000000000000000000000000000000000000000000000000000000000000000000000000000000000000000000000000000000000000000000000000000000000000000000000000000000000000000000000000000000000000000000000000000000000000000000000000000000000000000000000000000000000000000000000000000000000000000000000000000000000000000000000000000000000000000000000000000000000000000000000000000000000000000000000000000000000000000000000000000000000000000000000000000000000000000000000000000000000000000000000000000000000000000000000000000000000000000000000000000000000000000000000000000000000000000000000000000000000000000000000000000000000000000000000000000000000000000000000000000000000000000000000000000000
10-16 17:35:38.328  2262  2259 F google-breakpad: S 000000722D1F5A00 000000000000000000000000000000000000000000000000000000000000000000000000000000000000000000000000000000000000000000000000000000000000000000000000000000000000000000000000000000000000000000000000000000000000000000000000000000000000000000000000000000000000000000000000000000000000000000000000000000000000000000000000000000000000000000000000000000000000000000000000000000000000000000000000000000000000000000000000000000000000000000000000000000000000000000000000000000000000000000000000000000000000000000000000000000000000000000000000000000000000000000000000000000000000000000000000000000000000000000000000000000000000000000000000000000000000000000000000000000000000000000000000000000000000000000000000000000000000000000000000000000000000000000000000000000000000000000000000
10-16 17:35:38.329  2262  2259 F google-breakpad: S 000000722D1F5B80 000000000000000000000000000000000000000000000000000000000000000000000000000000000000000000000000000000000000000000000000000000000000000000000000000000000000000000000000000000000000000000000000000000000000000000000000000000000000000000000000000000000000000000000000000000000000000000000000000000000000000000000000000000000000000000000000000000000000000000000000000000000000000000000000000000000000000000000000000000000000000000000000000000000000000000000000000000000000000000000000000000000000000000000000000000000000000000000000000000000000000000000000000000000000000000000000000000000000000000000000000000000000000000000000000000000000000000000000000000000000000000000000000000000000000000000000000000000000000000000000000000000000000000000000000000000000000000000000
10-16 17:35:38.330  2262  2259 F google-breakpad: S 000000722D1F5D00 00000000000000000000000000000000000000000000000000000000000000000000000000000000000000000000000000000000000000000000000000000000000000000000000000000000000000000000000000000000000000000000000000000000000000000000000000000000000000000000000000000000000000000000000000000000000000000000000000000000000000000000000000000000000000000000000000000000000000000000000000000000000000000000000000000000000000000000000000000000000000000000000000000000000000000000000000000000000000000000000000000000000000000000000000000000756E646566696E65642073796D626F6C3A204A6176615F6F72675F74656E736F72666C6F775F6C6974655F4E6174697665496E746572707265746572577261707065725F6170706C7944656C65676174655F5F4A4A4A005F5F4A004C6A6176615F6E696F5F427974654275666665725F324A0000000000000000000000000000
10-16 17:35:38.330  2262  2259 F google-breakpad: S 000000722D1F5E80 000000000000000000000000000000000000000000000000000000000000000000000000000000000000000000000000000000000000000000000000000000000000000000000000000000000000000000000000000000000000000000000000000000000000000000000000000000000000000000000000000000000000000000000000000000000000000000000000000000000000000000000000000000000000000000000000000000000000000000000000000000000000000000000000000000000000000000000000000000000000000000000000000000000000000000000000000000000000000000000000000000000000000000000000000000000000000000000000000000000000000000000000000000000000000000000000000000000000000000000000000000000000000000000000000000000000000000000000000000000000000000000000000000000000000000000000000000000000000000000000000000000000000000000000000000000000000000000000
10-16 17:35:38.333  2262  2259 F google-breakpad: C 0600008000000000B00A1F2D7200000000000000000000000000000000000000DC33252A72000000C0681E2672000000000000000000000057121F2D7200000080808080808080800000000000000000980A1F2D72000000200B1F2D72000000906A512B72000000B0AC1F2672000000B0AC1F26720000000C00000000000000A38B2EBAE8A28B2E0805ED2B72000000C09D5C51720000002000000000000000D8FFBF2572000000480D1F2D72000000790A1F2D72000000C0E0A1257200000050D45A3072000000990A1F2D7200000000F01F267200000028801F2672000000030000000000000000905F3272000000E00B1F2D720000002C34252A72000000300A1F2D720000009034252A7200000000000020130000080000000038B2F12B7200000038B2F12B72000000FFFFFFFFFFFFFFFFFFFFFFFFFFFFFFFF00000000000000000000000000000000000000000000000000000000000000000600000000000000010000000000000048101F2D72000000F1101F2D720000007680ADEB0000000000000000000000007780ADEB000000000000000000000000FCA9F1D24D62503F0000000000000000000000000000000000000000000000000000000000000000000000000000000000000000000000000000000000000000000000000000000000000000000000000000000000000000000000000000000000000000000000000000000000000000000000000000000000000000000000007075743A205468652072657475726E2076616C75652E0A696E6465783A2054680A41206772617068206E6F64652077688380ADEB0000000000000000000000008480ADEB0000000000000000000000008580ADEB0000000000000000000000008680ADEB0000000000000000000000008780ADEB0000000000000000000000008880ADEB0000000000000000000000008980ADEB0000000000000000000000008A80ADEB0000000000000000000000008B80ADEB0000000000000000000000008C80ADEB0000000000000000000000008D80ADEB0000000000000000000000008E80ADEB00000000000000000000000001000000000000000000000000000000
10-16 17:35:38.334  2262  2259 F google-breakpad: M 0000005585C64000 0000000000000000 0000000000004000 EF972199471063D33F86ECD658C6F9B90 app_process64
10-16 17:35:38.334  2262  2259 F google-breakpad: M 0000000073265000 000000000294F000 0000000001C6D000 000000000000000000000000000000000 system@framework@boot.oat
10-16 17:35:38.334  2262  2259 F google-breakpad: M 0000007225D8D000 0000000000000000 000000000025B000 FDC07272D5E2E2E5AFAB67011129F23A0 libtensorflowlite_jni.so
10-16 17:35:38.334  2262  2259 F google-breakpad: M 0000007226493000 0000000000000000 000000000588A000 AAFB854724A8D956F72D76A543F157970 libtensorflowlite_flex_jni.so
10-16 17:35:38.334  2262  2259 F google-breakpad: M 000000722E31A000 0000000000000000 00000000000D6000 AC66E967CA77AE709867F54C3711EE9A0 libc++_shared.so
10-16 17:35:38.334  2262  2259 F google-breakpad: M 000000722E3FD000 0000000000000000 0000000001344000 616F05DB442F807C5808F024FD4105100 libopencv_java4.so
10-16 17:35:38.334  2262  2259 F google-breakpad: M 00000072302AA000 0000000000000000 000000000000B000 9A75BF434B48ED86EA5E14925E4479D30 libsoundpool.so
10-16 17:35:38.335  2262  2259 F google-breakpad: M 0000007233C61000 00000000014C0000 0000000000319000 000000000000000000000000000000000 base.odex
10-16 17:35:38.335  2262  2259 F google-breakpad: M 0000007235071000 0000000000000000 0000000000002000 282F4A07D26D8EFBFF0D81AFA12561250 libion.so
10-16 17:35:38.335  2262  2259 F google-breakpad: M 0000007235075000 0000000000000000 0000000000006000 68BA7D18DF9A6BF8B2F194D96E1F678B0 gralloc.rk30board.so
10-16 17:35:38.335  2262  2259 F google-breakpad: M 0000007235D83000 0000000000124000 000000000002D000 000000000000000000000000000000000 system@app@webview@webview.apk@classes.dex
10-16 17:35:38.335  2262  2259 F google-breakpad: M 00000072369FC000 0000000000000000 000000000007C000 194489E414DD5EE17F5AAF973136954D0 libRobotCore.so
10-16 17:35:38.335  2262  2259 F google-breakpad: M 00000072380FD000 00000000014C0000 0000000000319000 000000000000000000000000000000000 base.odex
10-16 17:35:38.335  2262  2259 F google-breakpad: M 000000723AC72000 0000000000000000 0000000002000000 000000000000000000000000000000000 dalvik-jit-code-cache (deleted)
10-16 17:35:38.335  2262  2259 F google-breakpad: M 000000723CC72000 000000000093F000 0000000003597000 E19D2FEAEEAE3914A56290F4B8DAD7850 libwebviewchromium.so
10-16 17:35:38.336  2262  2259 F google-breakpad: M 0000007243D85000 0000000000000000 0000000000002000 4F860A43BE082B1AF58DA5865BF0A43D0 libwebviewchromium_loader.so
10-16 17:35:38.336  2262  2259 F google-breakpad: M 0000007243E81000 0000000000000000 0000000000020000 7EE18E145DCC8A2218F2A53B5CD6B3FD0 libcompiler_rt.so
10-16 17:35:38.336  2262  2259 F google-breakpad: M 0000007243F05000 0000000000000000 0000000000151000 CF795EAA95146FC4B9E863321A8C3BC90 libGLES_mali.so
10-16 17:35:38.336  2262  2259 F google-breakpad: M 0000007244061000 0000000000000000 0000000000002000 BA7369CB04C3DB78D8357D2310FB7DF60 libkeystore-engine.so
10-16 17:35:38.336  2262  2259 F google-breakpad: M 0000007244065000 0000000000000000 0000000000020000 E23375BBBB432D3BBB115AE25270E4500 libsoftkeymasterdevice.so
10-16 17:35:38.336  2262  2259 F google-breakpad: M 0000007244086000 0000000000000000 000000000002E000 FC17C42C079CCF9299BD391E6FEB29180 libkeymaster1.so
10-16 17:35:38.336  2262  2259 F google-breakpad: M 00000072440B9000 0000000000000000 000000000000F000 ECEBC80E8B5A783C988A3DFF36DF1B8E0 libkeymaster_messages.so
10-16 17:35:38.336  2262  2259 F google-breakpad: M 00000072440C7000 0000000000000000 000000000001E000 8C529998546049317DCD5B602483CABB0 libkeystore_binder.so
10-16 17:35:38.336  2262  2259 F google-breakpad: M 00000072440E7000 0000000000000000 0000000000029000 2CC134943A19168F7153F11D8F05FEAB0 libjavacrypto.so
10-16 17:35:38.336  2262  2259 F google-breakpad: M 000000724530D000 0000000000000000 000000000002F000 6B36618D4A05683F1D8B4F2D7427A9B60 libexif.so
10-16 17:35:38.336  2262  2259 F google-breakpad: M 0000007245347000 0000000000000000 000000000007C000 3977DE8B479CAB7B4FA1EC517F1496A50 libmedia_jni.so
10-16 17:35:38.336  2262  2259 F google-breakpad: M 00000072453CA000 0000000000000000 0000000000020000 53D6BCA6964C27F3766C4E6060E4EFBA0 libmtp.so
10-16 17:35:38.336  2262  2259 F google-breakpad: M 00000072453EE000 0000000000000000 0000000000010000 D0C06353BD541A52E694D695F25CEE2F0 libstagefright_amrnb_common.so
10-16 17:35:38.337  2262  2259 F google-breakpad: M 000000724954F000 0000000000000000 00000000003F2000 E8ADEA3CFD8C41588217A585F96CB8D90 libart-compiler.so
10-16 17:35:38.337  2262  2259 F google-breakpad: M 0000007249958000 0000000000000000 00000000000D5000 BDE68C0DDC30766CAA443F1EC160E4110 libvixl.so
10-16 17:35:38.337  2262  2259 F google-breakpad: M 0000007249ABE000 0000000000000000 000000000003F000 CAB0B4E94E6125184ADC4416699040CE0 libopenjdk.so
10-16 17:35:38.337  2262  2259 F google-breakpad: M 00000072503D7000 0000000000000000 0000000000613000 7D454C1D07FE566E4114FDD70D7B71AC0 libart.so
10-16 17:35:38.337  2262  2259 F google-breakpad: M 0000007250E22000 0000000000000000 0000000000001000 198E4D0846BF72DCDAA649547A13A0A50 libstagefright_enc_common.so
10-16 17:35:38.337  2262  2259 F google-breakpad: M 0000007250DF5000 0000000000000000 00000000001AE000 0D6F14EE7EA4A892E02349B0DD65D6510 libandroid_runtime.so
10-16 17:35:38.337  2262  2259 F google-breakpad: M 0000007250FC3000 0000000000000000 000000000004B000 1726E56DDCEA47257320B015B605F7890 libbcinfo.so
10-16 17:35:38.337  2262  2259 F google-breakpad: M 0000007251011000 0000000000000000 0000000000003000 DC41912F261094B165821B171507898B0 libETC1.so
10-16 17:35:38.338  2262  2259 F google-breakpad: M 0000007250FFE000 0000000000000000 0000000000081000 2DA6330802E9E802FB471185F2839F9D0 libbinder.so
10-16 17:35:38.338  2262  2259 F google-breakpad: M 0000007251092000 0000000000000000 000000000000B000 1FB05A4D4EA029E5BFF19A725EB7817D0 libRS.so
10-16 17:35:38.338  2262  2259 F google-breakpad: M 000000725109F000 0000000000000000 0000000000001000 D00851F23C056387387C5B25E431B57A0 libsync.so
10-16 17:35:38.338  2262  2259 F google-breakpad: M 00000072510A2000 0000000000000000 0000000000020000 F782BDE133BFA4158B74AC83BAD90FB90 libutils.so
10-16 17:35:38.338  2262  2259 F google-breakpad: M 00000072510C5000 0000000000000000 0000000000001000 6324674FE3863756B81B8AF177E859FB0 libhardware.so
10-16 17:35:38.338  2262  2259 F google-breakpad: M 00000072510C1000 0000000000000000 0000000000028000 03CA8C4FAF957FA58FD026D6C3BF6EF90 libdrmframework.so
10-16 17:35:38.338  2262  2259 F google-breakpad: M 00000072510F1000 0000000000000000 000000000001D000 118A64CF0DAB148DE8C43C53F1F8DF720 libvorbisidec.so
10-16 17:35:38.338  2262  2259 F google-breakpad: M 00000072510C9000 0000000000000000 0000000000209000 D433A101D0F9C74B40C6770D23D285290 libstagefright.so
10-16 17:35:38.338  2262  2259 F google-breakpad: M 0000007251301000 0000000000000000 0000000000003000 155B82571FB37BD74080382DD63A2BE00 libnativebridge.so
10-16 17:35:38.338  2262  2259 F google-breakpad: M 0000007251306000 0000000000000000 0000000000008000 579BC87F057961A56BB050ADA1A7A6F70 libhardware_legacy.so
10-16 17:35:38.338  2262  2259 F google-breakpad: M 0000007251313000 0000000000000000 0000000000005000 43984611D0E197E2B2FA99710EA8172C0 libtiff_directory.so
10-16 17:35:38.338  2262  2259 F google-breakpad: M 000000725131A000 0000000000000000 0000000000004000 4F9D08061666CC1AFC04CFACD51C7D970 libusbhost.so
10-16 17:35:38.339  2262  2259 F google-breakpad: M 0000007251318000 0000000000000000 0000000000026000 EC527C7363F88C1777552E04DD664A590 libEGL.so
10-16 17:35:38.339  2262  2259 F google-breakpad: M 000000725134B000 0000000000000000 0000000000004000 291BD1A80DD2B86B00FC135A6DBA6AB60 libbinary_parse.so
10-16 17:35:38.339  2262  2259 F google-breakpad: M 0000007251351000 0000000000000000 0000000000015000 56C53236AAEFE7FFD4B9CF28141761220 libselinux.so
10-16 17:35:38.339  2262  2259 F google-breakpad: M 000000725136A000 0000000000000000 000000000000B000 A1C9C192C3ACCA44B2660DC40A2E18490 libvpu.so
10-16 17:35:38.339  2262  2259 F google-breakpad: M 0000007251380000 0000000000000000 0000000000041000 502DD59CEFDC375B098706349EC803250 libstagefright_omx.so
10-16 17:35:38.339  2262  2259 F google-breakpad: M 00000072513C7000 0000000000000000 0000000000008000 3B834B5BCA8EDEEB59D2A83E56DD83400 libimage_type_recognition.so
10-16 17:35:38.339  2262  2259 F google-breakpad: M 00000072513D1000 0000000000000000 0000000000002000 57B74F7F0D4097A48C323285C1E1DBE00 libradio_metadata.so
10-16 17:35:38.339  2262  2259 F google-breakpad: M 00000072513D4000 0000000000000000 000000000001D000 85456536A4139865A9B814EDF27C22D50 libvulkan.so
10-16 17:35:38.339  2262  2259 F google-breakpad: M 00000072513ED000 0000000000000000 00000000000BD000 F9F85CA69DF5B1B0C127471E454AFCA10 libhwui.so
10-16 17:35:38.340  2262  2259 F google-breakpad: M 00000072514B2000 0000000000000000 0000000000053000 0D7FD156D8209AD326378EE586E51B720 libharfbuzz_ng.so
10-16 17:35:38.340  2262  2259 F google-breakpad: M 0000007251508000 0000000000000000 0000000000002000 1CBBC67086B6D8F57E2B0F66CF4F414E0 libprocessgroup.so
10-16 17:35:38.340  2262  2259 F google-breakpad: M 000000725150C000 0000000000000000 000000000001A000 C890E8AC6EED8F81B17CFEEB1B346C470 libui.so
10-16 17:35:38.340  2262  2259 F google-breakpad: M 0000007251529000 0000000000000000 000000000001A000 BE3D53D91980E62EEDCBEB67B42C18C20 libunwind.so
10-16 17:35:38.340  2262  2259 F google-breakpad: M 00000072515AF000 0000000000000000 00000000000B8000 60460F10CED81FE05E218E5DEDADEDA40 libc.so
10-16 17:35:38.340  2262  2259 F google-breakpad: M 0000007251678000 0000000000000000 0000000000002000 B07FE980789FEFCE117DF2502C1B4D640 libpackagelistparser.so
10-16 17:35:38.340  2262  2259 F google-breakpad: M 0000007251672000 0000000000000000 0000000000046000 2F3589DC52AA175CC3143F5B13F8DD6C0 libwilhelm.so
10-16 17:35:38.340  2262  2259 F google-breakpad: M 00000072516C1000 0000000000000000 000000000004B000 995E4B6AFC5CB2610C3A169E9CC2BD510 libopus.so
10-16 17:35:38.340  2262  2259 F google-breakpad: M 000000725170F000 0000000000000000 0000000000039000 47DA780ADEEEBF1038921CAB594975BF0 libjpeg.so
10-16 17:35:38.340  2262  2259 F google-breakpad: M 000000725174B000 0000000000000000 000000000001C000 DD8400608A2142A3F2C44B88ACD050680 libminikin.so
10-16 17:35:38.340  2262  2259 F google-breakpad: M 000000725176B000 0000000000000000 0000000000104000 620692F26936226BAB6A76CF3933291D0 libcrypto.so
10-16 17:35:38.340  2262  2259 F google-breakpad: M 0000007251869000 0000000000000000 0000000000233000 AD29263F30802A3DB33940911EE2A6320 libicui18n.so
10-16 17:35:38.341  2262  2259 F google-breakpad: M 0000007251A98000 0000000000000000 000000000005D000 BB2A8FC0856CC1297266F805C44E92930 libcamera_client.so
10-16 17:35:38.341  2262  2259 F google-breakpad: M 0000007251AFE000 0000000000000000 00000000000E2000 09011A4B8C5E4B28B52B5C6CED8DC9E40 libc++.so
10-16 17:35:38.341  2262  2259 F google-breakpad: M 0000007251B9F000 0000000000000000 000000000059D000 1E20EBEDB847E79A72D7CF27D446CB580 libskia.so
10-16 17:35:38.341  2262  2259 F google-breakpad: M 000000725217F000 0000000000000000 0000000000035000 55487B933C75F2F8471D606D1E282AAA0 libm.so
10-16 17:35:38.341  2262  2259 F google-breakpad: M 00000072521B6000 0000000000000000 0000000000005000 F7FEB0CAF964BBE5034957C33A5AEC860 libpowermanager.so
10-16 17:35:38.341  2262  2259 F google-breakpad: M 00000072521BD000 0000000000000000 0000000000013000 37A3836294A8F5588C8E4559EC34FCA90 libimg_utils.so
10-16 17:35:38.341  2262  2259 F google-breakpad: M 00000072521D2000 0000000000000000 0000000000071000 548B83AACD764DFC53EB906B96ECAC610 libft2.so
10-16 17:35:38.341  2262  2259 F google-breakpad: M 0000007252247000 0000000000000000 0000000000022000 C2667FBBC5A7FF6DECA30C5605B12BC60 libprotobuf-cpp-lite.so
10-16 17:35:38.341  2262  2259 F google-breakpad: M 0000007252264000 0000000000000000 000000000002D000 5744C2407435F8514D36A329771345800 libinput.so
10-16 17:35:38.341  2262  2259 F google-breakpad: M 000000725227D000 0000000000000000 00000000004D9000 FD00EB80EC5324082137415C44C695B10 libpdfium.so
10-16 17:35:38.341  2262  2259 F google-breakpad: M 0000007252772000 0000000000000000 0000000000038000 3376EE643036580077D30782E4FF623A0 libssl.so
10-16 17:35:38.341  2262  2259 F google-breakpad: M 00000072527AC000 0000000000000000 000000000000A000 303C1C1F000FE31C11C847201F68FC530 libmediautils.so
10-16 17:35:38.341  2262  2259 F google-breakpad: M 00000072527BA000 0000000000000000 0000000000003000 C67DE95C9434EA648A7EA073F4AF723D0 libstdc++.so
10-16 17:35:38.342  2262  2259 F google-breakpad: M 00000072527BF000 0000000000000000 0000000000023000 D99111241CFEC70ED352E65DC4E7DA4C0 libexpat.so
10-16 17:35:38.342  2262  2259 F google-breakpad: M 00000072527E5000 0000000000000000 0000000000041000 7260F7F326488502BB01243CA77B4DA20 libandroidfw.so
10-16 17:35:38.342  2262  2259 F google-breakpad: M 0000007252787000 0000000000000000 000000000119A000 BF87429E5F14EA652437CABEA9684C020 libLLVM.so
10-16 17:35:38.342  2262  2259 F google-breakpad: M 00000072539E6000 0000000000000000 0000000000009000 B1CE318D1240EF53D7F986C07086BB290 libcamera_metadata.so
10-16 17:35:38.342  2262  2259 F google-breakpad: M 00000072539F2000 0000000000000000 0000000000007000 D1E345C59B129BFDA5686A4671E9DE870 libnativehelper.so
10-16 17:35:38.342  2262  2259 F google-breakpad: M 00000072539F5000 0000000000000000 0000000000016000 A347948746D8C75BD45AE2EC8F8041660 libsoundtrigger.so
10-16 17:35:38.342  2262  2259 F google-breakpad: M 0000007253A12000 0000000000000000 0000000000015000 E548EF3B0E85129608C354A84B57D2670 libGLESv2.so
10-16 17:35:38.342  2262  2259 F google-breakpad: M 0000007253A29000 0000000000000000 0000000000004000 F9AB0F05D1067D42D97687745334747F0 libspeexresampler.so
10-16 17:35:38.342  2262  2259 F google-breakpad: M 0000007253A2F000 0000000000000000 000000000000A000 8F4EACAD3FA1BE289D60AF9A0228DBAA0 libnbaio.so
10-16 17:35:38.342  2262  2259 F google-breakpad: M 0000007253A3C000 0000000000000000 0000000000022000 537F3E08D79DB659C174A9F2484FDCC30 libmemunreachable.so
10-16 17:35:38.342  2262  2259 F google-breakpad: M 0000007253A61000 0000000000000000 0000000000002000 C74151AD2C6AB5FB32779A42D59923FF0 libstagefright_http_support.so
10-16 17:35:38.342  2262  2259 F google-breakpad: M 0000007253A01000 0000000000000000 0000000000153000 CAFBBD751D0481B880E43B83D815D0B40 libmedia.so
10-16 17:35:38.342  2262  2259 F google-breakpad: M 0000007253B93000 0000000000000000 0000000000006000 81436F7FCE0782563D7A35DA8637EB510 libnetutils.so
10-16 17:35:38.342  2262  2259 F google-breakpad: M 0000007253B82000 0000000000000000 0000000000183000 192B5F12BA042D59291455B1DBAD823B0 libicuuc.so
10-16 17:35:38.342  2262  2259 F google-breakpad: M 0000007253D1B000 0000000000000000 0000000000009000 B47A59771CA99AE1937AC5EBAA121B830 libnativeloader.so
10-16 17:35:38.343  2262  2259 F google-breakpad: M 0000007253D26000 0000000000000000 000000000002B000 0F29A35AC7C2685DAD0179187BAAB1A20 libstagefright_foundation.so
10-16 17:35:38.343  2262  2259 F google-breakpad: M 0000007253D55000 0000000000000000 0000000000008000 5BB1B9E587104EB160FA998B84631F9D0 libstagefright_avc_common.so
10-16 17:35:38.343  2262  2259 F google-breakpad: M 0000007253D5F000 0000000000000000 0000000000058000 ADE57B67404B125FE4452339E74E46200 libsonivox.so
10-16 17:35:38.343  2262  2259 F google-breakpad: M 0000007253DC1000 0000000000000000 0000000000015000 FB1F193725C650B7A2003329CF3564F20 libz.so
10-16 17:35:38.343  2262  2259 F google-breakpad: M 0000007253DD4000 0000000000000000 000000000005A000 624D9D503B75F69F5306FA947A230EBF0 libinputflinger.so
10-16 17:35:38.343  2262  2259 F google-breakpad: M 0000007253E34000 0000000000000000 0000000000050000 D2EBEEA9F416F9F78BE59BC3550347B40 libRScpp.so
10-16 17:35:38.343  2262  2259 F google-breakpad: M 0000007253E62000 0000000000000000 000000000009D000 601D80231A85154C8CCA78ACA3FEAE9E0 libgui.so
10-16 17:35:38.343  2262  2259 F google-breakpad: M 0000007253F11000 0000000000000000 00000000000C1000 60BF1D7B89C31087F487B83B79864A9C0 libdng_sdk.so
10-16 17:35:38.343  2262  2259 F google-breakpad: M 0000007253FDA000 0000000000000000 0000000000002000 B166984B927A70622CDA95CBFF9636920 libmemtrack.so
10-16 17:35:38.343  2262  2259 F google-breakpad: M 0000007253FD7000 0000000000000000 0000000000016000 E0C8E6F48B6B3A42ACBCCD87B428BEDA0 libradio.so
10-16 17:35:38.343  2262  2259 F google-breakpad: M 0000007253FF4000 0000000000000000 0000000000033000 2975B65BA8611988D410C74446B952C40 libpng.so
10-16 17:35:38.343  2262  2259 F google-breakpad: M 0000007254029000 0000000000000000 0000000000010000 1F1DED89ACD82ADA3C64A5E0D5F0B5570 libjpeghwdec.so
10-16 17:35:38.343  2262  2259 F google-breakpad: M 000000725404A000 0000000000000000 0000000000004000 132ED1C30F749D87614ED4DA7338DE520 libwpa_client.so
10-16 17:35:38.343  2262  2259 F google-breakpad: M 0000007254050000 0000000000000000 000000000000B000 09967FF731A5C30A1ABC8E296DBBF9170 libbase.so
10-16 17:35:38.344  2262  2259 F google-breakpad: M 000000725405D000 0000000000000000 000000000001B000 AC0F881D0083275DBACBEE4602A8F6FF0 libpcre.so
10-16 17:35:38.344  2262  2259 F google-breakpad: M 000000725407A000 0000000000000000 0000000000010000 7C33DF941BB51101C771954FCD68E82F0 libbacktrace.so
10-16 17:35:38.344  2262  2259 F google-breakpad: M 000000725408A000 0000000000000000 000000000004D000 B18313CEDF3CB24BBEC3C6F072EED3660 libRS_internal.so
10-16 17:35:38.344  2262  2259 F google-breakpad: M 00000072540DC000 0000000000000000 0000000000025000 E03C86B9AAA86F633232667CC11EAC4C0 liblzma.so
10-16 17:35:38.344  2262  2259 F google-breakpad: M 0000007254108000 0000000000000000 000000000000F000 C3785BB8B6EBB31806007E168B638C1A0 liblog.so
10-16 17:35:38.344  2262  2259 F google-breakpad: M 000000725411A000 0000000000000000 0000000000009000 61D1D3C78C9B82C3205FDA62970655D00 libGLESv1_CM.so
10-16 17:35:38.344  2262  2259 F google-breakpad: M 0000007254125000 0000000000000000 000000000000A000 818AD09BED60D2D801C3255C6F7FEEA20 libpiex.so
10-16 17:35:38.344  2262  2259 F google-breakpad: M 000000725412D000 0000000000000000 00000000000FC000 14B557CE5C0263FAC390CBF4B2400D4C0 libsqlite.so
10-16 17:35:38.345  2262  2259 F google-breakpad: M 000000725422F000 0000000000000000 0000000000002000 94EABFEBCBDD7B1F5CC67FACCE6855800 libnetd_client.so
10-16 17:35:38.345  2262  2259 F google-breakpad: M 0000007254234000 0000000000000000 0000000000004000 A595077FFE107D5AED3E0ACD0864EF990 libstagefright_yuv.so
10-16 17:35:38.345  2262  2259 F google-breakpad: M 000000725423A000 0000000000000000 0000000000008000 888626147AC0588142618C48019CB7630 libaudioutils.so
10-16 17:35:38.345  2262  2259 F google-breakpad: M 0000007254244000 0000000000000000 00000000000D0000 3406690711B89941564F5ADF226350150 libmpp.so
10-16 17:35:38.345  2262  2259 F google-breakpad: M 000000725432C000 0000000000000000 000000000001D000 DE554C965E8E0DED12F713738E2A28060 libcutils.so
10-16 17:35:38.345  2262  2259 F google-breakpad: M 0000007254575000 0000000000000000 000000000003D000 5C5C066DD1110BE02FA163A8DE9672470 libjavacore.so
10-16 17:35:38.345  2262  2259 F google-breakpad: M 000000725460A000 0000000000000000 0000000000017000 4117171D982DA8C69E4E76CDE114C3EB0 libmediandk.so
10-16 17:35:38.346  2262  2259 F google-breakpad: M 0000007254620000 0000000000000000 0000000000016000 36CF03C68D435977C070608C72A771DC0 libmediadrm.so
10-16 17:35:38.346  2262  2259 F google-breakpad: M 0000007254638000 0000000000000000 000000000001F000 12D3DFA95E683551235D06B29BE595770 libcamera2ndk.so
10-16 17:35:38.346  2262  2259 F google-breakpad: M 00000072546A1000 0000000000000000 0000000000008000 25DE4B867C66C32F0C3D5E33F46228D80 libopenjdkjvm.so
10-16 17:35:38.346  2262  2259 F google-breakpad: M 00000072546A7000 0000000000000000 000000000001A000 DC5095F0009CF2B405B23A6FBA798D3C0 libandroid.so
10-16 17:35:38.346  2262  2259 F google-breakpad: M 000000725470A000 0000000000000000 0000000000015000 1A474FB507D26C867D782CB577BADED10 libGLESv3.so
10-16 17:35:38.346  2262  2259 F google-breakpad: M 0000007254833000 0000000000000000 000000000000C000 FA22397F994F0065CF130261DCC513030 liblz4.so
10-16 17:35:38.346  2262  2259 F google-breakpad: M 0000007254864000 0000000000000000 0000000000003000 D6A68819DBD84AC655CB27D690D25E9D0 libwebviewchromium_plat_support.so
10-16 17:35:38.346  2262  2259 F google-breakpad: M 0000007254869000 0000000000000000 0000000000002000 0E8B78F30E6BAA380C330CD670CEAF040 libOpenSLES.so
10-16 17:35:38.347  2262  2259 F google-breakpad: M 00000072548B5000 0000000000000000 0000000000002000 41CFC7E11929E418B8EAE579AA10D1E30 libOpenMAXAL.so
10-16 17:35:38.347  2262  2259 F google-breakpad: M 00000072548BB000 0000000000000000 0000000000001000 3F7524256571D94F0066F6A9B274CAFA0 libjnigraphics.so
10-16 17:35:38.347  2262  2259 F google-breakpad: M 00000072548BE000 0000000000000000 0000000000001000 FBAE62307F4170A7C9745CE684D32C750 libsigchain.so
10-16 17:35:38.348  2262  2259 F google-breakpad: M 0000007254953000 0000000000000000 0000000000001000 672B2CD6CF8AF6C46E9DA52AB02B3D0C0 linux-gate.so
10-16 17:35:38.348  2262  2259 F google-breakpad: M 0000007254955000 0000000000000000 00000000000AB000 6076273E699DF6FE21381A9964656E770 linker64
10-16 17:35:38.348  2262  2259 F google-breakpad: -----END BREAKPAD MICRODUMP-----
10-16 17:35:38.364  2112  2259 W google-breakpad: ### ### ### ### ### ### ### ### ### ### ### ### ###
10-16 17:35:38.364  2112  2259 W google-breakpad: Chrome build fingerprint:
10-16 17:35:38.364  2112  2259 W google-breakpad: 11.0
10-16 17:35:38.364  2112  2259 W google-breakpad: 60
10-16 17:35:38.364  2112  2259 W google-breakpad: ### ### ### ### ### ### ### ### ### ### ### ### ###
10-16 17:35:38.364  2112  2259 F libc    : Fatal signal 11 (SIGSEGV), code 1, fault addr 0x7225c00050 in tid 2259 (OpModeThread)
10-16 17:35:38.364   161   161 W         : debuggerd: handling request: pid=2112 uid=10038 gid=10038 tid=2259
10-16 17:35:38.400  2265  2265 F DEBUG   : *** *** *** *** *** *** *** *** *** *** *** *** *** *** *** ***
10-16 17:35:38.400  2265  2265 F DEBUG   : Build fingerprint: 'FIRST/ch_v1_box/rk3328_box:7.1.2/NHG47K/rev05081324:userdebug/release-keys'
10-16 17:35:38.400  2265  2265 F DEBUG   : Revision: '0'
10-16 17:35:38.400  2265  2265 F DEBUG   : ABI: 'arm64'
10-16 17:35:38.400  2265  2265 F DEBUG   : pid: 2112, tid: 2259, name: OpModeThread  >>> com.qualcomm.ftcrobotcontroller <<<
10-16 17:35:38.400  2265  2265 F DEBUG   : signal 11 (SIGSEGV), code 1 (SEGV_MAPERR), fault addr 0x7225c00050
10-16 17:35:38.400  2265  2265 F DEBUG   :     x0   000000722d1f0ab0  x1   0000000000000000  x2   0000000000000000  x3   000000722a2533dc
10-16 17:35:38.401  2265  2265 F DEBUG   :     x4   00000072261e68c0  x5   0000000000000000  x6   000000722d1f1257  x7   8080808080808080
10-16 17:35:38.401  2265  2265 F DEBUG   :     x8   0000000000000000  x9   000000722d1f0a98  x10  000000722d1f0b20  x11  000000722b516a90
10-16 17:35:38.401  2265  2265 F DEBUG   :     x12  00000072261facb0  x13  00000072261facb0  x14  000000000000000c  x15  2e8ba2e8ba2e8ba3
10-16 17:35:38.401  2265  2265 F DEBUG   :     x16  000000722bed0508  x17  00000072515c9dc0  x18  0000000000000020  x19  0000007225bfffd8
10-16 17:35:38.401  2265  2265 F DEBUG   :     x20  000000722d1f0d48  x21  000000722d1f0a79  x22  0000007225a1e0c0  x23  00000072305ad450
10-16 17:35:38.401  2265  2265 F DEBUG   :     x24  000000722d1f0a99  x25  00000072261ff000  x26  00000072261f8028  x27  0000000000000003
10-16 17:35:38.401  2265  2265 F DEBUG   :     x28  00000072325f9000  x29  000000722d1f0be0  x30  000000722a25342c
10-16 17:35:38.401  2265  2265 F DEBUG   :     sp   000000722d1f0a30  pc   000000722a253490  pstate 0000000020000000
10-16 17:35:38.406  2265  2265 F DEBUG   : 
10-16 17:35:38.406  2265  2265 F DEBUG   : backtrace:
10-16 17:35:38.406  2265  2265 F DEBUG   :     #00 pc 0000000003dc0490  /data/app/com.qualcomm.ftcrobotcontroller-1/lib/arm64/libtensorflowlite_flex_jni.so
10-16 17:35:38.406  2265  2265 F DEBUG   :     #01 pc 0000000003dbe92c  /data/app/com.qualcomm.ftcrobotcontroller-1/lib/arm64/libtensorflowlite_flex_jni.so
10-16 17:35:38.406  2265  2265 F DEBUG   :     #02 pc 0000000003dc0210  /data/app/com.qualcomm.ftcrobotcontroller-1/lib/arm64/libtensorflowlite_flex_jni.so
10-16 17:35:38.406  2265  2265 F DEBUG   :     #03 pc 0000000003db8a50  /data/app/com.qualcomm.ftcrobotcontroller-1/lib/arm64/libtensorflowlite_flex_jni.so
10-16 17:35:38.406  2265  2265 F DEBUG   :     #04 pc 00000000044078e0  /data/app/com.qualcomm.ftcrobotcontroller-1/lib/arm64/libtensorflowlite_flex_jni.so
10-16 17:35:38.406  2265  2265 F DEBUG   :     #05 pc 00000000001dd9d8  /data/app/com.qualcomm.ftcrobotcontroller-1/lib/arm64/libtensorflowlite_jni.so
10-16 17:35:38.406  2265  2265 F DEBUG   :     #06 pc 00000000001e08d4  /data/app/com.qualcomm.ftcrobotcontroller-1/lib/arm64/libtensorflowlite_jni.so
10-16 17:35:38.406  2265  2265 F DEBUG   :     #07 pc 000000000004b4dc  /data/app/com.qualcomm.ftcrobotcontroller-1/lib/arm64/libtensorflowlite_jni.so (Java_org_tensorflow_lite_NativeInterpreterWrapper_applyDelegate+40)
10-16 17:35:38.406  2265  2265 F DEBUG   :     #08 pc 00000000017c6af4  /data/app/com.qualcomm.ftcrobotcontroller-1/oat/arm64/base.odex (offset 0x14c0000)
10-16 17:35:39.062  2265  2265 E         : debuggerd: failed to kill process 2112: No such process
10-16 17:35:39.063   429  2270 W ActivityManager:   Force finishing activity com.qualcomm.ftcrobotcontroller/org.firstinspires.ftc.robotcontroller.internal.FtcRobotControllerActivity
10-16 17:35:39.065   429   485 I BootReceiver: Copying /data/tombstones/tombstone_04 to DropBox (SYSTEM_TOMBSTONE)
10-16 17:35:39.082   161   161 W         : debuggerd: resuming target 2112
10-16 17:35:39.093   429   460 D GraphicsStats: Buffer count: 4
10-16 17:35:39.094   429  2105 I WindowManager: WIN DEATH: Window{7e62d3a u0 com.qualcomm.ftcrobotcontroller/org.firstinspires.ftc.robotcontroller.internal.FtcRobotControllerActivity}
10-16 17:35:39.094   429   899 D ConnectivityService: ConnectivityService NetworkRequestInfo binderDied(NetworkRequest [ LISTEN id=18, [ Capabilities: INTERNET&NOT_RESTRICTED&TRUSTED] ], android.os.BinderProxy@cb6a5c0)
10-16 17:35:39.094   429  1751 D ConnectivityService: ConnectivityService NetworkRequestInfo binderDied(NetworkRequest [ LISTEN id=17, [ Capabilities: INTERNET&NOT_RESTRICTED&TRUSTED] ], android.os.BinderProxy@2c542f9)
10-16 17:35:39.094   429   460 I ActivityManager: Process com.qualcomm.ftcrobotcontroller (pid 2112) has died
10-16 17:35:39.094   429   528 D ConnectivityService: releasing NetworkRequest [ LISTEN id=18, [ Capabilities: INTERNET&NOT_RESTRICTED&TRUSTED] ]
10-16 17:35:39.095   429   460 D ActivityManager: cleanUpApplicationRecord -- 2112
10-16 17:35:39.095   429   528 D ConnectivityService: sending notification RELEASED for NetworkRequest [ LISTEN id=18, [ Capabilities: INTERNET&NOT_RESTRICTED&TRUSTED] ]
10-16 17:35:39.095   429   483 I libprocessgroup: Killing pid 2133 in uid 10038 as part of process group 2112
10-16 17:35:39.096   203   723 D RockFFPlayer: reset()***********
10-16 17:35:39.096   203   723 D RockFFPlayerBase: dumpStatus(): Preapared
10-16 17:35:39.096   203   723 D RockFFPlayer: reset(),stop_l
10-16 17:35:39.096   203   723 D RockFFPlayer: stop_l
10-16 17:35:39.096   203   723 D RockFFPlayer: enter enqueueMessage
10-16 17:35:39.096   203   723 D RockFFPlayer: enqueueMessage:****1
10-16 17:35:39.096   203   723 D RockFFPlayer: enqueueMessage:****2
10-16 17:35:39.096   203   723 D RockFFPlayer: enqueueMessage:****3
10-16 17:35:39.096   203   723 D RockFFPlayer: enqueueMessage:Message 1,set signal
10-16 17:35:39.096   203   723 D RockFFPlayer: enqueueMessage:sync wait
10-16 17:35:39.097   203  2205 D RockFFPlayer: deliverMessage 
10-16 17:35:39.097   203  2205 D RockFFPlayer: run : dequeueMessage Message 4
10-16 17:35:39.097   203  2205 D RockFFPlayer: CMD_STOP
10-16 17:35:39.097   203  2205 D RockFFPlayer: doStop()*****
10-16 17:35:39.098   203  2205 D RockFFPlayerBase: dumpStatus(): Preapared
10-16 17:35:39.098   203  2205 D RockFFPlayerBase: dumpStatus(): Stopped
10-16 17:35:39.098   203  2205 D RockFFPlayer: doRelease()************
10-16 17:35:39.098   203  2205 I FFIDecoder: waiting on end of decoder thread
10-16 17:35:39.098   203  2205 E FFMpegThread: DecoderAudio,wait
10-16 17:35:39.098   203  2205 E RockFFPlayerBase: FFMPlayerBase::flushRenderQueue in
10-16 17:35:39.098   203  2205 E RockFFPlayerBase: FFMPlayerBase::flushRenderQueue out
10-16 17:35:39.098   203  2205 D FFMpegThread: DecoderAudio:~PlayerThread enter mThreadStatus=-1
10-16 17:35:39.098   203  2206 I RockFFPlayer: readthread end of playing
10-16 17:35:39.099   203  2205 D RockFFPlayer: doRelease ok
10-16 17:35:39.099   203  2205 D RockFFPlayer: doStop()*****OK
10-16 17:35:39.099   203  2205 D RockFFPlayer: run : dequeueMessage Message 4 OK
10-16 17:35:39.099   203  2205 D RockFFPlayer: Messagecomplete type [4]
10-16 17:35:39.099   203  2205 D RockFFPlayer: run : Message 4 complete
10-16 17:35:39.099   203   723 D RockFFPlayer: enqueueMessage:sync wait ok
10-16 17:35:39.100   203   723 D RockFFPlayer: doRelease() clearQueue************
10-16 17:35:39.100   203   723 D RockFFPlayer: stop_l:MessageStop down
10-16 17:35:39.100   203   723 D RockFFPlayerBase: dumpStatus(): Stopped
10-16 17:35:39.100   203   723 D RockFFPlayer: stop_l : create CancelThread
10-16 17:35:39.101   429   528 E ConnectivityService: RemoteException caught trying to send a callback msg for NetworkRequest [ LISTEN id=18, [ Capabilities: INTERNET&NOT_RESTRICTED&TRUSTED] ]
10-16 17:35:39.101   429   528 D ConnectivityService: releasing NetworkRequest [ LISTEN id=17, [ Capabilities: INTERNET&NOT_RESTRICTED&TRUSTED] ]
10-16 17:35:39.101   146   146 I Zygote  : Process 2112 exited due to signal (11)
10-16 17:35:39.102   429   528 D ConnectivityService: sending notification RELEASED for NetworkRequest [ LISTEN id=17, [ Capabilities: INTERNET&NOT_RESTRICTED&TRUSTED] ]
10-16 17:35:39.103   429   528 E ConnectivityService: RemoteException caught trying to send a callback msg for NetworkRequest [ LISTEN id=17, [ Capabilities: INTERNET&NOT_RESTRICTED&TRUSTED] ]
10-16 17:35:39.104   203  2272 D RockFFPlayer: CancelThread start
10-16 17:35:39.104   203   723 D RockFFPlayer: stop_l :CancelThread create ok
10-16 17:35:39.104   203   723 D RockFFPlayer: stop_l buffer thread quit
10-16 17:35:39.104   203   723 D RockFFPlayer: enter enqueueMessage
10-16 17:35:39.104   203   723 D RockFFPlayer: enqueueMessage:****1
10-16 17:35:39.104   203   723 D RockFFPlayer: enqueueMessage:****2
10-16 17:35:39.104   203   723 D RockFFPlayer: enqueueMessage:****3
10-16 17:35:39.104   203   723 D RockFFPlayer: enqueueMessage:Message 1,set signal
10-16 17:35:39.104   203   723 D RockFFPlayer: enqueueMessage:sync wait
10-16 17:35:39.104   203  2205 D RockFFPlayer: deliverMessage 
10-16 17:35:39.104   203  2205 D RockFFPlayer: run : dequeueMessage Message 11
10-16 17:35:39.104   203  2205 D RockFFPlayer: CMD_RESET
10-16 17:35:39.104   203  2205 D RockFFPlayerBase: dumpStatus(): Idle
10-16 17:35:39.104   203  2205 D RockFFPlayer: doReset ok
10-16 17:35:39.104   203  2205 D RockFFPlayer: run : dequeueMessage Message 11 OK
10-16 17:35:39.104   203  2205 D RockFFPlayer: Messagecomplete type [11]
10-16 17:35:39.104   203  2205 D RockFFPlayer: run : Message 11 complete
10-16 17:35:39.104   203   723 D RockFFPlayer: enqueueMessage:sync wait ok
10-16 17:35:39.104   203   723 D RockFFPlayer: reset(),MessageReset down
10-16 17:35:39.104   203  2205 D RockFFPlayer: signal thread out
10-16 17:35:39.104   203  2205 D RockFFPlayer: sched_thread out
10-16 17:35:39.105   203   723 D RockFFPlayer: stop:wait is ok
10-16 17:35:39.105   203   723 D RockFFPlayer: stop:ok
10-16 17:35:39.105   203   723 D RockFFPlayer: ~RkMessageQueue
10-16 17:35:39.105   203   723 E FFPlayer: ~FFPlayer
10-16 17:35:39.105   203  2272 E RockFFPlayerBase: closeContext : in
10-16 17:35:39.105   203   723 D RockFFPlayer: reset()***********
10-16 17:35:39.105   203   723 D RockFFPlayerBase: dumpStatus(): Idle
10-16 17:35:39.105   203   723 D RockFFPlayer: CurrentStatus is IDLE,already reset
10-16 17:35:39.105   203   723 D RockFFPlayer: ~FFMPlayer*******
10-16 17:35:39.105   203   723 D RockFFPlayer: reset()***********
10-16 17:35:39.105   203   723 D RockFFPlayerBase: dumpStatus(): Idle
10-16 17:35:39.105   203   723 D RockFFPlayer: CurrentStatus is IDLE,already reset
10-16 17:35:39.105   203   723 D RockFFPlayer: ~FFMPlayer:CancelThread
10-16 17:35:39.105   203  2272 E RockFFPlayerBase: closeContext : out
10-16 17:35:39.105   203  2272 D RockFFPlayer: CancelThread end
10-16 17:35:39.105   203  2272 D RockFFPlayer: CancelThread return
10-16 17:35:39.105   203   723 D RockFFPlayer: ~FFMediaSource
10-16 17:35:39.105   203   723 D RockFFPlayer: FFMediaSource context null. 
10-16 17:35:39.105   203   723 E TraceThread:     VsyncReciver(tid = 3962939680)--> [UID=5ced4d1b] pthread_join begin-->player = 0xedfd9000
10-16 17:35:39.111   150   150 W SurfaceFlinger: couldn't log to binary event log: overflow.
10-16 17:35:39.124   203   723 E TraceThread:     VsyncReciver(tid = 3962939680)--> [UID=5ced4d1b] pthread_join   end-->player = 0xedfd9000
10-16 17:35:39.124   203   723 D VsyncReciver: stop_l:vsyncThread down
10-16 17:35:39.124   203   723 E TraceThread:     RockFFPlayer(tid = 3967117600)--> [UID=5ced4d1b] ~FFMPlayer Destruction; object=0xedfd9000
10-16 17:35:39.124   203   723 D RockFFPlayer: ~FFMPlayer***end
10-16 17:35:39.124   203   723 D RockFFPlayerBase: ~FFMPlayerBase(():mDequeueThread down
10-16 17:35:39.125   203   723 D RockFFPlayerBase: ~RkMessageHandler
10-16 17:35:39.131   429   550 E Lights Hal: write_int failed to open /sys/class/backlight/rk28_bl/brightness
10-16 17:35:39.131   429   550 E Lights Hal: write_int failed to open /sys/class/backlight/backlight/brightness
10-16 17:35:39.150   429   550 E Lights Hal: write_int failed to open /sys/class/backlight/rk28_bl/brightness
10-16 17:35:39.150   429   550 E Lights Hal: write_int failed to open /sys/class/backlight/backlight/brightness
10-16 17:35:39.170   429   550 E Lights Hal: write_int failed to open /sys/class/backlight/rk28_bl/brightness
10-16 17:35:39.170   429   550 E Lights Hal: write_int failed to open /sys/class/backlight/backlight/brightness
10-16 17:35:39.172   903   903 I ManiActivity_LEANBACK: onStart
10-16 17:35:39.173   903   903 I LauncherWallpaper: resetBackground
10-16 17:35:39.173   903   903 I LauncherWallpaper: updateChildVisibility
10-16 17:35:39.177   903   903 I ManiActivity_LEANBACK: onResume
10-16 17:35:39.178   903   903 I ManiActivity_LEANBACK: updateNetWorkState->networkState
10-16 17:35:39.180   903   903 I AppsAdapter: sortItemsIfNeeded
10-16 17:35:39.180   903   903 I AppsAdapter: sortItemsIfNeeded
10-16 17:35:39.180   903   903 I AppsAdapter: sortItemsIfNeeded
10-16 17:35:39.180   903   903 I LauncherWallpaper: setShynessMode->shyMode:true
10-16 17:35:39.180   903   903 I LauncherWallpaper: updateChildVisibility
10-16 17:35:39.181   903   903 I LauncherWallpaper: resetBackground
10-16 17:35:39.181   903   903 I LauncherWallpaper: updateChildVisibility
10-16 17:35:39.181   903   903 I ManiActivity_LEANBACK: mIdleListeners.get(i)->className:com.rockchips.android.leanbacklauncher.notifications.NotificationsAdapter
10-16 17:35:39.181   903   903 I ManiActivity_LEANBACK: mIdleListeners.get(i)->className:com.rockchips.android.leanbacklauncher.SearchOrbView
10-16 17:35:39.182   903   903 E LQH     : AppViewFocusAnimator->onFocusChange->v:com.rockchips.android.leanbacklauncher.apps.BannerView{61b2aa5 VFE...CL. .F...AID 56,0-244,160 #7f0c016f app:id/app_favorite_banner},hasFocus:true
10-16 17:35:39.193   429   550 E Lights Hal: write_int failed to open /sys/class/backlight/rk28_bl/brightness
10-16 17:35:39.193   429   550 E Lights Hal: write_int failed to open /sys/class/backlight/backlight/brightness
10-16 17:35:39.201   903   903 I ManiActivity_LEANBACK: addWidget->childCount:2
10-16 17:35:39.206   903   908 I art     : Do partial code cache collection, code=46KB, data=60KB
10-16 17:35:39.206   903   903 I ClockView: ClockView create
10-16 17:35:39.206   903   908 I art     : After code cache collection, code=37KB, data=50KB
10-16 17:35:39.206   903   903 I ClockView: setTextSize->size:40.0
10-16 17:35:39.206   903   908 I art     : Increasing code cache capacity to 256KB
10-16 17:35:39.206   903   903 I ClockView: setTextSize->size1:40.0
10-16 17:35:39.213   429   550 E Lights Hal: write_int failed to open /sys/class/backlight/rk28_bl/brightness
10-16 17:35:39.213   429   550 E Lights Hal: write_int failed to open /sys/class/backlight/backlight/brightness
10-16 17:35:39.233   429   550 E Lights Hal: write_int failed to open /sys/class/backlight/rk28_bl/brightness
10-16 17:35:39.233   429   550 E Lights Hal: write_int failed to open /sys/class/backlight/backlight/brightness
10-16 17:35:39.255   429   550 E Lights Hal: write_int failed to open /sys/class/backlight/rk28_bl/brightness
10-16 17:35:39.256   429   550 E Lights Hal: write_int failed to open /sys/class/backlight/backlight/brightness
10-16 17:35:39.274   429   550 E Lights Hal: write_int failed to open /sys/class/backlight/rk28_bl/brightness
10-16 17:35:39.274   429   550 E Lights Hal: write_int failed to open /sys/class/backlight/backlight/brightness
10-16 17:35:39.293   429   550 E Lights Hal: write_int failed to open /sys/class/backlight/rk28_bl/brightness
10-16 17:35:39.293   429   550 E Lights Hal: write_int failed to open /sys/class/backlight/backlight/brightness
10-16 17:35:39.313   429   550 E Lights Hal: write_int failed to open /sys/class/backlight/rk28_bl/brightness
10-16 17:35:39.313   429   550 E Lights Hal: write_int failed to open /sys/class/backlight/backlight/brightness
10-16 17:35:39.333   429   550 E Lights Hal: write_int failed to open /sys/class/backlight/rk28_bl/brightness
10-16 17:35:39.333   429   550 E Lights Hal: write_int failed to open /sys/class/backlight/backlight/brightness
10-16 17:35:39.354   429   550 E Lights Hal: write_int failed to open /sys/class/backlight/rk28_bl/brightness
10-16 17:35:39.354   429   550 E Lights Hal: write_int failed to open /sys/class/backlight/backlight/brightness
10-16 17:35:39.375   429   550 E Lights Hal: write_int failed to open /sys/class/backlight/rk28_bl/brightness
10-16 17:35:39.375   429   550 E Lights Hal: write_int failed to open /sys/class/backlight/backlight/brightness
10-16 17:35:39.394   429   550 E Lights Hal: write_int failed to open /sys/class/backlight/rk28_bl/brightness
10-16 17:35:39.394   429   550 E Lights Hal: write_int failed to open /sys/class/backlight/backlight/brightness
10-16 17:35:39.414   429   550 E Lights Hal: write_int failed to open /sys/class/backlight/rk28_bl/brightness
10-16 17:35:39.414   429   550 E Lights Hal: write_int failed to open /sys/class/backlight/backlight/brightness
10-16 17:35:39.434   429   550 E Lights Hal: write_int failed to open /sys/class/backlight/rk28_bl/brightness
10-16 17:35:39.434   429   550 E Lights Hal: write_int failed to open /sys/class/backlight/backlight/brightness
10-16 17:35:39.454   429   550 E Lights Hal: write_int failed to open /sys/class/backlight/rk28_bl/brightness
10-16 17:35:39.454   429   550 E Lights Hal: write_int failed to open /sys/class/backlight/backlight/brightness
10-16 17:35:39.474   429   550 E Lights Hal: write_int failed to open /sys/class/backlight/rk28_bl/brightness
10-16 17:35:39.474   429   550 E Lights Hal: write_int failed to open /sys/class/backlight/backlight/brightness
10-16 17:35:39.494   429   550 E Lights Hal: write_int failed to open /sys/class/backlight/rk28_bl/brightness
10-16 17:35:39.494   429   550 E Lights Hal: write_int failed to open /sys/class/backlight/backlight/brightness
10-16 17:35:39.514   429   550 E Lights Hal: write_int failed to open /sys/class/backlight/rk28_bl/brightness
10-16 17:35:39.514   429   550 E Lights Hal: write_int failed to open /sys/class/backlight/backlight/brightness
10-16 17:35:39.534   429   550 E Lights Hal: write_int failed to open /sys/class/backlight/rk28_bl/brightness
10-16 17:35:39.534   429   550 E Lights Hal: write_int failed to open /sys/class/backlight/backlight/brightness
10-16 17:35:39.554   429   550 E Lights Hal: write_int failed to open /sys/class/backlight/rk28_bl/brightness
10-16 17:35:39.554   429   550 E Lights Hal: write_int failed to open /sys/class/backlight/backlight/brightness
10-16 17:35:39.574   429   550 E Lights Hal: write_int failed to open /sys/class/backlight/rk28_bl/brightness
