10-16 17:35:39.574   429   550 E Lights Hal: write_int failed to open /sys/class/backlight/backlight/brightness
10-16 17:35:49.059  1093  1135 W FtcAccessPointService: MonitoringThread: The RC has not reported itself as alive for more than 10 seconds. Relaunching the RC.
10-16 17:35:49.060   429   899 I ActivityManager: Force stopping com.qualcomm.ftcrobotcontroller appid=10038 user=0: from pid 1093
10-16 17:35:50.080  1093  1135 I FtcAccessPointService: MonitoringThread: Launching RC app
10-16 17:35:50.081   429   753 I ActivityManager: START u0 {act=android.intent.action.MAIN cat=[android.intent.category.LAUNCHER] flg=0x10000000 pkg=com.qualcomm.ftcrobotcontroller cmp=com.qualcomm.ftcrobotcontroller/org.firstinspires.ftc.robotcontroller.internal.PermissionValidatorWrapper} from uid 10017 on display 0
10-16 17:35:50.089   903   903 I ManiActivity_LEANBACK: onPause
10-16 17:35:50.119   429   899 I ActivityManager: Start proc 2276:com.qualcomm.ftcrobotcontroller/u0a38 for activity com.qualcomm.ftcrobotcontroller/org.firstinspires.ftc.robotcontroller.internal.PermissionValidatorWrapper
10-16 17:35:50.122  2276  2276 I art     : Late-enabling -Xcheck:jni
10-16 17:35:50.234   429   460 W ActivityManager: Slow operation: 74ms so far, now at attachApplicationLocked: after mServices.attachApplicationLocked
10-16 17:35:50.293  2276  2276 D Uvc     : [jni.cpp:72] JNI_OnLoad()...
10-16 17:35:50.293  2276  2276 D Uvc     : [JniEnv.h:32] ScopedJniEnv::onJniLoad()...
10-16 17:35:50.293  2276  2276 D Uvc     : [JniEnv.h:32] ...ScopedJniEnv::onJniLoad()
10-16 17:35:50.293  2276  2276 D Uvc     : [jni.cpp:72] ...JNI_OnLoad()
10-16 17:35:50.300  2276  2276 V AppUtil : initializing: getExternalStorageDirectory()=/storage/emulated/0
10-16 17:35:50.304  2276  2276 I AppUtil : found usbFileSystemRoot: /dev/bus/usb
10-16 17:35:50.304  2276  2276 I robotcontroller: type=1400 audit(0.0:318): avc: denied { read } for name="direction" dev="sysfs" ino=16332 scontext=u:r:untrusted_app:s0:c512,c768 tcontext=u:object_r:sysfs:s0 tclass=file permissive=1
10-16 17:35:50.304  2276  2276 I robotcontroller: type=1400 audit(0.0:319): avc: denied { open } for path="/sys/devices/pinctrl.26/gpio/gpio50/direction" dev="sysfs" ino=16332 scontext=u:r:untrusted_app:s0:c512,c768 tcontext=u:object_r:sysfs:s0 tclass=file permissive=1
10-16 17:35:50.304  2276  2276 I robotcontroller: type=1400 audit(0.0:320): avc: denied { getattr } for path="/sys/devices/pinctrl.26/gpio/gpio50/direction" dev="sysfs" ino=16332 scontext=u:r:untrusted_app:s0:c512,c768 tcontext=u:object_r:sysfs:s0 tclass=file permissive=1
10-16 17:35:50.307  2276  2276 I robotcontroller: type=1400 audit(0.0:321): avc: denied { write } for name="value" dev="sysfs" ino=13336 scontext=u:r:untrusted_app:s0:c512,c768 tcontext=u:object_r:sysfs:s0 tclass=file permissive=1
10-16 17:35:50.317  2276  2276 I AppAliveNotifier: Telling the OS to set the RC alive notification timeout to 20 seconds
10-16 17:35:50.326  1093  1093 I FtcAccessPointService: MonitoringThread: Changing rcAliveNotificationTimeoutSeconds from 10 to 20
10-16 17:35:50.326  2276  2294 V RobotCore: saving logcat to /storage/emulated/0/robotControllerLog.txt
10-16 17:35:50.326  2276  2294 V RobotCore: logging command line: exec logcat -f /storage/emulated/0/robotControllerLog.txt -r4096 -n4 -v threadtime UsbRequestJNI:S UsbRequest:S art:W ThreadPool:W System:W ExtendedExtractor:W OMXClient:W MediaPlayer:W dalvikvm:W  *:V
10-16 17:35:50.343  2276  2276 V AppUtil : rootActivity=PermissionValidatorWrapper
10-16 17:35:50.343  2276  2276 I PermissionValidatorActivity: Lifecycle onCreate : 21fe8bb
10-16 17:35:50.364  2276  2294 I RobotCore: Done running ps
10-16 17:35:50.377  2298  2298 I sh      : type=1400 audit(0.0:322): avc: denied { read } for name="/" dev="rootfs" ino=1 scontext=u:r:untrusted_app:s0:c512,c768 tcontext=u:object_r:rootfs:s0 tclass=dir permissive=1
10-16 17:35:50.377  2298  2298 I sh      : type=1400 audit(0.0:323): avc: denied { open } for path="/" dev="rootfs" ino=1 scontext=u:r:untrusted_app:s0:c512,c768 tcontext=u:object_r:rootfs:s0 tclass=dir permissive=1
10-16 17:35:50.387  2276  2276 I PermissionValidatorActivity: Lifecycle onStart : 21fe8bb
10-16 17:35:50.389  2276  2276 I PermissionValidator: Checking permission for android.permission.WRITE_EXTERNAL_STORAGE
10-16 17:35:50.394  2276  2276 I PermissionValidator:     Granted: android.permission.WRITE_EXTERNAL_STORAGE
10-16 17:35:50.394  2276  2276 I PermissionValidator: Checking permission for android.permission.READ_EXTERNAL_STORAGE
10-16 17:35:50.396  2276  2276 I PermissionValidator:     Granted: android.permission.READ_EXTERNAL_STORAGE
10-16 17:35:50.396  2276  2276 I PermissionValidator: Checking permission for android.permission.CAMERA
10-16 17:35:50.397  2276  2276 I PermissionValidator:     Granted: android.permission.CAMERA
10-16 17:35:50.397  2276  2276 I PermissionValidator: Checking permission for android.permission.ACCESS_COARSE_LOCATION
10-16 17:35:50.398  2276  2276 I PermissionValidator:     Granted: android.permission.ACCESS_COARSE_LOCATION
10-16 17:35:50.398  2276  2276 I PermissionValidator: Checking permission for android.permission.ACCESS_FINE_LOCATION
10-16 17:35:50.399  2276  2276 I PermissionValidator:     Granted: android.permission.ACCESS_FINE_LOCATION
10-16 17:35:50.399  2276  2276 I PermissionValidator: Checking permission for android.permission.READ_PHONE_STATE
10-16 17:35:50.401  2276  2276 I PermissionValidator:     Granted: android.permission.READ_PHONE_STATE
10-16 17:35:50.406  2276  2276 V ServiceStarter: attempting to start service MediaTransferProtocolMonitorService
10-16 17:35:50.409  2276  2276 V ServiceStarter: started service MediaTransferProtocolMonitorService
10-16 17:35:50.410  2276  2276 V ServiceStarter: attempting to start service OnBotJavaService
10-16 17:35:50.414  2276  2276 V ServiceStarter: started service OnBotJavaService
10-16 17:35:50.414  2276  2276 I PermissionValidatorActivity: All permissions validated.  Starting RobotController
10-16 17:35:50.416   429  1751 I ActivityManager: START u0 {cmp=com.qualcomm.ftcrobotcontroller/org.firstinspires.ftc.robotcontroller.internal.FtcRobotControllerActivity} from uid 10038 on display 0
10-16 17:35:50.439  2276  2276 V MTPMonitorService: onCreate()
10-16 17:35:50.439  2276  2276 V MTPMonitorService: onStartCommand() intent=Intent { cmp=com.qualcomm.ftcrobotcontroller/org.firstinspires.ftc.robotcore.internal.files.MediaTransferProtocolMonitorService } flags=0x0 startId=1
10-16 17:35:50.443  2276  2276 V ThreadPool: container(0x04d6ad69: MTPMonitor) added id=123 TID=0 count=1
10-16 17:35:50.443  2276  2276 V MTPMonitor: observing: /storage/emulated/0
10-16 17:35:50.653   903   903 E LQH     : AppViewFocusAnimator->onFocusChange->v:com.rockchips.android.leanbacklauncher.apps.BannerView{61b2aa5 VFE...CL. .....AID 56,0-244,160 #7f0c016f app:id/app_favorite_banner},hasFocus:false
10-16 17:35:50.693   150   150 W SurfaceFlinger: couldn't log to binary event log: overflow.
10-16 17:35:50.823  2276  2276 V OnBotJavaService: onCreate()
10-16 17:35:50.824  2276  2276 V OnBotJavaService: onStartCommand() intent=Intent { cmp=com.qualcomm.ftcrobotcontroller/org.firstinspires.ftc.onbotjava.OnBotJavaService } flags=0x0 startId=1
10-16 17:35:50.825  2276  2276 V OnBotJava: OnBotJavaManager::static
10-16 17:35:50.922   429   481 W ActivityManager: Activity pause timeout for ActivityRecord{e8bb1d9 u0 com.qualcomm.ftcrobotcontroller/org.firstinspires.ftc.robotcontroller.internal.PermissionValidatorWrapper t3943 f}
10-16 17:35:51.078   552   552 W asset   : Asset path /data/app/com.qualcomm.ftcrobotcontroller-2/base.apk is neither a directory nor file (type=1).
10-16 17:35:51.078   552   552 E ResourcesManager: failed to add asset path /data/app/com.qualcomm.ftcrobotcontroller-2/base.apk
10-16 17:35:51.078   552   552 W PackageManager: Failure retrieving resources for com.qualcomm.ftcrobotcontroller
10-16 17:35:51.078   552   552 W asset   : Asset path /data/app/com.qualcomm.ftcrobotcontroller-2/base.apk is neither a directory nor file (type=1).
10-16 17:35:51.079   552   552 E ResourcesManager: failed to add asset path /data/app/com.qualcomm.ftcrobotcontroller-2/base.apk
10-16 17:35:51.079   552   552 W PackageManager: Failure retrieving resources for com.qualcomm.ftcrobotcontroller
10-16 17:35:51.079   552   552 W asset   : Asset path /data/app/com.qualcomm.ftcrobotcontroller-2/base.apk is neither a directory nor file (type=1).
10-16 17:35:51.079   552   552 E ResourcesManager: failed to add asset path /data/app/com.qualcomm.ftcrobotcontroller-2/base.apk
10-16 17:35:51.080   552   552 W PackageManager: Failure retrieving resources for com.qualcomm.ftcrobotcontroller
10-16 17:35:51.080   552   552 W asset   : Asset path /data/app/com.qualcomm.ftcrobotcontroller-2/base.apk is neither a directory nor file (type=1).
10-16 17:35:51.080   552   552 E ResourcesManager: failed to add asset path /data/app/com.qualcomm.ftcrobotcontroller-2/base.apk
10-16 17:35:51.080   552   552 W PackageManager: Failure retrieving resources for com.qualcomm.ftcrobotcontroller
10-16 17:35:51.080   552   552 W asset   : Asset path /data/app/com.qualcomm.ftcrobotcontroller-2/base.apk is neither a directory nor file (type=1).
10-16 17:35:51.081   552   552 E ResourcesManager: failed to add asset path /data/app/com.qualcomm.ftcrobotcontroller-2/base.apk
10-16 17:35:51.081   552   552 W PackageManager: Failure retrieving resources for com.qualcomm.ftcrobotcontroller
10-16 17:35:51.550  2276  2276 V OnBotJava: ctor()...
10-16 17:35:51.552  2276  2276 V OnBotJava: ...ctor()
10-16 17:35:51.557  2276  2276 V RCActivity: Permissions validated already
10-16 17:35:51.557  2276  2276 V RCActivity: onCreate()
10-16 17:35:51.559  2276  2276 V RCActivity: rootActivity is of class PermissionValidatorWrapper
10-16 17:35:51.562  2276  2276 V RCActivity: launchActivity is of class class org.firstinspires.ftc.robotcontroller.internal.PermissionValidatorWrapper
10-16 17:35:51.569  2276  2276 V ThreadPool: container(0x058c7412: CallbackLooper) added id=125 TID=0 count=1
10-16 17:35:51.570  2276  2303 V CallbackLooper: thread=125
10-16 17:35:51.574  2276  2276 V NetDiscover_wifiDirectAgent: doStart()...
10-16 17:35:51.579  2276  2276 V NetDiscover_wifiDirectAgent: ...doStart()
10-16 17:35:51.580  2276  2276 V NetDiscover_prefremrc: ----- all preferences -----
10-16 17:35:51.581  2276  2276 V NetDiscover_prefremrc: name='android.permission.READ_PHONE_STATE' value=false
10-16 17:35:51.581  2276  2276 V NetDiscover_prefremrc: name='pref_autostarted_robot_controller' value=true
10-16 17:35:51.581  2276  2276 V NetDiscover_prefremrc: name='pref_warn_about_obsolete_software' value=true
10-16 17:35:51.581  2276  2276 V NetDiscover_prefremrc: name='pref_has_independent_phone_battery' value=false
10-16 17:35:51.581  2276  2276 V NetDiscover_prefremrc: name='android.permission.CAMERA' value=false
10-16 17:35:51.581  2276  2276 V NetDiscover_prefremrc: name='pref_wifip2p_remote_channel_change_works' value=false
10-16 17:35:51.582  2276  2276 V NetDiscover_prefremrc: name='pref_hardware_config_filename' value={"isDirty":false,"location":"LOCAL_STORAGE","name":"yaibaTest","resourceId":0}
10-16 17:35:51.582  2276  2276 V NetDiscover_prefremrc: name='pref_sound_on_off' value=false
10-16 17:35:51.582  2276  2276 V NetDiscover_prefremrc: name='pref_warn_about_mismatched_app_versions' value=true
10-16 17:35:51.582  2276  2276 V NetDiscover_prefremrc: name='pref_ftc_season_year_of_current_rc_new' value=2024
10-16 17:35:51.582  2276  2276 V NetDiscover_prefremrc: name='App Restrictions' value=AAAAAA==
10-16 17:35:51.582  2276  2276 V NetDiscover_prefremrc:     
10-16 17:35:51.582  2276  2276 V NetDiscover_prefremrc: name='pref_warn_about_incorrect_clocks' value=true
10-16 17:35:51.582  2276  2276 V NetDiscover_prefremrc: name='android.permission.ACCESS_COARSE_LOCATION' value=false
10-16 17:35:51.583  2276  2276 V NetDiscover_prefremrc: name='pref_has_speaker' value=false
10-16 17:35:51.583  2276  2276 V NetDiscover_prefremrc: name='android.permission.WRITE_EXTERNAL_STORAGE' value=false
10-16 17:35:51.583  2276  2276 V NetDiscover_prefremrc: name='pref_connection_owner_password' value=neverFinish
10-16 17:35:51.583  2276  2276 V NetDiscover_prefremrc: name='pref_pairing_kind' value=RCWIRELESSAP
10-16 17:35:51.583  2276  2276 V NetDiscover_prefremrc: name='android.permission.ACCESS_FINE_LOCATION' value=false
10-16 17:35:51.583  2276  2276 V NetDiscover_prefremrc: name='pref_app_theme' value=red
10-16 17:35:51.583  2276  2276 V NetDiscover_prefremrc: name='pref_device_name_internal' value=FTC-22346
10-16 17:35:51.583  2276  2276 V NetDiscover_prefremrc: name='pref_device_name' value=FTC-22346
10-16 17:35:51.583  2276  2276 V NetDiscover_prefremrc: name='pref_warn_about_2_4_ghz_band' value=true
10-16 17:35:51.584  2276  2276 V NetDiscover_prefremrc: name='android.permission.READ_EXTERNAL_STORAGE' value=false
10-16 17:35:51.584  2276  2276 V NetDiscover_prefremrc: name='pref_device_name_tracking' value=WIFIAP
10-16 17:35:51.584  2276  2276 V NetDiscover_prefremrc: name='pref_rc_connected' value=true
10-16 17:35:51.590  2276  2276 V Robocol : SendOnceRunnable created
10-16 17:35:51.592  2276  2276 V ThreadPool: container(0x01c77d55: default scheduler) added id=127 TID=0 count=1
10-16 17:35:51.593  2276  2276 V NetDiscover_prefremrc: doStart()...
10-16 17:35:51.593  2276  2276 V NetDiscover_prefremrc: ...doStart()
10-16 17:35:51.617  2276  2305 V ThreadPool: container(0x01c77d55: default scheduler) added id=128 TID=0 count=2
10-16 17:35:51.624  2276  2276 W System  : ClassLoader referenced unknown path: /system/app/webview/lib/arm64
10-16 17:35:51.625  2276  2276 D ApplicationLoaders: ignored Vulkan layer search path /system/app/webview/lib/arm64:/system/app/webview/webview.apk!/lib/arm64-v8a:/system/lib64:/vendor/lib64 for namespace 0x723865f0f0
10-16 17:35:51.629  2276  2276 I WebViewFactory: Loading com.android.webview version 52.0.2743.100 (code 275610050)
10-16 17:35:51.669  2276  2276 I cr_LibraryLoader: Time to load native libraries: 2 ms (timestamps 705-707)
10-16 17:35:51.669  2276  2276 I cr_LibraryLoader: Expected native library version number "52.0.2743.100", actual native library version number "52.0.2743.100"
10-16 17:35:51.684  2276  2276 V WebViewChromiumFactoryProvider: Binding Chromium to main looper Looper (main, tid 1) {54a862f}
10-16 17:35:51.684  2276  2276 I cr_LibraryLoader: Expected native library version number "52.0.2743.100", actual native library version number "52.0.2743.100"
10-16 17:35:51.684  2276  2276 I chromium: [INFO:library_loader_hooks.cc(143)] Chromium logging enabled: level = 0, default verbosity = 0
10-16 17:35:51.715  2276  2276 I cr_BrowserStartup: Initializing chromium process, singleProcess=true
10-16 17:35:51.739  2276  2276 I mali_so : [File] : hardware/rockchip/driver/./src/base/arch/arch_011_udd/base_arch_main.c; [Line] : 565; [Func] : deal_with_version_affairs_rk_ext;
10-16 17:35:51.739  2276  2276 I mali_so : arm_release_ver of this mali_so is 'r7p0-00rel1', rk_so_ver is '1@2' for 3328h_android_7.1, built at '15:47:51', on 'Jun 28 2017'.
10-16 17:35:51.739  2276  2276 I mali_so : [File] : hardware/rockchip/driver/./src/base/arch/arch_011_udd/base_arch_main.c; [Line] : 578; [Func] : deal_with_version_affairs_rk_ext;
10-16 17:35:51.739  2276  2276 I mali_so : mali_ver_property has been set to 'r7p0-00rel1-5-1@2', to return.
10-16 17:35:51.792  2276  2276 I cr_DRP  : No DRP key due to exception:java.lang.ClassNotFoundException: com.android.webview.chromium.Drp
10-16 17:35:51.816   429  1914 D ConnectivityService: listenForNetwork for uid/pid:10038/2276 NetworkRequest [ LISTEN id=19, [ Capabilities: INTERNET&NOT_RESTRICTED&TRUSTED] ]
10-16 17:35:51.837  2276  2276 W cr_AwContents: onDetachedFromWindow called when already detached. Ignoring
10-16 17:35:53.438  2276  2281 I art     : Do partial code cache collection, code=29KB, data=28KB
10-16 17:35:53.438  2276  2281 I art     : After code cache collection, code=28KB, data=27KB
10-16 17:35:53.438  2276  2281 I art     : Increasing code cache capacity to 128KB
10-16 17:35:54.082  2276  2276 V UpdateUI: Network: inactive, disconnected
10-16 17:35:54.083  2276  2276 V ServiceStarter: attempting to start service FtcRobotControllerWatchdogService
10-16 17:35:54.085  2276  2276 V ServiceStarter: started service FtcRobotControllerWatchdogService
10-16 17:35:54.103  2276  2276 I RobotCore: App info: version=11.0.0 appId=com.qualcomm.ftcrobotcontroller
10-16 17:35:54.104  2276  2276 I RobotCore: Android Device: maker=REV Robotics model=Control Hub v1.0 sdk=25 serial=4970fbf388f1f13e
10-16 17:35:54.104  2276  2276 V AndroidBoard: REV Control Hub contains REV3328
10-16 17:35:54.104  2276  2276 V AndroidBoard: Communicating with embedded REV hub via /dev/ttyS1
10-16 17:35:54.106  2276  2276 V RCActivity: onStart()
10-16 17:35:54.109  2276  2276 V RCActivity: onResume()
10-16 17:35:54.127  2276  2276 V NetDiscover_prefremrc: onSharedPreferenceChanged(name=App Restrictions, value=AAAAAA==
10-16 17:35:54.127  2276  2276 V NetDiscover_prefremrc: )
10-16 17:35:54.135   429   479 D ConnectivityService: listenForNetwork for uid/pid:10038/2276 NetworkRequest [ LISTEN id=20, [ Capabilities: INTERNET&NOT_RESTRICTED&TRUSTED] ]
10-16 17:35:54.140  2276  2276 V FtcRobotControllerWatchdogService: onCreate()
10-16 17:35:54.141  2276  2276 V FtcRobotControllerWatchdogService: onStartCommand() intent=Intent { cmp=com.qualcomm.ftcrobotcontroller/org.firstinspires.ftc.ftccommon.internal.FtcRobotControllerWatchdogService } flags=0x0 startId=1
10-16 17:35:54.141  2276  2276 V FtcRobotControllerWatchdogService: shouldAutoLauchRobotController() result=true
10-16 17:35:54.142  2276  2276 V FTCService: onCreate()
10-16 17:35:54.178  2276  2276 W art     : Before Android 4.1, method double java.util.concurrent.ThreadLocalRandom.internalNextDouble(double, double) would have incorrectly overridden the package-private method in java.util.Random
10-16 17:35:54.178  2276  2276 W art     : Before Android 4.1, method int java.util.concurrent.ThreadLocalRandom.internalNextInt(int, int) would have incorrectly overridden the package-private method in java.util.Random
10-16 17:35:54.178  2276  2276 W art     : Before Android 4.1, method long java.util.concurrent.ThreadLocalRandom.internalNextLong(long, long) would have incorrectly overridden the package-private method in java.util.Random
10-16 17:35:54.211  2276  2276 V FTCService: onBind()
10-16 17:35:54.239  2276  2276 V CoreRobotWebServer: creating NanoHTTPD(8080)
10-16 17:35:54.244  2276  2276 V WebSocketManager: Registered broadcast-only namespace progress
10-16 17:35:54.249  2276  2276 V ThreadPool: container(0x01c77d55: default scheduler) added id=147 TID=0 count=3
10-16 17:35:54.250  2276  2276 V WebSocketManager: Registered handler for namespace ControlHubUpdater
10-16 17:35:54.251  2276  2276 V RobotCore: Getting network assistant of type: RCWIRELESSAP
10-16 17:35:54.253  2276  2276 I RobotControllerAccessPointAssistant: Enabling network services
10-16 17:35:54.255  2276  2276 I RobotControllerAccessPointAssistant: Sending SSID and password to AP service
10-16 17:35:54.255  2276  2276 I RobotCore: neverFinish
10-16 17:35:54.256  2276  2276 D RobotControllerAccessPointAssistant: setNetworkProperties(deviceName=FTC-22346, password=neverFinish, ApChannel=null) sendSettingsIndividually=false
10-16 17:35:54.256  2276  2276 I NetDiscover_ControlHubNameManager: Robot controller name: FTC-22346
10-16 17:35:54.256  2276  2276 I ControlHubPasswordManager: Robot controller password: neverFinish
10-16 17:35:54.256  2276  2276 D RobotControllerAccessPointAssistant: Sending bulk settings broadcast intent
10-16 17:35:54.269  1093  2329 I FtcAccessPointService: Received FTC_AP_SETTINGS_CHANGE
10-16 17:35:54.269  1093  2329 I FtcAccessPointService: Received FTC_AP_SETTINGS_CHANGE intent=#Intent;action=org.firstinspires.ftc.intent.action.FTC_AP_SETTINGS_CHANGE;component=org.firstinspires.ftc.ftcaccesspointservice/.FtcAccessPointService;S.org.firstinspires.ftc.intent.extra.EXTRA_AP_PASSWORD=neverFinish;S.org.firstinspires.ftc.intent.extra.EXTRA_AP_NAME=FTC-22346;end
10-16 17:35:54.270  1093  2329 I FtcAccessPointService: processed AP settings: name=FTC-22346 password=neverFinish band=null channel=null
10-16 17:35:54.270  1093  2329 I FtcAccessPointService: Taking no action on FTC_AP_SETTINGS_CHANGE
10-16 17:35:54.270  1093  2329 I FtcAccessPointService: Received TEST_FTC_WIFI
10-16 17:35:54.334  2276  2326 I OpenGLRenderer: Initialized EGL, version 1.4
10-16 17:35:54.335  2276  2326 D OpenGLRenderer: Swap behavior 1
10-16 17:35:54.339  2276  2276 I RobotControllerAccessPointAssistant: Wi-Fi state change:, wifiApState: 13
10-16 17:35:54.340  2276  2276 I FTCService: onNetworkConnectionEvent: CONNECTION_INFO_AVAILABLE
10-16 17:35:54.340  2276  2276 I RobotCore: neverFinish
10-16 17:35:54.340  2276  2276 I FTCService: Network Connection Passphrase: neverFinish
10-16 17:35:54.340  2276  2276 V CoreRobotWebServer: starting port=8080
10-16 17:35:54.352  2276  2276 V RobotCore: Getting network assistant of type: RCWIRELESSAP
10-16 17:35:54.353  2276  2276 V CoreRobotWebServer: started port=8080
10-16 17:35:54.354  2276  2276 V FTCService: RCActivity.controllerService=bound
10-16 17:35:54.355  2276  2276 V UpdateUI: Network: active, disconnected
10-16 17:35:54.356  2276  2276 V RobotCore: Robot Status: stopped
10-16 17:35:54.363  2276  2332 V TooTallWebSocketServer: Started WebSocket server on port 8081
10-16 17:35:54.373  2276  2276 V ThreadPool: container(0x00fa466b: default threadpool) added id=151 TID=0 count=1
10-16 17:35:54.374  2276  2335 V RobotCore: thread: 'RobotSetupRunnable.run()' starting...
10-16 17:35:54.374  2276  2335 V FTCService: Processing robot setup
10-16 17:35:54.375  2276  2335 V RobotCore: Robot Status: stopped, scanning for USB devices
10-16 17:35:54.376  2276  2335 I AppAliveNotifier: Telling the OS to set the RC alive notification timeout to 10 seconds
10-16 17:35:54.387  1093  1093 I FtcAccessPointService: MonitoringThread: Changing rcAliveNotificationTimeoutSeconds from 20 to 10
10-16 17:35:54.413  2276  2276 V WebSocketManager: Registered handler for namespace ONBOTJAVA
10-16 17:35:54.416  2276  2276 V WebSocketManager: Registered handler for namespace MC
10-16 17:35:54.426  2276  2326 I [Gralloc]:  ion device open success! fd = 90
10-16 17:35:54.477   429   488 I ActivityManager: Displayed com.qualcomm.ftcrobotcontroller/org.firstinspires.ftc.robotcontroller.internal.FtcRobotControllerActivity: +3s554ms (total +4s372ms)
10-16 17:35:54.480  2276  2276 V AppUtil : rootActivity=PermissionValidatorWrapper destroyed
10-16 17:35:54.480  2276  2276 V AppUtil : rootActivity=FtcRobotControllerActivity
10-16 17:35:54.480  2276  2276 I PermissionValidatorActivity: Lifecycle onDestroy : 21fe8bb
10-16 17:35:54.497   903   903 I AppsAdapter: sortItemsIfNeeded
10-16 17:35:54.497   903   903 I AppsAdapter: sortItemsIfNeeded
10-16 17:35:54.497   903   903 I AppsAdapter: sortItemsIfNeeded
10-16 17:35:55.453   851   851 D lvjinhua:  Failed while trying resolve alarm filter file, not exists
10-16 17:35:55.947  1174  1174 I hostapd : type=1400 audit(0.0:324): avc: denied { write } for name="wpa_ctrl_1093-5" dev="mmcblk0p14" ino=344484 scontext=u:r:hostapd:s0 tcontext=u:object_r:wpa_socket:s0:c512,c768 tclass=sock_file permissive=1
10-16 17:35:56.596  2276  2305 V ThreadPool: container(0x01c77d55: default scheduler) added id=154 TID=0 count=4
10-16 17:35:59.387  2276  2335 V RobotCore: EventLoopManager state is NOT_STARTED
10-16 17:35:59.387  2276  2335 V FTCService: Waiting for a connection to a Wi-Fi service
10-16 17:35:59.388  2276  2335 V RobotCore: Robot Status: stopped, waiting for network to become active
10-16 17:35:59.389  2276  2335 I RobotControllerAccessPointAssistant: Wi-Fi AP is enabled
10-16 17:35:59.389  2276  2335 V CoreRobotWebServer: Asked an already running WebServer to start
10-16 17:35:59.390  2276  2335 V RobotCore: Robot Status: stopped, starting robot
10-16 17:35:59.390  2276  2335 V Robocol : EventLoopManager.start()
10-16 17:35:59.390  2276  2335 V RobotCore: Getting network assistant of type: RCWIRELESSAP
10-16 17:35:59.391  2276  2335 I RobotControllerAccessPointAssistant: Wi-Fi AP is enabled
10-16 17:35:59.391  2276  2335 V Robocol : Spoofing a Network Connection event...
10-16 17:35:59.392  2276  2335 I EventLoopManager: onNetworkConnectionEvent: CONNECTION_INFO_AVAILABLE
10-16 17:35:59.392  2276  2335 I Robocol : Received network connection event
10-16 17:35:59.393  2276  2335 I RobotControllerAccessPointAssistant: Wi-Fi AP is enabled
10-16 17:35:59.393  2276  2335 I NetworkConnectionHandler: Handling new network connection infomation, connected: true setup needed: true
10-16 17:35:59.394  2276  2335 I RobotControllerAccessPointAssistant: Wi-Fi AP is enabled
10-16 17:36:00.221  2343  2343 I ps      : type=1400 audit(0.0:325): avc: denied { read } for name="cmdline" dev="proc" ino=8915 scontext=u:r:untrusted_app:s0:c512,c768 tcontext=u:r:init:s0 tclass=file permissive=1
10-16 17:36:00.221  2343  2343 I ps      : type=1400 audit(0.0:326): avc: denied { open } for path="/proc/1/cmdline" dev="proc" ino=8915 scontext=u:r:untrusted_app:s0:c512,c768 tcontext=u:r:init:s0 tclass=file permissive=1
10-16 17:36:00.224  2343  2343 I ps      : type=1400 audit(0.0:327): avc: denied { getattr } for path="/proc/2" dev="proc" ino=10430 scontext=u:r:untrusted_app:s0:c512,c768 tcontext=u:r:kernel:s0 tclass=dir permissive=1
10-16 17:36:00.224  2343  2343 I ps      : type=1400 audit(0.0:328): avc: denied { search } for name="2" dev="proc" ino=10430 scontext=u:r:untrusted_app:s0:c512,c768 tcontext=u:r:kernel:s0 tclass=dir permissive=1
10-16 17:36:00.224  2343  2343 I ps      : type=1400 audit(0.0:329): avc: denied { read } for name="cmdline" dev="proc" ino=10527 scontext=u:r:untrusted_app:s0:c512,c768 tcontext=u:r:kernel:s0 tclass=file permissive=1
10-16 17:36:00.224  2343  2343 I ps      : type=1400 audit(0.0:330): avc: denied { open } for path="/proc/2/cmdline" dev="proc" ino=10527 scontext=u:r:untrusted_app:s0:c512,c768 tcontext=u:r:kernel:s0 tclass=file permissive=1
10-16 17:36:00.947  1174  1174 I hostapd : type=1400 audit(0.0:331): avc: denied { sendto } for path="/data/misc/wifi/sockets/wpa_ctrl_1093-5" scontext=u:r:hostapd:s0 tcontext=u:r:platform_app:s0:c512,c768 tclass=unix_dgram_socket permissive=1
10-16 17:36:01.144  2276  2281 I art     : Do partial code cache collection, code=61KB, data=57KB
10-16 17:36:01.144  2276  2281 I art     : After code cache collection, code=60KB, data=57KB
10-16 17:36:01.144  2276  2281 I art     : Increasing code cache capacity to 256KB
10-16 17:36:01.596  2276  2328 V ThreadPool: container(0x01c77d55: default scheduler) added id=155 TID=0 count=5
10-16 17:36:02.438  2276  2351 V RobotCore: thread: 'SetupRunnable.run()' starting...
10-16 17:36:02.438  2276  2335 V ThreadPool: executive service EventLoop(0x0258ae15) is terminated
10-16 17:36:02.438  2276  2335 V RobotCore: EventLoopManager state is STOPPED
10-16 17:36:02.440  2276  2335 V Robocol : eventLoop=FtcEventLoop
10-16 17:36:02.440  2276  2335 V RobotCore: EventLoopManager state is INIT
10-16 17:36:02.443  2276  2335 V RobotCore: Robot Status: initializing, starting robot
10-16 17:36:02.443  2276  2335 I FtcEventLoop: ======= INIT START =======
10-16 17:36:02.444  2276  2335 V OpmodeRegistration: registered {DefaultOpMode} as {$Stop$Robot$}
10-16 17:36:02.448  2276  2351 D Robocol : RobocolDatagramSocket listening addr=/192.168.43.1:20884 cbRec=65520 cbSend=106496 msRecTO=300
10-16 17:36:02.450  2276  2351 V Robocol : RecvLoopRunnable created
10-16 17:36:02.452  2276  2351 V ThreadPool: container(0x02824685: ReceiveLoopService) added id=157 TID=0 count=1
10-16 17:36:02.455  2276  2351 V ThreadPool: container(0x02824685: ReceiveLoopService) added id=158 TID=0 count=2
10-16 17:36:02.456  2276  2352 V Robocol : PacketProcessor started
10-16 17:36:02.459  2276  2351 V ThreadPool: container(0x02824685: ReceiveLoopService) added id=159 TID=0 count=3
10-16 17:36:02.462  2276  2354 V RobotCore: thread: 'RecvLoopRunnable.run()' starting...
10-16 17:36:02.465  2276  2351 V PeerDiscovery: Starting peer discovery remote: /192.168.43.1 local: /192.168.43.1
10-16 17:36:02.465  2276  2351 V PeerDiscovery: No need for initiating peer discovery, we are the Robot Controller
10-16 17:36:02.465  2276  2351 V RobotCore: Setup complete
10-16 17:36:02.465  2276  2351 V RobotCore: thread: ...terminating 'SetupRunnable.run()'
10-16 17:36:02.466  2276  2353 V Robocol : CommandProcessor started
10-16 17:36:02.520  2276  2335 V OpmodeRegistration: registered {ManualControlOpMode} as {$Manual$Control$}
10-16 17:36:02.521  2276  2335 V OpmodeRegistration: registered {standardDrive} as {standardDrive}
10-16 17:36:02.521  2276  2335 V OpmodeRegistration: registered {huskyLensTest} as {huskyLensTest}
10-16 17:36:02.522  2276  2335 V OpmodeRegistration: registered {AxonTest} as {AxonTest}
10-16 17:36:02.522  2276  2335 V OpmodeRegistration: registered {motorTest} as {motorTest}
10-16 17:36:02.523  2276  2335 V OpmodeRegistration: registered {ParkAuto} as {ParkAuto}
10-16 17:36:02.523  2276  2335 V OpmodeRegistration: registered {SensorGoBildaPinpointExample} as {goBILDA Pinpoint Example}
10-16 17:36:02.523  2276  2335 V OpmodeRegistration: registered {limelightTest} as {limelightTest}
10-16 17:36:02.524  2276  2335 V OpmodeRegistration: registered {yaibaTest} as {yaibaTest}
10-16 17:36:02.525  2276  2335 V OpmodeRegistration: registered {YAIBA} as {YAIBA}
10-16 17:36:02.580  2276  2335 V ThreadPool: container(0x01c77d55: default scheduler) added id=160 TID=0 count=6
10-16 17:36:02.581  2276  2335 V FtcEventLoop: Ensuring that the embedded Control Hub module is set up correctly
10-16 17:36:02.582  2276  2335 V RobotCore: Creating REV Robotics USB Expansion Hub Portal [(embedded)]
10-16 17:36:02.583  2276  2335 V LynxUsb : creating new [(embedded)]: 0x0df633dd
10-16 17:36:02.585  2276  2335 V FtDeviceManager: createDeviceInfoList(): 0 USB devices
10-16 17:36:02.586  2276  2335 V RobotUsbManagerCombining: FTDI driver failed to open USB device with serial number (embedded) (returned null device)
10-16 17:36:02.587  2276  2335 V SerialPortNative: [SerialPort.cpp:150] opened(/dev/ttyS1): fd=99
10-16 17:36:02.587  2276  2335 V RobotUsbDeviceTTY: opening serial=(embedded) file=/dev/ttyS1
10-16 17:36:02.588  2276  2335 V LynxUsb : armDevice() serial=(embedded)...
10-16 17:36:02.588  2276  2335 V LynxUsb : resetDevice() serial=(embedded)
10-16 17:36:02.589  2276  2335 V LynxModule: resetting embedded usb device: isPresent: was=true
10-16 17:36:02.765  2276  2354 E Robocol : exception SocketTimeoutException(Receive timed out): no packet received [java.net.PlainDatagramSocketImpl.receive0(Native Method)]
10-16 17:36:02.944  2276  2335 V ThreadPool: container(0x0f8f9b52: lynx dg poller) added id=161 TID=0 count=1
10-16 17:36:02.946  2276  2335 V LynxUsb : ...done armDevice()
10-16 17:36:02.946  2276  2356 V RobotCore: thread: 'lynx incoming datagrams' starting...
10-16 17:36:02.947  2276  2335 V LynxUsb : 0x07161f20 on 0x0df633dd: new delegate to [(embedded)]
10-16 17:36:02.947  2276  2335 V LynxUsb : addConfiguredModule() module#=173
10-16 17:36:02.955  2276  2335 V LynxModule: pingAndQueryKnownInterfaces mod=173
10-16 17:36:02.957  2276  2335 V ThreadPool: container(0x0ab4b238: lynx module executor) added id=162 TID=0 count=1
10-16 17:36:02.958  2276  2356 V LynxUsb : synchronization gained: serial=(embedded)
10-16 17:36:02.976  2276  2335 V LynxModule: mod#=173 queryInterface(DEKA)=54 commands starting at 4096
10-16 17:36:02.988  2276  2335 V LynxModule: sending LynxFtdiResetControlCommand(true) wasInterrupted=false
10-16 17:36:02.996  2276  2335 V LynxModule: sendLEDPatternSteps(): steps=[Step(color=65280, msDuration=1000)]
10-16 17:36:03.001  2276  2335 V LynxModule: setAsControlHubEmbeddedModule(mod=173)
10-16 17:36:03.001  2276  2335 V EmbeddedControlHubModule: setting embedded module
10-16 17:36:03.004  2276  2335 V LynxModule: sending LynxFtdiResetControlCommand(false) wasInterrupted=false
10-16 17:36:03.007  2276  2335 V LynxModule: close(#173)
10-16 17:36:03.008  2276  2335 V ThreadPool: waiting for service lynx module executor
10-16 17:36:03.008  2276  2335 V ThreadPool: service lynx module executor terminated in awaitTermination()
10-16 17:36:03.008  2276  2357 V ThreadPool: container(0x0ab4b238: lynx module executor) removed id=162 TID=2357 count=1
10-16 17:36:03.008  2276  2335 V ThreadPool: executive service lynx module executor(0x0ab4b238) is terminated
10-16 17:36:03.008  2276  2335 V LynxUsb : Verified that the embedded Control Hub module has the correct address
10-16 17:36:03.009  2276  2335 V LynxUsb : addConfiguredModule() module#=173
10-16 17:36:03.011  2276  2335 V LynxModule: pingAndQueryKnownInterfaces mod=173
10-16 17:36:03.012  2276  2335 V ThreadPool: container(0x0cd844d4: lynx module executor) added id=163 TID=0 count=1
10-16 17:36:03.027  2276  2335 V LynxModule: mod#=173 queryInterface(DEKA)=54 commands starting at 4096
10-16 17:36:03.039  2276  2335 V LynxModule: sending LynxFtdiResetControlCommand(true) wasInterrupted=false
10-16 17:36:03.044  2276  2335 V LynxModule: sendLEDPatternSteps(): steps=[Step(color=65280, msDuration=1000)]
10-16 17:36:03.048  2276  2335 V LynxModule: setAsControlHubEmbeddedModule(mod=173)
10-16 17:36:03.048  2276  2335 V EmbeddedControlHubModule: setting embedded module
10-16 17:36:03.050  2276  2335 V ThreadPool: container(0x00fa466b: default threadpool) added id=164 TID=0 count=2
10-16 17:36:03.054  2276  2356 V RobotCore: nack rec'd mod=173 msg#=8 ref#=0 reason=PARAM0:0
10-16 17:36:03.055  2276  2359 V LynxModule: mod#=173 queryInterface(): interface SERVO_HUB is not supported
10-16 17:36:03.056  2276  2359 I RobotCore: LynxFirmwareVersionManager: LynxI2cDeviceSynchV2
10-16 17:36:03.056  2276  2359 V LynxI2cDeviceSynch: initializeHardware() mod#=173
10-16 17:36:03.057  2276  2359 V BNO055  : Suppressing I2C warnings while we check for a BNO055 IMU
10-16 17:36:03.062  2276  2359 V BNO055  : No BNO055 IMU found
10-16 17:36:03.063  2276  2359 V BHI260IMU: Suppressing I2C warnings while we check for a BHI260AP IMU
10-16 17:36:03.067  2276  2359 V BHI260IMU: Found BHI260AP IMU
10-16 17:36:03.067  2276  2359 V EmbeddedControlHubModule: setting embedded IMU type
10-16 17:36:03.068  2276  2335 V LynxModule: sending LynxFtdiResetControlCommand(false) wasInterrupted=false
10-16 17:36:03.070  2276  2335 V LynxModule: close(#173)
10-16 17:36:03.071  2276  2335 V ThreadPool: waiting for service lynx module executor
10-16 17:36:03.071  2276  2335 V ThreadPool: service lynx module executor terminated in awaitTermination()
10-16 17:36:03.071  2276  2335 V ThreadPool: executive service lynx module executor(0x0cd844d4) is terminated
10-16 17:36:03.071  2276  2358 V ThreadPool: container(0x0cd844d4: lynx module executor) removed id=163 TID=2358 count=1
10-16 17:36:03.072  2276  2335 V LynxUsb : addConfiguredModule() module#=173
10-16 17:36:03.073  2276  2335 V LynxModule: pingAndQueryKnownInterfaces mod=173
10-16 17:36:03.074  2276  2335 V ThreadPool: container(0x091b771f: lynx module executor) added id=165 TID=0 count=1
10-16 17:36:03.085  2276  2335 V LynxModule: mod#=173 queryInterface(DEKA)=54 commands starting at 4096
10-16 17:36:03.095  2276  2335 V LynxModule: sending LynxFtdiResetControlCommand(true) wasInterrupted=false
10-16 17:36:03.100  2276  2335 V LynxModule: sendLEDPatternSteps(): steps=[Step(color=65280, msDuration=1000)]
10-16 17:36:03.104  2276  2335 V LynxModule: setAsControlHubEmbeddedModule(mod=173)
10-16 17:36:03.104  2276  2335 V EmbeddedControlHubModule: setting embedded module
10-16 17:36:03.107  2276  2359 I RobotCore: LynxFirmwareVersionManager: LynxI2cDeviceSynchV2
10-16 17:36:03.107  2276  2359 V LynxI2cDeviceSynch: initializeHardware() mod#=173
10-16 17:36:03.129  2276  2359 V BHI260IMU: flashFirmwareIfNecessary() alreadyFlashed=true firmwareVersion=20
10-16 17:36:03.129  2276  2335 V LynxModule: sending LynxFtdiResetControlCommand(false) wasInterrupted=false
10-16 17:36:03.131  2276  2335 V LynxModule: close(#173)
10-16 17:36:03.132  2276  2335 V ThreadPool: waiting for service lynx module executor
10-16 17:36:03.132  2276  2335 V ThreadPool: service lynx module executor terminated in awaitTermination()
10-16 17:36:03.132  2276  2335 V ThreadPool: executive service lynx module executor(0x091b771f) is terminated
10-16 17:36:03.132  2276  2360 V ThreadPool: container(0x091b771f: lynx module executor) removed id=165 TID=2360 count=1
10-16 17:36:03.132  2276  2335 V HardwareFactory: createHardwareMap()
10-16 17:36:03.132  2276  2335 V EmbeddedControlHubModule: clearing embedded module
10-16 17:36:03.139  2276  2335 V ReadXMLFileHandler: embedded lynx USB device and module are already present
10-16 17:36:03.140  2276  2335 V RobotCore: Creating REV Robotics USB Expansion Hub Portal [(embedded)]
10-16 17:36:03.140  2276  2335 V LynxUsb : using existing [(embedded)]: 0x0df633dd
10-16 17:36:03.141  2276  2335 V LynxUsb : 0x0d2f2b17 on 0x0df633dd: new delegate to [(embedded)]
10-16 17:36:03.141  2276  2335 V LynxUsb : addConfiguredModule() module#=173
10-16 17:36:03.142  2276  2335 V LynxModule: pingAndQueryKnownInterfaces mod=173
10-16 17:36:03.143  2276  2335 V ThreadPool: container(0x07008b04: lynx module executor) added id=166 TID=0 count=1
10-16 17:36:03.153  2276  2335 V LynxModule: mod#=173 queryInterface(DEKA)=54 commands starting at 4096
10-16 17:36:03.160  2276  2335 V LynxModule: sending LynxFtdiResetControlCommand(true) wasInterrupted=false
10-16 17:36:03.165  2276  2352 D RobotCore: system telemetry: key=$System$None$ msg=""
10-16 17:36:03.165  2276  2335 V LynxModule: sendLEDPatternSteps(): steps=[Step(color=65280, msDuration=1000)]
10-16 17:36:03.165  2276  2352 V PeerDiscovery: new remote peer discovered: 192.168.43.149
10-16 17:36:03.165  2276  2352 V NetworkConnectionHandler: starting sending loop
10-16 17:36:03.167  2276  2362 V Robocol : sending CMD_NOTIFY_ROBOT_STATE(9), attempt: 0
10-16 17:36:03.168  2276  2362 V Robocol : sending CMD_NOTIFY_ROBOT_STATE(10), attempt: 0
10-16 17:36:03.169  2276  2362 V Robocol : sending CMD_NOTIFY_ROBOT_STATE(11), attempt: 0
10-16 17:36:03.169  2276  2335 V LynxModule: setAsControlHubEmbeddedModule(mod=173)
10-16 17:36:03.170  2276  2335 V EmbeddedControlHubModule: setting embedded module
10-16 17:36:03.170  2276  2362 V Robocol : sending CMD_NOTIFY_ACTIVE_CONFIGURATION(13), attempt: 0
10-16 17:36:03.171  2276  2335 V LynxMotor: initializeHardware() mod#=173
10-16 17:36:03.171  2276  2362 V Robocol : sending CMD_NOTIFY_USER_DEVICE_LIST(14), attempt: 0
10-16 17:36:03.178  2276  2362 V Robocol : sending CMD_NOTIFY_OP_MODE_LIST(15), attempt: 0
10-16 17:36:03.189  2276  2352 V ThreadPool: container(0x0c7d5370: SoundPlayer) added id=170 TID=0 count=1
10-16 17:36:03.190  2276  2352 V UpdateUI: Network: active, connected
10-16 17:36:03.190  2276  2352 D FTCService: Sending user device types and preferences to driver station
10-16 17:36:03.191   203   203 I MediaPlayerService: processName cmdline:/proc/2276/cmdline
10-16 17:36:03.192   203   618 I MediaPlayerFactory:  createFFPlayer
10-16 17:36:03.193   203   618 E FFPlayer: isBluray(), extension = .apk
10-16 17:36:03.191   203   203 I Binder:203_3: type=1400 audit(0.0:332): avc: denied { create } for name="rk_ext_subtitle" scontext=u:r:mediaserver:s0 tcontext=u:object_r:system_data_file:s0 tclass=dir permissive=1
10-16 17:36:03.194   203   618 E FFPlayerHelper: isBDDirectory() ,path = /data/app/com.qualcomm.ftcrobotcontroller-1/base.apk
10-16 17:36:03.194   203   618 E FFPlayerHelper: isBDDirectory(): no BDMV
10-16 17:36:03.194   203   618 D RkMemConfig: RkMemConfig init
10-16 17:36:03.194   203   618 E RockFFPlayerBase: FFMPlayerBase:eDisplayIdMain
10-16 17:36:03.194   203   618 D FFPlayerHelper: MediaServer is SP_FOREGROUND, tid=618
10-16 17:36:03.195   203   618 D RkExtensionPlayer: RkExtensionPlayer in
10-16 17:36:03.195   203   618 D RkExtensionPlayer: checkDirectoryAccess: Directory[0] = /tmp/rk_ext_subtitle/, AccessPermission = -1
10-16 17:36:03.195   203   618 D RkExtensionPlayer: checkDirectoryAccess: Directory[1] = /data/rk_ext_subtitle/, AccessPermission = -1
10-16 17:36:03.195   203   618 D RkExtensionPlayer: checkDirectoryAccess: Directory[2] = /data/media/0/rk_ext_subtitle/, AccessPermission = -1
10-16 17:36:03.195   203   618 E RkExtensionPlayer: createDirectory(), path = /tmp/rk_ext_subtitle/
10-16 17:36:03.195   203   618 E RkExtensionPlayer: createDirectory(), create directory = /tmp/rk_ext_subtitle/ fail,reson = No such file or directory
10-16 17:36:03.195   203   618 E RkExtensionPlayer: createDirectory(), path = /data/rk_ext_subtitle/
10-16 17:36:03.197   203   618 E RkExtensionPlayer: createDirectory(), path = /data/rk_ext_subtitle/edfb43c0/
10-16 17:36:03.198   203   618 D RkExtensionPlayer: checkDirectoryAccess: Use [/data/rk_ext_subtitle/edfb43c0/] as Temp Subtile Directory
10-16 17:36:03.201   203   618 E TraceThread: TraceThread::randomUID() --> [UID=c20eec8e]
10-16 17:36:03.201   203   618 E TraceThread:     RockFFPlayer(tid = 3965028640)--> [UID=c20eec8e] FFMPlayer Construction; object=0xebfab000
10-16 17:36:03.201   203   618 D RockFFPlayer: setDataSource fd = 12, offset =22899136,length = 72716
10-16 17:36:03.201   203   618 D RockFFPlayer: start:create thread
10-16 17:36:03.191   203   203 I Binder:203_3: type=1400 audit(0.0:333): avc: denied { setattr } for name="rk_ext_subtitle" dev="mmcblk0p14" ino=588673 scontext=u:r:mediaserver:s0 tcontext=u:object_r:system_data_file:s0 tclass=dir permissive=1
10-16 17:36:03.201   203  2368 D RockFFPlayer: RkMessageQueue::run()
10-16 17:36:03.202   203  2367 E TraceThread:     VsyncReciver(tid = 3962939680)--> [UID=c20eec8e] VsyncReciver::startthread
10-16 17:36:03.202   203   618 D RockFFPlayer: start:create thread ok,mThreadStatus=0
10-16 17:36:03.203   203   618 D RockFFPlayer: enter enqueueMessage
10-16 17:36:03.203   203   618 D RockFFPlayer: enqueueMessage:****1
10-16 17:36:03.203   203   618 D RockFFPlayer: enqueueMessage:****2
10-16 17:36:03.203   203   618 D RockFFPlayer: enqueueMessage:****3
10-16 17:36:03.203   203   618 D RockFFPlayer: enqueueMessage:Message 1,set signal
10-16 17:36:03.203   203   618 D RockFFPlayer: enqueueMessage:sync wait
10-16 17:36:03.203   203  2368 D RockFFPlayer: deliverMessage 
10-16 17:36:03.203   203  2368 D RockFFPlayer: run : dequeueMessage Message 20
10-16 17:36:03.203   203  2368 D RockFFPlayer: CMD_CURRENTSTATUS
10-16 17:36:03.203   203  2368 D RockFFPlayerBase: dumpStatus(): Initialized
10-16 17:36:03.203   203  2368 D RockFFPlayer: run : dequeueMessage Message 20 OK
10-16 17:36:03.203   203  2368 D RockFFPlayer: Messagecomplete type [20]
10-16 17:36:03.203   203   618 D RockFFPlayer: enqueueMessage:sync wait ok
10-16 17:36:03.203   203  2368 D RockFFPlayer: run : Message 20 complete
10-16 17:36:03.205   203   723 D RockFFPlayer: prepareAsync in
10-16 17:36:03.205   203   723 D RockFFPlayerBase: dumpStatus(): Initialized
10-16 17:36:03.205   203   723 D RockFFPlayerBase: dumpStatus(): Preparing
10-16 17:36:03.205   203  2369 I FFPlayer_Version: ******************************************
10-16 17:36:03.205   203  2369 I FFPlayer_Version: 
10-16 17:36:03.205   203  2369 I FFPlayer_Version: starting main player: v2.1 ffplayer git_version: git-2018-01-18-45a23f4
10-16 17:36:03.207   203  2369 I FFPlayer_Version: ffPlayer runs on BOARD_RK3328
10-16 17:36:03.207   203  2369 I FFPlayer_Version: 
10-16 17:36:03.207   203  2369 I FFPlayer_Version: ******************************************
10-16 17:36:03.207   203  2369 I RockFFPlayer: setDataSource(url =file/fd::12,offset::22899136,length::72716)
10-16 17:36:03.207   203  2369 I RockFFPlayer: setDataSource(fileurl =/data/app/com.qualcomm.ftcrobotcontroller-1/base.apk)
10-16 17:36:03.207   203   723 D RockFFPlayer: prepareAsync ok
10-16 17:36:03.207   203  2369 E RockFFPlayerBase: openContext : in
10-16 17:36:03.207   203  2369 E RockFFPlayer: ffmpeg version v2.1: git-2017-12-25-6d3343b
10-16 17:36:03.208   203  2369 E RockFFPlayer: av_probe_input_buffer:avio_read
10-16 17:36:03.209   203  2369 I RockFFPlayer: flv_probe get probe score: 0
10-16 17:36:03.209   203  2369 E RockFFPlayer: Hery, probe size = 0
10-16 17:36:03.210   203  2369 E RockFFPlayer: avformat_open_input:read_header
10-16 17:36:03.211   203  2369 E RockFFPlayer: file_read: offset=22971852, c->offset=22899136, c->length=72716
10-16 17:36:03.211   203  2369 E RockFFPlayer: file_read: offset=22971852, c->offset=22899136, c->length=72716
10-16 17:36:03.211   203  2369 E RockFFPlayer: avformat_open_input:read_header ok
10-16 17:36:03.211   203  2369 D RkExtensionPlayer: openContext in
10-16 17:36:03.211   203  2369 E RkExtensionPlayer: autoDetect(): path = /data/app/com.qualcomm.ftcrobotcontroller-1/base.apk
10-16 17:36:03.211   203  2369 E FFPlayerHelper: isNetWorkUrl: url = /data/app/com.qualcomm.ftcrobotcontroller-1/base.apk
10-16 17:36:03.207   203   203 I FFParser: type=1400 audit(0.0:334): avc: denied { read } for name="com.qualcomm.ftcrobotcontroller-1" dev="mmcblk0p14" ino=327131 scontext=u:r:mediaserver:s0 tcontext=u:object_r:apk_data_file:s0 tclass=dir permissive=1
10-16 17:36:03.211  2276  2352 V NetDiscover_prefremrc: sendAllPreferences()
10-16 17:36:03.212  2276  2352 V NetDiscover_prefremrc: sending RC pref name=pref_wifip2p_remote_channel_change_works value=false
10-16 17:36:03.212   203  2369 E FFPlayerHelper: isBDDirectory() ,path = /data/app/com.qualcomm.ftcrobotcontroller-1
10-16 17:36:03.212   203  2369 E FFPlayerHelper: isBDDirectory(): no BDMV
10-16 17:36:03.212   203  2369 D RkExtensionPlayer: openContext out,mTrackInfos size = 0
10-16 17:36:03.212   203  2369 E RockFFPlayerBase: openContext : out,ret = 0
10-16 17:36:03.212   203  2369 D RockFFPlayer: the source format name: wav
10-16 17:36:03.212   203  2369 D RockFFPlayer: find av stream info in
10-16 17:36:03.213   203  2369 I RockFFPlayer: flv_probe get probe score: 0
10-16 17:36:03.213   203  2369 E RockFFPlayer: Hery, probe size = 0
10-16 17:36:03.214   203  2369 I RockFFPlayer: flv_probe get probe score: 0
10-16 17:36:03.214   203  2369 E RockFFPlayer: Hery, probe size = 0
10-16 17:36:03.217   203  2369 I RockFFPlayer: flv_probe get probe score: 0
10-16 17:36:03.207   203   203 I FFParser: type=1400 audit(0.0:335): avc: denied { open } for path="/data/app/com.qualcomm.ftcrobotcontroller-1" dev="mmcblk0p14" ino=327131 scontext=u:r:mediaserver:s0 tcontext=u:object_r:apk_data_file:s0 tclass=dir permissive=1
10-16 17:36:03.218   203  2369 E RockFFPlayer: Hery, probe size = 0
10-16 17:36:03.219  2276  2352 V NetDiscover_prefremrc: sending RC pref name=pref_device_name value=FTC-22346
10-16 17:36:03.220  2276  2352 V NetDiscover_prefremrc: sending RC pref name=pref_warn_about_incorrect_clocks value=true
10-16 17:36:03.221  2276  2352 V NetDiscover_prefremrc: sending RC pref name=pref_warn_about_obsolete_software value=true
10-16 17:36:03.221  2276  2352 V NetDiscover_prefremrc: sending RC pref name=pref_has_speaker value=false
10-16 17:36:03.222  2276  2352 V NetDiscover_prefremrc: sending RC pref name=pref_warn_about_2_4_ghz_band value=true
10-16 17:36:03.222   203  2369 I RockFFPlayer: flv_probe get probe score: 0
10-16 17:36:03.223  2276  2352 V NetDiscover_prefremrc: sending RC pref name=pref_has_independent_phone_battery value=false
10-16 17:36:03.223  2276  2352 V NetDiscover_prefremrc: sending RC pref name=pref_app_theme value=red
10-16 17:36:03.224   203  2369 E RockFFPlayer: Hery, probe size = 0
10-16 17:36:03.224  2276  2352 V NetDiscover_prefremrc: sending RC pref name=pref_warn_about_mismatched_app_versions value=true
10-16 17:36:03.225  2276  2352 V NetDiscover_prefremrc: sending RC pref name=pref_sound_on_off value=false
10-16 17:36:03.225  2276  2352 V NetworkConnectionHandler: Peer connection established
10-16 17:36:03.229  2276  2352 V Robocol : packet processing took 64.5ms: type=PEER_DISCOVERY
10-16 17:36:03.233   203  2369 I RockFFPlayer: flv_probe get probe score: 0
10-16 17:36:03.235  2276  2335 V RobotCore: DcMotorImpl(type=goBILDA5202SeriesMotor)
10-16 17:36:03.235  2276  2335 V RobotCore: DcMotorImpl(type=goBILDA5202SeriesMotor)
10-16 17:36:03.235  2276  2335 V RobotCore: DcMotorImpl(type=goBILDA5202SeriesMotor)
10-16 17:36:03.236  2276  2335 V RobotCore: DcMotorImpl(type=goBILDA5202SeriesMotor)
10-16 17:36:03.236   203  2369 E RockFFPlayer: Hery, probe size = 0
10-16 17:36:03.236  2276  2335 V LynxServoController: initializeHardware() mod#=173
10-16 17:36:03.243  2276  2354 V EventLoopManager: Setting authoritative wall clock based on connected DS.
10-16 17:36:03.244  2276  2354 D Uvc     : [time.cpp:64] Java_org_firstinspires_ftc_robotcore_internal_system_AppUtil_nativeSetCurrentTimeMillis()...
10-16 17:36:03.231   203  2369 E RockFFPlayer: file_read: offset=22971852, c->offset=22899136, c->length=72716
10-16 17:36:03.231   203  2369 E RockFFPlayer: file_read: offset=22971852, c->offset=22899136, c->length=72716
10-16 17:36:03.231  2276  2354 I JniTime : [time.cpp:83] settimeofday() succeeded
10-16 17:36:03.232  2276  2354 D Uvc     : [time.cpp:64] ...Java_org_firstinspires_ftc_robotcore_internal_system_AppUtil_nativeSetCurrentTimeMillis()
10-16 17:36:03.232  2276  2362 V Robocol : sending CMD_NOTIFY_USER_DEVICE_LIST(19), attempt: 0
10-16 17:36:03.235   203  2369 I RockFFPlayer: flv_probe get probe score: 0
10-16 17:36:03.235  2276  2362 V Robocol : sending CMD_ROBOT_CONTROLLER_PREFERENCE(20), attempt: 0
10-16 17:36:03.235   429  1751 D AlarmManagerService: Kernel timezone updated to 240 minutes west of GMT
