12-31 19:00:11.301 D/VoldConnector(  429): RCV <- {651 emulated 2}
12-31 19:00:11.301 D/VoldConnector(  429): RCV <- {200 5 Command succeeded}
12-31 19:00:11.443 D/ZenLog  (  429): set_zen_mode: alarms,cleanUpZenRules
12-31 19:00:11.535 W/ActivityManager(  429): Slow operation: 84ms so far, now at startProcess: returned from zygote!
12-31 19:00:11.536 W/ActivityManager(  429): Slow operation: 84ms so far, now at startProcess: done updating battery stats
12-31 19:00:11.536 W/ActivityManager(  429): Slow operation: 85ms so far, now at startProcess: building log message
12-31 19:00:11.536 I/ActivityManager(  429): Start proc 632:WebViewLoader-armeabi-v7a/1037 [android.webkit.WebViewFactory$RelroFileCreator] for 
12-31 19:00:11.536 W/ActivityManager(  429): Slow operation: 85ms so far, now at startProcess: starting to update pids map
12-31 19:00:11.536 W/ActivityManager(  429): Slow operation: 85ms so far, now at startProcess: done updating pids map
12-31 19:00:11.536 W/ActivityManager(  429): Slow operation: 85ms so far, now at startProcess: done starting proc!
12-31 19:00:11.548 I/ActivityManager(  429): Start proc 645:WebViewLoader-arm64-v8a/1037 [android.webkit.WebViewFactory$RelroFileCreator] for 
12-31 19:00:11.550 D/ConditionProviders.SCP(  429): onSubscribe condition://android/schedule?days=1.2.3.4.5&start=22.0&end=7.0&exitAtAlarm=false
12-31 19:00:11.550 D/NetworkManagement(  429): enabling bandwidth control
12-31 19:00:11.551 D/ConditionProviders.SCP(  429): setRegistered true
12-31 19:00:11.555 D/ConditionProviders.SCP(  429): notifyCondition condition://android/schedule?days=1.2.3.4.5&start=22.0&end=7.0&exitAtAlarm=false STATE_FALSE reason=!meetsSchedule
12-31 19:00:11.577 D/lvjinhua(  552):  Failed while trying resolve alarm filter file, not exists
12-31 19:00:11.627 V/FingerprintManager(  552): FingerprintManagerService was null
12-31 19:00:11.660 D/ConditionProviders.SCP(  429): Scheduling evaluate for Wed Dec 31 22:00:00 EST 1969 (10800000), in +2h59m48s449ms, now=Wed Dec 31 19:00:11 EST 1969 (11551)
12-31 19:00:11.660 D/ConditionProviders.SCP(  429): onSubscribe condition://android/schedule?days=6.7&start=23.30&end=10.0&exitAtAlarm=false
12-31 19:00:11.661 D/ConditionProviders.SCP(  429): notifyCondition condition://android/schedule?days=6.7&start=23.30&end=10.0&exitAtAlarm=false STATE_FALSE reason=!meetsSchedule
12-31 19:00:11.662 D/ConditionProviders.SCP(  429): notifyCondition condition://android/schedule?days=1.2.3.4.5&start=22.0&end=7.0&exitAtAlarm=false STATE_FALSE reason=!meetsSchedule
12-31 19:00:11.662 D/ConditionProviders.SCP(  429): Scheduling evaluate for Wed Dec 31 22:00:00 EST 1969 (10800000), in +2h59m48s339ms, now=Wed Dec 31 19:00:11 EST 1969 (11661)
12-31 19:00:11.663 W/ContextImpl(  429): Calling a method in the system process without a qualified user: android.app.ContextImpl.startService:1357 com.android.server.content.SyncManager$13.run:658 android.os.Handler.handleCallback:755 android.os.Handler.dispatchMessage:95 android.os.Looper.loop:154 
12-31 19:00:11.665 D/ZenLog  (  429): intercepted: -1|android|17040424|null|1000,alarmsOnly
12-31 19:00:11.666 V/NotificationService(  429): pkg=android canInterrupt=false intercept=true
12-31 19:00:11.667 D/ZenLog  (  429): intercepted: -1|android|17040429|null|1000,alarmsOnly
12-31 19:00:11.667 V/NotificationService(  429): pkg=android canInterrupt=false intercept=true
12-31 19:00:11.676 I/SyncManager(  429): Got SyncJobService instance.
12-31 19:00:11.917 D/NetworkPolicy(  429): setRestrictBackgroundUL(): false
12-31 19:00:12.127 I/SystemServiceManager(  429): Starting phase 600
12-31 19:00:12.128 W/WindowManager(  429): Keyguard drawn timeout. Setting mKeyguardDrawComplete
12-31 19:00:12.132 V/NotificationListeners(  429): enabling notification listener for 0: ComponentInfo{com.rockchips.android.leanbacklauncher/com.rockchips.android.leanbacklauncher.recommendations.NotificationsService}
12-31 19:00:12.133 W/ActivityManager(  429): Unable to start service Intent { act=android.service.notification.NotificationListenerService cmp=com.rockchips.android.leanbacklauncher/.recommendations.NotificationsService } U=0: not found
12-31 19:00:12.133 W/NotificationListeners(  429): Unable to bind notification listener service: Intent { act=android.service.notification.NotificationListenerService cmp=com.rockchips.android.leanbacklauncher/.recommendations.NotificationsService (has extras) }
12-31 19:00:12.152 D/SensorNotificationService(  429): Cannot obtain dynamic meta sensor, not supported.
12-31 19:00:12.166 W/LocationManagerService(  429): no network location provider found
12-31 19:00:12.185 E/LocationManagerService(  429): no geocoder provider found
12-31 19:00:12.186 D/LocationManagerService(  429): FLP HAL not supported
12-31 19:00:12.191 D/LocationManagerService(  429): Unable to bind FLP Geofence proxy.
12-31 19:00:12.191 D/LocationManagerService(  429): Hardware Activity-Recognition not supported.
12-31 19:00:12.194 D/LocationManagerService(  429): Unable to bind ActivityRecognitionProxy.
12-31 19:00:12.216 V/WiredAccessoryManager(  429): init()
12-31 19:00:12.222 I/MmsServiceBroker(  429): Delay connecting to MmsService until an API is called
12-31 19:00:12.228 I/ActivityManager(  429): Force stopping com.android.providers.media appid=10006 user=-1: vold reset
12-31 19:00:12.230 W/KeyguardServiceDelegate(  429): onScreenTurningOn(): no keyguard service!
12-31 19:00:12.240 I/SystemServiceManager(  429): Starting phase 1000
12-31 19:00:12.344 I/ActivityManager(  429): Start proc 783:android.ext.services/u0a7 for on-hold
12-31 19:00:12.360 D/ActivityManager(  429): Finishing user boot 0
12-31 19:00:12.362 D/CryptdConnector(  429): SND -> {3 cryptfs prepare_user_storage ! 0 0 2}
12-31 19:00:12.363 D/vold    (  151): e4crypt_prepare_user_storage for volume null, user 0, serial 0, flags 2
12-31 19:00:12.363 D/vold    (  151): Preparing: /data/system_ce/0
12-31 19:00:12.363 D/vold    (  151): Preparing: /data/misc_ce/0
12-31 19:00:12.363 D/vold    (  151): Preparing: /data/media/0
12-31 19:00:12.363 D/vold    (  151): Preparing: /data/data
12-31 19:00:12.363 D/CryptdConnector(  429): RCV <- {200 3 Command succeeded}
12-31 19:00:12.364 V/UserManagerService(  429): Found /data/user/0 with serial number 0
12-31 19:00:12.364 V/UserManagerService(  429): Found /data/system_ce/0 with serial number 0
12-31 19:00:12.364 V/PackageManager(  429): reconcileAppsData for null u0 0x2
12-31 19:00:12.631 V/PackageManager(  429): reconcileAppsData finished 49 packages
12-31 19:00:12.653 I/ActivityManager(  429): Start proc 810:com.android.keychain/1000 for service com.android.keychain/.KeyChainService
12-31 19:00:12.659 D/BluetoothManagerService(  429): User 0 unlocked
12-31 19:00:12.659 D/MountService(  429): onUnlockUser 0
12-31 19:00:12.659 D/VoldConnector(  429): SND -> {6 volume user_started 0}
12-31 19:00:12.660 D/BluetoothManagerService(  429): MESSAGE_USER_UNLOCKED
12-31 19:00:12.660 D/vold    (  151): Linking /storage/emulated/0 to /mnt/user/0/primary
12-31 19:00:12.661 D/VoldConnector(  429): RCV <- {200 6 Command succeeded}
12-31 19:00:12.663 D/MountService(  429): Volume emulated broadcasting mounted to UserHandle{0}
12-31 19:00:12.684 W/WindowManager(  429): animateResizePinnedStack: stackId 4 not found.
12-31 19:00:12.788 I/ActivityManager(  429): Start proc 831:com.android.providers.calendar/u0a1 for content provider com.android.providers.calendar/.CalendarProvider2
12-31 19:00:12.795 V/BackupManagerService(  429): Starting with transport android/com.android.internal.backup.LocalTransport
12-31 19:00:12.796 V/BackupManagerService(  429): Found transports: 2
12-31 19:00:12.804 W/BackupManagerService(  429): Proposed transport ComponentInfo{com.revrobotics.controlhubupdater/com.revrobotics.controlhubupdater.backup.RevBackupTransportService} not whitelisted; ignoring
12-31 19:00:12.812 I/BackupManagerService(  429): Backup enabled => true
12-31 19:00:12.826 V/KeyValueBackupJob(  429): Scheduling k/v pass in 245 minutes
12-31 19:00:12.845 W/VoiceInteractionManagerService(  429): no available voice interaction services found for user 0
12-31 19:00:12.845 D/ConnectivityService(  429): Got NetworkFactory Messenger for WIFI
12-31 19:00:12.845 W/VoiceInteractionManagerService(  429): no available voice recognition services found for user 0
12-31 19:00:12.845 D/ConnectivityService(  429): Got NetworkFactory Messenger for WIFI_UT
12-31 19:00:12.845 D/ConnectivityService(  429): NetworkFactory connected
12-31 19:00:12.845 D/ConnectivityService(  429): NetworkFactory connected
12-31 19:00:12.846 I/ActivityManager(  429): Loading recents for user 0 into memory.
12-31 19:00:12.866 I/ActivityManager(  429): Start proc 851:android.process.media/u0a6 for broadcast com.android.providers.downloads/.DownloadReceiver
12-31 19:00:12.907 I/ActivityManager(  429): Start proc 867:com.android.inputmethod.latin/u0a27 for added application com.android.inputmethod.latin
12-31 19:00:12.912 D/ActivityManager(  429): Sending BOOT_COMPLETE user #0
12-31 19:00:13.016 I/ActivityManager(  429): START u0 {act=android.intent.action.MAIN cat=[android.intent.category.HOME] flg=0x10000100 cmp=com.rockchips.android.leanbacklauncher/.MainActivity} from uid 0 on display 0
12-31 19:00:13.018 V/NotificationListeners(  429): enabling notification listener for 0: ComponentInfo{com.rockchips.android.leanbacklauncher/com.rockchips.android.leanbacklauncher.recommendations.NotificationsService}
12-31 19:00:13.037 I/ActivityManager(  429): Start proc 903:com.rockchips.android.leanbacklauncher/1000 for activity com.rockchips.android.leanbacklauncher/.MainActivity
12-31 19:00:13.056 I/StatusBarManagerService(  429): registerStatusBar bar=com.android.internal.statusbar.IStatusBar$Stub$Proxy@91ec1f1
12-31 19:00:13.064 D/lvjinhua(  831):  Failed while trying resolve alarm filter file, not exists
12-31 19:00:13.187 V/BackupManagerService(  429): Connected to transport ComponentInfo{android/com.android.internal.backup.LocalTransportService}
12-31 19:00:13.187 V/BackupManagerService(  429): Registering transport android/com.android.internal.backup.LocalTransportService::android/com.android.internal.backup.LocalTransport = android.app.backup.BackupTransport$TransportImpl@dac04e0
12-31 19:00:13.231 W/WindowManager(  429): Keyguard drawn timeout. Setting mKeyguardDrawComplete
12-31 19:00:13.336 I/BackupManagerService(  429): Found stale backup journal, scheduling
12-31 19:00:13.525 W/ContextImpl(  903): Calling a method in the system process without a qualified user: android.app.ContextImpl.bindService:1421 android.content.ContextWrapper.bindService:636 com.rockchips.android.leanbacklauncher.tvrecommendations.RecommendationsClient.connect:55 com.rockchips.android.leanbacklauncher.notifications.NotificationsServiceAdapter.onInitUi:156 com.rockchips.android.leanbacklauncher.notifications.NotificationsAdapter.onInitUi:371 
12-31 19:00:13.648 D/ZenLog  (  429): config: listener:com.rockchips.android.leanbacklauncher/.recommendations.NotificationsService,ZenModeConfig[user=0,allowCalls=true,allowRepeatCallers=false,allowMessages=false,allowCallsFrom=contacts,allowMessagesFrom=contacts,allowReminders=true,allowEvents=true,allowWhenScreenOff=true,allowWhenScreenOn=true,automaticRules={0731d2baafca47a9b0707525b6bf891b=ZenRule[enabled=false,snoozing=false,name=Event,zenMode=ZEN_MODE_ALARMS,conditionId=condition://android/event?userId=-10000&calendar=&reply=1,condition=Condition[id=condition://android/event?userId=-10000&calendar=&reply=1,summary=...,line1=...,line2=...,icon=0,state=STATE_FALSE,flags=2],component=ComponentInfo{android/com.android.server.notification.EventConditionProvider},id=0731d2baafca47a9b0707525b6bf891b,creationTime=116802,enabler=null], 103c8188905b4d1785c02dffa438a1db=ZenRule[enabled=false,snoozing=false,name=Weeknight,zenMode=ZEN_MODE_ALARMS,conditionId=condition://android/schedule?days=1.2.3.4.5&start=22.0&end=7.0&exitAtAlarm=false,condition=Condition[id=condition://android/schedule?days=1.2.3.4.5&start=22.0&end=7.0&exitAtAlarm=false,summary=...,line1=...,line2=...,icon=0,state=STATE_FALSE,flags=2],component=ComponentInfo{android/com.android.server.notification.ScheduleConditionProvider},id=103c8188905b4d1785c02dffa438a1db,creationTime=116801,enabler=null], 3b7cafd707b14af583338dcf0ecb1c3e=ZenRule[enabled=false,snoozing=false,name=Weekend,zenMode=ZEN_MODE_ALARMS,conditionId=condition://android/schedule?days=6.7&start=23.30&end=10.0&exitAtAlarm=false,condition=Condition[id=condition://android/schedule?days=6.7&start=23.30&end=10.0&exitAtAlarm=false,summary=...,line1=...,line2=...,icon=0,state=STATE_FALSE,flags=2],component=ComponentInfo{android/com.android.server.notification.ScheduleConditionProvider},id=3b7cafd707b14af583338dcf0ecb1c3e,creationTime=116801,enabler=null]},manualRule=ZenRule[enabled=true,snoozing=false,name=null,zenMode=ZEN_MODE_ALARMS,conditionId=null,condition=null,component=null,id=null,creationTime=0,enabler=com.rockchips.android.leanbacklauncher]],Diff[manualRule.enabler:com.rockchips.android.leanbacklauncher->com.rockchips.android.leanbacklauncher]
12-31 19:00:13.650 D/ZenLog  (  429): set_zen_mode: alarms,listener:com.rockchips.android.leanbacklauncher/.recommendations.NotificationsService
12-31 19:00:13.704 V/InputMethodManagerService(  429): Adding window token: android.os.Binder@806657a
12-31 19:00:13.928 I/ActivityManager(  429): Start proc 1007:android.process.acore/u0a2 for content provider com.android.providers.userdictionary/.UserDictionaryProvider
12-31 19:00:14.178 E/ActivityThread(  903): Failed to find provider info for com.rockchips.android.gsf.gservices
12-31 19:00:14.179 E/ActivityThread(  903): Failed to find provider info for com.rockchips.android.gsf.gservices
12-31 19:00:14.180 E/ActivityThread(  903): Failed to find provider info for com.rockchips.android.gsf.gservices
12-31 19:00:14.181 E/ActivityThread(  903): Failed to find provider info for com.rockchips.android.gsf.gservices
12-31 19:00:14.182 E/ActivityThread(  903): Failed to find provider info for com.rockchips.android.gsf.gservices
12-31 19:00:14.302 D/lvjinhua(  851):  Failed while trying resolve alarm filter file, not exists
12-31 19:00:14.444 I/ActivityManager(  429): Start proc 1074:com.revrobotics.controlhubupdater/1000 for broadcast com.revrobotics.controlhubupdater/.BootBroadcastReceiver
12-31 19:00:14.449 I/BootReceiver(  429): Copying /proc/last_kmsg to DropBox (SYSTEM_LAST_KMSG)
12-31 19:00:14.532 I/BootReceiver(  429): Copying audit failures to DropBox
12-31 19:00:14.541 I/BootReceiver(  429): Copied 0 worth of audits to DropBox
12-31 19:00:14.551 I/BootReceiver(  429): Checking for fsck errors
12-31 19:00:14.645 W/ContextImpl( 1074): Calling a method in the system process without a qualified user: android.app.ContextImpl.startService:1357 android.content.ContextWrapper.startService:613 com.revrobotics.controlhubupdater.BootBroadcastReceiver.onReceive:27 android.app.ActivityThread.handleReceiver:3041 android.app.ActivityThread.-wrap18:-1 
12-31 19:00:14.661 I/ActivityManager(  429): Start proc 1093:org.firstinspires.ftc.ftcaccesspointservice/u0a17 for broadcast org.firstinspires.ftc.ftcaccesspointservice/.FtcBroadcastReceiver
12-31 19:00:14.776 W/ContextImpl( 1074): Calling a method in the system process without a qualified user: android.app.ContextImpl.startActivity:767 android.content.ContextWrapper.startActivity:356 com.revrobotics.controlhubupdater.util.SystemUtil.launchApplicationMainActivity:100 com.revrobotics.controlhubupdater.apkinstallation.AppType$1.launch:30 com.revrobotics.controlhubupdater.BootService.launchAppsIfNotRunning:221 
12-31 19:00:14.776 W/ContextImpl( 1074): Calling a method in the system process without a qualified user: android.app.ContextImpl.startActivity:779 android.app.ContextImpl.startActivity:768 android.content.ContextWrapper.startActivity:356 com.revrobotics.controlhubupdater.util.SystemUtil.launchApplicationMainActivity:100 com.revrobotics.controlhubupdater.apkinstallation.AppType$1.launch:30 
12-31 19:00:14.777 I/ActivityManager(  429): START u0 {act=android.intent.action.MAIN cat=[android.intent.category.LAUNCHER] flg=0x10000000 pkg=com.qualcomm.ftcrobotcontroller cmp=com.qualcomm.ftcrobotcontroller/org.firstinspires.ftc.robotcontroller.internal.PermissionValidatorWrapper} from uid 1000 on display 0
12-31 19:00:14.812 I/ActivityManager(  429): Start proc 1114:com.qualcomm.ftcrobotcontroller/u0a38 for activity com.qualcomm.ftcrobotcontroller/org.firstinspires.ftc.robotcontroller.internal.PermissionValidatorWrapper
12-31 19:00:14.820 W/ContextImpl( 1074): Calling a method in the system process without a qualified user: android.app.ContextImpl.bindService:1421 android.content.ContextWrapper.bindService:636 android.media.MediaScannerConnection.connect:119 android.media.MediaScannerConnection.scanFile:243 com.revrobotics.controlhubupdater.util.UpdaterLog.finishedLogging:78 
12-31 19:00:14.938 W/BackupManagerService(  429): dataChanged but no participant pkg='com.android.providers.settings' uid=10017
12-31 19:00:15.099 W/WindowManager(  429): App freeze timeout expired.
12-31 19:00:15.278 I/ActivityManager(  429): START u0 {cmp=com.qualcomm.ftcrobotcontroller/org.firstinspires.ftc.robotcontroller.internal.FtcRobotControllerActivity} from uid 10038 on display 0
12-31 19:00:15.296 I/ActivityManager(  429): START u0 {flg=0x10000000 cmp=com.qualcomm.ftcrobotcontroller/org.firstinspires.ftc.robotcontroller.internal.PermissionValidatorWrapper} from uid 10038 on display 0
12-31 19:00:15.504 W/ContextImpl(  566): Calling a method in the system process without a qualified user: android.app.ContextImpl.startService:1357 android.content.ContextWrapper.startService:613 android.content.ContextWrapper.startService:613 com.android.tv.settings.users.UserSwitchListenerService$BootReceiver.onReceive:54 android.app.ActivityThread.handleReceiver:3041 
12-31 19:00:15.784 W/ActivityManager(  429): Activity pause timeout for ActivityRecord{3f66000 u0 com.qualcomm.ftcrobotcontroller/org.firstinspires.ftc.robotcontroller.internal.PermissionValidatorWrapper t3937 f}
12-31 19:00:16.851 I/ActivityManager(  429): Start proc 1158:com.android.settings/1000 for broadcast com.android.settings/.HotspotOffReceiver
12-31 19:00:16.995 I/ActivityManager(  429): START u0 {cmp=com.qualcomm.ftcrobotcontroller/org.firstinspires.ftc.robotcontroller.internal.FtcRobotControllerActivity} from uid 10038 on display 0
12-31 19:00:17.001 W/ActivityManager(  429): Duplicate finish request for ActivityRecord{a9793d5 u0 com.qualcomm.ftcrobotcontroller/org.firstinspires.ftc.robotcontroller.internal.PermissionValidatorWrapper t3937 f}
12-31 19:00:17.090 E/BatteryStatsService(  429): no controller energy info supplied
12-31 19:00:17.661 D/ConnectivityService(  429): listenForNetwork for uid/pid:10038/1114 NetworkRequest [ LISTEN id=4, [ Capabilities: INTERNET&NOT_RESTRICTED&TRUSTED] ]
12-31 19:00:19.684 D/ConnectivityService(  429): requestNetwork for uid/pid:1000/429 NetworkRequest [ TRACK_DEFAULT id=5, [ Capabilities: INTERNET&NOT_RESTRICTED&TRUSTED&NOT_VPN] ]
12-31 19:00:19.684 D/ConnectivityService(  429): listenForNetwork for uid/pid:1000/429 NetworkRequest [ LISTEN id=6, [ Transports: CELLULAR Capabilities: DUN&TRUSTED&NOT_VPN] ]
12-31 19:00:19.685 D/ConnectivityService(  429): sending new Min Network Score(0): NetworkRequest [ TRACK_DEFAULT id=5, [ Capabilities: INTERNET&NOT_RESTRICTED&TRUSTED&NOT_VPN] ]
12-31 19:00:19.691 D/ConnectivityService(  429): requestNetwork for uid/pid:1000/429 NetworkRequest [ REQUEST id=7, legacyType=5, [ Transports: CELLULAR Capabilities: INTERNET&NOT_RESTRICTED&TRUSTED&NOT_VPN] ]
12-31 19:00:19.692 D/ConnectivityService(  429): sending new Min Network Score(0): NetworkRequest [ REQUEST id=7, legacyType=5, [ Transports: CELLULAR Capabilities: INTERNET&NOT_RESTRICTED&TRUSTED&NOT_VPN] ]
12-31 19:00:20.386 D/ConnectivityService(  429): listenForNetwork for uid/pid:10038/1114 NetworkRequest [ LISTEN id=8, [ Capabilities: INTERNET&NOT_RESTRICTED&TRUSTED] ]
--------- beginning of main
12-31 19:00:29.601 D/RkExtensionPlayer(  203): checkDirectoryAccess: Directory[2] = /data/media/0/rk_ext_subtitle/, AccessPermission = -1
12-31 19:00:29.601 E/RkExtensionPlayer(  203): createDirectory(), path = /tmp/rk_ext_subtitle/
12-31 19:00:29.602 E/RkExtensionPlayer(  203): createDirectory(), create directory = /tmp/rk_ext_subtitle/ fail,reson = No such file or directory
12-31 19:00:29.602 E/RkExtensionPlayer(  203): createDirectory(), path = /data/rk_ext_subtitle/
12-31 19:00:29.608 E/RkExtensionPlayer(  203): createDirectory(), path = /data/rk_ext_subtitle/edfb43c0/
12-31 19:00:29.609 D/RkExtensionPlayer(  203): checkDirectoryAccess: Use [/data/rk_ext_subtitle/edfb43c0/] as Temp Subtile Directory
12-31 19:00:29.606 I/mediaserver(  203): type=1400 audit(0.0:129): avc: denied { setattr } for name="rk_ext_subtitle" dev="mmcblk0p14" ino=588673 scontext=u:r:mediaserver:s0 tcontext=u:object_r:system_data_file:s0 tclass=dir permissive=1
12-31 19:00:29.614 E/TraceThread(  203): TraceThread::randomUID() --> [UID=73deea41]
12-31 19:00:29.614 E/TraceThread(  203):     RockFFPlayer(tid = 4033819956)--> [UID=73deea41] FFMPlayer Construction; object=0xedfd9000
12-31 19:00:29.614 D/RockFFPlayer(  203): setDataSource fd = 12, offset =21583740,length = 432616
12-31 19:00:29.614 D/RockFFPlayer(  203): start:create thread
12-31 19:00:29.615 E/TraceThread(  203):     VsyncReciver(tid = 3962939680)--> [UID=73deea41] VsyncReciver::startthread
12-31 19:00:29.616 D/RockFFPlayer(  203): RkMessageQueue::run()
12-31 19:00:29.616 D/RockFFPlayer(  203): start:create thread ok,mThreadStatus=0
12-31 19:00:29.617 D/RockFFPlayer(  203): enter enqueueMessage
12-31 19:00:29.617 D/RockFFPlayer(  203): enqueueMessage:****1
12-31 19:00:29.617 D/RockFFPlayer(  203): enqueueMessage:****2
12-31 19:00:29.617 D/RockFFPlayer(  203): enqueueMessage:****3
12-31 19:00:29.617 D/RockFFPlayer(  203): enqueueMessage:Message 1,set signal
12-31 19:00:29.617 D/RockFFPlayer(  203): enqueueMessage:sync wait
12-31 19:00:29.617 D/RockFFPlayer(  203): deliverMessage 
12-31 19:00:29.617 D/RockFFPlayer(  203): run : dequeueMessage Message 20
12-31 19:00:29.617 D/RockFFPlayer(  203): CMD_CURRENTSTATUS
12-31 19:00:29.617 D/RockFFPlayerBase(  203): dumpStatus(): Initialized
12-31 19:00:29.617 D/RockFFPlayer(  203): run : dequeueMessage Message 20 OK
12-31 19:00:29.617 D/RockFFPlayer(  203): Messagecomplete type [20]
12-31 19:00:29.617 D/RockFFPlayer(  203): run : Message 20 complete
12-31 19:00:29.617 D/RockFFPlayer(  203): enqueueMessage:sync wait ok
12-31 19:00:29.618 D/RockFFPlayer(  203): prepareAsync in
12-31 19:00:29.619 D/RockFFPlayerBase(  203): dumpStatus(): Initialized
12-31 19:00:29.619 D/RockFFPlayerBase(  203): dumpStatus(): Preparing
12-31 19:00:29.619 I/FFPlayer_Version(  203): rk30 board found in board property
12-31 19:00:29.619 I/FFPlayer_Version(  203): ******************************************
12-31 19:00:29.619 I/FFPlayer_Version(  203): 
12-31 19:00:29.619 I/FFPlayer_Version(  203): starting main player: v2.1 ffplayer git_version: git-2018-01-18-45a23f4
12-31 19:00:29.619 E/FFPlayerHelper(  203): efuse open fail
12-31 19:00:29.619 E/FFPlayerHelper(  203): rk3328
12-31 19:00:29.619 I/FFPlayer_Version(  203): ffPlayer runs on BOARD_RK3328
12-31 19:00:29.619 I/FFPlayer_Version(  203): 
12-31 19:00:29.619 I/FFPlayer_Version(  203): ******************************************
12-31 19:00:29.619 I/RockFFPlayer(  203): setDataSource(url =file/fd::12,offset::21583740,length::432616)
12-31 19:00:29.620 I/RockFFPlayer(  203): setDataSource(fileurl =/data/app/com.qualcomm.ftcrobotcontroller-2/base.apk)
12-31 19:00:29.620 D/RockFFPlayer(  203): prepareAsync ok
12-31 19:00:29.620 E/RockFFPlayerBase(  203): openContext : in
12-31 19:00:29.620 E/RockFFPlayer(  203): ffmpeg version v2.1: git-2017-12-25-6d3343b
12-31 19:00:29.620 E/RockFFPlayer(  203): av_probe_input_buffer:avio_read
12-31 19:00:29.626 I/RockFFPlayer(  203): flv_probe get probe score: 0
12-31 19:00:29.626 E/RockFFPlayer(  203): Hery, probe size = 0
12-31 19:00:29.626 E/RockFFPlayer(  203): avformat_open_input:read_header
12-31 19:00:29.629 E/RockFFPlayer(  203): file_read: offset=22016356, c->offset=21583740, c->length=432616
12-31 19:00:29.629 E/RockFFPlayer(  203): file_read: offset=22016356, c->offset=21583740, c->length=432616
12-31 19:00:29.629 E/RockFFPlayer(  203): avformat_open_input:read_header ok
12-31 19:00:29.629 D/RkExtensionPlayer(  203): openContext in
12-31 19:00:29.629 E/RkExtensionPlayer(  203): autoDetect(): path = /data/app/com.qualcomm.ftcrobotcontroller-2/base.apk
12-31 19:00:29.629 E/FFPlayerHelper(  203): isNetWorkUrl: url = /data/app/com.qualcomm.ftcrobotcontroller-2/base.apk
12-31 19:00:29.630 E/FFPlayerHelper(  203): isBDDirectory() ,path = /data/app/com.qualcomm.ftcrobotcontroller-2
12-31 19:00:29.630 E/FFPlayerHelper(  203): isBDDirectory(): no BDMV
12-31 19:00:29.630 D/RkExtensionPlayer(  203): openContext out,mTrackInfos size = 0
12-31 19:00:29.630 E/RockFFPlayerBase(  203): openContext : out,ret = 0
12-31 19:00:29.630 D/RockFFPlayer(  203): the source format name: wav
12-31 19:00:29.630 D/RockFFPlayer(  203): find av stream info in
12-31 19:00:29.626 I/FFParser(  203): type=1400 audit(0.0:130): avc: denied { read } for name="com.qualcomm.ftcrobotcontroller-2" dev="mmcblk0p14" ino=327123 scontext=u:r:mediaserver:s0 tcontext=u:object_r:apk_data_file:s0 tclass=dir permissive=1
12-31 19:00:29.630 I/FFParser(  203): type=1400 audit(0.0:131): avc: denied { open } for path="/data/app/com.qualcomm.ftcrobotcontroller-2" dev="mmcblk0p14" ino=327123 scontext=u:r:mediaserver:s0 tcontext=u:object_r:apk_data_file:s0 tclass=dir permissive=1
12-31 19:00:29.630 I/RockFFPlayer(  203): flv_probe get probe score: 0
12-31 19:00:29.631 E/RockFFPlayer(  203): Hery, probe size = 0
12-31 19:00:29.632 I/RockFFPlayer(  203): flv_probe get probe score: 0
12-31 19:00:29.632 E/RockFFPlayer(  203): Hery, probe size = 0
12-31 19:00:29.634 I/RockFFPlayer(  203): flv_probe get probe score: 0
12-31 19:00:29.634 E/RockFFPlayer(  203): Hery, probe size = 0
12-31 19:00:29.638 I/RockFFPlayer(  203): flv_probe get probe score: 0
12-31 19:00:29.639 E/RockFFPlayer(  203): Hery, probe size = 0
12-31 19:00:29.646 I/RockFFPlayer(  203): flv_probe get probe score: 0
12-31 19:00:29.649 E/RockFFPlayer(  203): Hery, probe size = 0
12-31 19:00:29.662 I/RockFFPlayer(  203): flv_probe get probe score: 0
12-31 19:00:29.666 E/RockFFPlayer(  203): Hery, probe size = 0
12-31 19:00:29.677 I/art     ( 1093): Debugger is no longer active
12-31 19:00:29.677 I/art     ( 1093): Starting a blocking GC Instrumentation
12-31 19:00:29.680 E/RockFFPlayer(  203): probed stream 0
12-31 19:00:29.682 E/RockFFPlayer(  203): file_read: offset=22016356, c->offset=21583740, c->length=432616
12-31 19:00:29.682 E/RockFFPlayer(  203): file_read: offset=22016356, c->offset=21583740, c->length=432616
12-31 19:00:29.682 E/RockFFPlayer(  203): read_size = 432572
12-31 19:00:29.682 E/RockFFPlayer(  203): update_stream_timings: st[-302476872].duration = 216286
12-31 19:00:29.682 E/RockFFPlayer(  203): update_stream_timings: st[-302476872].duration = 216286
12-31 19:00:29.683 E/RockFFPlayer(  203): estimate_timings:0: start_time: -9223372036854.775 duration: 0.216,base_time.den=48000,base_time.num=1
12-31 19:00:29.683 E/RockFFPlayer(  203): stream: start_time: -9223372036854.775 duration: 4.506 bitrate=141565 kb/s
12-31 19:00:29.683 E/RockFFPlayer(  203): avformat_find_stream_info:find_stream_info_err:free info,ok
12-31 19:00:29.683 D/RockFFPlayer(  203): find av stream info ok
12-31 19:00:29.683 D/RockFFPlayer(  203): AudioStartTime=0,VideoStartTime=-1,tmpTime=-1
12-31 19:00:29.683 D/RockFFPlayer(  203): findAVStreamStartTime:start_time set 0
12-31 19:00:29.683 E/RockFFPlayer(  203): Hery, s->duration = 4505958.000000
12-31 19:00:29.683 I/RockFFPlayer(  203): Input #0, wav, from 'file/fd::12,offset::21583740,length::432616':
12-31 19:00:29.683 I/RockFFPlayer(  203):   Duration: 
12-31 19:00:29.683 I/RockFFPlayer(  203): 00:00:04.51
12-31 19:00:29.683 I/RockFFPlayer(  203): , start: 
12-31 19:00:29.683 I/RockFFPlayer(  203): 0.000000
12-31 19:00:29.683 I/RockFFPlayer(  203): , bitrate: 
12-31 19:00:29.683 I/RockFFPlayer(  203): 141565 kb/s
12-31 19:00:29.683 I/RockFFPlayer(  203): 
12-31 19:00:29.683 I/RockFFPlayer(  203):     Stream #0:0
12-31 19:00:29.683 I/RockFFPlayer(  203): : Audio: pcm_s16le ([1][0][0][0] / 0x0001), 48000 Hz, 1 channels, s16, 768 kb/s
12-31 19:00:29.683 I/RockFFPlayer(  203): 
12-31 19:00:29.683 D/RockFFPlayer(  203): send do-prepare message in
12-31 19:00:29.683 D/RockFFPlayer(  203): enter enqueueMessage
12-31 19:00:29.683 D/RockFFPlayer(  203): enqueueMessage:****1
12-31 19:00:29.683 D/RockFFPlayer(  203): enqueueMessage:****2
12-31 19:00:29.683 D/RockFFPlayer(  203): enqueueMessage:****3
12-31 19:00:29.683 D/RockFFPlayer(  203): enqueueMessage:Message 1,set signal
12-31 19:00:29.683 D/RockFFPlayer(  203): enqueueMessage:sync wait
12-31 19:00:29.683 D/RockFFPlayer(  203): deliverMessage 
12-31 19:00:29.683 D/RockFFPlayer(  203): run : dequeueMessage Message 1
12-31 19:00:29.683 D/RockFFPlayer(  203): CMD_PREPARE
12-31 19:00:29.683 I/RockFFPlayer(  203): doPrepare in
12-31 19:00:29.683 I/RockFFPlayer(  203): prepareVideo
12-31 19:00:29.683 E/RockFFPlayer(  203): mVideoStreamIndex is -1
12-31 19:00:29.683 I/RockFFPlayer(  203): prepareAudio
12-31 19:00:29.683 E/RockFFPlayer(  203): audio stream codec_id = 65536
12-31 19:00:29.683 D/RockFFPlayerBase(  203): open MediaDecoder.cfg failed,so can't config anything
12-31 19:00:29.683 D/RockFFPlayerBase(  203): File not exists!
12-31 19:00:29.683 D/RkBitstreamManager(  203): isBypass: false
12-31 19:00:29.684 D/RockFFPlayer(  203): initAudioPlayer
12-31 19:00:29.684 I/RkBitstreamManager(  203): BUF: 
12-31 19:00:29.684 I/RkBitstreamManager(  203): 
12-31 19:00:29.684 D/RkBitstreamManager(  203): isBypass: false
12-31 19:00:29.684 D/RockFFPlayer(  203): AudioPlayer getOutputMode : 0, SPDIF mode : -1
12-31 19:00:29.684 D/RockFFPlayerBase(  203): setAudioOutputMode output_mode : 0
12-31 19:00:29.684 D/RockFFPlayerBase(  203): set SPDIF output mode : -1
12-31 19:00:29.684 D/AudioPlayerApi(  203): audio player mode in: 0
12-31 19:00:29.685 D/AudioPlayerApi(  203): audio player mode out: 0
12-31 19:00:29.685 D/RockFFPlayer(  203): initAudioPlayer out
12-31 19:00:29.685 D/RkExtensionPlayer(  203): prepareExtendSubtitle in
12-31 19:00:29.685 E/RockFFPlayer(  203): prepareExtandSubtitle return error!
12-31 19:00:29.685 D/RkExtensionPlayer(  203): ~RkExtensionPlayer in
12-31 19:00:29.683 I/RkMsgQueue(  203): type=1400 audit(0.0:132): avc: denied { read } for name="edfb43c0" dev="mmcblk0p14" ino=588674 scontext=u:r:mediaserver:s0 tcontext=u:object_r:system_data_file:s0 tclass=dir permissive=1
12-31 19:00:29.685 D/RkExtensionPlayer(  203): RkExtensionPlayer::closeExtendSubDecoder in
12-31 19:00:29.685 E/FFExtensionSource(  203): ~FFExtensionSource in
12-31 19:00:29.685 D/RockFFPlayer(  203): FFMediaSource context null. 
12-31 19:00:29.685 E/FFExtensionSource(  203): ~FFExtensionSource out
12-31 19:00:29.685 D/RockFFPlayer(  203): ~FFMediaSource
12-31 19:00:29.685 D/RockFFPlayer(  203): FFMediaSource context null. 
12-31 19:00:29.685 D/RkExtensionPlayer(  203): closeExtendSubDecoder out
12-31 19:00:29.686 E/RkExtensionPlayer(  203): deleteAllFileInDirectory(),/tmp/rk_ext_subtitle/ is not exist
12-31 19:00:29.686 E/RkExtensionPlayer(  203): deleteAllFileInDirectory(),/data/media/0/rk_ext_subtitle/ is not exist
12-31 19:00:29.686 I/RockFFPlayer(  203): prepareSubtitle in
12-31 19:00:29.686 E/RockFFPlayer(  203): hasSubtitle return fail
12-31 19:00:29.686 D/AudioDecoder(  203): decodeaudio AudioOutputMode : 0, SPDIF_MODE : -1, PlayerMode : 0
12-31 19:00:29.686 D/AudioDecoder(  203): mStream->codec->channels = 1  mStream->codec->sample_rate = 48000
12-31 19:00:29.686 D/AudioDecoder(  203): mStream->codec->channels = 1  mStream->codec->sample_rate = 48000
12-31 19:00:29.686 D/RockFFPlayer(  203): createAudioDecoder: create audio decoder ok
12-31 19:00:29.686 E/RockFFPlayer(  203): createVideoDecoder: no video stream
12-31 19:00:29.686 E/RockFFPlayer(  203): createSubtitleDecoder: no subtitle stream
12-31 19:00:29.686 E/TraceThread(  203): TraceThread::dumpTrace() FileName:/data/trace_thread.log
12-31 19:00:29.687 D/RockFFPlayerBase(  203): dumpStatus(): Preapared
12-31 19:00:29.687 D/RockFFPlayer(  203): Sync master clock type - 1
12-31 19:00:29.687 I/RockFFPlayer(  203): doPrepareFinish ok
12-31 19:00:29.687 D/RockFFPlayer(  203): run : dequeueMessage Message 1 OK
12-31 19:00:29.687 D/RockFFPlayer(  203): Messagecomplete type [1]
12-31 19:00:29.687 D/RockFFPlayer(  203): run : Message 1 complete
12-31 19:00:29.687 D/MediaPlayer( 1114): setSubtitleAnchor in MediaPlayer
12-31 19:00:29.687 D/RockFFPlayer(  203): enqueueMessage:sync wait ok
12-31 19:00:29.687 D/RockFFPlayer(  203): send do-prepare message ok
12-31 19:00:29.687 D/MediaPlayer( 1114): setSubtitleAnchor in MediaPlayer
12-31 19:00:29.687 I/RockFFPlayer(  203): decodeMovie:getCurrentStatus() = 8
12-31 19:00:29.687 D/FFPlayerHelper(  203): MediaServer is SP_FOREGROUND, tid=1247
12-31 19:00:29.683 I/RkMsgQueue(  203): type=1400 audit(0.0:133): avc: denied { open } for path="/data/rk_ext_subtitle/edfb43c0" dev="mmcblk0p14" ino=588674 scontext=u:r:mediaserver:s0 tcontext=u:object_r:system_data_file:s0 tclass=dir permissive=1
12-31 19:00:29.690 E/RockFFPlayer(  203): doGetTrackInfo: track size = 1
12-31 19:00:29.690 E/RockFFPlayer(  203): doGetTrackInfo: track size = 1
12-31 19:00:29.692 V/SoundInfo( 1114): construct(0x00b6a78e)
12-31 19:00:29.683 I/RkMsgQueue(  203): type=1400 audit(0.0:134): avc: denied { remove_name } for name="edfb43c0" dev="mmcblk0p14" ino=588674 scontext=u:r:mediaserver:s0 tcontext=u:object_r:system_data_file:s0 tclass=dir permissive=1
12-31 19:00:29.683 I/RkMsgQueue(  203): type=1400 audit(0.0:135): avc: denied { rmdir } for name="edfb43c0" dev="mmcblk0p14" ino=588674 scontext=u:r:mediaserver:s0 tcontext=u:object_r:system_data_file:s0 tclass=dir permissive=1
12-31 19:00:29.686 I/RkMsgQueue(  203): type=1400 audit(0.0:136): avc: denied { write } for name="trace_thread.log" dev="mmcblk0p14" ino=14 scontext=u:r:mediaserver:s0 tcontext=u:object_r:system_data_file:s0 tclass=file permissive=1
12-31 19:00:29.686 I/RkMsgQueue(  203): type=1400 audit(0.0:137): avc: denied { open } for path="/data/trace_thread.log" dev="mmcblk0p14" ino=14 scontext=u:r:mediaserver:s0 tcontext=u:object_r:system_data_file:s0 tclass=file permissive=1
12-31 19:00:29.724 E/WVMExtractor( 1114): Failed to open libwvm.so: dlopen failed: "/system/vendor/lib64/libwvm.so" is 32-bit instead of 64-bit
12-31 19:00:29.751 I/MediaCodec( 1114): callingProcessName:com.qualcomm.ftcrobotcontroller
12-31 19:00:29.753 I/MediaPlayerService(  203): MediaPlayerService::getOMX
12-31 19:00:29.755 I/OMXClient( 1114): MuxOMX ctor
12-31 19:00:29.755 I/ACodec  ( 1114): onAllocateComponent:6752 mSoftCodecPref:0 componentName:
12-31 19:00:29.756 I/ACodec  ( 1114): onAllocateComponent:6783 mSoftCodecPref:0 componentName:OMX.google.raw.decoder
12-31 19:00:29.757 I/OMXMaster(  200): makeComponentInstance(OMX.google.raw.decoder) in mediacodec process
12-31 19:00:29.768 D/MediaBufferGroup(  202): creating MemoryDealer
12-31 19:00:29.827 D/SoundPlayer( 1114): onLoadComplete(samp=1|ms=4506, samp=1)=0
12-31 19:00:29.836 W/AudioTrack( 1114): AUDIO_OUTPUT_FLAG_FAST denied by client; transfer 4, track 48000 Hz, output 44100 Hz
12-31 19:00:29.839 I/art     ( 1114): Debugger is no longer active
12-31 19:00:29.839 I/art     ( 1114): Starting a blocking GC Instrumentation
12-31 19:00:29.900 I/ActivityManager(  429): Waited long enough for: ServiceRecord{3bd0765 u0 org.firstinspires.ftc.ftcaccesspointservice/.MonitoringService}
12-31 19:00:29.983 I/hostapd ( 1174): type=1400 audit(0.0:138): avc: denied { sendto } for path="/data/misc/wifi/sockets/wpa_ctrl_1093-5" scontext=u:r:hostapd:s0 tcontext=u:r:platform_app:s0:c512,c768 tclass=unix_dgram_socket permissive=1
12-31 19:00:30.005 D/AudioHardwareTiny(  195): out_set_parameters: kvpairs = routing=1024
12-31 19:00:30.007 D/SoundPlayer( 1114): playing volume=0.000000 samp=1|ms=4506
12-31 19:00:30.006 I/AudioOut_D(  195): type=1400 audit(0.0:139): avc: denied { read } for name="audioinfo" dev="sysfs" ino=10588 scontext=u:r:audioserver:s0 tcontext=u:object_r:sysfs_hdmi:s0 tclass=file permissive=1
12-31 19:00:30.006 I/AudioOut_D(  195): type=1400 audit(0.0:140): avc: denied { open } for path="/sys/devices/virtual/display/HDMI/audioinfo" dev="sysfs" ino=10588 scontext=u:r:audioserver:s0 tcontext=u:object_r:sysfs_hdmi:s0 tclass=file permissive=1
12-31 19:00:30.008 D/AudioHardwareTiny(  195): start_output_stream
12-31 19:00:30.009 D/AudioHardwareTiny(  195): Device     : 0x402
12-31 19:00:30.009 D/AudioHardwareTiny(  195): SampleRate : 44100
12-31 19:00:30.009 D/AudioHardwareTiny(  195): Channels   : 2
12-31 19:00:30.009 D/AudioHardwareTiny(  195): Formate    : 0
12-31 19:00:30.009 D/AudioHardwareTiny(  195): PreiodSize : 512
12-31 19:00:30.011 D/alsa_route(  195): route_info->sound_card 0, route_info->devices 0  
12-31 19:00:30.011 D/alsa_route(  195): route_set_controls() set route 24
12-31 19:00:30.006 I/AudioOut_D(  195): type=1400 audit(0.0:141): avc: denied { getattr } for path="/sys/devices/virtual/display/HDMI/audioinfo" dev="sysfs" ino=10588 scontext=u:r:audioserver:s0 tcontext=u:object_r:sysfs_hdmi:s0 tclass=file permissive=1
12-31 19:00:30.060 I/RobotCore( 1114): Attempting to switch to OpMode $Stop$Robot$
12-31 19:00:30.063 D/HardwareMap( 1114): Clearing which device instances have been retrieved
12-31 19:00:30.064 V/ThreadPool( 1114): container(0x029e73cb: OpModeExecutor) added id=126 TID=0 count=1
12-31 19:00:30.066 V/RobotCore( 1114): thread: 'OpModeThread' starting...
12-31 19:00:30.509 I/ActivityManager(  429): Waited long enough for: ServiceRecord{e4f688d u0 com.android.tv.settings/.users.UserSwitchListenerService}
12-31 19:00:30.543 I/ps      ( 1258): type=1400 audit(0.0:142): avc: denied { getattr } for path="/proc/1" dev="proc" ino=6203 scontext=u:r:untrusted_app:s0:c512,c768 tcontext=u:r:init:s0 tclass=dir permissive=1
12-31 19:00:30.543 I/ps      ( 1258): type=1400 audit(0.0:143): avc: denied { search } for name="1" dev="proc" ino=6203 scontext=u:r:untrusted_app:s0:c512,c768 tcontext=u:r:init:s0 tclass=dir permissive=1
12-31 19:00:30.543 I/ps      ( 1258): type=1400 audit(0.0:144): avc: denied { read } for name="cmdline" dev="proc" ino=8915 scontext=u:r:untrusted_app:s0:c512,c768 tcontext=u:r:init:s0 tclass=file permissive=1
12-31 19:00:30.543 I/ps      ( 1258): type=1400 audit(0.0:145): avc: denied { open } for path="/proc/1/cmdline" dev="proc" ino=8915 scontext=u:r:untrusted_app:s0:c512,c768 tcontext=u:r:init:s0 tclass=file permissive=1
12-31 19:00:30.546 I/ps      ( 1258): type=1400 audit(0.0:146): avc: denied { getattr } for path="/proc/2" dev="proc" ino=10430 scontext=u:r:untrusted_app:s0:c512,c768 tcontext=u:r:kernel:s0 tclass=dir permissive=1
12-31 19:00:30.546 I/ps      ( 1258): type=1400 audit(0.0:147): avc: denied { search } for name="2" dev="proc" ino=10430 scontext=u:r:untrusted_app:s0:c512,c768 tcontext=u:r:kernel:s0 tclass=dir permissive=1
12-31 19:00:30.546 I/ps      ( 1258): type=1400 audit(0.0:148): avc: denied { read } for name="cmdline" dev="proc" ino=10527 scontext=u:r:untrusted_app:s0:c512,c768 tcontext=u:r:kernel:s0 tclass=file permissive=1
12-31 19:00:30.546 I/ps      ( 1258): type=1400 audit(0.0:149): avc: denied { open } for path="/proc/2/cmdline" dev="proc" ino=10527 scontext=u:r:untrusted_app:s0:c512,c768 tcontext=u:r:kernel:s0 tclass=file permissive=1
12-31 19:00:31.574 W/WindowManager(  429): Attempted to remove non-existing token: android.os.Binder@2fbca0a
12-31 19:00:31.869 I/art     ( 1158): Debugger is no longer active
12-31 19:00:31.869 I/art     ( 1158): Starting a blocking GC Instrumentation
12-31 19:00:32.235 V/ThreadPool( 1114): container(0x071bff91: default scheduler) added id=127 TID=0 count=7
12-31 19:00:33.475 I/hostapd ( 1174): wlan0: STA c4:3c:b0:e9:eb:1a IEEE 802.11: associated
12-31 19:00:33.475 I/hostapd ( 1174): wlan0: STA c4:3c:b0:e9:eb:1a IEEE 802.11: associated
12-31 19:00:33.504 I/hostapd ( 1174): wlan0: AP-STA-CONNECTED c4:3c:b0:e9:eb:1a
12-31 19:00:33.505 I/hostapd ( 1174): wlan0: STA c4:3c:b0:e9:eb:1a WPA: pairwise key handshake completed (RSN)
12-31 19:00:33.505 I/hostapd ( 1174): wlan0: STA c4:3c:b0:e9:eb:1a WPA: pairwise key handshake completed (RSN)
12-31 19:00:33.597 I/dnsmasq ( 1206): DHCPDISCOVER(wlan0) c4:3c:b0:e9:eb:1a 
12-31 19:00:33.598 I/dnsmasq ( 1206): DHCPOFFER(wlan0) 192.168.43.149 c4:3c:b0:e9:eb:1a 
12-31 19:00:33.606 I/dnsmasq ( 1206): DHCPREQUEST(wlan0) 192.168.43.149 c4:3c:b0:e9:eb:1a 
12-31 19:00:33.606 I/dnsmasq ( 1206): DHCPACK(wlan0) 192.168.43.149 c4:3c:b0:e9:eb:1a 
12-31 19:00:33.856 V/ThreadPool( 1114): container(0x071bff91: default scheduler) added id=128 TID=0 count=8
12-31 19:00:34.092 I/ActivityManager(  429): Killing 810:com.android.keychain/1000 (adj 906): empty #4
12-31 19:00:34.144 D/ActivityManager(  429): cleanUpApplicationRecord -- 810
12-31 19:00:34.145 I/ActivityManager(  429): Killing 1007:android.process.acore/u0a2 (adj 906): empty #4
12-31 19:00:34.185 D/ActivityManager(  429): cleanUpApplicationRecord -- 1007
12-31 19:00:34.180 I/getprop ( 1267): type=1400 audit(0.0:150): avc: denied { open } for path="/dev/__properties__/u:object_r:secureboot_prop:s0" dev="tmpfs" ino=6160 scontext=u:r:shell:s0 tcontext=u:object_r:secureboot_prop:s0 tclass=file permissive=1
12-31 19:00:34.180 I/getprop ( 1267): type=1400 audit(0.0:151): avc: denied { getattr } for path="/dev/__properties__/u:object_r:secureboot_prop:s0" dev="tmpfs" ino=6160 scontext=u:r:shell:s0 tcontext=u:object_r:secureboot_prop:s0 tclass=file permissive=1
12-31 19:00:34.180 I/getprop ( 1267): type=1400 audit(0.0:152): avc: denied { open } for path="/dev/__properties__/u:object_r:pppoe_prop:s0" dev="tmpfs" ino=6161 scontext=u:r:shell:s0 tcontext=u:object_r:pppoe_prop:s0 tclass=file permissive=1
12-31 19:00:34.180 I/getprop ( 1267): type=1400 audit(0.0:153): avc: denied { getattr } for path="/dev/__properties__/u:object_r:pppoe_prop:s0" dev="tmpfs" ino=6161 scontext=u:r:shell:s0 tcontext=u:object_r:pppoe_prop:s0 tclass=file permissive=1
12-31 19:00:34.500 I/FtcAccessPointService( 1093): HostapdMonitor: Received hostapd message: <3>AP-STA-CONNECTED c4:3c:b0:e9:eb:1a
12-31 19:00:34.956 I/pool-2-thread-1( 1093): type=1400 audit(0.0:154): avc: denied { sendto } for path="/data/misc/wifi/hostapd/wlan0" scontext=u:r:platform_app:s0:c512,c768 tcontext=u:r:hostapd:s0 tclass=unix_dgram_socket permissive=1
12-31 19:00:36.572 I/FtcAccessPointService( 1093): MonitoringThread: Beginning button monitoring
12-31 19:00:37.235 V/ThreadPool( 1114): container(0x071bff91: default scheduler) added id=129 TID=0 count=9
12-31 19:00:37.648 D/alsa_route(  195): route_set_controls() set route 24
12-31 19:00:37.649 D/AudioHardwareTiny(  195): close device
12-31 19:00:39.998 I/art     ( 1114): Do full code cache collection, code=124KB, data=106KB
12-31 19:00:40.000 I/art     ( 1114): Starting a blocking GC JitCodeCache
12-31 19:00:40.000 I/art     ( 1114): After code cache collection, code=75KB, data=57KB
12-31 19:00:42.155 V/PeerDiscovery( 1114): new remote peer discovered: 192.168.43.149
12-31 19:00:42.155 V/NetworkConnectionHandler( 1114): starting sending loop
12-31 19:00:42.157 V/SoundPlayer( 1114): playing running again
12-31 19:00:42.160 V/Robocol ( 1114): sending CMD_NOTIFY_ROBOT_STATE(9), attempt: 0
12-31 19:00:42.161 V/UpdateUI( 1114): Network: active, connected
12-31 19:00:42.161 D/FTCService( 1114): Sending user device types and preferences to driver station
12-31 19:00:42.164 D/AudioHardwareTiny(  195): out_set_parameters: kvpairs = routing=1024
12-31 19:00:42.165 V/Robocol ( 1114): sending CMD_NOTIFY_ROBOT_STATE(10), attempt: 0
12-31 19:00:42.166 D/AudioHardwareTiny(  195): start_output_stream
12-31 19:00:42.167 D/SoundPlayer( 1114): playing volume=0.000000 samp=1|ms=4506
12-31 19:00:42.168 D/AudioHardwareTiny(  195): Device     : 0x402
12-31 19:00:42.168 D/AudioHardwareTiny(  195): SampleRate : 44100
12-31 19:00:42.168 D/AudioHardwareTiny(  195): Channels   : 2
12-31 19:00:42.168 D/AudioHardwareTiny(  195): Formate    : 0
12-31 19:00:42.168 D/AudioHardwareTiny(  195): PreiodSize : 512
12-31 19:00:42.168 D/alsa_route(  195): route_info->sound_card 0, route_info->devices 0  
12-31 19:00:42.168 D/alsa_route(  195): route_set_controls() set route 24
12-31 19:00:42.170 D/RockFFPlayer(  203): reset()***********
12-31 19:00:42.170 D/RockFFPlayerBase(  203): dumpStatus(): Preapared
12-31 19:00:42.170 D/RockFFPlayer(  203): reset(),stop_l
12-31 19:00:42.170 D/RockFFPlayer(  203): stop_l
12-31 19:00:42.171 D/RockFFPlayer(  203): enter enqueueMessage
12-31 19:00:42.171 D/RockFFPlayer(  203): enqueueMessage:****1
12-31 19:00:42.171 D/RockFFPlayer(  203): enqueueMessage:****2
12-31 19:00:42.171 D/RockFFPlayer(  203): enqueueMessage:****3
12-31 19:00:42.171 D/RockFFPlayer(  203): enqueueMessage:Message 1,set signal
12-31 19:00:42.171 D/RockFFPlayer(  203): enqueueMessage:sync wait
12-31 19:00:42.171 D/RockFFPlayer(  203): deliverMessage 
12-31 19:00:42.171 D/RockFFPlayer(  203): run : dequeueMessage Message 4
12-31 19:00:42.171 D/RockFFPlayer(  203): CMD_STOP
12-31 19:00:42.171 D/RockFFPlayer(  203): doStop()*****
12-31 19:00:42.171 D/RockFFPlayerBase(  203): dumpStatus(): Preapared
12-31 19:00:42.171 D/RockFFPlayerBase(  203): dumpStatus(): Stopped
12-31 19:00:42.171 D/RockFFPlayer(  203): doRelease()************
12-31 19:00:42.171 I/FFIDecoder(  203): waiting on end of decoder thread
12-31 19:00:42.171 V/Robocol ( 1114): sending CMD_NOTIFY_ROBOT_STATE(11), attempt: 0
12-31 19:00:42.171 E/FFMpegThread(  203): DecoderAudio,wait
12-31 19:00:42.172 V/Robocol ( 1114): sending CMD_NOTIFY_ACTIVE_CONFIGURATION(13), attempt: 0
12-31 19:00:42.173 V/Robocol ( 1114): sending CMD_NOTIFY_USER_DEVICE_LIST(14), attempt: 0
12-31 19:00:42.174 E/RockFFPlayerBase(  203): FFMPlayerBase::flushRenderQueue in
12-31 19:00:42.174 E/RockFFPlayerBase(  203): FFMPlayerBase::flushRenderQueue out
12-31 19:00:42.174 D/FFMpegThread(  203): DecoderAudio:~PlayerThread enter mThreadStatus=-1
12-31 19:00:42.175 D/RockFFPlayer(  203): doRelease ok
12-31 19:00:42.175 D/RockFFPlayer(  203): doStop()*****OK
12-31 19:00:42.175 D/RockFFPlayer(  203): run : dequeueMessage Message 4 OK
12-31 19:00:42.175 D/RockFFPlayer(  203): Messagecomplete type [4]
12-31 19:00:42.175 D/RockFFPlayer(  203): run : Message 4 complete
12-31 19:00:42.175 D/RockFFPlayer(  203): enqueueMessage:sync wait ok
12-31 19:00:42.175 D/RockFFPlayer(  203): doRelease() clearQueue************
12-31 19:00:42.175 D/RockFFPlayer(  203): stop_l:MessageStop down
12-31 19:00:42.175 D/RockFFPlayerBase(  203): dumpStatus(): Stopped
12-31 19:00:42.175 D/RockFFPlayer(  203): stop_l : create CancelThread
12-31 19:00:42.176 D/RockFFPlayer(  203): stop_l :CancelThread create ok
12-31 19:00:42.176 D/RockFFPlayer(  203): stop_l buffer thread quit
12-31 19:00:42.176 D/RockFFPlayer(  203): enter enqueueMessage
12-31 19:00:42.176 D/RockFFPlayer(  203): enqueueMessage:****1
12-31 19:00:42.176 D/RockFFPlayer(  203): enqueueMessage:****2
12-31 19:00:42.176 D/RockFFPlayer(  203): enqueueMessage:****3
12-31 19:00:42.176 D/RockFFPlayer(  203): enqueueMessage:Message 1,set signal
12-31 19:00:42.176 I/RockFFPlayer(  203): readthread end of playing
12-31 19:00:42.176 D/RockFFPlayer(  203): enqueueMessage:sync wait
12-31 19:00:42.176 D/RockFFPlayer(  203): deliverMessage 
12-31 19:00:42.176 D/RockFFPlayer(  203): run : dequeueMessage Message 11
12-31 19:00:42.176 D/RockFFPlayer(  203): CMD_RESET
12-31 19:00:42.176 D/RockFFPlayerBase(  203): dumpStatus(): Idle
12-31 19:00:42.176 D/RockFFPlayer(  203): doReset ok
12-31 19:00:42.176 D/RockFFPlayer(  203): run : dequeueMessage Message 11 OK
12-31 19:00:42.176 D/RockFFPlayer(  203): Messagecomplete type [11]
12-31 19:00:42.176 D/RockFFPlayer(  203): run : Message 11 complete
12-31 19:00:42.176 D/RockFFPlayer(  203): enqueueMessage:sync wait ok
12-31 19:00:42.177 D/RockFFPlayer(  203): reset(),MessageReset down
12-31 19:00:42.177 D/RockFFPlayer(  203): signal thread out
12-31 19:00:42.177 D/RockFFPlayer(  203): sched_thread out
12-31 19:00:42.177 D/RockFFPlayer(  203): stop:wait is ok
12-31 19:00:42.177 D/RockFFPlayer(  203): stop:ok
12-31 19:00:42.177 D/RockFFPlayer(  203): ~RkMessageQueue
12-31 19:00:42.177 V/Robocol ( 1114): sending CMD_NOTIFY_OP_MODE_LIST(15), attempt: 0
12-31 19:00:42.178 D/RockFFPlayer(  203): reset()***********
12-31 19:00:42.178 D/RockFFPlayerBase(  203): dumpStatus(): Idle
12-31 19:00:42.178 D/RockFFPlayer(  203): CurrentStatus is IDLE,already reset
12-31 19:00:42.178 E/FFPlayer(  203): ~FFPlayer
12-31 19:00:42.178 D/RockFFPlayer(  203): reset()***********
12-31 19:00:42.178 D/RockFFPlayerBase(  203): dumpStatus(): Idle
12-31 19:00:42.178 D/RockFFPlayer(  203): CurrentStatus is IDLE,already reset
12-31 19:00:42.178 D/RockFFPlayer(  203): ~FFMPlayer*******
12-31 19:00:42.178 D/RockFFPlayer(  203): reset()***********
12-31 19:00:42.178 D/RockFFPlayerBase(  203): dumpStatus(): Idle
12-31 19:00:42.178 D/RockFFPlayer(  203): CurrentStatus is IDLE,already reset
12-31 19:00:42.178 D/RockFFPlayer(  203): ~FFMPlayer:CancelThread
12-31 19:00:42.179 V/Robocol ( 1114): sending CMD_NOTIFY_ROBOT_STATE(17), attempt: 0
12-31 19:00:42.179 D/RockFFPlayer(  203): CancelThread start
12-31 19:00:42.179 E/RockFFPlayerBase(  203): closeContext : in
12-31 19:00:42.181 E/RockFFPlayerBase(  203): closeContext : out
12-31 19:00:42.181 D/RockFFPlayer(  203): CancelThread end
12-31 19:00:42.181 D/RockFFPlayer(  203): CancelThread return
