10-16 17:11:56.174 I/RockFFPlayer(  203): flv_probe get probe score: 0
10-16 17:11:56.174 E/RockFFPlayer(  203): Hery, probe size = 0
10-16 17:11:56.175 I/RockFFPlayer(  203): flv_probe get probe score: 0
10-16 17:11:56.176 E/RockFFPlayer(  203): Hery, probe size = 0
10-16 17:11:56.176 V/NetDiscover_prefremrc( 1595): sendAllPreferences()
10-16 17:11:56.171 I/FFParser(  203): type=1400 audit(0.0:223): avc: denied { open } for path="/data/app/com.qualcomm.ftcrobotcontroller-1" dev="mmcblk0p14" ino=327131 scontext=u:r:mediaserver:s0 tcontext=u:object_r:apk_data_file:s0 tclass=dir permissive=1
10-16 17:11:56.177 V/NetDiscover_prefremrc( 1595): sending RC pref name=pref_wifip2p_remote_channel_change_works value=false
10-16 17:11:56.178 I/RockFFPlayer(  203): flv_probe get probe score: 0
10-16 17:11:56.178 E/RockFFPlayer(  203): Hery, probe size = 0
10-16 17:11:56.182 V/NetDiscover_prefremrc( 1595): sending RC pref name=pref_device_name value=FTC-22346
10-16 17:11:56.182 I/RockFFPlayer(  203): flv_probe get probe score: 0
10-16 17:11:56.182 V/NetDiscover_prefremrc( 1595): sending RC pref name=pref_warn_about_incorrect_clocks value=true
10-16 17:11:56.183 V/NetDiscover_prefremrc( 1595): sending RC pref name=pref_warn_about_obsolete_software value=true
10-16 17:11:56.184 E/RockFFPlayer(  203): Hery, probe size = 0
10-16 17:11:56.184 V/NetDiscover_prefremrc( 1595): sending RC pref name=pref_has_speaker value=false
10-16 17:11:56.184 V/Robocol ( 1595): sending CMD_NOTIFY_USER_DEVICE_LIST(19), attempt: 0
10-16 17:11:56.184 V/NetDiscover_prefremrc( 1595): sending RC pref name=pref_warn_about_2_4_ghz_band value=true
10-16 17:11:56.185 V/NetDiscover_prefremrc( 1595): sending RC pref name=pref_has_independent_phone_battery value=false
10-16 17:11:56.186 V/NetDiscover_prefremrc( 1595): sending RC pref name=pref_app_theme value=red
10-16 17:11:56.186 V/NetDiscover_prefremrc( 1595): sending RC pref name=pref_warn_about_mismatched_app_versions value=true
10-16 17:11:56.186 V/Robocol ( 1595): sending CMD_ROBOT_CONTROLLER_PREFERENCE(20), attempt: 0
10-16 17:11:56.187 V/NetDiscover_prefremrc( 1595): sending RC pref name=pref_sound_on_off value=false
10-16 17:11:56.187 V/Robocol ( 1595): sending CMD_ROBOT_CONTROLLER_PREFERENCE(21), attempt: 0
10-16 17:11:56.188 V/NetworkConnectionHandler( 1595): Peer connection established
10-16 17:11:56.188 V/Robocol ( 1595): sending CMD_ROBOT_CONTROLLER_PREFERENCE(22), attempt: 0
10-16 17:11:56.189 V/Robocol ( 1595): sending CMD_ROBOT_CONTROLLER_PREFERENCE(23), attempt: 0
10-16 17:11:56.191 I/RockFFPlayer(  203): flv_probe get probe score: 0
10-16 17:11:56.194 E/RockFFPlayer(  203): Hery, probe size = 0
10-16 17:11:56.201 E/RockFFPlayer(  203): file_read: offset=22971852, c->offset=22899136, c->length=72716
10-16 17:11:56.201 E/RockFFPlayer(  203): file_read: offset=22971852, c->offset=22899136, c->length=72716
10-16 17:11:56.204 I/RockFFPlayer(  203): flv_probe get probe score: 0
10-16 17:11:56.206 E/RockFFPlayer(  203): Hery, probe size = 0
10-16 17:11:56.215 E/RockFFPlayer(  203): probed stream 0
10-16 17:11:56.216 E/RockFFPlayer(  203): file_read: offset=22971852, c->offset=22899136, c->length=72716
10-16 17:11:56.216 E/RockFFPlayer(  203): read_size = 72672
10-16 17:11:56.216 E/RockFFPlayer(  203): update_stream_timings: st[-302476872].duration = 36336
10-16 17:11:56.216 E/RockFFPlayer(  203): update_stream_timings: st[-302476872].duration = 36336
10-16 17:11:56.216 E/RockFFPlayer(  203): estimate_timings:0: start_time: -9223372036854.775 duration: 0.036,base_time.den=48000,base_time.num=1
10-16 17:11:56.216 E/RockFFPlayer(  203): stream: start_time: -9223372036854.775 duration: 0.757 bitrate=842655 kb/s
10-16 17:11:56.216 E/RockFFPlayer(  203): avformat_find_stream_info:find_stream_info_err:free info,ok
10-16 17:11:56.216 D/RockFFPlayer(  203): find av stream info ok
10-16 17:11:56.216 D/RockFFPlayer(  203): AudioStartTime=0,VideoStartTime=-1,tmpTime=-1
10-16 17:11:56.216 D/RockFFPlayer(  203): findAVStreamStartTime:start_time set 0
10-16 17:11:56.216 E/RockFFPlayer(  203): Hery, s->duration = 757000.000000
10-16 17:11:56.216 I/RockFFPlayer(  203): Input #0, wav, from 'file/fd::12,offset::22899136,length::72716':
10-16 17:11:56.216 I/RockFFPlayer(  203):   Duration: 
10-16 17:11:56.216 I/RockFFPlayer(  203): 00:00:00.76
10-16 17:11:56.216 I/RockFFPlayer(  203): , start: 
10-16 17:11:56.216 I/RockFFPlayer(  203): 0.000000
10-16 17:11:56.216 I/RockFFPlayer(  203): , bitrate: 
10-16 17:11:56.216 I/RockFFPlayer(  203): 842655 kb/s
10-16 17:11:56.216 I/RockFFPlayer(  203): 
10-16 17:11:56.217 V/EventLoopManager( 1595): Setting authoritative wall clock based on connected DS.
10-16 17:11:56.217 D/Uvc     ( 1595): [time.cpp:64] Java_org_firstinspires_ftc_robotcore_internal_system_AppUtil_nativeSetCurrentTimeMillis()...
10-16 17:11:56.232 I/JniTime ( 1595): [time.cpp:83] settimeofday() succeeded
10-16 17:11:56.232 D/Uvc     ( 1595): [time.cpp:64] ...Java_org_firstinspires_ftc_robotcore_internal_system_AppUtil_nativeSetCurrentTimeMillis()
10-16 17:11:56.232 I/RockFFPlayer(  203):     Stream #0:0
10-16 17:11:56.232 I/RockFFPlayer(  203): : Audio: pcm_s16le ([1][0][0][0] / 0x0001), 48000 Hz, 1 channels, s16, 768 kb/s
10-16 17:11:56.232 I/RockFFPlayer(  203): 
10-16 17:11:56.232 D/RockFFPlayer(  203): send do-prepare message in
10-16 17:11:56.232 D/RockFFPlayer(  203): enter enqueueMessage
10-16 17:11:56.232 D/RockFFPlayer(  203): enqueueMessage:****1
10-16 17:11:56.232 D/RockFFPlayer(  203): enqueueMessage:****2
10-16 17:11:56.232 D/RockFFPlayer(  203): enqueueMessage:****3
10-16 17:11:56.232 D/RockFFPlayer(  203): enqueueMessage:Message 1,set signal
10-16 17:11:56.232 D/RockFFPlayer(  203): enqueueMessage:sync wait
10-16 17:11:56.232 D/RockFFPlayer(  203): deliverMessage 
10-16 17:11:56.233 D/RockFFPlayer(  203): run : dequeueMessage Message 1
10-16 17:11:56.233 D/RockFFPlayer(  203): CMD_PREPARE
10-16 17:11:56.233 I/RockFFPlayer(  203): doPrepare in
10-16 17:11:56.233 I/RockFFPlayer(  203): prepareVideo
10-16 17:11:56.233 E/RockFFPlayer(  203): mVideoStreamIndex is -1
10-16 17:11:56.233 I/RockFFPlayer(  203): prepareAudio
10-16 17:11:56.233 E/RockFFPlayer(  203): audio stream codec_id = 65536
10-16 17:11:56.233 D/RockFFPlayerBase(  203): open MediaDecoder.cfg failed,so can't config anything
10-16 17:11:56.233 D/AlarmManagerService(  429): Kernel timezone updated to 240 minutes west of GMT
10-16 17:11:56.233 D/RockFFPlayerBase(  203): File not exists!
10-16 17:11:56.233 D/RkBitstreamManager(  203): isBypass: false
10-16 17:11:56.233 D/RockFFPlayer(  203): initAudioPlayer
10-16 17:11:56.233 I/RkBitstreamManager(  203): BUF: 
10-16 17:11:56.233 I/RkBitstreamManager(  203): 
10-16 17:11:56.233 D/RkBitstreamManager(  203): isBypass: false
10-16 17:11:56.233 D/RockFFPlayer(  203): AudioPlayer getOutputMode : 0, SPDIF mode : -1
10-16 17:11:56.233 D/RockFFPlayerBase(  203): setAudioOutputMode output_mode : 0
10-16 17:11:56.233 D/RockFFPlayerBase(  203): set SPDIF output mode : -1
10-16 17:11:56.233 D/AudioPlayerApi(  203): audio player mode in: 0
10-16 17:11:56.233 V/AppUtil ( 1595): attempted to set timezone: before=America/New_York after=America/New_York
10-16 17:11:56.234 D/AudioPlayerApi(  203): audio player mode out: 0
10-16 17:11:56.234 D/RockFFPlayer(  203): initAudioPlayer out
10-16 17:11:56.234 D/RkExtensionPlayer(  203): prepareExtendSubtitle in
10-16 17:11:56.234 E/RockFFPlayer(  203): prepareExtandSubtitle return error!
10-16 17:11:56.234 D/RkExtensionPlayer(  203): ~RkExtensionPlayer in
10-16 17:11:56.234 D/RkExtensionPlayer(  203): RkExtensionPlayer::closeExtendSubDecoder in
10-16 17:11:56.234 E/FFExtensionSource(  203): ~FFExtensionSource in
10-16 17:11:56.234 D/RockFFPlayer(  203): FFMediaSource context null. 
10-16 17:11:56.234 E/FFExtensionSource(  203): ~FFExtensionSource out
10-16 17:11:56.234 D/RockFFPlayer(  203): ~FFMediaSource
10-16 17:11:56.234 D/RockFFPlayer(  203): FFMediaSource context null. 
10-16 17:11:56.234 D/RkExtensionPlayer(  203): closeExtendSubDecoder out
10-16 17:11:56.232 I/RkMsgQueue(  203): type=1400 audit(0.0:224): avc: denied { read } for name="edfb43c0" dev="mmcblk0p14" ino=588674 scontext=u:r:mediaserver:s0 tcontext=u:object_r:system_data_file:s0 tclass=dir permissive=1
10-16 17:11:56.235 E/RkExtensionPlayer(  203): deleteAllFileInDirectory(),/tmp/rk_ext_subtitle/ is not exist
10-16 17:11:56.235 E/RkExtensionPlayer(  203): deleteAllFileInDirectory(),/data/media/0/rk_ext_subtitle/ is not exist
10-16 17:11:56.235 V/Robocol ( 1595): received command: CMD_REQUEST_ACTIVE_CONFIG(10001) 
10-16 17:11:56.235 I/RockFFPlayer(  203): prepareSubtitle in
10-16 17:11:56.235 E/RockFFPlayer(  203): hasSubtitle return fail
10-16 17:11:56.235 D/AudioDecoder(  203): decodeaudio AudioOutputMode : 0, SPDIF_MODE : -1, PlayerMode : 0
10-16 17:11:56.235 D/AudioDecoder(  203): mStream->codec->channels = 1  mStream->codec->sample_rate = 48000
10-16 17:11:56.235 D/AudioDecoder(  203): mStream->codec->channels = 1  mStream->codec->sample_rate = 48000
10-16 17:11:56.235 D/RockFFPlayer(  203): createAudioDecoder: create audio decoder ok
10-16 17:11:56.235 E/RockFFPlayer(  203): createVideoDecoder: no video stream
10-16 17:11:56.235 E/RockFFPlayer(  203): createSubtitleDecoder: no subtitle stream
10-16 17:11:56.236 E/TraceThread(  203): TraceThread::dumpTrace() FileName:/data/trace_thread.log
10-16 17:11:56.236 D/RockFFPlayerBase(  203): dumpStatus(): Preapared
10-16 17:11:56.236 D/RockFFPlayer(  203): Sync master clock type - 1
10-16 17:11:56.236 I/RockFFPlayer(  203): doPrepareFinish ok
10-16 17:11:56.236 D/RockFFPlayer(  203): run : dequeueMessage Message 1 OK
10-16 17:11:56.236 D/RockFFPlayer(  203): Messagecomplete type [1]
10-16 17:11:56.236 D/RockFFPlayer(  203): run : Message 1 complete
10-16 17:11:56.237 D/RockFFPlayer(  203): enqueueMessage:sync wait ok
10-16 17:11:56.237 D/RockFFPlayer(  203): send do-prepare message ok
10-16 17:11:56.237 I/RockFFPlayer(  203): decodeMovie:getCurrentStatus() = 8
10-16 17:11:56.237 D/FFPlayerHelper(  203): MediaServer is SP_FOREGROUND, tid=1711
10-16 17:11:56.237 V/Robocol ( 1595): received command: CMD_REQUEST_USER_DEVICE_TYPES(10002) 
10-16 17:11:56.237 D/MediaPlayer( 1595): setSubtitleAnchor in MediaPlayer
10-16 17:11:56.237 D/MediaPlayer( 1595): setSubtitleAnchor in MediaPlayer
10-16 17:11:56.238 V/Robocol ( 1595): received command: CMD_REQUEST_OP_MODE_LIST(10003) 
10-16 17:11:56.232 I/RkMsgQueue(  203): type=1400 audit(0.0:225): avc: denied { open } for path="/data/rk_ext_subtitle/edfb43c0" dev="mmcblk0p14" ino=588674 scontext=u:r:mediaserver:s0 tcontext=u:object_r:system_data_file:s0 tclass=dir permissive=1
10-16 17:11:56.238 V/Robocol ( 1595): sending CMD_ROBOT_CONTROLLER_PREFERENCE(24), attempt: 0
10-16 17:11:56.239 E/RockFFPlayer(  203): file_read: offset=22971852, c->offset=22899136, c->length=72716
10-16 17:11:56.239 E/RockFFPlayer(  203): file_read: offset=22971852, c->offset=22899136, c->length=72716
10-16 17:11:56.239 D/RockFFPlayer(  203): url_feof=1,err=0
10-16 17:11:56.239 I/RockFFPlayer(  203): av_read_frame end of stream ret = -541478725
10-16 17:11:56.239 V/Robocol ( 1595): sending CMD_ROBOT_CONTROLLER_PREFERENCE(25), attempt: 0
10-16 17:11:56.240 V/Robocol ( 1595): sending CMD_ROBOT_CONTROLLER_PREFERENCE(26), attempt: 0
10-16 17:11:56.232 I/RkMsgQueue(  203): type=1400 audit(0.0:226): avc: denied { remove_name } for name="edfb43c0" dev="mmcblk0p14" ino=588674 scontext=u:r:mediaserver:s0 tcontext=u:object_r:system_data_file:s0 tclass=dir permissive=1
10-16 17:11:56.242 V/Robocol ( 1595): sending CMD_ROBOT_CONTROLLER_PREFERENCE(27), attempt: 0
10-16 17:11:56.243 V/Robocol ( 1595): sending CMD_ROBOT_CONTROLLER_PREFERENCE(28), attempt: 0
10-16 17:11:56.244 V/Robocol ( 1595): sending CMD_ROBOT_CONTROLLER_PREFERENCE(29), attempt: 0
10-16 17:11:56.232 I/RkMsgQueue(  203): type=1400 audit(0.0:227): avc: denied { rmdir } for name="edfb43c0" dev="mmcblk0p14" ino=588674 scontext=u:r:mediaserver:s0 tcontext=u:object_r:system_data_file:s0 tclass=dir permissive=1
10-16 17:11:56.232 I/RkMsgQueue(  203): type=1400 audit(0.0:228): avc: denied { write } for name="trace_thread.log" dev="mmcblk0p14" ino=14 scontext=u:r:mediaserver:s0 tcontext=u:object_r:system_data_file:s0 tclass=file permissive=1
10-16 17:11:56.246 E/RockFFPlayer(  203): doGetTrackInfo: track size = 1
10-16 17:11:56.232 I/RkMsgQueue(  203): type=1400 audit(0.0:229): avc: denied { open } for path="/data/trace_thread.log" dev="mmcblk0p14" ino=14 scontext=u:r:mediaserver:s0 tcontext=u:object_r:system_data_file:s0 tclass=file permissive=1
10-16 17:11:56.247 E/RockFFPlayer(  203): doGetTrackInfo: track size = 1
10-16 17:11:56.248 V/SoundInfo( 1595): construct(0x029edf76)
10-16 17:11:56.256 E/WVMExtractor( 1595): Failed to open libwvm.so: dlopen failed: "/system/vendor/lib64/libwvm.so" is 32-bit instead of 64-bit
10-16 17:11:56.271 V/Robocol ( 1595): received command: CMD_ROBOT_CONTROLLER_PREFERENCE(10005) {"booleanValue":true,"prefName":"pref_ds_supports_5_ghz"}
10-16 17:11:56.272 V/Robocol ( 1595): received command: CMD_ROBOT_CONTROLLER_PREFERENCE(10006) {"intValue":21,"prefName":"pref_dh_os_version_code"}
10-16 17:11:56.274 I/MediaCodec( 1595): callingProcessName:com.qualcomm.ftcrobotcontroller
10-16 17:11:56.276 I/MediaPlayerService(  203): MediaPlayerService::getOMX
10-16 17:11:56.277 I/OMXClient( 1595): MuxOMX ctor
10-16 17:11:56.277 I/ACodec  ( 1595): onAllocateComponent:6752 mSoftCodecPref:0 componentName:
10-16 17:11:56.279 I/ACodec  ( 1595): onAllocateComponent:6783 mSoftCodecPref:0 componentName:OMX.google.raw.decoder
10-16 17:11:56.280 I/OMXMaster(  200): makeComponentInstance(OMX.google.raw.decoder) in mediacodec process
10-16 17:11:56.289 D/MediaBufferGroup(  202): creating MemoryDealer
10-16 17:11:56.304 D/SoundPlayer( 1595): onLoadComplete(samp=1|ms=757, samp=1)=0
10-16 17:11:56.306 W/AudioTrack( 1595): AUDIO_OUTPUT_FLAG_FAST denied by client; transfer 4, track 48000 Hz, output 44100 Hz
10-16 17:11:56.305 I/AudioOut_D(  195): type=1400 audit(0.0:230): avc: denied { read } for name="audioinfo" dev="sysfs" ino=10588 scontext=u:r:audioserver:s0 tcontext=u:object_r:sysfs_hdmi:s0 tclass=file permissive=1
10-16 17:11:56.309 D/AudioHardwareTiny(  195): out_set_parameters: kvpairs = routing=1024
10-16 17:11:56.309 D/AudioHardwareTiny(  195): start_output_stream
10-16 17:11:56.310 D/AudioHardwareTiny(  195): Device     : 0x402
10-16 17:11:56.310 D/AudioHardwareTiny(  195): SampleRate : 44100
10-16 17:11:56.310 D/AudioHardwareTiny(  195): Channels   : 2
10-16 17:11:56.310 D/AudioHardwareTiny(  195): Formate    : 0
10-16 17:11:56.310 D/AudioHardwareTiny(  195): PreiodSize : 512
10-16 17:11:56.310 D/alsa_route(  195): route_info->sound_card 0, route_info->devices 0  
10-16 17:11:56.311 D/alsa_route(  195): route_set_controls() set route 24
10-16 17:11:56.311 D/SoundPlayer( 1595): playing volume=0.000000 samp=1|ms=757
10-16 17:11:56.305 I/AudioOut_D(  195): type=1400 audit(0.0:231): avc: denied { open } for path="/sys/devices/virtual/display/HDMI/audioinfo" dev="sysfs" ino=10588 scontext=u:r:audioserver:s0 tcontext=u:object_r:sysfs_hdmi:s0 tclass=file permissive=1
10-16 17:11:56.305 I/AudioOut_D(  195): type=1400 audit(0.0:232): avc: denied { getattr } for path="/sys/devices/virtual/display/HDMI/audioinfo" dev="sysfs" ino=10588 scontext=u:r:audioserver:s0 tcontext=u:object_r:sysfs_hdmi:s0 tclass=file permissive=1
10-16 17:11:56.318 V/Robocol ( 1595): sending CMD_PLAY_SOUND(42), attempt: 0
10-16 17:11:56.398 V/Robocol ( 1595): sending CMD_NOTIFY_ROBOT_STATE(9), attempt: 1
10-16 17:11:56.400 V/Robocol ( 1595): sending CMD_NOTIFY_ROBOT_STATE(10), attempt: 1
10-16 17:11:56.401 V/Robocol ( 1595): sending CMD_NOTIFY_ROBOT_STATE(11), attempt: 1
10-16 17:11:56.403 V/Robocol ( 1595): sending CMD_NOTIFY_ACTIVE_CONFIGURATION(13), attempt: 1
10-16 17:11:56.404 V/Robocol ( 1595): sending CMD_NOTIFY_USER_DEVICE_LIST(14), attempt: 1
10-16 17:11:56.409 V/Robocol ( 1595): sending CMD_NOTIFY_OP_MODE_LIST(15), attempt: 1
10-16 17:11:56.438 V/Robocol ( 1595): sending CMD_NOTIFY_USER_DEVICE_LIST(19), attempt: 1
10-16 17:11:56.443 V/Robocol ( 1595): sending CMD_ROBOT_CONTROLLER_PREFERENCE(20), attempt: 1
10-16 17:11:56.445 V/Robocol ( 1595): sending CMD_ROBOT_CONTROLLER_PREFERENCE(21), attempt: 1
10-16 17:11:56.446 V/Robocol ( 1595): sending CMD_ROBOT_CONTROLLER_PREFERENCE(22), attempt: 1
10-16 17:11:56.448 V/Robocol ( 1595): sending CMD_ROBOT_CONTROLLER_PREFERENCE(23), attempt: 1
10-16 17:11:56.483 I/art     ( 1504): Debugger is no longer active
10-16 17:11:56.484 I/art     ( 1504): Starting a blocking GC Instrumentation
10-16 17:11:56.500 V/ThreadPool( 1595): container(0x07950613: lynx dg poller) added id=147 TID=0 count=1
10-16 17:11:56.501 V/LynxUsb ( 1595): ...done armDevice()
10-16 17:11:56.501 V/RobotCore( 1595): thread: 'lynx incoming datagrams' starting...
10-16 17:11:56.502 V/LynxUsb ( 1595): 0x03a90249 on 0x030e0d4c: new delegate to [(embedded)]
10-16 17:11:56.502 V/LynxUsb ( 1595): addConfiguredModule() module#=173
10-16 17:11:56.509 V/LynxModule( 1595): pingAndQueryKnownInterfaces mod=173
10-16 17:11:56.515 V/LynxUsb ( 1595): synchronization gained: serial=(embedded)
10-16 17:11:56.518 V/ThreadPool( 1595): container(0x0ee9b181: lynx module executor) added id=148 TID=0 count=1
10-16 17:11:56.541 V/LynxModule( 1595): mod#=173 queryInterface(DEKA)=54 commands starting at 4096
10-16 17:11:56.554 V/LynxModule( 1595): sending LynxFtdiResetControlCommand(true) wasInterrupted=false
10-16 17:11:56.561 V/LynxModule( 1595): sendLEDPatternSteps(): steps=[Step(color=65280, msDuration=1000)]
10-16 17:11:56.566 V/LynxModule( 1595): setAsControlHubEmbeddedModule(mod=173)
10-16 17:11:56.566 V/EmbeddedControlHubModule( 1595): setting embedded module
10-16 17:11:56.569 V/LynxModule( 1595): sending LynxFtdiResetControlCommand(false) wasInterrupted=false
10-16 17:11:56.572 V/LynxModule( 1595): close(#173)
10-16 17:11:56.573 V/ThreadPool( 1595): waiting for service lynx module executor
10-16 17:11:56.573 V/ThreadPool( 1595): service lynx module executor terminated in awaitTermination()
10-16 17:11:56.573 V/ThreadPool( 1595): executive service lynx module executor(0x0ee9b181) is terminated
10-16 17:11:56.573 V/LynxUsb ( 1595): Verified that the embedded Control Hub module has the correct address
10-16 17:11:56.573 V/ThreadPool( 1595): container(0x0ee9b181: lynx module executor) removed id=148 TID=1719 count=1
10-16 17:11:56.574 V/LynxUsb ( 1595): addConfiguredModule() module#=173
10-16 17:11:56.576 V/LynxModule( 1595): pingAndQueryKnownInterfaces mod=173
10-16 17:11:56.577 V/ThreadPool( 1595): container(0x0eae98ed: lynx module executor) added id=149 TID=0 count=1
10-16 17:11:56.592 V/LynxModule( 1595): mod#=173 queryInterface(DEKA)=54 commands starting at 4096
10-16 17:11:56.604 V/LynxModule( 1595): sending LynxFtdiResetControlCommand(true) wasInterrupted=false
10-16 17:11:56.609 V/LynxModule( 1595): sendLEDPatternSteps(): steps=[Step(color=65280, msDuration=1000)]
10-16 17:11:56.614 V/LynxModule( 1595): setAsControlHubEmbeddedModule(mod=173)
10-16 17:11:56.614 V/EmbeddedControlHubModule( 1595): setting embedded module
10-16 17:11:56.617 V/ThreadPool( 1595): container(0x00fa466b: default threadpool) added id=150 TID=0 count=2
10-16 17:11:56.620 V/RobotCore( 1595): nack rec'd mod=173 msg#=8 ref#=0 reason=PARAM0:0
10-16 17:11:56.622 V/LynxModule( 1595): mod#=173 queryInterface(): interface SERVO_HUB is not supported
10-16 17:11:56.623 I/RobotCore( 1595): LynxFirmwareVersionManager: LynxI2cDeviceSynchV2
10-16 17:11:56.624 V/LynxI2cDeviceSynch( 1595): initializeHardware() mod#=173
10-16 17:11:56.624 V/BNO055  ( 1595): Suppressing I2C warnings while we check for a BNO055 IMU
10-16 17:11:56.630 V/BNO055  ( 1595): No BNO055 IMU found
10-16 17:11:56.631 V/BHI260IMU( 1595): Suppressing I2C warnings while we check for a BHI260AP IMU
10-16 17:11:56.636 V/BHI260IMU( 1595): Found BHI260AP IMU
10-16 17:11:56.636 V/EmbeddedControlHubModule( 1595): setting embedded IMU type
10-16 17:11:56.637 V/LynxModule( 1595): sending LynxFtdiResetControlCommand(false) wasInterrupted=false
10-16 17:11:56.639 V/LynxModule( 1595): close(#173)
10-16 17:11:56.639 V/ThreadPool( 1595): waiting for service lynx module executor
10-16 17:11:56.640 V/ThreadPool( 1595): service lynx module executor terminated in awaitTermination()
10-16 17:11:56.640 V/ThreadPool( 1595): executive service lynx module executor(0x0eae98ed) is terminated
10-16 17:11:56.640 V/ThreadPool( 1595): container(0x0eae98ed: lynx module executor) removed id=149 TID=1720 count=1
10-16 17:11:56.640 V/LynxUsb ( 1595): addConfiguredModule() module#=173
10-16 17:11:56.642 V/LynxModule( 1595): pingAndQueryKnownInterfaces mod=173
10-16 17:11:56.643 V/ThreadPool( 1595): container(0x0bbc369c: lynx module executor) added id=151 TID=0 count=1
10-16 17:11:56.655 V/LynxModule( 1595): mod#=173 queryInterface(DEKA)=54 commands starting at 4096
10-16 17:11:56.663 V/LynxModule( 1595): sending LynxFtdiResetControlCommand(true) wasInterrupted=false
10-16 17:11:56.667 V/LynxModule( 1595): sendLEDPatternSteps(): steps=[Step(color=65280, msDuration=1000)]
10-16 17:11:56.671 V/LynxModule( 1595): setAsControlHubEmbeddedModule(mod=173)
10-16 17:11:56.671 V/EmbeddedControlHubModule( 1595): setting embedded module
10-16 17:11:56.673 I/RobotCore( 1595): LynxFirmwareVersionManager: LynxI2cDeviceSynchV2
10-16 17:11:56.674 V/LynxI2cDeviceSynch( 1595): initializeHardware() mod#=173
10-16 17:11:56.686 I/art     ( 1526): Debugger is no longer active
10-16 17:11:56.686 I/art     ( 1526): Starting a blocking GC Instrumentation
10-16 17:11:56.693 V/BHI260IMU( 1595): flashFirmwareIfNecessary() alreadyFlashed=true firmwareVersion=20
10-16 17:11:56.694 V/LynxModule( 1595): sending LynxFtdiResetControlCommand(false) wasInterrupted=false
10-16 17:11:56.696 V/LynxModule( 1595): close(#173)
10-16 17:11:56.697 V/ThreadPool( 1595): waiting for service lynx module executor
10-16 17:11:56.697 V/ThreadPool( 1595): service lynx module executor terminated in awaitTermination()
10-16 17:11:56.697 V/ThreadPool( 1595): executive service lynx module executor(0x0bbc369c) is terminated
10-16 17:11:56.697 V/HardwareFactory( 1595): createHardwareMap()
10-16 17:11:56.697 V/ThreadPool( 1595): container(0x0bbc369c: lynx module executor) removed id=151 TID=1722 count=1
10-16 17:11:56.697 V/EmbeddedControlHubModule( 1595): clearing embedded module
10-16 17:11:56.704 V/ReadXMLFileHandler( 1595): embedded lynx USB device and module are already present
10-16 17:11:56.705 V/RobotCore( 1595): Creating REV Robotics USB Expansion Hub Portal [(embedded)]
10-16 17:11:56.705 V/LynxUsb ( 1595): using existing [(embedded)]: 0x030e0d4c
10-16 17:11:56.705 V/LynxUsb ( 1595): 0x0c9ebd34 on 0x030e0d4c: new delegate to [(embedded)]
10-16 17:11:56.706 V/LynxUsb ( 1595): addConfiguredModule() module#=173
10-16 17:11:56.707 V/LynxModule( 1595): pingAndQueryKnownInterfaces mod=173
10-16 17:11:56.708 V/ThreadPool( 1595): container(0x0774975d: lynx module executor) added id=152 TID=0 count=1
10-16 17:11:56.718 V/LynxModule( 1595): mod#=173 queryInterface(DEKA)=54 commands starting at 4096
10-16 17:11:56.726 V/LynxModule( 1595): sending LynxFtdiResetControlCommand(true) wasInterrupted=false
10-16 17:11:56.731 V/LynxModule( 1595): sendLEDPatternSteps(): steps=[Step(color=65280, msDuration=1000)]
10-16 17:11:56.735 V/LynxModule( 1595): setAsControlHubEmbeddedModule(mod=173)
10-16 17:11:56.735 V/EmbeddedControlHubModule( 1595): setting embedded module
10-16 17:11:56.736 V/LynxMotor( 1595): initializeHardware() mod#=173
10-16 17:11:56.797 V/RobotCore( 1595): DcMotorImpl(type=goBILDA5202SeriesMotor)
10-16 17:11:56.797 V/RobotCore( 1595): DcMotorImpl(type=goBILDA5202SeriesMotor)
10-16 17:11:56.798 V/RobotCore( 1595): DcMotorImpl(type=goBILDA5202SeriesMotor)
10-16 17:11:56.798 V/RobotCore( 1595): DcMotorImpl(type=goBILDA5202SeriesMotor)
10-16 17:11:56.799 V/LynxServoController( 1595): initializeHardware() mod#=173
10-16 17:11:56.823 V/LynxVoltageSensor( 1595): initializeHardware() mod#=173
10-16 17:11:56.823 V/LynxAnalogInputController( 1595): initializeHardware() mod#=173
10-16 17:11:56.824 V/LynxDigitalChannelController( 1595): initializeHardware() mod#=173
10-16 17:11:56.841 V/RobotCore( 1595): Creating user sensor goBILDA Pinpoint Odometry Computer - on Lynx module=173 bus=0
10-16 17:11:56.842 I/RobotCore( 1595): LynxFirmwareVersionManager: LynxI2cDeviceSynchV2
10-16 17:11:56.842 V/LynxI2cDeviceSynch( 1595): initializeHardware() mod#=173
10-16 17:11:56.843 I/RobotCore( 1595): LynxFirmwareVersionManager: LynxI2cDeviceSynchV2
10-16 17:11:56.843 V/LynxI2cDeviceSynch( 1595): initializeHardware() mod#=173
10-16 17:11:56.844 I/RobotCore( 1595): ========= Device Information ===================================================
10-16 17:11:56.844 I/RobotCore( 1595): Type                                               Name                           Connection
10-16 17:11:56.845 I/RobotCore( 1595): Motor                                              FLmotor                        USB (embedded); module 173; port 2
10-16 17:11:56.846 I/RobotCore( 1595): Motor                                              BRmotor                        USB (embedded); module 173; port 0
10-16 17:11:56.847 I/RobotCore( 1595): goBILDA Pinpoint Odometry Computer                odo                            USB (embedded); module 173; bus 0; addr7=0x31
10-16 17:11:56.847 I/RobotCore( 1595): goBILDA Pinpoint Odometry Computer                odo                            USB (embedded); module 173; bus 0; addr7=0x31
10-16 17:11:56.848 I/RobotCore( 1595): Motor                                              BLmotor                        USB (embedded); module 173; port 1
10-16 17:11:56.848 I/RobotCore( 1595): Expansion Hub DC Motor Controller                  Control Hub                    USB (embedded); module 173
10-16 17:11:56.849 I/RobotCore( 1595): Expansion Hub Servo Controller                     Control Hub                    USB (embedded); module 173
10-16 17:11:56.849 I/RobotCore( 1595): Expansion Hub Voltage Sensor                       Control Hub                    USB (embedded); module 173
10-16 17:11:56.850 I/RobotCore( 1595): Expansion Hub Analog Input Controller              Control Hub                    USB (embedded); module 173
10-16 17:11:56.850 I/RobotCore( 1595): Expansion Hub Digital Channel Controller           Control Hub                    USB (embedded); module 173
10-16 17:11:56.853 I/RobotCore( 1595): Expansion Hub (HW: 20, Maj: 1, Min: 8, Eng: 2)     Control Hub                    USB (embedded); module 173
10-16 17:11:56.854 I/RobotCore( 1595): Motor                                              FRmotor                        USB (embedded); module 173; port 3
10-16 17:11:56.854 I/RobotCore( 1595): REV Robotics USB Expansion Hub Portal              Control Hub Portal             USB (embedded)
10-16 17:11:56.859 V/RobotCore( 1595): nack rec'd mod=173 msg#=57 ref#=0 reason=PARAM0:0
10-16 17:11:56.860 V/LynxModule( 1595): mod#=173 queryInterface(): interface SERVO_HUB is not supported
10-16 17:11:56.860 I/RobotCore( 1595): LynxFirmwareVersionManager: LynxI2cDeviceSynchV2
10-16 17:11:56.861 V/LynxI2cDeviceSynch( 1595): initializeHardware() mod#=173
10-16 17:11:56.861 V/BNO055  ( 1595): Suppressing I2C warnings while we check for a BNO055 IMU
10-16 17:11:56.865 V/BNO055  ( 1595): No BNO055 IMU found
10-16 17:11:56.865 V/BHI260IMU( 1595): Suppressing I2C warnings while we check for a BHI260AP IMU
10-16 17:11:56.869 V/BHI260IMU( 1595): Found BHI260AP IMU
10-16 17:11:56.872 V/RobotCore( 1595): nack rec'd mod=173 msg#=62 ref#=0 reason=PARAM0:0
10-16 17:11:56.873 V/LynxModule( 1595): mod#=173 queryInterface(): interface SERVO_HUB is not supported
10-16 17:11:56.879 V/RobotCore( 1595): nack rec'd mod=173 msg#=64 ref#=0 reason=PARAM0:0
10-16 17:11:56.881 V/LynxModule( 1595): mod#=173 queryInterface(): interface SERVO_HUB is not supported
10-16 17:11:56.881 V/LynxUsb ( 1595): 0x03a90249 on 0x030e0d4c: releasing delegate to [(embedded)]
10-16 17:11:56.881 I/FtcEventLoop( 1595): ======= INIT FINISH =======
10-16 17:11:56.881 V/RobotCore( 1595): EventLoopManager state is RUNNING
10-16 17:11:56.881 W/art     ( 1595): Long monitor contention with owner RobotSetupRunnable.run() (1692) at void java.lang.Thread.sleep!(java.lang.Object, long, int)(Thread.java:-2) waiters=0 in org.firstinspires.ftc.robotcore.internal.network.CallbackResult com.qualcomm.robotcore.eventloop.EventLoopManager.commandEvent(com.qualcomm.robotcore.robocol.Command) for 646ms
10-16 17:11:56.882 V/RobotCore( 1595): Robot Status: running, starting robot
10-16 17:11:56.882 D/RockFFPlayer(  203): reset()***********
10-16 17:11:56.882 D/RockFFPlayerBase(  203): dumpStatus(): Preapared
10-16 17:11:56.882 D/RockFFPlayer(  203): reset(),stop_l
10-16 17:11:56.882 D/RockFFPlayer(  203): stop_l
10-16 17:11:56.882 D/RockFFPlayer(  203): enter enqueueMessage
10-16 17:11:56.882 D/RockFFPlayer(  203): enqueueMessage:****1
10-16 17:11:56.882 D/RockFFPlayer(  203): enqueueMessage:****2
10-16 17:11:56.882 D/RockFFPlayer(  203): enqueueMessage:****3
10-16 17:11:56.882 D/RockFFPlayer(  203): enqueueMessage:Message 1,set signal
10-16 17:11:56.882 D/RockFFPlayer(  203): enqueueMessage:sync wait
10-16 17:11:56.882 D/RockFFPlayer(  203): deliverMessage 
10-16 17:11:56.882 D/RockFFPlayer(  203): run : dequeueMessage Message 4
10-16 17:11:56.882 V/RobotCore( 1595): Robot Status: running
10-16 17:11:56.882 D/RockFFPlayer(  203): CMD_STOP
10-16 17:11:56.882 D/RockFFPlayer(  203): doStop()*****
10-16 17:11:56.882 D/RockFFPlayerBase(  203): dumpStatus(): Preapared
10-16 17:11:56.882 D/RockFFPlayerBase(  203): dumpStatus(): Stopped
10-16 17:11:56.882 D/RockFFPlayer(  203): doRelease()************
10-16 17:11:56.882 I/FFIDecoder(  203): waiting on end of decoder thread
10-16 17:11:56.882 E/FFMpegThread(  203): DecoderAudio,wait
10-16 17:11:56.883 I/RockFFPlayer(  203): readthread end of playing
10-16 17:11:56.883 E/RockFFPlayerBase(  203): FFMPlayerBase::flushRenderQueue in
10-16 17:11:56.883 E/RockFFPlayerBase(  203): FFMPlayerBase::flushRenderQueue out
10-16 17:11:56.883 D/FFMpegThread(  203): DecoderAudio:~PlayerThread enter mThreadStatus=-1
10-16 17:11:56.883 V/ThreadPool( 1595): container(0x07f749d0: executorEventLoop) added id=153 TID=0 count=1
10-16 17:11:56.884 D/RockFFPlayer(  203): doRelease ok
10-16 17:11:56.884 D/RockFFPlayer(  203): doStop()*****OK
10-16 17:11:56.884 D/RockFFPlayer(  203): run : dequeueMessage Message 4 OK
10-16 17:11:56.884 D/RockFFPlayer(  203): Messagecomplete type [4]
10-16 17:11:56.884 D/RockFFPlayer(  203): run : Message 4 complete
10-16 17:11:56.884 D/RockFFPlayer(  203): enqueueMessage:sync wait ok
10-16 17:11:56.884 D/RockFFPlayer(  203): doRelease() clearQueue************
10-16 17:11:56.884 D/RockFFPlayer(  203): stop_l:MessageStop down
10-16 17:11:56.884 D/RockFFPlayerBase(  203): dumpStatus(): Stopped
10-16 17:11:56.884 D/RockFFPlayer(  203): stop_l : create CancelThread
10-16 17:11:56.884 D/RockFFPlayer(  203): stop_l :CancelThread create ok
10-16 17:11:56.884 D/RockFFPlayer(  203): stop_l buffer thread quit
10-16 17:11:56.884 D/RockFFPlayer(  203): enter enqueueMessage
10-16 17:11:56.884 D/RockFFPlayer(  203): enqueueMessage:****1
10-16 17:11:56.884 D/RockFFPlayer(  203): enqueueMessage:****2
10-16 17:11:56.885 D/RockFFPlayer(  203): enqueueMessage:****3
10-16 17:11:56.885 D/RockFFPlayer(  203): enqueueMessage:Message 1,set signal
10-16 17:11:56.885 D/RockFFPlayer(  203): enqueueMessage:sync wait
10-16 17:11:56.885 D/RockFFPlayer(  203): deliverMessage 
10-16 17:11:56.885 D/RockFFPlayer(  203): run : dequeueMessage Message 11
10-16 17:11:56.885 D/RockFFPlayer(  203): CMD_RESET
10-16 17:11:56.885 D/RockFFPlayerBase(  203): dumpStatus(): Idle
10-16 17:11:56.885 D/RockFFPlayer(  203): doReset ok
10-16 17:11:56.885 D/RockFFPlayer(  203): run : dequeueMessage Message 11 OK
10-16 17:11:56.885 D/RockFFPlayer(  203): Messagecomplete type [11]
10-16 17:11:56.885 D/RockFFPlayer(  203): run : Message 11 complete
10-16 17:11:56.885 D/RockFFPlayer(  203): enqueueMessage:sync wait ok
10-16 17:11:56.885 D/RockFFPlayer(  203): reset(),MessageReset down
10-16 17:11:56.885 D/RockFFPlayer(  203): signal thread out
10-16 17:11:56.885 D/RockFFPlayer(  203): sched_thread out
10-16 17:11:56.885 D/RockFFPlayer(  203): stop:wait is ok
10-16 17:11:56.885 D/RockFFPlayer(  203): stop:ok
10-16 17:11:56.885 D/RockFFPlayer(  203): ~RkMessageQueue
10-16 17:11:56.886 D/FTCService( 1595): Detecting Wi-Fi reset
10-16 17:11:56.886 D/RockFFPlayer(  203): CancelThread start
10-16 17:11:56.886 D/RockFFPlayer(  203): reset()***********
10-16 17:11:56.886 D/RockFFPlayerBase(  203): dumpStatus(): Idle
10-16 17:11:56.886 D/RockFFPlayer(  203): CurrentStatus is IDLE,already reset
10-16 17:11:56.886 E/RockFFPlayerBase(  203): closeContext : in
10-16 17:11:56.886 E/FFPlayer(  203): ~FFPlayer
10-16 17:11:56.886 D/RockFFPlayer(  203): reset()***********
10-16 17:11:56.886 E/RockFFPlayerBase(  203): closeContext : out
10-16 17:11:56.886 D/RockFFPlayerBase(  203): dumpStatus(): Idle
10-16 17:11:56.886 D/RockFFPlayer(  203): CancelThread end
10-16 17:11:56.886 D/RockFFPlayer(  203): CurrentStatus is IDLE,already reset
10-16 17:11:56.886 D/RockFFPlayer(  203): CancelThread return
10-16 17:11:56.886 D/RockFFPlayer(  203): ~FFMPlayer*******
10-16 17:11:56.886 D/RockFFPlayer(  203): reset()***********
10-16 17:11:56.886 D/RockFFPlayerBase(  203): dumpStatus(): Idle
10-16 17:11:56.886 D/RockFFPlayer(  203): CurrentStatus is IDLE,already reset
10-16 17:11:56.886 D/RockFFPlayer(  203): ~FFMPlayer:CancelThread
10-16 17:11:56.886 D/RockFFPlayer(  203): ~FFMediaSource
10-16 17:11:56.886 D/RockFFPlayer(  203): FFMediaSource context null. 
10-16 17:11:56.887 E/TraceThread(  203):     VsyncReciver(tid = 3962939680)--> [UID=03460fbe] pthread_join begin-->player = 0xebfab000
10-16 17:11:56.889 D/RobotControllerAccessPointAssistant( 1595): detectWifiReset button=false
10-16 17:11:56.891 V/RobotCore( 1595): thread: ...terminating 'RobotSetupRunnable.run()'
10-16 17:11:56.892 E/TraceThread(  203):     VsyncReciver(tid = 3962939680)--> [UID=03460fbe] pthread_join   end-->player = 0xebfab000
10-16 17:11:56.892 D/VsyncReciver(  203): stop_l:vsyncThread down
10-16 17:11:56.893 E/TraceThread(  203):     RockFFPlayer(tid = 3969206560)--> [UID=03460fbe] ~FFMPlayer Destruction; object=0xebfab000
10-16 17:11:56.893 D/RockFFPlayer(  203): ~FFMPlayer***end
10-16 17:11:56.893 D/RockFFPlayerBase(  203): ~FFMPlayerBase(():mDequeueThread down
10-16 17:11:56.893 V/RobotCore( 1595): thread: 'EventLoop' starting...
10-16 17:11:56.894 D/RockFFPlayerBase(  203): ~RkMessageHandler
10-16 17:11:56.895 I/MediaPlayerService(  203): processName cmdline:/proc/1595/cmdline
10-16 17:11:56.896 I/MediaPlayerFactory(  203):  createFFPlayer
10-16 17:11:56.897 E/Robocol ( 1595): command processing took 660 ms: command=CMD_REQUEST_ACTIVE_CONFIG
10-16 17:11:56.897 E/FFPlayer(  203): isBluray(), extension = .apk
10-16 17:11:56.897 E/FFPlayerHelper(  203): isBDDirectory() ,path = /data/app/com.qualcomm.ftcrobotcontroller-1/base.apk
10-16 17:11:56.897 E/FFPlayerHelper(  203): isBDDirectory(): no BDMV
10-16 17:11:56.897 D/RkMemConfig(  203): RkMemConfig init
10-16 17:11:56.897 E/RockFFPlayerBase(  203): FFMPlayerBase:eDisplayIdMain
10-16 17:11:56.898 D/FFPlayerHelper(  203): MediaServer is SP_FOREGROUND, tid=203
10-16 17:11:56.898 D/RkExtensionPlayer(  203): RkExtensionPlayer in
10-16 17:11:56.898 D/RkExtensionPlayer(  203): checkDirectoryAccess: Directory[0] = /tmp/rk_ext_subtitle/, AccessPermission = -1
10-16 17:11:56.898 D/RkExtensionPlayer(  203): checkDirectoryAccess: Directory[1] = /data/rk_ext_subtitle/, AccessPermission = -1
10-16 17:11:56.898 D/RkExtensionPlayer(  203): checkDirectoryAccess: Directory[2] = /data/media/0/rk_ext_subtitle/, AccessPermission = -1
10-16 17:11:56.898 E/RkExtensionPlayer(  203): createDirectory(), path = /tmp/rk_ext_subtitle/
10-16 17:11:56.898 E/RkExtensionPlayer(  203): createDirectory(), create directory = /tmp/rk_ext_subtitle/ fail,reson = No such file or directory
10-16 17:11:56.898 E/RkExtensionPlayer(  203): createDirectory(), path = /data/rk_ext_subtitle/
10-16 17:11:56.895 I/mediaserver(  203): type=1400 audit(0.0:233): avc: denied { create } for name="rk_ext_subtitle" scontext=u:r:mediaserver:s0 tcontext=u:object_r:system_data_file:s0 tclass=dir permissive=1
10-16 17:11:56.898 I/mediaserver(  203): type=1400 audit(0.0:234): avc: denied { setattr } for name="rk_ext_subtitle" dev="mmcblk0p14" ino=588673 scontext=u:r:mediaserver:s0 tcontext=u:object_r:system_data_file:s0 tclass=dir permissive=1
10-16 17:11:56.903 E/RkExtensionPlayer(  203): createDirectory(), path = /data/rk_ext_subtitle/edfb4180/
10-16 17:11:56.903 D/RkExtensionPlayer(  203): checkDirectoryAccess: Use [/data/rk_ext_subtitle/edfb4180/] as Temp Subtile Directory
10-16 17:11:56.905 E/TraceThread(  203): TraceThread::randomUID() --> [UID=03460fbe]
10-16 17:11:56.905 E/TraceThread(  203):     RockFFPlayer(tid = 4033819956)--> [UID=03460fbe] FFMPlayer Construction; object=0xebfab000
10-16 17:11:56.905 D/RockFFPlayer(  203): setDataSource fd = 12, offset =21583740,length = 432616
10-16 17:11:56.905 D/RockFFPlayer(  203): start:create thread
10-16 17:11:56.905 E/TraceThread(  203):     VsyncReciver(tid = 3962939680)--> [UID=03460fbe] VsyncReciver::startthread
10-16 17:11:56.906 D/RockFFPlayer(  203): RkMessageQueue::run()
10-16 17:11:56.906 D/RockFFPlayer(  203): start:create thread ok,mThreadStatus=0
10-16 17:11:56.907 D/RockFFPlayer(  203): enter enqueueMessage
10-16 17:11:56.907 D/RockFFPlayer(  203): enqueueMessage:****1
10-16 17:11:56.907 D/RockFFPlayer(  203): enqueueMessage:****2
10-16 17:11:56.907 D/RockFFPlayer(  203): enqueueMessage:****3
10-16 17:11:56.907 D/RockFFPlayer(  203): enqueueMessage:Message 1,set signal
10-16 17:11:56.907 D/RockFFPlayer(  203): enqueueMessage:sync wait
10-16 17:11:56.907 D/RockFFPlayer(  203): deliverMessage 
10-16 17:11:56.907 D/RockFFPlayer(  203): run : dequeueMessage Message 20
10-16 17:11:56.907 D/RockFFPlayer(  203): CMD_CURRENTSTATUS
10-16 17:11:56.907 D/RockFFPlayerBase(  203): dumpStatus(): Initialized
10-16 17:11:56.907 D/RockFFPlayer(  203): run : dequeueMessage Message 20 OK
10-16 17:11:56.907 D/RockFFPlayer(  203): Messagecomplete type [20]
10-16 17:11:56.907 D/RockFFPlayer(  203): enqueueMessage:sync wait ok
10-16 17:11:56.907 D/RockFFPlayer(  203): run : Message 20 complete
10-16 17:11:56.908 D/RockFFPlayer(  203): prepareAsync in
10-16 17:11:56.908 D/RockFFPlayerBase(  203): dumpStatus(): Initialized
10-16 17:11:56.908 D/RockFFPlayerBase(  203): dumpStatus(): Preparing
10-16 17:11:56.908 I/FFPlayer_Version(  203): ******************************************
10-16 17:11:56.908 I/FFPlayer_Version(  203): 
10-16 17:11:56.908 I/FFPlayer_Version(  203): starting main player: v2.1 ffplayer git_version: git-2018-01-18-45a23f4
10-16 17:11:56.908 I/FFPlayer_Version(  203): ffPlayer runs on BOARD_RK3328
10-16 17:11:56.908 I/FFPlayer_Version(  203): 
10-16 17:11:56.908 I/FFPlayer_Version(  203): ******************************************
10-16 17:11:56.908 I/RockFFPlayer(  203): setDataSource(url =file/fd::12,offset::21583740,length::432616)
10-16 17:11:56.908 I/RockFFPlayer(  203): setDataSource(fileurl =/data/app/com.qualcomm.ftcrobotcontroller-1/base.apk)
10-16 17:11:56.908 D/RockFFPlayer(  203): prepareAsync ok
10-16 17:11:56.908 E/RockFFPlayerBase(  203): openContext : in
10-16 17:11:56.908 E/RockFFPlayer(  203): ffmpeg version v2.1: git-2017-12-25-6d3343b
10-16 17:11:56.909 E/RockFFPlayer(  203): av_probe_input_buffer:avio_read
10-16 17:11:56.909 I/RockFFPlayer(  203): flv_probe get probe score: 0
10-16 17:11:56.909 E/RockFFPlayer(  203): Hery, probe size = 0
10-16 17:11:56.909 E/RockFFPlayer(  203): avformat_open_input:read_header
10-16 17:11:56.909 E/RockFFPlayer(  203): file_read: offset=22016356, c->offset=21583740, c->length=432616
10-16 17:11:56.909 E/RockFFPlayer(  203): file_read: offset=22016356, c->offset=21583740, c->length=432616
10-16 17:11:56.910 E/RockFFPlayer(  203): avformat_open_input:read_header ok
10-16 17:11:56.910 D/RkExtensionPlayer(  203): openContext in
10-16 17:11:56.910 E/RkExtensionPlayer(  203): autoDetect(): path = /data/app/com.qualcomm.ftcrobotcontroller-1/base.apk
10-16 17:11:56.910 E/FFPlayerHelper(  203): isNetWorkUrl: url = /data/app/com.qualcomm.ftcrobotcontroller-1/base.apk
10-16 17:11:56.910 E/FFPlayerHelper(  203): isBDDirectory() ,path = /data/app/com.qualcomm.ftcrobotcontroller-1
10-16 17:11:56.910 E/FFPlayerHelper(  203): isBDDirectory(): no BDMV
10-16 17:11:56.910 D/RkExtensionPlayer(  203): openContext out,mTrackInfos size = 0
10-16 17:11:56.910 E/RockFFPlayerBase(  203): openContext : out,ret = 0
10-16 17:11:56.910 D/RockFFPlayer(  203): the source format name: wav
10-16 17:11:56.910 D/RockFFPlayer(  203): find av stream info in
10-16 17:11:56.910 I/RockFFPlayer(  203): flv_probe get probe score: 0
10-16 17:11:56.911 E/RockFFPlayer(  203): Hery, probe size = 0
10-16 17:11:56.912 I/RockFFPlayer(  203): flv_probe get probe score: 0
10-16 17:11:56.912 E/RockFFPlayer(  203): Hery, probe size = 0
10-16 17:11:56.914 I/RockFFPlayer(  203): flv_probe get probe score: 0
10-16 17:11:56.915 E/RockFFPlayer(  203): Hery, probe size = 0
10-16 17:11:56.918 V/Robocol ( 1595): sending CMD_NOTIFY_ROBOT_STATE(60), attempt: 0
10-16 17:11:56.919 V/Robocol ( 1595): sending CMD_SHOW_TOAST(62), attempt: 0
10-16 17:11:56.920 V/Robocol ( 1595): sending CMD_NOTIFY_ACTIVE_CONFIGURATION(64), attempt: 0
10-16 17:11:56.920 I/RockFFPlayer(  203): flv_probe get probe score: 0
10-16 17:11:56.921 E/RockFFPlayer(  203): Hery, probe size = 0
10-16 17:11:56.929 I/RockFFPlayer(  203): flv_probe get probe score: 0
10-16 17:11:56.932 E/RockFFPlayer(  203): Hery, probe size = 0
10-16 17:11:56.932 I/art     ( 1553): Debugger is no longer active
10-16 17:11:56.932 I/art     ( 1553): Starting a blocking GC Instrumentation
10-16 17:11:56.948 I/RockFFPlayer(  203): flv_probe get probe score: 0
10-16 17:11:56.954 E/RockFFPlayer(  203): Hery, probe size = 0
10-16 17:11:56.958 V/Robocol ( 1595): sending CMD_NOTIFY_USER_DEVICE_LIST(67), attempt: 0
10-16 17:11:56.961 V/Robocol ( 1595): sending CMD_NOTIFY_OP_MODE_LIST(70), attempt: 0
10-16 17:11:56.972 E/RockFFPlayer(  203): probed stream 0
10-16 17:11:56.974 E/RockFFPlayer(  203): file_read: offset=22016356, c->offset=21583740, c->length=432616
10-16 17:11:56.974 E/RockFFPlayer(  203): file_read: offset=22016356, c->offset=21583740, c->length=432616
10-16 17:11:56.974 E/RockFFPlayer(  203): read_size = 432572
10-16 17:11:56.974 E/RockFFPlayer(  203): update_stream_timings: st[-302476872].duration = 216286
10-16 17:11:56.974 E/RockFFPlayer(  203): update_stream_timings: st[-302476872].duration = 216286
10-16 17:11:56.975 E/RockFFPlayer(  203): estimate_timings:0: start_time: -9223372036854.775 duration: 0.216,base_time.den=48000,base_time.num=1
10-16 17:11:56.975 E/RockFFPlayer(  203): stream: start_time: -9223372036854.775 duration: 4.506 bitrate=141565 kb/s
10-16 17:11:56.975 E/RockFFPlayer(  203): avformat_find_stream_info:find_stream_info_err:free info,ok
10-16 17:11:56.975 D/RockFFPlayer(  203): find av stream info ok
10-16 17:11:56.975 D/RockFFPlayer(  203): AudioStartTime=0,VideoStartTime=-1,tmpTime=-1
10-16 17:11:56.975 D/RockFFPlayer(  203): findAVStreamStartTime:start_time set 0
10-16 17:11:56.975 E/RockFFPlayer(  203): Hery, s->duration = 4505958.000000
10-16 17:11:56.975 I/RockFFPlayer(  203): Input #0, wav, from 'file/fd::12,offset::21583740,length::432616':
10-16 17:11:56.975 I/RockFFPlayer(  203):   Duration: 
10-16 17:11:56.975 I/RockFFPlayer(  203): 00:00:04.51
10-16 17:11:56.975 I/RockFFPlayer(  203): , start: 
10-16 17:11:56.975 I/RockFFPlayer(  203): 0.000000
10-16 17:11:56.975 I/RockFFPlayer(  203): , bitrate: 
10-16 17:11:56.975 I/RockFFPlayer(  203): 141565 kb/s
10-16 17:11:56.975 I/RockFFPlayer(  203): 
10-16 17:11:56.975 I/RockFFPlayer(  203):     Stream #0:0
10-16 17:11:56.975 I/RockFFPlayer(  203): : Audio: pcm_s16le ([1][0][0][0] / 0x0001), 48000 Hz, 1 channels, s16, 768 kb/s
10-16 17:11:56.975 I/RockFFPlayer(  203): 
10-16 17:11:56.975 D/RockFFPlayer(  203): send do-prepare message in
10-16 17:11:56.975 D/RockFFPlayer(  203): enter enqueueMessage
10-16 17:11:56.975 D/RockFFPlayer(  203): enqueueMessage:****1
10-16 17:11:56.975 D/RockFFPlayer(  203): enqueueMessage:****2
10-16 17:11:56.975 D/RockFFPlayer(  203): enqueueMessage:****3
10-16 17:11:56.975 D/RockFFPlayer(  203): enqueueMessage:Message 1,set signal
10-16 17:11:56.975 D/RockFFPlayer(  203): enqueueMessage:sync wait
10-16 17:11:56.975 D/RockFFPlayer(  203): deliverMessage 
10-16 17:11:56.975 D/RockFFPlayer(  203): run : dequeueMessage Message 1
10-16 17:11:56.975 D/RockFFPlayer(  203): CMD_PREPARE
10-16 17:11:56.975 I/RockFFPlayer(  203): doPrepare in
10-16 17:11:56.975 I/RockFFPlayer(  203): prepareVideo
10-16 17:11:56.975 E/RockFFPlayer(  203): mVideoStreamIndex is -1
10-16 17:11:56.975 I/RockFFPlayer(  203): prepareAudio
10-16 17:11:56.975 E/RockFFPlayer(  203): audio stream codec_id = 65536
10-16 17:11:56.975 D/RockFFPlayerBase(  203): open MediaDecoder.cfg failed,so can't config anything
10-16 17:11:56.975 D/RockFFPlayerBase(  203): File not exists!
10-16 17:11:56.975 D/RkBitstreamManager(  203): isBypass: false
10-16 17:11:56.975 D/RockFFPlayer(  203): initAudioPlayer
10-16 17:11:56.976 I/RkBitstreamManager(  203): BUF: 
10-16 17:11:56.976 I/RkBitstreamManager(  203): 
10-16 17:11:56.976 D/RkBitstreamManager(  203): isBypass: false
10-16 17:11:56.976 D/RockFFPlayer(  203): AudioPlayer getOutputMode : 0, SPDIF mode : -1
10-16 17:11:56.976 D/RockFFPlayerBase(  203): setAudioOutputMode output_mode : 0
10-16 17:11:56.976 D/RockFFPlayerBase(  203): set SPDIF output mode : -1
10-16 17:11:56.976 D/AudioPlayerApi(  203): audio player mode in: 0
10-16 17:11:56.976 D/AudioPlayerApi(  203): audio player mode out: 0
10-16 17:11:56.976 D/RockFFPlayer(  203): initAudioPlayer out
10-16 17:11:56.976 D/RkExtensionPlayer(  203): prepareExtendSubtitle in
10-16 17:11:56.976 E/RockFFPlayer(  203): prepareExtandSubtitle return error!
10-16 17:11:56.976 D/RkExtensionPlayer(  203): ~RkExtensionPlayer in
10-16 17:11:56.976 D/RkExtensionPlayer(  203): RkExtensionPlayer::closeExtendSubDecoder in
10-16 17:11:56.976 E/FFExtensionSource(  203): ~FFExtensionSource in
10-16 17:11:56.976 D/RockFFPlayer(  203): FFMediaSource context null. 
10-16 17:11:56.976 E/FFExtensionSource(  203): ~FFExtensionSource out
10-16 17:11:56.976 D/RockFFPlayer(  203): ~FFMediaSource
10-16 17:11:56.976 D/RockFFPlayer(  203): FFMediaSource context null. 
10-16 17:11:56.976 D/RkExtensionPlayer(  203): closeExtendSubDecoder out
10-16 17:11:56.977 E/RkExtensionPlayer(  203): deleteAllFileInDirectory(),/tmp/rk_ext_subtitle/ is not exist
10-16 17:11:56.977 E/RkExtensionPlayer(  203): deleteAllFileInDirectory(),/data/media/0/rk_ext_subtitle/ is not exist
10-16 17:11:56.977 I/RockFFPlayer(  203): prepareSubtitle in
10-16 17:11:56.977 E/RockFFPlayer(  203): hasSubtitle return fail
10-16 17:11:56.977 D/AudioDecoder(  203): decodeaudio AudioOutputMode : 0, SPDIF_MODE : -1, PlayerMode : 0
10-16 17:11:56.977 D/AudioDecoder(  203): mStream->codec->channels = 1  mStream->codec->sample_rate = 48000
10-16 17:11:56.977 D/AudioDecoder(  203): mStream->codec->channels = 1  mStream->codec->sample_rate = 48000
10-16 17:11:56.977 D/RockFFPlayer(  203): createAudioDecoder: create audio decoder ok
10-16 17:11:56.977 E/RockFFPlayer(  203): createVideoDecoder: no video stream
10-16 17:11:56.977 E/RockFFPlayer(  203): createSubtitleDecoder: no subtitle stream
10-16 17:11:56.977 E/TraceThread(  203): TraceThread::dumpTrace() FileName:/data/trace_thread.log
10-16 17:11:56.977 D/RockFFPlayerBase(  203): dumpStatus(): Preapared
10-16 17:11:56.978 E/RockFFPlayer(  203): doGetTrackInfo: track size = 1
10-16 17:11:56.979 E/RockFFPlayer(  203): doGetTrackInfo: track size = 1
10-16 17:11:56.979 D/RockFFPlayer(  203): Sync master clock type - 1
10-16 17:11:56.979 I/RockFFPlayer(  203): doPrepareFinish ok
10-16 17:11:56.979 D/RockFFPlayer(  203): run : dequeueMessage Message 1 OK
10-16 17:11:56.979 D/RockFFPlayer(  203): Messagecomplete type [1]
10-16 17:11:56.979 D/RockFFPlayer(  203): run : Message 1 complete
10-16 17:11:56.979 D/RockFFPlayer(  203): enqueueMessage:sync wait ok
10-16 17:11:56.979 D/RockFFPlayer(  203): send do-prepare message ok
10-16 17:11:56.979 I/RockFFPlayer(  203): decodeMovie:getCurrentStatus() = 8
10-16 17:11:56.979 D/FFPlayerHelper(  203): MediaServer is SP_FOREGROUND, tid=1729
10-16 17:11:56.980 V/SoundInfo( 1595): construct(0x0a7b97da)
10-16 17:11:57.025 I/MediaCodec( 1595): callingProcessName:com.qualcomm.ftcrobotcontroller
10-16 17:11:57.026 I/MediaPlayerService(  203): MediaPlayerService::getOMX
10-16 17:11:57.027 I/OMXClient( 1595): MuxOMX ctor
10-16 17:11:57.027 I/ACodec  ( 1595): onAllocateComponent:6752 mSoftCodecPref:0 componentName:
10-16 17:11:57.029 I/ACodec  ( 1595): onAllocateComponent:6783 mSoftCodecPref:0 componentName:OMX.google.raw.decoder
10-16 17:11:57.030 I/OMXMaster(  200): makeComponentInstance(OMX.google.raw.decoder) in mediacodec process
10-16 17:11:57.039 D/MediaBufferGroup(  202): creating MemoryDealer
10-16 17:11:57.078 D/SoundPlayer( 1595): onLoadComplete(samp=2|ms=4506, samp=2)=0
10-16 17:11:57.080 W/AudioTrack( 1595): AUDIO_OUTPUT_FLAG_FAST denied by client; transfer 4, track 48000 Hz, output 44100 Hz
10-16 17:11:57.082 D/SoundPlayer( 1595): playing volume=0.000000 samp=2|ms=4506
10-16 17:11:57.118 V/Robocol ( 1595): sending CMD_PLAY_SOUND(83), attempt: 0
10-16 17:11:57.403 I/RobotCore( 1595): Attempting to switch to OpMode $Stop$Robot$
10-16 17:11:57.410 D/HardwareMap( 1595): Clearing which device instances have been retrieved
