10-16 17:11:39.255 D/AudioPlayerApi(  203): audio player mode in: 0
10-16 17:11:39.255 V/RobotCore( 1379): DcMotorImpl(type=goBILDA5202SeriesMotor)
10-16 17:11:39.255 V/RobotCore( 1379): DcMotorImpl(type=goBILDA5202SeriesMotor)
10-16 17:11:39.256 D/AudioPlayerApi(  203): audio player mode out: 0
10-16 17:11:39.256 D/RockFFPlayer(  203): initAudioPlayer out
10-16 17:11:39.256 D/RkExtensionPlayer(  203): prepareExtendSubtitle in
10-16 17:11:39.256 E/RockFFPlayer(  203): prepareExtandSubtitle return error!
10-16 17:11:39.256 D/RkExtensionPlayer(  203): ~RkExtensionPlayer in
10-16 17:11:39.256 D/RkExtensionPlayer(  203): RkExtensionPlayer::closeExtendSubDecoder in
10-16 17:11:39.256 E/FFExtensionSource(  203): ~FFExtensionSource in
10-16 17:11:39.256 D/RockFFPlayer(  203): FFMediaSource context null. 
10-16 17:11:39.256 E/FFExtensionSource(  203): ~FFExtensionSource out
10-16 17:11:39.256 D/RockFFPlayer(  203): ~FFMediaSource
10-16 17:11:39.256 D/RockFFPlayer(  203): FFMediaSource context null. 
10-16 17:11:39.256 D/RkExtensionPlayer(  203): closeExtendSubDecoder out
10-16 17:11:39.256 V/LynxServoController( 1379): initializeHardware() mod#=173
10-16 17:11:39.256 E/RkExtensionPlayer(  203): deleteAllFileInDirectory(),/tmp/rk_ext_subtitle/ is not exist
10-16 17:11:39.257 E/RkExtensionPlayer(  203): deleteAllFileInDirectory(),/data/media/0/rk_ext_subtitle/ is not exist
10-16 17:11:39.257 I/RockFFPlayer(  203): prepareSubtitle in
10-16 17:11:39.257 E/RockFFPlayer(  203): hasSubtitle return fail
10-16 17:11:39.257 D/AudioDecoder(  203): decodeaudio AudioOutputMode : 0, SPDIF_MODE : -1, PlayerMode : 0
10-16 17:11:39.257 D/AudioDecoder(  203): mStream->codec->channels = 1  mStream->codec->sample_rate = 48000
10-16 17:11:39.257 D/AudioDecoder(  203): mStream->codec->channels = 1  mStream->codec->sample_rate = 48000
10-16 17:11:39.257 D/RockFFPlayer(  203): createAudioDecoder: create audio decoder ok
10-16 17:11:39.257 E/RockFFPlayer(  203): createVideoDecoder: no video stream
10-16 17:11:39.257 E/RockFFPlayer(  203): createSubtitleDecoder: no subtitle stream
10-16 17:11:39.257 E/TraceThread(  203): TraceThread::dumpTrace() FileName:/data/trace_thread.log
10-16 17:11:39.257 D/RockFFPlayerBase(  203): dumpStatus(): Preapared
10-16 17:11:39.255 I/RkMsgQueue(  203): type=1400 audit(0.0:184): avc: denied { write } for name="trace_thread.log" dev="mmcblk0p14" ino=14 scontext=u:r:mediaserver:s0 tcontext=u:object_r:system_data_file:s0 tclass=file permissive=1
10-16 17:11:39.257 D/RockFFPlayer(  203): Sync master clock type - 1
10-16 17:11:39.258 I/RockFFPlayer(  203): doPrepareFinish ok
10-16 17:11:39.258 D/RockFFPlayer(  203): run : dequeueMessage Message 1 OK
10-16 17:11:39.258 D/RockFFPlayer(  203): Messagecomplete type [1]
10-16 17:11:39.258 D/RockFFPlayer(  203): run : Message 1 complete
10-16 17:11:39.258 D/RockFFPlayer(  203): enqueueMessage:sync wait ok
10-16 17:11:39.258 D/RockFFPlayer(  203): send do-prepare message ok
10-16 17:11:39.258 I/RockFFPlayer(  203): decodeMovie:getCurrentStatus() = 8
10-16 17:11:39.258 D/FFPlayerHelper(  203): MediaServer is SP_FOREGROUND, tid=1485
10-16 17:11:39.258 D/MediaPlayer( 1379): setSubtitleAnchor in MediaPlayer
10-16 17:11:39.258 D/MediaPlayer( 1379): setSubtitleAnchor in MediaPlayer
10-16 17:11:39.261 E/RockFFPlayer(  203): doGetTrackInfo: track size = 1
10-16 17:11:39.261 E/RockFFPlayer(  203): file_read: offset=22971852, c->offset=22899136, c->length=72716
10-16 17:11:39.262 E/RockFFPlayer(  203): file_read: offset=22971852, c->offset=22899136, c->length=72716
10-16 17:11:39.262 D/RockFFPlayer(  203): url_feof=1,err=0
10-16 17:11:39.262 I/RockFFPlayer(  203): av_read_frame end of stream ret = -541478725
10-16 17:11:39.262 E/RockFFPlayer(  203): doGetTrackInfo: track size = 1
10-16 17:11:39.264 V/SoundInfo( 1379): construct(0x0296660f)
10-16 17:11:39.275 V/EventLoopManager( 1379): Setting authoritative wall clock based on connected DS.
10-16 17:11:39.255 I/RkMsgQueue(  203): type=1400 audit(0.0:185): avc: denied { open } for path="/data/trace_thread.log" dev="mmcblk0p14" ino=14 scontext=u:r:mediaserver:s0 tcontext=u:object_r:system_data_file:s0 tclass=file permissive=1
10-16 17:11:39.281 V/Robocol ( 1379): sending CMD_ROBOT_CONTROLLER_PREFERENCE(21), attempt: 0
10-16 17:11:39.282 V/Robocol ( 1379): sending CMD_ROBOT_CONTROLLER_PREFERENCE(22), attempt: 0
10-16 17:11:39.282 V/Robocol ( 1379): sending CMD_ROBOT_CONTROLLER_PREFERENCE(23), attempt: 0
10-16 17:11:39.285 V/Robocol ( 1379): sending CMD_ROBOT_CONTROLLER_PREFERENCE(24), attempt: 0
10-16 17:11:39.286 V/Robocol ( 1379): sending CMD_ROBOT_CONTROLLER_PREFERENCE(25), attempt: 0
10-16 17:11:39.286 V/Robocol ( 1379): sending CMD_ROBOT_CONTROLLER_PREFERENCE(26), attempt: 0
10-16 17:11:39.287 V/Robocol ( 1379): sending CMD_ROBOT_CONTROLLER_PREFERENCE(27), attempt: 0
10-16 17:11:39.287 E/WVMExtractor( 1379): Failed to open libwvm.so: dlopen failed: "/system/vendor/lib64/libwvm.so" is 32-bit instead of 64-bit
10-16 17:11:39.287 D/Uvc     ( 1379): [time.cpp:64] Java_org_firstinspires_ftc_robotcore_internal_system_AppUtil_nativeSetCurrentTimeMillis()...
10-16 17:11:39.271 I/JniTime ( 1379): [time.cpp:83] settimeofday() succeeded
10-16 17:11:39.271 D/Uvc     ( 1379): [time.cpp:64] ...Java_org_firstinspires_ftc_robotcore_internal_system_AppUtil_nativeSetCurrentTimeMillis()
10-16 17:11:39.271 V/Robocol ( 1379): sending CMD_ROBOT_CONTROLLER_PREFERENCE(28), attempt: 0
10-16 17:11:39.272 V/Robocol ( 1379): sending CMD_ROBOT_CONTROLLER_PREFERENCE(29), attempt: 0
10-16 17:11:39.272 D/AlarmManagerService(  429): Kernel timezone updated to 240 minutes west of GMT
10-16 17:11:39.273 V/AppUtil ( 1379): attempted to set timezone: before=America/New_York after=America/New_York
10-16 17:11:39.275 V/Robocol ( 1379): received command: CMD_REQUEST_ACTIVE_CONFIG(10001) 
10-16 17:11:39.276 V/Robocol ( 1379): received command: CMD_REQUEST_USER_DEVICE_TYPES(10002) 
10-16 17:11:39.277 V/LynxVoltageSensor( 1379): initializeHardware() mod#=173
10-16 17:11:39.277 V/LynxAnalogInputController( 1379): initializeHardware() mod#=173
10-16 17:11:39.277 V/Robocol ( 1379): received command: CMD_REQUEST_OP_MODE_LIST(10003) 
10-16 17:11:39.278 V/LynxDigitalChannelController( 1379): initializeHardware() mod#=173
10-16 17:11:39.295 V/RobotCore( 1379): Creating user sensor goBILDA Pinpoint Odometry Computer - on Lynx module=173 bus=0
10-16 17:11:39.295 I/RobotCore( 1379): LynxFirmwareVersionManager: LynxI2cDeviceSynchV2
10-16 17:11:39.295 V/LynxI2cDeviceSynch( 1379): initializeHardware() mod#=173
10-16 17:11:39.296 I/RobotCore( 1379): LynxFirmwareVersionManager: LynxI2cDeviceSynchV2
10-16 17:11:39.296 I/MediaCodec( 1379): callingProcessName:com.qualcomm.ftcrobotcontroller
10-16 17:11:39.298 V/LynxI2cDeviceSynch( 1379): initializeHardware() mod#=173
10-16 17:11:39.298 V/Robocol ( 1379): received command: CMD_ROBOT_CONTROLLER_PREFERENCE(10005) {"booleanValue":true,"prefName":"pref_ds_supports_5_ghz"}
10-16 17:11:39.299 V/Robocol ( 1379): received command: CMD_ROBOT_CONTROLLER_PREFERENCE(10006) {"intValue":21,"prefName":"pref_dh_os_version_code"}
10-16 17:11:39.304 I/RobotCore( 1379): ========= Device Information ===================================================
10-16 17:11:39.304 I/RobotCore( 1379): Type                                               Name                           Connection
10-16 17:11:39.305 I/RobotCore( 1379): Motor                                              FLmotor                        USB (embedded); module 173; port 2
10-16 17:11:39.306 I/RobotCore( 1379): Motor                                              BRmotor                        USB (embedded); module 173; port 0
10-16 17:11:39.306 I/RobotCore( 1379): goBILDA Pinpoint Odometry Computer                odo                            USB (embedded); module 173; bus 0; addr7=0x31
10-16 17:11:39.306 I/MediaPlayerService(  203): MediaPlayerService::getOMX
10-16 17:11:39.307 I/RobotCore( 1379): goBILDA Pinpoint Odometry Computer                odo                            USB (embedded); module 173; bus 0; addr7=0x31
10-16 17:11:39.308 I/RobotCore( 1379): Motor                                              BLmotor                        USB (embedded); module 173; port 1
10-16 17:11:39.308 I/OMXClient( 1379): MuxOMX ctor
10-16 17:11:39.308 I/ACodec  ( 1379): onAllocateComponent:6752 mSoftCodecPref:0 componentName:
10-16 17:11:39.308 I/RobotCore( 1379): Expansion Hub DC Motor Controller                  Control Hub                    USB (embedded); module 173
10-16 17:11:39.309 I/RobotCore( 1379): Expansion Hub Servo Controller                     Control Hub                    USB (embedded); module 173
10-16 17:11:39.311 I/ACodec  ( 1379): onAllocateComponent:6783 mSoftCodecPref:0 componentName:OMX.google.raw.decoder
10-16 17:11:39.312 I/OMXMaster(  200): makeComponentInstance(OMX.google.raw.decoder) in mediacodec process
10-16 17:11:39.313 I/RobotCore( 1379): Expansion Hub Voltage Sensor                       Control Hub                    USB (embedded); module 173
10-16 17:11:39.314 I/RobotCore( 1379): Expansion Hub Analog Input Controller              Control Hub                    USB (embedded); module 173
10-16 17:11:39.315 I/RobotCore( 1379): Expansion Hub Digital Channel Controller           Control Hub                    USB (embedded); module 173
10-16 17:11:39.318 I/RobotCore( 1379): Expansion Hub (HW: 20, Maj: 1, Min: 8, Eng: 2)     Control Hub                    USB (embedded); module 173
10-16 17:11:39.319 I/RobotCore( 1379): Motor                                              FRmotor                        USB (embedded); module 173; port 3
10-16 17:11:39.319 I/RobotCore( 1379): REV Robotics USB Expansion Hub Portal              Control Hub Portal             USB (embedded)
10-16 17:11:39.325 V/RobotCore( 1379): nack rec'd mod=173 msg#=57 ref#=0 reason=PARAM0:0
10-16 17:11:39.326 V/LynxModule( 1379): mod#=173 queryInterface(): interface SERVO_HUB is not supported
10-16 17:11:39.327 I/RobotCore( 1379): LynxFirmwareVersionManager: LynxI2cDeviceSynchV2
10-16 17:11:39.327 V/LynxI2cDeviceSynch( 1379): initializeHardware() mod#=173
10-16 17:11:39.327 V/BNO055  ( 1379): Suppressing I2C warnings while we check for a BNO055 IMU
10-16 17:11:39.332 V/BNO055  ( 1379): No BNO055 IMU found
10-16 17:11:39.332 V/BHI260IMU( 1379): Suppressing I2C warnings while we check for a BHI260AP IMU
10-16 17:11:39.333 D/MediaBufferGroup(  202): creating MemoryDealer
10-16 17:11:39.336 V/BHI260IMU( 1379): Found BHI260AP IMU
10-16 17:11:39.339 V/RobotCore( 1379): nack rec'd mod=173 msg#=62 ref#=0 reason=PARAM0:0
10-16 17:11:39.340 V/LynxModule( 1379): mod#=173 queryInterface(): interface SERVO_HUB is not supported
10-16 17:11:39.348 V/RobotCore( 1379): nack rec'd mod=173 msg#=64 ref#=0 reason=PARAM0:0
10-16 17:11:39.349 V/LynxModule( 1379): mod#=173 queryInterface(): interface SERVO_HUB is not supported
10-16 17:11:39.350 V/LynxUsb ( 1379): 0x07d0b8c6 on 0x0c07f4ab: releasing delegate to [(embedded)]
10-16 17:11:39.350 I/FtcEventLoop( 1379): ======= INIT FINISH =======
10-16 17:11:39.350 V/RobotCore( 1379): EventLoopManager state is RUNNING
10-16 17:11:39.352 V/RobotCore( 1379): Robot Status: running, starting robot
10-16 17:11:39.356 V/RobotCore( 1379): Robot Status: running
10-16 17:11:39.357 V/ThreadPool( 1379): container(0x0e684c59: executorEventLoop) added id=133 TID=0 count=1
10-16 17:11:39.359 D/SoundPlayer( 1379): onLoadComplete(samp=1|ms=757, samp=1)=0
10-16 17:11:39.368 D/FTCService( 1379): Detecting Wi-Fi reset
10-16 17:11:39.368 W/AudioTrack( 1379): AUDIO_OUTPUT_FLAG_FAST denied by client; transfer 4, track 48000 Hz, output 44100 Hz
10-16 17:11:39.374 I/AudioOut_D(  195): type=1400 audit(0.0:186): avc: denied { read } for name="audioinfo" dev="sysfs" ino=10588 scontext=u:r:audioserver:s0 tcontext=u:object_r:sysfs_hdmi:s0 tclass=file permissive=1
10-16 17:11:39.373 V/RobotCore( 1379): thread: 'EventLoop' starting...
10-16 17:11:39.373 D/RobotControllerAccessPointAssistant( 1379): detectWifiReset button=false
10-16 17:11:39.374 V/RobotCore( 1379): thread: ...terminating 'RobotSetupRunnable.run()'
10-16 17:11:39.375 D/AudioHardwareTiny(  195): out_set_parameters: kvpairs = routing=1024
10-16 17:11:39.376 D/AudioHardwareTiny(  195): start_output_stream
10-16 17:11:39.376 D/SoundPlayer( 1379): playing volume=0.000000 samp=1|ms=757
10-16 17:11:39.379 D/AudioHardwareTiny(  195): Device     : 0x402
10-16 17:11:39.379 D/AudioHardwareTiny(  195): SampleRate : 44100
10-16 17:11:39.379 D/AudioHardwareTiny(  195): Channels   : 2
10-16 17:11:39.379 D/AudioHardwareTiny(  195): Formate    : 0
10-16 17:11:39.379 D/AudioHardwareTiny(  195): PreiodSize : 512
10-16 17:11:39.379 D/alsa_route(  195): route_info->sound_card 0, route_info->devices 0  
10-16 17:11:39.380 D/alsa_route(  195): route_set_controls() set route 24
10-16 17:11:39.381 D/RockFFPlayer(  203): reset()***********
10-16 17:11:39.381 D/RockFFPlayerBase(  203): dumpStatus(): Preapared
10-16 17:11:39.381 D/RockFFPlayer(  203): reset(),stop_l
10-16 17:11:39.381 D/RockFFPlayer(  203): stop_l
10-16 17:11:39.381 D/RockFFPlayer(  203): enter enqueueMessage
10-16 17:11:39.381 D/RockFFPlayer(  203): enqueueMessage:****1
10-16 17:11:39.381 D/RockFFPlayer(  203): enqueueMessage:****2
10-16 17:11:39.381 D/RockFFPlayer(  203): enqueueMessage:****3
10-16 17:11:39.381 D/RockFFPlayer(  203): enqueueMessage:Message 1,set signal
10-16 17:11:39.381 D/RockFFPlayer(  203): enqueueMessage:sync wait
10-16 17:11:39.381 D/RockFFPlayer(  203): deliverMessage 
10-16 17:11:39.381 D/RockFFPlayer(  203): run : dequeueMessage Message 4
10-16 17:11:39.381 D/RockFFPlayer(  203): CMD_STOP
10-16 17:11:39.381 D/RockFFPlayer(  203): doStop()*****
10-16 17:11:39.381 D/RockFFPlayerBase(  203): dumpStatus(): Preapared
10-16 17:11:39.381 D/RockFFPlayerBase(  203): dumpStatus(): Stopped
10-16 17:11:39.381 D/RockFFPlayer(  203): doRelease()************
10-16 17:11:39.381 I/FFIDecoder(  203): waiting on end of decoder thread
10-16 17:11:39.381 E/FFMpegThread(  203): DecoderAudio,wait
10-16 17:11:39.381 E/RockFFPlayerBase(  203): FFMPlayerBase::flushRenderQueue in
10-16 17:11:39.381 E/RockFFPlayerBase(  203): FFMPlayerBase::flushRenderQueue out
10-16 17:11:39.381 D/FFMpegThread(  203): DecoderAudio:~PlayerThread enter mThreadStatus=-1
10-16 17:11:39.381 I/RockFFPlayer(  203): readthread end of playing
10-16 17:11:39.382 D/RockFFPlayer(  203): doRelease ok
10-16 17:11:39.382 D/RockFFPlayer(  203): doStop()*****OK
10-16 17:11:39.374 I/AudioOut_D(  195): type=1400 audit(0.0:187): avc: denied { open } for path="/sys/devices/virtual/display/HDMI/audioinfo" dev="sysfs" ino=10588 scontext=u:r:audioserver:s0 tcontext=u:object_r:sysfs_hdmi:s0 tclass=file permissive=1
10-16 17:11:39.382 D/RockFFPlayer(  203): run : dequeueMessage Message 4 OK
10-16 17:11:39.382 D/RockFFPlayer(  203): Messagecomplete type [4]
10-16 17:11:39.382 D/RockFFPlayer(  203): run : Message 4 complete
10-16 17:11:39.382 D/RockFFPlayer(  203): enqueueMessage:sync wait ok
10-16 17:11:39.382 D/RockFFPlayer(  203): doRelease() clearQueue************
10-16 17:11:39.382 D/RockFFPlayer(  203): stop_l:MessageStop down
10-16 17:11:39.382 D/RockFFPlayerBase(  203): dumpStatus(): Stopped
10-16 17:11:39.382 D/RockFFPlayer(  203): stop_l : create CancelThread
10-16 17:11:39.384 V/Robocol ( 1379): sending CMD_NOTIFY_ROBOT_STATE(9), attempt: 1
10-16 17:11:39.374 I/AudioOut_D(  195): type=1400 audit(0.0:188): avc: denied { getattr } for path="/sys/devices/virtual/display/HDMI/audioinfo" dev="sysfs" ino=10588 scontext=u:r:audioserver:s0 tcontext=u:object_r:sysfs_hdmi:s0 tclass=file permissive=1
10-16 17:11:39.385 D/RockFFPlayer(  203): stop_l :CancelThread create ok
10-16 17:11:39.385 D/RockFFPlayer(  203): stop_l buffer thread quit
10-16 17:11:39.385 D/RockFFPlayer(  203): enter enqueueMessage
10-16 17:11:39.385 D/RockFFPlayer(  203): enqueueMessage:****1
10-16 17:11:39.385 D/RockFFPlayer(  203): enqueueMessage:****2
10-16 17:11:39.385 D/RockFFPlayer(  203): enqueueMessage:****3
10-16 17:11:39.385 D/RockFFPlayer(  203): enqueueMessage:Message 1,set signal
10-16 17:11:39.385 D/RockFFPlayer(  203): enqueueMessage:sync wait
10-16 17:11:39.385 D/RockFFPlayer(  203): deliverMessage 
10-16 17:11:39.385 D/RockFFPlayer(  203): run : dequeueMessage Message 11
10-16 17:11:39.385 D/RockFFPlayer(  203): CMD_RESET
10-16 17:11:39.385 D/RockFFPlayerBase(  203): dumpStatus(): Idle
10-16 17:11:39.385 D/RockFFPlayer(  203): doReset ok
10-16 17:11:39.385 D/RockFFPlayer(  203): run : dequeueMessage Message 11 OK
10-16 17:11:39.385 D/RockFFPlayer(  203): Messagecomplete type [11]
10-16 17:11:39.385 V/Robocol ( 1379): sending CMD_NOTIFY_ROBOT_STATE(10), attempt: 1
10-16 17:11:39.385 D/RockFFPlayer(  203): run : Message 11 complete
10-16 17:11:39.385 D/RockFFPlayer(  203): enqueueMessage:sync wait ok
10-16 17:11:39.385 D/RockFFPlayer(  203): reset(),MessageReset down
10-16 17:11:39.385 D/RockFFPlayer(  203): signal thread out
10-16 17:11:39.385 D/RockFFPlayer(  203): sched_thread out
10-16 17:11:39.386 D/RockFFPlayer(  203): stop:wait is ok
10-16 17:11:39.386 D/RockFFPlayer(  203): stop:ok
10-16 17:11:39.386 D/RockFFPlayer(  203): ~RkMessageQueue
10-16 17:11:39.387 V/Robocol ( 1379): sending CMD_NOTIFY_ROBOT_STATE(11), attempt: 1
10-16 17:11:39.388 V/Robocol ( 1379): sending CMD_NOTIFY_ACTIVE_CONFIGURATION(13), attempt: 1
10-16 17:11:39.389 V/Robocol ( 1379): sending CMD_NOTIFY_USER_DEVICE_LIST(14), attempt: 1
10-16 17:11:39.391 D/RockFFPlayer(  203): reset()***********
10-16 17:11:39.391 D/RockFFPlayerBase(  203): dumpStatus(): Idle
10-16 17:11:39.391 D/RockFFPlayer(  203): CurrentStatus is IDLE,already reset
10-16 17:11:39.391 D/RockFFPlayer(  203): CancelThread start
10-16 17:11:39.391 E/FFPlayer(  203): ~FFPlayer
10-16 17:11:39.391 D/RockFFPlayer(  203): reset()***********
10-16 17:11:39.391 D/RockFFPlayerBase(  203): dumpStatus(): Idle
10-16 17:11:39.391 D/RockFFPlayer(  203): CurrentStatus is IDLE,already reset
10-16 17:11:39.391 E/RockFFPlayerBase(  203): closeContext : in
10-16 17:11:39.391 D/RockFFPlayer(  203): ~FFMPlayer*******
10-16 17:11:39.391 D/RockFFPlayer(  203): reset()***********
10-16 17:11:39.391 D/RockFFPlayerBase(  203): dumpStatus(): Idle
10-16 17:11:39.391 E/RockFFPlayerBase(  203): closeContext : out
10-16 17:11:39.391 D/RockFFPlayer(  203): CancelThread end
10-16 17:11:39.391 D/RockFFPlayer(  203): CurrentStatus is IDLE,already reset
10-16 17:11:39.391 D/RockFFPlayer(  203): ~FFMPlayer:CancelThread
10-16 17:11:39.391 D/RockFFPlayer(  203): CancelThread return
10-16 17:11:39.391 D/RockFFPlayer(  203): ~FFMediaSource
10-16 17:11:39.391 D/RockFFPlayer(  203): FFMediaSource context null. 
10-16 17:11:39.391 E/TraceThread(  203):     VsyncReciver(tid = 3962939680)--> [UID=c4ab75a4] pthread_join begin-->player = 0xedfd0000
10-16 17:11:39.392 V/Robocol ( 1379): sending CMD_NOTIFY_OP_MODE_LIST(15), attempt: 1
10-16 17:11:39.393 V/Robocol ( 1379): sending CMD_NOTIFY_ROBOT_STATE(47), attempt: 0
10-16 17:11:39.394 V/Robocol ( 1379): sending CMD_NOTIFY_ACTIVE_CONFIGURATION(48), attempt: 0
10-16 17:11:39.394 V/Robocol ( 1379): sending CMD_SHOW_TOAST(51), attempt: 0
10-16 17:11:39.395 V/Robocol ( 1379): sending CMD_PLAY_SOUND(52), attempt: 0
10-16 17:11:39.406 E/TraceThread(  203):     VsyncReciver(tid = 3962939680)--> [UID=c4ab75a4] pthread_join   end-->player = 0xedfd0000
10-16 17:11:39.406 D/VsyncReciver(  203): stop_l:vsyncThread down
10-16 17:11:39.406 E/TraceThread(  203):     RockFFPlayer(tid = 3965028640)--> [UID=c4ab75a4] ~FFMPlayer Destruction; object=0xedfd0000
10-16 17:11:39.406 D/RockFFPlayer(  203): ~FFMPlayer***end
10-16 17:11:39.406 D/RockFFPlayerBase(  203): ~FFMPlayerBase(():mDequeueThread down
10-16 17:11:39.407 D/RockFFPlayerBase(  203): ~RkMessageHandler
10-16 17:11:39.414 I/MediaPlayerService(  203): processName cmdline:/proc/1379/cmdline
10-16 17:11:39.414 I/MediaPlayerFactory(  203):  createFFPlayer
10-16 17:11:39.419 I/RobotCore( 1379): Attempting to switch to OpMode $Stop$Robot$
10-16 17:11:39.420 E/FFPlayer(  203): isBluray(), extension = .apk
10-16 17:11:39.420 E/FFPlayerHelper(  203): isBDDirectory() ,path = /data/app/com.qualcomm.ftcrobotcontroller-2/base.apk
10-16 17:11:39.420 E/FFPlayerHelper(  203): isBDDirectory(): no BDMV
10-16 17:11:39.423 D/RkMemConfig(  203): RkMemConfig init
10-16 17:11:39.424 D/HardwareMap( 1379): Clearing which device instances have been retrieved
10-16 17:11:39.424 V/Robocol ( 1379): sending CMD_NOTIFY_USER_DEVICE_LIST(54), attempt: 0
10-16 17:11:39.425 V/ThreadPool( 1379): container(0x02e62d91: OpModeExecutor) added id=134 TID=0 count=1
10-16 17:11:39.423 E/RockFFPlayerBase(  203): FFMPlayerBase:eDisplayIdMain
10-16 17:11:39.426 D/FFPlayerHelper(  203): MediaServer is SP_FOREGROUND, tid=271
10-16 17:11:39.427 D/RkExtensionPlayer(  203): RkExtensionPlayer in
10-16 17:11:39.427 D/RkExtensionPlayer(  203): checkDirectoryAccess: Directory[0] = /tmp/rk_ext_subtitle/, AccessPermission = -1
10-16 17:11:39.427 D/RkExtensionPlayer(  203): checkDirectoryAccess: Directory[1] = /data/rk_ext_subtitle/, AccessPermission = -1
10-16 17:11:39.427 D/RkExtensionPlayer(  203): checkDirectoryAccess: Directory[2] = /data/media/0/rk_ext_subtitle/, AccessPermission = -1
10-16 17:11:39.427 E/RkExtensionPlayer(  203): createDirectory(), path = /tmp/rk_ext_subtitle/
10-16 17:11:39.427 E/RkExtensionPlayer(  203): createDirectory(), create directory = /tmp/rk_ext_subtitle/ fail,reson = No such file or directory
10-16 17:11:39.427 E/RkExtensionPlayer(  203): createDirectory(), path = /data/rk_ext_subtitle/
10-16 17:11:39.427 E/RkExtensionPlayer(  203): createDirectory(), path = /data/rk_ext_subtitle/edfb4180/
10-16 17:11:39.428 D/RkExtensionPlayer(  203): checkDirectoryAccess: Use [/data/rk_ext_subtitle/edfb4180/] as Temp Subtile Directory
10-16 17:11:39.430 E/TraceThread(  203): TraceThread::randomUID() --> [UID=c4ab75a4]
10-16 17:11:39.430 E/TraceThread(  203):     VsyncReciver(tid = 3962939680)--> [UID=c4ab75a4] VsyncReciver::startthread
10-16 17:11:39.430 E/TraceThread(  203):     RockFFPlayer(tid = 3969206560)--> [UID=c4ab75a4] FFMPlayer Construction; object=0xedfd9000
10-16 17:11:39.430 D/RockFFPlayer(  203): setDataSource fd = 12, offset =21583740,length = 432616
10-16 17:11:39.430 D/RockFFPlayer(  203): start:create thread
10-16 17:11:39.431 D/RockFFPlayer(  203): RkMessageQueue::run()
10-16 17:11:39.431 D/RockFFPlayer(  203): start:create thread ok,mThreadStatus=0
10-16 17:11:39.431 D/RockFFPlayer(  203): enter enqueueMessage
10-16 17:11:39.431 D/RockFFPlayer(  203): enqueueMessage:****1
10-16 17:11:39.431 D/RockFFPlayer(  203): enqueueMessage:****2
10-16 17:11:39.431 D/RockFFPlayer(  203): enqueueMessage:****3
10-16 17:11:39.431 D/RockFFPlayer(  203): enqueueMessage:Message 1,set signal
10-16 17:11:39.431 D/RockFFPlayer(  203): enqueueMessage:sync wait
10-16 17:11:39.431 D/RockFFPlayer(  203): deliverMessage 
10-16 17:11:39.431 D/RockFFPlayer(  203): run : dequeueMessage Message 20
10-16 17:11:39.431 D/RockFFPlayer(  203): CMD_CURRENTSTATUS
10-16 17:11:39.431 D/RockFFPlayerBase(  203): dumpStatus(): Initialized
10-16 17:11:39.432 D/RockFFPlayer(  203): run : dequeueMessage Message 20 OK
10-16 17:11:39.432 D/RockFFPlayer(  203): Messagecomplete type [20]
10-16 17:11:39.432 D/RockFFPlayer(  203): enqueueMessage:sync wait ok
10-16 17:11:39.433 D/RockFFPlayer(  203): prepareAsync in
10-16 17:11:39.433 D/RockFFPlayerBase(  203): dumpStatus(): Initialized
10-16 17:11:39.433 D/RockFFPlayerBase(  203): dumpStatus(): Preparing
10-16 17:11:39.433 I/FFPlayer_Version(  203): ******************************************
10-16 17:11:39.433 I/FFPlayer_Version(  203): 
10-16 17:11:39.434 I/FFPlayer_Version(  203): starting main player: v2.1 ffplayer git_version: git-2018-01-18-45a23f4
10-16 17:11:39.434 I/FFPlayer_Version(  203): ffPlayer runs on BOARD_RK3328
10-16 17:11:39.434 I/FFPlayer_Version(  203): 
10-16 17:11:39.434 I/FFPlayer_Version(  203): ******************************************
10-16 17:11:39.434 I/RockFFPlayer(  203): setDataSource(url =file/fd::12,offset::21583740,length::432616)
10-16 17:11:39.434 I/RockFFPlayer(  203): setDataSource(fileurl =/data/app/com.qualcomm.ftcrobotcontroller-2/base.apk)
10-16 17:11:39.434 E/RockFFPlayerBase(  203): openContext : in
10-16 17:11:39.434 E/RockFFPlayer(  203): ffmpeg version v2.1: git-2017-12-25-6d3343b
10-16 17:11:39.434 E/RockFFPlayer(  203): av_probe_input_buffer:avio_read
10-16 17:11:39.434 I/RockFFPlayer(  203): flv_probe get probe score: 0
10-16 17:11:39.434 E/RockFFPlayer(  203): Hery, probe size = 0
10-16 17:11:39.435 E/RockFFPlayer(  203): avformat_open_input:read_header
10-16 17:11:39.435 E/RockFFPlayer(  203): file_read: offset=22016356, c->offset=21583740, c->length=432616
10-16 17:11:39.435 E/RockFFPlayer(  203): file_read: offset=22016356, c->offset=21583740, c->length=432616
10-16 17:11:39.435 E/RockFFPlayer(  203): avformat_open_input:read_header ok
10-16 17:11:39.435 D/RkExtensionPlayer(  203): openContext in
10-16 17:11:39.435 E/RkExtensionPlayer(  203): autoDetect(): path = /data/app/com.qualcomm.ftcrobotcontroller-2/base.apk
10-16 17:11:39.435 E/FFPlayerHelper(  203): isNetWorkUrl: url = /data/app/com.qualcomm.ftcrobotcontroller-2/base.apk
10-16 17:11:39.435 E/FFPlayerHelper(  203): isBDDirectory() ,path = /data/app/com.qualcomm.ftcrobotcontroller-2
10-16 17:11:39.435 E/FFPlayerHelper(  203): isBDDirectory(): no BDMV
10-16 17:11:39.435 D/RkExtensionPlayer(  203): openContext out,mTrackInfos size = 0
10-16 17:11:39.435 E/RockFFPlayerBase(  203): openContext : out,ret = 0
10-16 17:11:39.435 D/RockFFPlayer(  203): the source format name: wav
10-16 17:11:39.435 D/RockFFPlayer(  203): find av stream info in
10-16 17:11:39.436 I/RockFFPlayer(  203): flv_probe get probe score: 0
10-16 17:11:39.436 E/RockFFPlayer(  203): Hery, probe size = 0
10-16 17:11:39.436 D/RockFFPlayer(  203): prepareAsync ok
10-16 17:11:39.437 D/RockFFPlayer(  203): run : Message 20 complete
10-16 17:11:39.437 I/RockFFPlayer(  203): flv_probe get probe score: 0
10-16 17:11:39.437 E/RockFFPlayer(  203): Hery, probe size = 0
10-16 17:11:39.439 I/RockFFPlayer(  203): flv_probe get probe score: 0
10-16 17:11:39.439 E/RockFFPlayer(  203): Hery, probe size = 0
10-16 17:11:39.443 I/RockFFPlayer(  203): flv_probe get probe score: 0
10-16 17:11:39.444 E/RockFFPlayer(  203): Hery, probe size = 0
10-16 17:11:39.450 I/RockFFPlayer(  203): flv_probe get probe score: 0
10-16 17:11:39.451 V/RobotCore( 1379): thread: 'OpModeThread' starting...
10-16 17:11:39.452 E/RockFFPlayer(  203): Hery, probe size = 0
10-16 17:11:39.464 V/Robocol ( 1379): sending CMD_NOTIFY_USER_DEVICE_LIST(19), attempt: 1
10-16 17:11:39.465 I/RockFFPlayer(  203): flv_probe get probe score: 0
10-16 17:11:39.469 E/RockFFPlayer(  203): Hery, probe size = 0
10-16 17:11:39.470 V/Robocol ( 1379): sending CMD_ROBOT_CONTROLLER_PREFERENCE(20), attempt: 1
10-16 17:11:39.471 V/Robocol ( 1379): sending CMD_NOTIFY_INIT_OP_MODE(65), attempt: 0
10-16 17:11:39.480 V/Robocol ( 1379): sending CMD_NOTIFY_OP_MODE_LIST(69), attempt: 0
10-16 17:11:39.481 V/Robocol ( 1379): sending CMD_NOTIFY_RUN_OP_MODE(75), attempt: 0
10-16 17:11:39.483 E/RockFFPlayer(  203): probed stream 0
10-16 17:11:39.485 E/RockFFPlayer(  203): file_read: offset=22016356, c->offset=21583740, c->length=432616
10-16 17:11:39.485 E/RockFFPlayer(  203): file_read: offset=22016356, c->offset=21583740, c->length=432616
10-16 17:11:39.485 E/RockFFPlayer(  203): read_size = 432572
10-16 17:11:39.485 E/RockFFPlayer(  203): update_stream_timings: st[-302476880].duration = 216286
10-16 17:11:39.485 E/RockFFPlayer(  203): update_stream_timings: st[-302476880].duration = 216286
10-16 17:11:39.485 E/RockFFPlayer(  203): estimate_timings:0: start_time: -9223372036854.775 duration: 0.216,base_time.den=48000,base_time.num=1
10-16 17:11:39.485 E/RockFFPlayer(  203): stream: start_time: -9223372036854.775 duration: 4.506 bitrate=141565 kb/s
10-16 17:11:39.485 E/RockFFPlayer(  203): avformat_find_stream_info:find_stream_info_err:free info,ok
10-16 17:11:39.485 D/RockFFPlayer(  203): find av stream info ok
10-16 17:11:39.485 D/RockFFPlayer(  203): AudioStartTime=0,VideoStartTime=-1,tmpTime=-1
10-16 17:11:39.485 D/RockFFPlayer(  203): findAVStreamStartTime:start_time set 0
10-16 17:11:39.485 E/RockFFPlayer(  203): Hery, s->duration = 4505958.000000
10-16 17:11:39.485 I/RockFFPlayer(  203): Input #0, wav, from 'file/fd::12,offset::21583740,length::432616':
10-16 17:11:39.485 I/RockFFPlayer(  203):   Duration: 
10-16 17:11:39.485 I/RockFFPlayer(  203): 00:00:04.51
10-16 17:11:39.485 I/RockFFPlayer(  203): , start: 
10-16 17:11:39.485 I/RockFFPlayer(  203): 0.000000
10-16 17:11:39.485 I/RockFFPlayer(  203): , bitrate: 
10-16 17:11:39.485 I/RockFFPlayer(  203): 141565 kb/s
10-16 17:11:39.485 I/RockFFPlayer(  203): 
10-16 17:11:39.486 I/RockFFPlayer(  203):     Stream #0:0
10-16 17:11:39.486 I/RockFFPlayer(  203): : Audio: pcm_s16le ([1][0][0][0] / 0x0001), 48000 Hz, 1 channels, s16, 768 kb/s
10-16 17:11:39.486 I/RockFFPlayer(  203): 
10-16 17:11:39.486 D/RockFFPlayer(  203): send do-prepare message in
10-16 17:11:39.486 D/RockFFPlayer(  203): enter enqueueMessage
10-16 17:11:39.486 D/RockFFPlayer(  203): enqueueMessage:****1
10-16 17:11:39.486 D/RockFFPlayer(  203): enqueueMessage:****2
10-16 17:11:39.486 D/RockFFPlayer(  203): enqueueMessage:****3
10-16 17:11:39.486 D/RockFFPlayer(  203): enqueueMessage:Message 1,set signal
10-16 17:11:39.486 D/RockFFPlayer(  203): enqueueMessage:sync wait
10-16 17:11:39.486 D/RockFFPlayer(  203): deliverMessage 
10-16 17:11:39.486 D/RockFFPlayer(  203): run : dequeueMessage Message 1
10-16 17:11:39.486 D/RockFFPlayer(  203): CMD_PREPARE
10-16 17:11:39.486 I/RockFFPlayer(  203): doPrepare in
10-16 17:11:39.486 I/RockFFPlayer(  203): prepareVideo
10-16 17:11:39.486 E/RockFFPlayer(  203): mVideoStreamIndex is -1
10-16 17:11:39.486 I/RockFFPlayer(  203): prepareAudio
10-16 17:11:39.486 E/RockFFPlayer(  203): audio stream codec_id = 65536
10-16 17:11:39.486 D/RockFFPlayerBase(  203): open MediaDecoder.cfg failed,so can't config anything
10-16 17:11:39.486 D/RockFFPlayerBase(  203): File not exists!
10-16 17:11:39.486 D/RkBitstreamManager(  203): isBypass: false
10-16 17:11:39.486 D/RockFFPlayer(  203): initAudioPlayer
10-16 17:11:39.486 I/RkBitstreamManager(  203): BUF: 
10-16 17:11:39.486 I/RkBitstreamManager(  203): 
10-16 17:11:39.487 D/RkBitstreamManager(  203): isBypass: false
10-16 17:11:39.487 D/RockFFPlayer(  203): AudioPlayer getOutputMode : 0, SPDIF mode : -1
10-16 17:11:39.487 D/RockFFPlayerBase(  203): setAudioOutputMode output_mode : 0
10-16 17:11:39.487 D/RockFFPlayerBase(  203): set SPDIF output mode : -1
10-16 17:11:39.487 D/AudioPlayerApi(  203): audio player mode in: 0
10-16 17:11:39.488 D/AudioPlayerApi(  203): audio player mode out: 0
10-16 17:11:39.488 D/RockFFPlayer(  203): initAudioPlayer out
10-16 17:11:39.488 D/RkExtensionPlayer(  203): prepareExtendSubtitle in
10-16 17:11:39.488 E/RockFFPlayer(  203): prepareExtandSubtitle return error!
10-16 17:11:39.488 D/RkExtensionPlayer(  203): ~RkExtensionPlayer in
10-16 17:11:39.488 D/RkExtensionPlayer(  203): RkExtensionPlayer::closeExtendSubDecoder in
10-16 17:11:39.488 E/FFExtensionSource(  203): ~FFExtensionSource in
10-16 17:11:39.488 D/RockFFPlayer(  203): FFMediaSource context null. 
10-16 17:11:39.488 E/FFExtensionSource(  203): ~FFExtensionSource out
10-16 17:11:39.488 D/RockFFPlayer(  203): ~FFMediaSource
10-16 17:11:39.488 D/RockFFPlayer(  203): FFMediaSource context null. 
10-16 17:11:39.488 D/RkExtensionPlayer(  203): closeExtendSubDecoder out
10-16 17:11:39.489 E/RkExtensionPlayer(  203): deleteAllFileInDirectory(),/tmp/rk_ext_subtitle/ is not exist
10-16 17:11:39.489 E/RkExtensionPlayer(  203): deleteAllFileInDirectory(),/data/media/0/rk_ext_subtitle/ is not exist
10-16 17:11:39.489 I/RockFFPlayer(  203): prepareSubtitle in
10-16 17:11:39.489 E/RockFFPlayer(  203): hasSubtitle return fail
10-16 17:11:39.489 D/AudioDecoder(  203): decodeaudio AudioOutputMode : 0, SPDIF_MODE : -1, PlayerMode : 0
10-16 17:11:39.489 D/AudioDecoder(  203): mStream->codec->channels = 1  mStream->codec->sample_rate = 48000
10-16 17:11:39.489 D/AudioDecoder(  203): mStream->codec->channels = 1  mStream->codec->sample_rate = 48000
10-16 17:11:39.489 D/RockFFPlayer(  203): createAudioDecoder: create audio decoder ok
10-16 17:11:39.489 E/RockFFPlayer(  203): createVideoDecoder: no video stream
10-16 17:11:39.489 E/RockFFPlayer(  203): createSubtitleDecoder: no subtitle stream
10-16 17:11:39.490 E/TraceThread(  203): TraceThread::dumpTrace() FileName:/data/trace_thread.log
10-16 17:11:39.490 D/RockFFPlayerBase(  203): dumpStatus(): Preapared
10-16 17:11:39.490 D/RockFFPlayer(  203): Sync master clock type - 1
10-16 17:11:39.490 I/RockFFPlayer(  203): doPrepareFinish ok
10-16 17:11:39.490 D/RockFFPlayer(  203): run : dequeueMessage Message 1 OK
10-16 17:11:39.490 D/RockFFPlayer(  203): Messagecomplete type [1]
10-16 17:11:39.490 D/RockFFPlayer(  203): run : Message 1 complete
10-16 17:11:39.490 D/RockFFPlayer(  203): enqueueMessage:sync wait ok
10-16 17:11:39.490 D/RockFFPlayer(  203): send do-prepare message ok
10-16 17:11:39.490 I/RockFFPlayer(  203): decodeMovie:getCurrentStatus() = 8
10-16 17:11:39.491 D/FFPlayerHelper(  203): MediaServer is SP_FOREGROUND, tid=1497
10-16 17:11:39.492 E/RockFFPlayer(  203): doGetTrackInfo: track size = 1
10-16 17:11:39.494 V/SoundInfo( 1379): construct(0x037000f7)
10-16 17:11:39.497 E/RockFFPlayer(  203): doGetTrackInfo: track size = 1
10-16 17:11:39.504 V/Robocol ( 1379): sending CMD_NOTIFY_RUN_OP_MODE(79), attempt: 0
10-16 17:11:39.566 I/MediaCodec( 1379): callingProcessName:com.qualcomm.ftcrobotcontroller
10-16 17:11:39.569 I/MediaPlayerService(  203): MediaPlayerService::getOMX
10-16 17:11:39.571 I/OMXClient( 1379): MuxOMX ctor
10-16 17:11:39.571 I/ACodec  ( 1379): onAllocateComponent:6752 mSoftCodecPref:0 componentName:
10-16 17:11:39.574 I/ACodec  ( 1379): onAllocateComponent:6783 mSoftCodecPref:0 componentName:OMX.google.raw.decoder
10-16 17:11:39.575 I/OMXMaster(  200): makeComponentInstance(OMX.google.raw.decoder) in mediacodec process
10-16 17:11:39.596 D/MediaBufferGroup(  202): creating MemoryDealer
10-16 17:11:39.661 D/SoundPlayer( 1379): onLoadComplete(samp=2|ms=4506, samp=2)=0
10-16 17:11:39.663 V/ThreadPool( 1379): container(0x0d2f2b17: SoundPlayerScheduler) added id=136 TID=0 count=1
10-16 17:11:39.666 I/art     ( 1379): Background partial concurrent mark sweep GC freed 76156(4MB) AllocSpace objects, 55(1596KB) LOS objects, 39% free, 12MB/20MB, paused 1.628ms total 111.045ms
10-16 17:11:40.119 W/AudioTrack( 1379): AUDIO_OUTPUT_FLAG_FAST denied by client; transfer 4, track 48000 Hz, output 44100 Hz
10-16 17:11:40.122 D/SoundPlayer( 1379): playing volume=0.000000 samp=2|ms=4506
10-16 17:11:40.128 I/art     ( 1379): Debugger is no longer active
10-16 17:11:40.128 I/art     ( 1379): Starting a blocking GC Instrumentation
10-16 17:11:40.144 V/Robocol ( 1379): sending CMD_PLAY_SOUND(97), attempt: 0
10-16 17:11:40.961 I/hostapd ( 1174): type=1400 audit(0.0:189): avc: denied { write } for name="wpa_ctrl_1093-5" dev="mmcblk0p14" ino=344484 scontext=u:r:hostapd:s0 tcontext=u:object_r:wpa_socket:s0:c512,c768 tclass=sock_file permissive=1
10-16 17:11:40.961 I/hostapd ( 1174): type=1400 audit(0.0:190): avc: denied { sendto } for path="/data/misc/wifi/sockets/wpa_ctrl_1093-5" scontext=u:r:hostapd:s0 tcontext=u:r:platform_app:s0:c512,c768 tclass=unix_dgram_socket permissive=1
10-16 17:11:41.039 I/dex2oat ( 1446): dex2oat took 12.902s (threads: 4) arena alloc=186KB (190976B) java alloc=18MB (19879392B) native alloc=37MB (39122592B) free=5MB (5441888B)
10-16 17:11:41.175 I/PackageManager(  429): Package com.qualcomm.ftcrobotcontroller codePath changed from /data/app/com.qualcomm.ftcrobotcontroller-2 to /data/app/com.qualcomm.ftcrobotcontroller-1; Retaining data and using new
10-16 17:11:41.178 W/PackageManager(  429): Code path for com.qualcomm.ftcrobotcontroller changing from /data/app/com.qualcomm.ftcrobotcontroller-2 to /data/app/com.qualcomm.ftcrobotcontroller-1
10-16 17:11:41.178 W/PackageManager(  429): Resource path for com.qualcomm.ftcrobotcontroller changing from /data/app/com.qualcomm.ftcrobotcontroller-2 to /data/app/com.qualcomm.ftcrobotcontroller-1
10-16 17:11:41.308 I/art     ( 1406): Debugger is no longer active
10-16 17:11:41.308 I/art     ( 1406): Starting a blocking GC Instrumentation
10-16 17:11:41.337 I/art     (  429): Starting a blocking GC Explicit
10-16 17:11:41.340 I/ActivityManager(  429): Killing 1074:com.revrobotics.controlhubupdater/1000 (adj 906): empty #4
10-16 17:11:41.381 W/WindowManager(  429): Attempted to remove non-existing token: android.os.Binder@92102d7
10-16 17:11:41.388 D/ActivityManager(  429): cleanUpApplicationRecord -- 1074
10-16 17:11:41.390 I/art     (  429): Explicit concurrent mark sweep GC freed 19450(1217KB) AllocSpace objects, 9(260KB) LOS objects, 33% free, 4MB/6MB, paused 1.463ms total 52.021ms
10-16 17:11:41.398 E/        (  198): Couldn't opendir /data/app/vmdl685514987.tmp: No such file or directory
10-16 17:11:41.414 I/InputReader(  429): Reconfiguring input devices.  changes=0x00000010
10-16 17:11:41.424 I/ActivityManager(  429): Start proc 1504:com.android.keychain/1000 for broadcast com.android.keychain/.KeyChainBroadcastReceiver
10-16 17:11:41.431 I/InputReader(  429): Reconfiguring input devices.  changes=0x00000010
10-16 17:11:41.450 I/InputReader(  429): Reconfiguring input devices.  changes=0x00000010
10-16 17:11:41.494 W/art     (  903): Suspending all threads took: 27.220ms
10-16 17:11:41.495 I/AppsUpdateListener(  903): onPackageAdded->packageName:com.qualcomm.ftcrobotcontroller
10-16 17:11:41.496 I/LaunchPointList(  903): refreshLaunchPointList
10-16 17:11:41.500 I/art     (  903): Background partial concurrent mark sweep GC freed 7823(802KB) AllocSpace objects, 5(316KB) LOS objects, 39% free, 7MB/12MB, paused 28.022ms total 95.827ms
10-16 17:11:41.523 I/AppsUpdateListener(  903): onPackageReplaced->packageName:com.qualcomm.ftcrobotcontroller
10-16 17:11:41.523 I/LaunchPointList(  903): refreshLaunchPointList
10-16 17:11:41.564 W/Searchables(  429): No global search activity found
10-16 17:11:41.566 W/Searchables(  429): No global search activity found
10-16 17:11:41.567 W/VoiceInteractionManagerService(  429): no available voice recognition services found for user 0
10-16 17:11:41.585 W/System  ( 1504): ClassLoader referenced unknown path: /system/app/KeyChain/lib/arm64
10-16 17:11:41.584 I/getprop ( 1503): type=1400 audit(0.0:191): avc: denied { open } for path="/dev/__properties__/u:object_r:secureboot_prop:s0" dev="tmpfs" ino=6160 scontext=u:r:shell:s0 tcontext=u:object_r:secureboot_prop:s0 tclass=file permissive=1
10-16 17:11:41.584 I/getprop ( 1503): type=1400 audit(0.0:192): avc: denied { getattr } for path="/dev/__properties__/u:object_r:secureboot_prop:s0" dev="tmpfs" ino=6160 scontext=u:r:shell:s0 tcontext=u:object_r:secureboot_prop:s0 tclass=file permissive=1
10-16 17:11:41.584 I/getprop ( 1503): type=1400 audit(0.0:193): avc: denied { open } for path="/dev/__properties__/u:object_r:pppoe_prop:s0" dev="tmpfs" ino=6161 scontext=u:r:shell:s0 tcontext=u:object_r:pppoe_prop:s0 tclass=file permissive=1
10-16 17:11:41.584 I/getprop ( 1503): type=1400 audit(0.0:194): avc: denied { getattr } for path="/dev/__properties__/u:object_r:pppoe_prop:s0" dev="tmpfs" ino=6161 scontext=u:r:shell:s0 tcontext=u:object_r:pppoe_prop:s0 tclass=file permissive=1
10-16 17:11:41.637 W/ContextImpl( 1504): Calling a method in the system process without a qualified user: android.app.ContextImpl.startService:1357 android.content.ContextWrapper.startService:613 android.content.ContextWrapper.startService:613 com.android.keychain.KeyChainBroadcastReceiver.onReceive:12 android.app.ActivityThread.handleReceiver:3041 
10-16 17:11:41.659 I/ActivityManager(  429): Start proc 1526:android.process.acore/u0a2 for broadcast com.android.providers.contacts/.PackageIntentReceiver
10-16 17:11:41.718 I/ActivityManager(  429): Killing 1158:com.android.settings/1000 (adj 906): empty #4
10-16 17:11:41.730 W/System  ( 1526): ClassLoader referenced unknown path: /system/priv-app/ContactsProvider/lib/arm64
10-16 17:11:41.731 I/LaunchPointList(  903): mCachedActions is empty:true
10-16 17:11:41.731 I/LaunchPointList(  903): onLaunchPointListGeneratorReady->className:com.rockchips.android.leanbacklauncher.apps.SettingsAdapter
10-16 17:11:41.731 I/AppsAdapter(  903): onLaunchPointListGeneratorReady
10-16 17:11:41.732 I/LaunchPointList(  903): onLaunchPointListGeneratorReady->className:com.rockchips.android.leanbacklauncher.apps.AppsAdapter
10-16 17:11:41.732 I/AppsAdapter(  903): onLaunchPointListGeneratorReady
10-16 17:11:41.732 I/LaunchPointList(  903): onLaunchPointListGeneratorReady->className:com.rockchips.android.leanbacklauncher.apps.AppsAdapter
10-16 17:11:41.732 I/AppsAdapter(  903): onLaunchPointListGeneratorReady
10-16 17:11:41.760 D/ActivityManager(  429): cleanUpApplicationRecord -- 1158
10-16 17:11:41.840 I/ContactsPerf( 1526): VoicemailContentProvider.onCreate start
10-16 17:11:41.845 I/ContactsPerf( 1526): VoicemailContentProvider.onCreate finish
10-16 17:11:41.852 W/System  ( 1526): ClassLoader referenced unknown path: /system/app/UserDictionaryProvider/lib/arm64
10-16 17:11:41.853 D/ApplicationLoaders( 1526): ignored Vulkan layer search path /system/app/UserDictionaryProvider/lib/arm64:/system/lib64:/vendor/lib64 for namespace 0x72386600f0
10-16 17:11:41.859 I/LaunchPointList(  903): mCachedActions is empty:true
10-16 17:11:41.860 I/LaunchPointList(  903): onLaunchPointListGeneratorReady->className:com.rockchips.android.leanbacklauncher.apps.SettingsAdapter
10-16 17:11:41.860 I/AppsAdapter(  903): onLaunchPointListGeneratorReady
10-16 17:11:41.860 I/LaunchPointList(  903): onLaunchPointListGeneratorReady->className:com.rockchips.android.leanbacklauncher.apps.AppsAdapter
10-16 17:11:41.860 I/AppsAdapter(  903): onLaunchPointListGeneratorReady
10-16 17:11:41.860 I/LaunchPointList(  903): onLaunchPointListGeneratorReady->className:com.rockchips.android.leanbacklauncher.apps.AppsAdapter
10-16 17:11:41.860 I/AppsAdapter(  903): onLaunchPointListGeneratorReady
10-16 17:11:41.888 I/ActivityManager(  429): Start proc 1553:com.svox.pico/u0a30 for broadcast com.svox.pico/.VoiceDataInstallerReceiver
10-16 17:11:41.890 I/AppsAdapter(  903): RefreshTask->resultLaunchPoints:[Settings [com.android.tv.settings], Network [com.android.tv.settings]]
10-16 17:11:41.891 I/ActivityManager(  429): Killing 831:com.android.providers.calendar/u0a1 (adj 906): empty #4
10-16 17:11:41.920 I/SettingsAdapter(  903): updateNetwork
10-16 17:11:41.920 I/SettingsAdapter(  903): updateNetwork 1
10-16 17:11:41.920 I/SettingsAdapter(  903): setNetwork->mNetResourcesSet:false
10-16 17:11:41.928 E/LaunchPointList(  903): getRecommendLaunchPoints->xml.exists():false,firstLoad:default
10-16 17:11:41.934 I/ActiveItemsRowView(  903): onChanged
10-16 17:11:41.934 I/AppsAdapter(  903): takeItemsHaveBeenSorted
10-16 17:11:41.937 I/AppsAdapter(  903): sortLaunchPoints
10-16 17:11:41.937 V/AppsRanker(  903): refreshing Launchpoint ranking
10-16 17:11:41.939 I/AppsAdapter(  903): RefreshTask->resultLaunchPoints:[Add Item [null]]
10-16 17:11:41.939 I/AppsAdapter(  903): onPostRefresh
10-16 17:11:41.940 I/ActiveItemsRowView(  903): onChanged
10-16 17:11:41.940 I/AppsAdapter(  903): takeItemsHaveBeenSorted
10-16 17:11:41.940 E/ControlHubApChannelManager( 1379): Timeout while getting current channel from AP service
10-16 17:11:41.941 V/ThreadPool( 1379): container(0x01c77d55: default scheduler) added id=137 TID=0 count=7
10-16 17:11:41.947 I/AppsAdapter(  903): sortLaunchPoints
10-16 17:11:41.947 V/AppsRanker(  903): refreshing Launchpoint ranking
10-16 17:11:41.950 I/AppsAdapter(  903): RefreshTask->resultLaunchPoints:[Calculator [com.android.calculator2], Browser [com.android.browser], FtcAccessPointService [org.firstinspires.ftc.ftcaccesspointservice], Downloads [com.android.documentsui], FTC Robot Controller [com.qualcomm.ftcrobotcontroller]]
10-16 17:11:41.964 I/AppsAdapter(  903): onPostRefresh
10-16 17:11:41.964 I/ActiveItemsRowView(  903): onChanged
10-16 17:11:41.964 I/AppsAdapter(  903): takeItemsHaveBeenSorted
10-16 17:11:41.988 I/AppsAdapter(  903): RefreshTask->resultLaunchPoints:[Settings [com.android.tv.settings], Network [com.android.tv.settings]]
10-16 17:11:41.997 D/ActivityManager(  429): cleanUpApplicationRecord -- 831
10-16 17:11:42.022 I/SettingsAdapter(  903): updateNetwork
10-16 17:11:42.022 I/SettingsAdapter(  903): updateNetwork 1
10-16 17:11:42.022 I/SettingsAdapter(  903): setNetwork->mNetResourcesSet:false
10-16 17:11:42.025 I/ActiveItemsRowView(  903): onChanged
10-16 17:11:42.025 I/AppsAdapter(  903): takeItemsHaveBeenSorted
10-16 17:11:42.027 E/LaunchPointList(  903): getRecommendLaunchPoints->xml.exists():false,firstLoad:default
10-16 17:11:42.030 I/AppsAdapter(  903): sortLaunchPoints
10-16 17:11:42.030 V/AppsRanker(  903): refreshing Launchpoint ranking
10-16 17:11:42.031 I/AppsAdapter(  903): RefreshTask->resultLaunchPoints:[Add Item [null]]
10-16 17:11:42.031 I/AppsAdapter(  903): onPostRefresh
10-16 17:11:42.031 I/ActiveItemsRowView(  903): onChanged
10-16 17:11:42.031 I/AppsAdapter(  903): takeItemsHaveBeenSorted
10-16 17:11:42.036 I/AppsAdapter(  903): sortLaunchPoints
10-16 17:11:42.036 V/AppsRanker(  903): refreshing Launchpoint ranking
10-16 17:11:42.038 I/AppsAdapter(  903): RefreshTask->resultLaunchPoints:[Calculator [com.android.calculator2], Browser [com.android.browser], FtcAccessPointService [org.firstinspires.ftc.ftcaccesspointservice], Downloads [com.android.documentsui], FTC Robot Controller [com.qualcomm.ftcrobotcontroller]]
10-16 17:11:42.047 I/AppsAdapter(  903): onPostRefresh
10-16 17:11:42.047 I/ActiveItemsRowView(  903): onChanged
10-16 17:11:42.047 I/AppsAdapter(  903): takeItemsHaveBeenSorted
10-16 17:11:42.096 I/art     ( 1379): Do full code cache collection, code=125KB, data=115KB
10-16 17:11:42.097 I/art     ( 1379): Starting a blocking GC JitCodeCache
10-16 17:11:42.097 I/art     ( 1379): After code cache collection, code=80KB, data=65KB
10-16 17:11:42.223 I/ContactLocale( 1526): AddressBook Labels [[en_US]]: [, A, B, C, D, E, F, G, H, I, J, K, L, M, N, O, P, Q, R, S, T, U, V, W, X, Y, Z, , , , , , , , , , , , , , , , , , , , , , , , , , , , , , , , , , , , , , , , , , , , , , , , , , , , , , , , , , , , , , , , , , , , , , , , , , , , , , , , , , , , , , , , , , , , , , , , , , , , , , , , , , , , , , , , , , , , , , , , , , , , , , , , , , , , , , , , , , , , , , , , , , , , , , , , , , , , , , , , , , , , , , , , , , , , , , , , , , , , , , , , , , , #, ]
10-16 17:11:42.631 E/vpu_api ( 1519): dlopen vpu lib failed
10-16 17:11:42.636 D/AndroidRuntime( 1519): >>>>>> START com.android.internal.os.RuntimeInit uid 2000 <<<<<<
10-16 17:11:42.651 D/AndroidRuntime( 1519): CheckJNI is OFF
10-16 17:11:42.699 D/ICU     ( 1519): No timezone override file found: /data/misc/zoneinfo/current/icu/icu_tzdata.dat
10-16 17:11:42.749 E/memtrack( 1519): Couldn't load memtrack module (No such file or directory)
10-16 17:11:42.749 E/android.os.Debug( 1519): failed to load memtrack module: -2
10-16 17:11:42.751 I/Radio-JNI( 1519): register_android_hardware_Radio DONE
10-16 17:11:42.770 D/AndroidRuntime( 1519): Calling main entry com.android.commands.am.Am
10-16 17:11:42.792 I/ActivityManager(  429): Force stopping com.qualcomm.ftcrobotcontroller appid=10038 user=0: from pid 1519
10-16 17:11:42.792 I/ActivityManager(  429): Killing 1379:com.qualcomm.ftcrobotcontroller/u0a38 (adj 0): stop com.qualcomm.ftcrobotcontroller
10-16 17:11:42.792 D/ActivityManager(  429): cleanUpApplicationRecord -- 1379
10-16 17:11:42.793 W/ActivityManager(  429): Scheduling restart of crashed service com.qualcomm.ftcrobotcontroller/org.firstinspires.ftc.onbotjava.OnBotJavaService in 1000ms
10-16 17:11:42.793 I/libprocessgroup(  429): Killing pid 1401 in uid 10038 as part of process group 1379
10-16 17:11:42.793 W/ActivityManager(  429): Scheduling restart of crashed service com.qualcomm.ftcrobotcontroller/org.firstinspires.ftc.robotcore.internal.files.MediaTransferProtocolMonitorService in 1000ms
10-16 17:11:42.793 W/ActivityManager(  429): Scheduling restart of crashed service com.qualcomm.ftcrobotcontroller/org.firstinspires.ftc.ftccommon.internal.FtcRobotControllerWatchdogService in 1000ms
10-16 17:11:42.794 W/ActivityManager(  429): Force removing ActivityRecord{558fdc3 u0 com.qualcomm.ftcrobotcontroller/org.firstinspires.ftc.robotcontroller.internal.FtcRobotControllerActivity t3938}: app died, no saved state
10-16 17:11:42.808 I/ActivityManager(  429):   Force stopping service ServiceRecord{f107b8 u0 com.qualcomm.ftcrobotcontroller/org.firstinspires.ftc.ftccommon.internal.FtcRobotControllerWatchdogService}
10-16 17:11:42.809 D/AndroidRuntime( 1519): Shutting down VM
10-16 17:11:42.819 W/SurfaceFlinger(  150): couldn't log to binary event log: overflow.
10-16 17:11:42.823 I/ManiActivity_LEANBACK(  903): onStart
10-16 17:11:42.824 I/LauncherWallpaper(  903): resetBackground
10-16 17:11:42.825 I/LauncherWallpaper(  903): updateChildVisibility
10-16 17:11:42.827 I/ManiActivity_LEANBACK(  903): onResume
10-16 17:11:42.827 I/ManiActivity_LEANBACK(  903): updateNetWorkState->networkState
10-16 17:11:42.829 I/AppsAdapter(  903): sortItemsIfNeeded
10-16 17:11:42.829 I/AppsAdapter(  903): sortItemsIfNeeded
10-16 17:11:42.829 I/AppsAdapter(  903): sortItemsIfNeeded
10-16 17:11:42.829 I/LauncherWallpaper(  903): setShynessMode->shyMode:true
10-16 17:11:42.829 I/LauncherWallpaper(  903): updateChildVisibility
10-16 17:11:42.830 I/LauncherWallpaper(  903): resetBackground
10-16 17:11:42.830 I/LauncherWallpaper(  903): updateChildVisibility
