10-16 17:12:13.296 I/PermissionValidator( 1767): Checking permission for android.permission.ACCESS_COARSE_LOCATION
10-16 17:12:13.296 I/PermissionValidator( 1767):     Granted: android.permission.ACCESS_COARSE_LOCATION
10-16 17:12:13.297 I/PermissionValidator( 1767): Checking permission for android.permission.ACCESS_FINE_LOCATION
10-16 17:12:13.298 I/PermissionValidator( 1767):     Granted: android.permission.ACCESS_FINE_LOCATION
10-16 17:12:13.298 I/PermissionValidator( 1767): Checking permission for android.permission.READ_PHONE_STATE
10-16 17:12:13.299 I/PermissionValidator( 1767):     Granted: android.permission.READ_PHONE_STATE
10-16 17:12:13.302 V/ServiceStarter( 1767): attempting to start service MediaTransferProtocolMonitorService
10-16 17:12:13.306 V/ServiceStarter( 1767): started service MediaTransferProtocolMonitorService
10-16 17:12:13.307 V/ServiceStarter( 1767): attempting to start service OnBotJavaService
10-16 17:12:13.310 V/ServiceStarter( 1767): started service OnBotJavaService
10-16 17:12:13.311 I/PermissionValidatorActivity( 1767): All permissions validated.  Starting RobotController
10-16 17:12:13.314 I/ActivityManager(  429): START u0 {cmp=com.qualcomm.ftcrobotcontroller/org.firstinspires.ftc.robotcontroller.internal.FtcRobotControllerActivity} from uid 10038 on display 0
10-16 17:12:13.338 V/MTPMonitorService( 1767): onCreate()
10-16 17:12:13.339 V/MTPMonitorService( 1767): onStartCommand() intent=Intent { cmp=com.qualcomm.ftcrobotcontroller/org.firstinspires.ftc.robotcore.internal.files.MediaTransferProtocolMonitorService } flags=0x0 startId=1
10-16 17:12:13.341 V/ThreadPool( 1767): container(0x04d6ad69: MTPMonitor) added id=110 TID=0 count=1
10-16 17:12:13.342 V/MTPMonitor( 1767): observing: /storage/emulated/0
10-16 17:12:13.553 E/LQH     (  903): AppViewFocusAnimator->onFocusChange->v:com.rockchips.android.leanbacklauncher.apps.BannerView{61b2aa5 VFE...CL. .....AID 56,0-244,160 #7f0c016f app:id/app_favorite_banner},hasFocus:false
10-16 17:12:13.592 W/SurfaceFlinger(  150): couldn't log to binary event log: overflow.
10-16 17:12:13.726 V/OnBotJavaService( 1767): onCreate()
10-16 17:12:13.727 V/OnBotJavaService( 1767): onStartCommand() intent=Intent { cmp=com.qualcomm.ftcrobotcontroller/org.firstinspires.ftc.onbotjava.OnBotJavaService } flags=0x0 startId=1
10-16 17:12:13.728 V/OnBotJava( 1767): OnBotJavaManager::static
10-16 17:12:13.818 W/ActivityManager(  429): Activity pause timeout for ActivityRecord{d786a22 u0 com.qualcomm.ftcrobotcontroller/org.firstinspires.ftc.robotcontroller.internal.PermissionValidatorWrapper t3940 f}
10-16 17:12:13.979 W/asset   (  552): Asset path /data/app/com.qualcomm.ftcrobotcontroller-2/base.apk is neither a directory nor file (type=1).
10-16 17:12:13.979 E/ResourcesManager(  552): failed to add asset path /data/app/com.qualcomm.ftcrobotcontroller-2/base.apk
10-16 17:12:13.979 W/PackageManager(  552): Failure retrieving resources for com.qualcomm.ftcrobotcontroller
10-16 17:12:13.980 W/asset   (  552): Asset path /data/app/com.qualcomm.ftcrobotcontroller-2/base.apk is neither a directory nor file (type=1).
10-16 17:12:13.980 E/ResourcesManager(  552): failed to add asset path /data/app/com.qualcomm.ftcrobotcontroller-2/base.apk
10-16 17:12:13.980 W/PackageManager(  552): Failure retrieving resources for com.qualcomm.ftcrobotcontroller
10-16 17:12:13.980 W/asset   (  552): Asset path /data/app/com.qualcomm.ftcrobotcontroller-2/base.apk is neither a directory nor file (type=1).
10-16 17:12:13.981 E/ResourcesManager(  552): failed to add asset path /data/app/com.qualcomm.ftcrobotcontroller-2/base.apk
10-16 17:12:13.981 W/PackageManager(  552): Failure retrieving resources for com.qualcomm.ftcrobotcontroller
10-16 17:12:13.981 W/asset   (  552): Asset path /data/app/com.qualcomm.ftcrobotcontroller-2/base.apk is neither a directory nor file (type=1).
10-16 17:12:13.981 E/ResourcesManager(  552): failed to add asset path /data/app/com.qualcomm.ftcrobotcontroller-2/base.apk
10-16 17:12:13.982 W/PackageManager(  552): Failure retrieving resources for com.qualcomm.ftcrobotcontroller
10-16 17:12:13.982 W/asset   (  552): Asset path /data/app/com.qualcomm.ftcrobotcontroller-2/base.apk is neither a directory nor file (type=1).
10-16 17:12:13.982 E/ResourcesManager(  552): failed to add asset path /data/app/com.qualcomm.ftcrobotcontroller-2/base.apk
10-16 17:12:13.982 W/PackageManager(  552): Failure retrieving resources for com.qualcomm.ftcrobotcontroller
10-16 17:12:14.485 V/OnBotJava( 1767): ctor()...
10-16 17:12:14.487 V/OnBotJava( 1767): ...ctor()
10-16 17:12:14.492 V/RCActivity( 1767): Permissions validated already
10-16 17:12:14.492 V/RCActivity( 1767): onCreate()
10-16 17:12:14.494 V/RCActivity( 1767): rootActivity is of class PermissionValidatorWrapper
10-16 17:12:14.497 V/RCActivity( 1767): launchActivity is of class class org.firstinspires.ftc.robotcontroller.internal.PermissionValidatorWrapper
10-16 17:12:14.504 V/ThreadPool( 1767): container(0x058c7412: CallbackLooper) added id=112 TID=0 count=1
10-16 17:12:14.505 V/CallbackLooper( 1767): thread=112
10-16 17:12:14.509 V/NetDiscover_wifiDirectAgent( 1767): doStart()...
10-16 17:12:14.513 V/NetDiscover_wifiDirectAgent( 1767): ...doStart()
10-16 17:12:14.514 V/NetDiscover_prefremrc( 1767): ----- all preferences -----
10-16 17:12:14.514 V/NetDiscover_prefremrc( 1767): name='android.permission.READ_PHONE_STATE' value=false
10-16 17:12:14.514 V/NetDiscover_prefremrc( 1767): name='pref_autostarted_robot_controller' value=true
10-16 17:12:14.514 V/NetDiscover_prefremrc( 1767): name='pref_warn_about_obsolete_software' value=true
10-16 17:12:14.515 V/NetDiscover_prefremrc( 1767): name='pref_has_independent_phone_battery' value=false
10-16 17:12:14.515 V/NetDiscover_prefremrc( 1767): name='android.permission.CAMERA' value=false
10-16 17:12:14.515 V/NetDiscover_prefremrc( 1767): name='pref_wifip2p_remote_channel_change_works' value=false
10-16 17:12:14.515 V/NetDiscover_prefremrc( 1767): name='pref_hardware_config_filename' value={"isDirty":false,"location":"LOCAL_STORAGE","name":"yaibaTest","resourceId":0}
10-16 17:12:14.515 V/NetDiscover_prefremrc( 1767): name='pref_warn_about_mismatched_app_versions' value=true
10-16 17:12:14.515 V/NetDiscover_prefremrc( 1767): name='pref_sound_on_off' value=false
10-16 17:12:14.515 V/NetDiscover_prefremrc( 1767): name='pref_ftc_season_year_of_current_rc_new' value=2024
10-16 17:12:14.515 V/NetDiscover_prefremrc( 1767): name='App Restrictions' value=AAAAAA==
10-16 17:12:14.515 V/NetDiscover_prefremrc( 1767):     
10-16 17:12:14.515 V/NetDiscover_prefremrc( 1767): name='pref_warn_about_incorrect_clocks' value=true
10-16 17:12:14.516 V/NetDiscover_prefremrc( 1767): name='android.permission.ACCESS_COARSE_LOCATION' value=false
10-16 17:12:14.516 V/NetDiscover_prefremrc( 1767): name='pref_has_speaker' value=false
10-16 17:12:14.516 V/NetDiscover_prefremrc( 1767): name='android.permission.WRITE_EXTERNAL_STORAGE' value=false
10-16 17:12:14.516 V/NetDiscover_prefremrc( 1767): name='pref_connection_owner_password' value=neverFinish
10-16 17:12:14.516 V/NetDiscover_prefremrc( 1767): name='pref_pairing_kind' value=RCWIRELESSAP
10-16 17:12:14.516 V/NetDiscover_prefremrc( 1767): name='pref_device_name_internal' value=FTC-22346
10-16 17:12:14.516 V/NetDiscover_prefremrc( 1767): name='pref_app_theme' value=red
10-16 17:12:14.516 V/NetDiscover_prefremrc( 1767): name='android.permission.ACCESS_FINE_LOCATION' value=false
10-16 17:12:14.516 V/NetDiscover_prefremrc( 1767): name='pref_device_name' value=FTC-22346
10-16 17:12:14.516 V/NetDiscover_prefremrc( 1767): name='pref_warn_about_2_4_ghz_band' value=true
10-16 17:12:14.516 V/NetDiscover_prefremrc( 1767): name='pref_device_name_tracking' value=WIFIAP
10-16 17:12:14.517 V/NetDiscover_prefremrc( 1767): name='android.permission.READ_EXTERNAL_STORAGE' value=false
10-16 17:12:14.517 V/NetDiscover_prefremrc( 1767): name='pref_rc_connected' value=true
10-16 17:12:14.522 V/Robocol ( 1767): SendOnceRunnable created
10-16 17:12:14.524 V/ThreadPool( 1767): container(0x01c77d55: default scheduler) added id=114 TID=0 count=1
10-16 17:12:14.524 V/NetDiscover_prefremrc( 1767): doStart()...
10-16 17:12:14.524 V/NetDiscover_prefremrc( 1767): ...doStart()
10-16 17:12:14.537 V/ThreadPool( 1767): container(0x01c77d55: default scheduler) added id=115 TID=0 count=2
10-16 17:12:14.554 W/System  ( 1767): ClassLoader referenced unknown path: /system/app/webview/lib/arm64
10-16 17:12:14.555 D/ApplicationLoaders( 1767): ignored Vulkan layer search path /system/app/webview/lib/arm64:/system/app/webview/webview.apk!/lib/arm64-v8a:/system/lib64:/vendor/lib64 for namespace 0x723865f0f0
10-16 17:12:14.559 I/WebViewFactory( 1767): Loading com.android.webview version 52.0.2743.100 (code 275610050)
10-16 17:12:14.608 I/cr_LibraryLoader( 1767): Time to load native libraries: 2 ms (timestamps 3605-3607)
10-16 17:12:14.609 I/cr_LibraryLoader( 1767): Expected native library version number "52.0.2743.100", actual native library version number "52.0.2743.100"
10-16 17:12:14.621 V/WebViewChromiumFactoryProvider( 1767): Binding Chromium to main looper Looper (main, tid 1) {54a862f}
10-16 17:12:14.622 I/cr_LibraryLoader( 1767): Expected native library version number "52.0.2743.100", actual native library version number "52.0.2743.100"
10-16 17:12:14.623 I/chromium( 1767): [INFO:library_loader_hooks.cc(143)] Chromium logging enabled: level = 0, default verbosity = 0
10-16 17:12:14.640 I/cr_BrowserStartup( 1767): Initializing chromium process, singleProcess=true
10-16 17:12:14.665 I/mali_so ( 1767): [File] : hardware/rockchip/driver/./src/base/arch/arch_011_udd/base_arch_main.c; [Line] : 565; [Func] : deal_with_version_affairs_rk_ext;
10-16 17:12:14.665 I/mali_so ( 1767): arm_release_ver of this mali_so is 'r7p0-00rel1', rk_so_ver is '1@2' for 3328h_android_7.1, built at '15:47:51', on 'Jun 28 2017'.
10-16 17:12:14.665 I/mali_so ( 1767): [File] : hardware/rockchip/driver/./src/base/arch/arch_011_udd/base_arch_main.c; [Line] : 578; [Func] : deal_with_version_affairs_rk_ext;
10-16 17:12:14.665 I/mali_so ( 1767): mali_ver_property has been set to 'r7p0-00rel1-5-1@2', to return.
10-16 17:12:14.725 I/cr_DRP  ( 1767): No DRP key due to exception:java.lang.ClassNotFoundException: com.android.webview.chromium.Drp
10-16 17:12:14.754 D/ConnectivityService(  429): listenForNetwork for uid/pid:10038/1767 NetworkRequest [ LISTEN id=13, [ Capabilities: INTERNET&NOT_RESTRICTED&TRUSTED] ]
10-16 17:12:14.752 I/ps      ( 1814): type=1400 audit(0.0:245): avc: denied { getattr } for path="/proc/1" dev="proc" ino=6203 scontext=u:r:untrusted_app:s0:c512,c768 tcontext=u:r:init:s0 tclass=dir permissive=1
10-16 17:12:14.752 I/ps      ( 1814): type=1400 audit(0.0:246): avc: denied { search } for name="1" dev="proc" ino=6203 scontext=u:r:untrusted_app:s0:c512,c768 tcontext=u:r:init:s0 tclass=dir permissive=1
10-16 17:12:14.752 I/ps      ( 1814): type=1400 audit(0.0:247): avc: denied { read } for name="cmdline" dev="proc" ino=8915 scontext=u:r:untrusted_app:s0:c512,c768 tcontext=u:r:init:s0 tclass=file permissive=1
10-16 17:12:14.752 I/ps      ( 1814): type=1400 audit(0.0:248): avc: denied { open } for path="/proc/1/cmdline" dev="proc" ino=8915 scontext=u:r:untrusted_app:s0:c512,c768 tcontext=u:r:init:s0 tclass=file permissive=1
10-16 17:12:14.752 I/ps      ( 1814): type=1400 audit(0.0:249): avc: denied { getattr } for path="/proc/2" dev="proc" ino=10430 scontext=u:r:untrusted_app:s0:c512,c768 tcontext=u:r:kernel:s0 tclass=dir permissive=1
10-16 17:12:14.752 I/ps      ( 1814): type=1400 audit(0.0:250): avc: denied { search } for name="2" dev="proc" ino=10430 scontext=u:r:untrusted_app:s0:c512,c768 tcontext=u:r:kernel:s0 tclass=dir permissive=1
10-16 17:12:14.752 I/ps      ( 1814): type=1400 audit(0.0:251): avc: denied { read } for name="cmdline" dev="proc" ino=10527 scontext=u:r:untrusted_app:s0:c512,c768 tcontext=u:r:kernel:s0 tclass=file permissive=1
10-16 17:12:14.752 I/ps      ( 1814): type=1400 audit(0.0:252): avc: denied { open } for path="/proc/2/cmdline" dev="proc" ino=10527 scontext=u:r:untrusted_app:s0:c512,c768 tcontext=u:r:kernel:s0 tclass=file permissive=1
10-16 17:12:14.781 W/cr_AwContents( 1767): onDetachedFromWindow called when already detached. Ignoring
10-16 17:12:15.988 I/pool-2-thread-1( 1093): type=1400 audit(0.0:253): avc: denied { sendto } for path="/data/misc/wifi/hostapd/wlan0" scontext=u:r:platform_app:s0:c512,c768 tcontext=u:r:hostapd:s0 tclass=unix_dgram_socket permissive=1
10-16 17:12:15.988 I/hostapd ( 1174): type=1400 audit(0.0:254): avc: denied { write } for name="wpa_ctrl_1093-5" dev="mmcblk0p14" ino=344484 scontext=u:r:hostapd:s0 tcontext=u:object_r:wpa_socket:s0:c512,c768 tclass=sock_file permissive=1
10-16 17:12:15.988 I/hostapd ( 1174): type=1400 audit(0.0:255): avc: denied { sendto } for path="/data/misc/wifi/sockets/wpa_ctrl_1093-5" scontext=u:r:hostapd:s0 tcontext=u:r:platform_app:s0:c512,c768 tclass=unix_dgram_socket permissive=1
10-16 17:12:16.372 I/art     ( 1767): Do partial code cache collection, code=29KB, data=28KB
10-16 17:12:16.373 I/art     ( 1767): After code cache collection, code=28KB, data=27KB
10-16 17:12:16.373 I/art     ( 1767): Increasing code cache capacity to 128KB
10-16 17:12:17.039 V/UpdateUI( 1767): Network: inactive, disconnected
10-16 17:12:17.040 V/ServiceStarter( 1767): attempting to start service FtcRobotControllerWatchdogService
10-16 17:12:17.042 V/ServiceStarter( 1767): started service FtcRobotControllerWatchdogService
10-16 17:12:17.062 I/RobotCore( 1767): App info: version=11.0.0 appId=com.qualcomm.ftcrobotcontroller
10-16 17:12:17.062 I/RobotCore( 1767): Android Device: maker=REV Robotics model=Control Hub v1.0 sdk=25 serial=4970fbf388f1f13e
10-16 17:12:17.062 V/AndroidBoard( 1767): REV Control Hub contains REV3328
10-16 17:12:17.062 V/AndroidBoard( 1767): Communicating with embedded REV hub via /dev/ttyS1
10-16 17:12:17.064 V/RCActivity( 1767): onStart()
10-16 17:12:17.068 V/RCActivity( 1767): onResume()
10-16 17:12:17.085 V/NetDiscover_prefremrc( 1767): onSharedPreferenceChanged(name=App Restrictions, value=AAAAAA==
10-16 17:12:17.085 V/NetDiscover_prefremrc( 1767): )
10-16 17:12:17.091 D/ConnectivityService(  429): listenForNetwork for uid/pid:10038/1767 NetworkRequest [ LISTEN id=14, [ Capabilities: INTERNET&NOT_RESTRICTED&TRUSTED] ]
10-16 17:12:17.096 V/FtcRobotControllerWatchdogService( 1767): onCreate()
10-16 17:12:17.097 V/FtcRobotControllerWatchdogService( 1767): onStartCommand() intent=Intent { cmp=com.qualcomm.ftcrobotcontroller/org.firstinspires.ftc.ftccommon.internal.FtcRobotControllerWatchdogService } flags=0x0 startId=1
10-16 17:12:17.097 V/FtcRobotControllerWatchdogService( 1767): shouldAutoLauchRobotController() result=true
10-16 17:12:17.099 V/FTCService( 1767): onCreate()
10-16 17:12:17.128 W/art     ( 1767): Before Android 4.1, method double java.util.concurrent.ThreadLocalRandom.internalNextDouble(double, double) would have incorrectly overridden the package-private method in java.util.Random
10-16 17:12:17.128 W/art     ( 1767): Before Android 4.1, method int java.util.concurrent.ThreadLocalRandom.internalNextInt(int, int) would have incorrectly overridden the package-private method in java.util.Random
10-16 17:12:17.128 W/art     ( 1767): Before Android 4.1, method long java.util.concurrent.ThreadLocalRandom.internalNextLong(long, long) would have incorrectly overridden the package-private method in java.util.Random
10-16 17:12:17.157 V/FTCService( 1767): onBind()
10-16 17:12:17.179 V/CoreRobotWebServer( 1767): creating NanoHTTPD(8080)
10-16 17:12:17.184 V/WebSocketManager( 1767): Registered broadcast-only namespace progress
10-16 17:12:17.189 V/ThreadPool( 1767): container(0x01c77d55: default scheduler) added id=134 TID=0 count=3
10-16 17:12:17.189 V/WebSocketManager( 1767): Registered handler for namespace ControlHubUpdater
10-16 17:12:17.191 V/RobotCore( 1767): Getting network assistant of type: RCWIRELESSAP
10-16 17:12:17.192 I/RobotControllerAccessPointAssistant( 1767): Enabling network services
10-16 17:12:17.194 I/RobotControllerAccessPointAssistant( 1767): Sending SSID and password to AP service
10-16 17:12:17.195 I/RobotCore( 1767): neverFinish
10-16 17:12:17.195 D/RobotControllerAccessPointAssistant( 1767): setNetworkProperties(deviceName=FTC-22346, password=neverFinish, ApChannel=null) sendSettingsIndividually=false
10-16 17:12:17.196 I/NetDiscover_ControlHubNameManager( 1767): Robot controller name: FTC-22346
10-16 17:12:17.196 I/ControlHubPasswordManager( 1767): Robot controller password: neverFinish
10-16 17:12:17.196 D/RobotControllerAccessPointAssistant( 1767): Sending bulk settings broadcast intent
10-16 17:12:17.207 I/FtcAccessPointService( 1093): Received FTC_AP_SETTINGS_CHANGE
10-16 17:12:17.208 I/FtcAccessPointService( 1093): Received FTC_AP_SETTINGS_CHANGE intent=#Intent;action=org.firstinspires.ftc.intent.action.FTC_AP_SETTINGS_CHANGE;component=org.firstinspires.ftc.ftcaccesspointservice/.FtcAccessPointService;S.org.firstinspires.ftc.intent.extra.EXTRA_AP_PASSWORD=neverFinish;S.org.firstinspires.ftc.intent.extra.EXTRA_AP_NAME=FTC-22346;end
10-16 17:12:17.208 I/FtcAccessPointService( 1093): processed AP settings: name=FTC-22346 password=neverFinish band=null channel=null
10-16 17:12:17.208 I/FtcAccessPointService( 1093): Taking no action on FTC_AP_SETTINGS_CHANGE
10-16 17:12:17.208 I/FtcAccessPointService( 1093): Received TEST_FTC_WIFI
10-16 17:12:17.274 I/OpenGLRenderer( 1767): Initialized EGL, version 1.4
10-16 17:12:17.274 D/OpenGLRenderer( 1767): Swap behavior 1
10-16 17:12:17.280 I/RobotControllerAccessPointAssistant( 1767): Wi-Fi state change:, wifiApState: 13
10-16 17:12:17.281 I/FTCService( 1767): onNetworkConnectionEvent: CONNECTION_INFO_AVAILABLE
10-16 17:12:17.281 I/RobotCore( 1767): neverFinish
10-16 17:12:17.281 I/FTCService( 1767): Network Connection Passphrase: neverFinish
10-16 17:12:17.281 V/CoreRobotWebServer( 1767): starting port=8080
10-16 17:12:17.293 V/RobotCore( 1767): Getting network assistant of type: RCWIRELESSAP
10-16 17:12:17.295 V/CoreRobotWebServer( 1767): started port=8080
10-16 17:12:17.302 V/FTCService( 1767): RCActivity.controllerService=bound
10-16 17:12:17.303 V/UpdateUI( 1767): Network: active, disconnected
10-16 17:12:17.304 V/RobotCore( 1767): Robot Status: stopped
10-16 17:12:17.311 V/TooTallWebSocketServer( 1767): Started WebSocket server on port 8081
10-16 17:12:17.322 V/ThreadPool( 1767): container(0x00fa466b: default threadpool) added id=138 TID=0 count=1
10-16 17:12:17.327 V/RobotCore( 1767): thread: 'RobotSetupRunnable.run()' starting...
10-16 17:12:17.327 V/FTCService( 1767): Processing robot setup
10-16 17:12:17.328 V/RobotCore( 1767): Robot Status: stopped, scanning for USB devices
10-16 17:12:17.328 I/AppAliveNotifier( 1767): Telling the OS to set the RC alive notification timeout to 10 seconds
10-16 17:12:17.338 I/FtcAccessPointService( 1093): MonitoringThread: Changing rcAliveNotificationTimeoutSeconds from 20 to 10
10-16 17:12:17.353 V/WebSocketManager( 1767): Registered handler for namespace ONBOTJAVA
10-16 17:12:17.356 V/WebSocketManager( 1767): Registered handler for namespace MC
10-16 17:12:17.367 I/[Gralloc]( 1767):  ion device open success! fd = 91
10-16 17:12:17.416 I/ActivityManager(  429): Displayed com.qualcomm.ftcrobotcontroller/org.firstinspires.ftc.robotcontroller.internal.FtcRobotControllerActivity: +3s598ms (total +4s416ms)
10-16 17:12:17.419 V/AppUtil ( 1767): rootActivity=PermissionValidatorWrapper destroyed
10-16 17:12:17.419 V/AppUtil ( 1767): rootActivity=FtcRobotControllerActivity
10-16 17:12:17.419 I/PermissionValidatorActivity( 1767): Lifecycle onDestroy : 6d5214a
10-16 17:12:17.436 I/AppsAdapter(  903): sortItemsIfNeeded
10-16 17:12:17.436 I/AppsAdapter(  903): sortItemsIfNeeded
10-16 17:12:17.436 I/AppsAdapter(  903): sortItemsIfNeeded
10-16 17:12:18.350 D/lvjinhua(  851):  Failed while trying resolve alarm filter file, not exists
10-16 17:12:19.529 V/ThreadPool( 1767): container(0x01c77d55: default scheduler) added id=141 TID=0 count=4
10-16 17:12:22.336 V/RobotCore( 1767): EventLoopManager state is NOT_STARTED
10-16 17:12:22.337 V/FTCService( 1767): Waiting for a connection to a Wi-Fi service
10-16 17:12:22.337 V/RobotCore( 1767): Robot Status: stopped, waiting for network to become active
10-16 17:12:22.339 I/RobotControllerAccessPointAssistant( 1767): Wi-Fi AP is enabled
10-16 17:12:22.340 V/CoreRobotWebServer( 1767): Asked an already running WebServer to start
10-16 17:12:22.341 V/RobotCore( 1767): Robot Status: stopped, starting robot
10-16 17:12:22.341 V/Robocol ( 1767): EventLoopManager.start()
10-16 17:12:22.341 V/RobotCore( 1767): Getting network assistant of type: RCWIRELESSAP
10-16 17:12:22.342 I/RobotControllerAccessPointAssistant( 1767): Wi-Fi AP is enabled
10-16 17:12:22.342 V/Robocol ( 1767): Spoofing a Network Connection event...
10-16 17:12:22.342 I/EventLoopManager( 1767): onNetworkConnectionEvent: CONNECTION_INFO_AVAILABLE
10-16 17:12:22.342 I/Robocol ( 1767): Received network connection event
10-16 17:12:22.343 I/RobotControllerAccessPointAssistant( 1767): Wi-Fi AP is enabled
10-16 17:12:22.343 I/NetworkConnectionHandler( 1767): Handling new network connection infomation, connected: true setup needed: true
10-16 17:12:22.344 I/RobotControllerAccessPointAssistant( 1767): Wi-Fi AP is enabled
10-16 17:12:24.032 I/art     ( 1767): Do partial code cache collection, code=61KB, data=57KB
10-16 17:12:24.033 I/art     ( 1767): After code cache collection, code=60KB, data=57KB
10-16 17:12:24.033 I/art     ( 1767): Increasing code cache capacity to 256KB
10-16 17:12:24.528 V/ThreadPool( 1767): container(0x01c77d55: default scheduler) added id=142 TID=0 count=5
10-16 17:12:25.388 V/RobotCore( 1767): thread: 'SetupRunnable.run()' starting...
10-16 17:12:25.388 V/ThreadPool( 1767): executive service EventLoop(0x0258ae15) is terminated
10-16 17:12:25.388 V/RobotCore( 1767): EventLoopManager state is STOPPED
10-16 17:12:25.389 V/Robocol ( 1767): eventLoop=FtcEventLoop
10-16 17:12:25.390 V/RobotCore( 1767): EventLoopManager state is INIT
10-16 17:12:25.391 V/RobotCore( 1767): Robot Status: initializing, starting robot
10-16 17:12:25.392 I/FtcEventLoop( 1767): ======= INIT START =======
10-16 17:12:25.393 V/OpmodeRegistration( 1767): registered {DefaultOpMode} as {$Stop$Robot$}
10-16 17:12:25.398 D/Robocol ( 1767): RobocolDatagramSocket listening addr=/192.168.43.1:20884 cbRec=65520 cbSend=106496 msRecTO=300
10-16 17:12:25.399 V/Robocol ( 1767): RecvLoopRunnable created
10-16 17:12:25.401 V/ThreadPool( 1767): container(0x02824685: ReceiveLoopService) added id=144 TID=0 count=1
10-16 17:12:25.403 V/ThreadPool( 1767): container(0x02824685: ReceiveLoopService) added id=145 TID=0 count=2
10-16 17:12:25.404 V/Robocol ( 1767): PacketProcessor started
10-16 17:12:25.406 V/Robocol ( 1767): CommandProcessor started
10-16 17:12:25.406 V/ThreadPool( 1767): container(0x02824685: ReceiveLoopService) added id=146 TID=0 count=3
10-16 17:12:25.408 V/RobotCore( 1767): thread: 'RecvLoopRunnable.run()' starting...
10-16 17:12:25.410 V/PeerDiscovery( 1767): Starting peer discovery remote: /192.168.43.1 local: /192.168.43.1
10-16 17:12:25.410 V/PeerDiscovery( 1767): No need for initiating peer discovery, we are the Robot Controller
10-16 17:12:25.410 V/RobotCore( 1767): Setup complete
10-16 17:12:25.411 V/RobotCore( 1767): thread: ...terminating 'SetupRunnable.run()'
10-16 17:12:25.468 V/OpmodeRegistration( 1767): registered {ManualControlOpMode} as {$Manual$Control$}
10-16 17:12:25.468 V/OpmodeRegistration( 1767): registered {standardDrive} as {standardDrive}
10-16 17:12:25.469 V/OpmodeRegistration( 1767): registered {huskyLensTest} as {huskyLensTest}
10-16 17:12:25.470 V/OpmodeRegistration( 1767): registered {AxonTest} as {AxonTest}
10-16 17:12:25.471 V/OpmodeRegistration( 1767): registered {motorTest} as {motorTest}
10-16 17:12:25.472 V/OpmodeRegistration( 1767): registered {ParkAuto} as {ParkAuto}
10-16 17:12:25.473 V/OpmodeRegistration( 1767): registered {SensorGoBildaPinpointExample} as {goBILDA Pinpoint Example}
10-16 17:12:25.473 V/OpmodeRegistration( 1767): registered {limelightTest} as {limelightTest}
10-16 17:12:25.474 V/OpmodeRegistration( 1767): registered {yaibaTest} as {yaibaTest}
10-16 17:12:25.474 V/OpmodeRegistration( 1767): registered {YAIBA} as {YAIBA}
10-16 17:12:25.531 V/ThreadPool( 1767): container(0x01c77d55: default scheduler) added id=147 TID=0 count=6
10-16 17:12:25.532 V/FtcEventLoop( 1767): Ensuring that the embedded Control Hub module is set up correctly
10-16 17:12:25.533 V/RobotCore( 1767): Creating REV Robotics USB Expansion Hub Portal [(embedded)]
10-16 17:12:25.534 V/LynxUsb ( 1767): creating new [(embedded)]: 0x0df633dd
10-16 17:12:25.536 V/FtDeviceManager( 1767): createDeviceInfoList(): 0 USB devices
10-16 17:12:25.537 V/RobotUsbManagerCombining( 1767): FTDI driver failed to open USB device with serial number (embedded) (returned null device)
10-16 17:12:25.535 I/pRunnable.run()( 1767): type=1400 audit(0.0:256): avc: denied { read } for name="ttyS1" dev="tmpfs" ino=5262 scontext=u:r:untrusted_app:s0:c512,c768 tcontext=u:object_r:serial_device:s0 tclass=chr_file permissive=1
10-16 17:12:25.535 I/pRunnable.run()( 1767): type=1400 audit(0.0:257): avc: denied { write } for name="ttyS1" dev="tmpfs" ino=5262 scontext=u:r:untrusted_app:s0:c512,c768 tcontext=u:object_r:serial_device:s0 tclass=chr_file permissive=1
10-16 17:12:25.535 I/pRunnable.run()( 1767): type=1400 audit(0.0:258): avc: denied { open } for path="/dev/ttyS1" dev="tmpfs" ino=5262 scontext=u:r:untrusted_app:s0:c512,c768 tcontext=u:object_r:serial_device:s0 tclass=chr_file permissive=1
10-16 17:12:25.535 I/pRunnable.run()( 1767): type=1400 audit(0.0:259): avc: denied { ioctl } for path="/dev/ttyS1" dev="tmpfs" ino=5262 ioctlcmd=5401 scontext=u:r:untrusted_app:s0:c512,c768 tcontext=u:object_r:serial_device:s0 tclass=chr_file permissive=1
10-16 17:12:25.538 V/SerialPortNative( 1767): [SerialPort.cpp:150] opened(/dev/ttyS1): fd=99
10-16 17:12:25.539 V/RobotUsbDeviceTTY( 1767): opening serial=(embedded) file=/dev/ttyS1
10-16 17:12:25.539 V/LynxUsb ( 1767): armDevice() serial=(embedded)...
10-16 17:12:25.540 V/LynxUsb ( 1767): resetDevice() serial=(embedded)
10-16 17:12:25.541 V/LynxModule( 1767): resetting embedded usb device: isPresent: was=true
10-16 17:12:25.710 E/Robocol ( 1767): exception SocketTimeoutException(Receive timed out): no packet received [java.net.PlainDatagramSocketImpl.receive0(Native Method)]
10-16 17:12:25.895 V/ThreadPool( 1767): container(0x0f8f9b52: lynx dg poller) added id=148 TID=0 count=1
10-16 17:12:25.897 V/LynxUsb ( 1767): ...done armDevice()
10-16 17:12:25.897 V/RobotCore( 1767): thread: 'lynx incoming datagrams' starting...
10-16 17:12:25.898 V/LynxUsb ( 1767): 0x07161f20 on 0x0df633dd: new delegate to [(embedded)]
10-16 17:12:25.898 V/LynxUsb ( 1767): addConfiguredModule() module#=173
10-16 17:12:25.906 V/LynxModule( 1767): pingAndQueryKnownInterfaces mod=173
10-16 17:12:25.909 V/ThreadPool( 1767): container(0x0ab4b238: lynx module executor) added id=149 TID=0 count=1
10-16 17:12:25.909 V/LynxUsb ( 1767): synchronization gained: serial=(embedded)
10-16 17:12:25.928 V/LynxModule( 1767): mod#=173 queryInterface(DEKA)=54 commands starting at 4096
10-16 17:12:25.940 V/LynxModule( 1767): sending LynxFtdiResetControlCommand(true) wasInterrupted=false
10-16 17:12:25.948 V/LynxModule( 1767): sendLEDPatternSteps(): steps=[Step(color=65280, msDuration=1000)]
10-16 17:12:25.954 V/LynxModule( 1767): setAsControlHubEmbeddedModule(mod=173)
10-16 17:12:25.954 V/EmbeddedControlHubModule( 1767): setting embedded module
10-16 17:12:25.956 V/LynxModule( 1767): sending LynxFtdiResetControlCommand(false) wasInterrupted=false
10-16 17:12:25.959 V/LynxModule( 1767): close(#173)
10-16 17:12:25.960 V/ThreadPool( 1767): waiting for service lynx module executor
10-16 17:12:25.961 V/ThreadPool( 1767): service lynx module executor terminated in awaitTermination()
10-16 17:12:25.961 V/ThreadPool( 1767): container(0x0ab4b238: lynx module executor) removed id=149 TID=1848 count=1
10-16 17:12:25.961 V/ThreadPool( 1767): executive service lynx module executor(0x0ab4b238) is terminated
10-16 17:12:25.961 V/LynxUsb ( 1767): Verified that the embedded Control Hub module has the correct address
10-16 17:12:25.962 V/LynxUsb ( 1767): addConfiguredModule() module#=173
10-16 17:12:25.963 V/LynxModule( 1767): pingAndQueryKnownInterfaces mod=173
10-16 17:12:25.966 V/ThreadPool( 1767): container(0x0cd844d4: lynx module executor) added id=150 TID=0 count=1
10-16 17:12:25.979 V/LynxModule( 1767): mod#=173 queryInterface(DEKA)=54 commands starting at 4096
10-16 17:12:25.988 V/LynxModule( 1767): sending LynxFtdiResetControlCommand(true) wasInterrupted=false
10-16 17:12:25.992 V/LynxModule( 1767): sendLEDPatternSteps(): steps=[Step(color=65280, msDuration=1000)]
10-16 17:12:25.996 V/LynxModule( 1767): setAsControlHubEmbeddedModule(mod=173)
10-16 17:12:25.997 V/EmbeddedControlHubModule( 1767): setting embedded module
10-16 17:12:25.999 V/ThreadPool( 1767): container(0x00fa466b: default threadpool) added id=151 TID=0 count=2
10-16 17:12:26.002 V/RobotCore( 1767): nack rec'd mod=173 msg#=8 ref#=0 reason=PARAM0:0
10-16 17:12:26.004 V/LynxModule( 1767): mod#=173 queryInterface(): interface SERVO_HUB is not supported
10-16 17:12:26.004 I/RobotCore( 1767): LynxFirmwareVersionManager: LynxI2cDeviceSynchV2
10-16 17:12:26.005 V/LynxI2cDeviceSynch( 1767): initializeHardware() mod#=173
10-16 17:12:26.005 V/BNO055  ( 1767): Suppressing I2C warnings while we check for a BNO055 IMU
10-16 17:12:26.010 V/BNO055  ( 1767): No BNO055 IMU found
10-16 17:12:26.011 V/BHI260IMU( 1767): Suppressing I2C warnings while we check for a BHI260AP IMU
10-16 17:12:26.015 V/BHI260IMU( 1767): Found BHI260AP IMU
10-16 17:12:26.015 V/EmbeddedControlHubModule( 1767): setting embedded IMU type
10-16 17:12:26.015 V/LynxModule( 1767): sending LynxFtdiResetControlCommand(false) wasInterrupted=false
10-16 17:12:26.017 V/LynxModule( 1767): close(#173)
10-16 17:12:26.018 V/ThreadPool( 1767): waiting for service lynx module executor
10-16 17:12:26.018 V/ThreadPool( 1767): service lynx module executor terminated in awaitTermination()
10-16 17:12:26.018 V/ThreadPool( 1767): executive service lynx module executor(0x0cd844d4) is terminated
10-16 17:12:26.018 V/ThreadPool( 1767): container(0x0cd844d4: lynx module executor) removed id=150 TID=1849 count=1
10-16 17:12:26.019 V/LynxUsb ( 1767): addConfiguredModule() module#=173
10-16 17:12:26.020 V/LynxModule( 1767): pingAndQueryKnownInterfaces mod=173
10-16 17:12:26.021 V/ThreadPool( 1767): container(0x091b771f: lynx module executor) added id=152 TID=0 count=1
10-16 17:12:26.031 V/LynxModule( 1767): mod#=173 queryInterface(DEKA)=54 commands starting at 4096
10-16 17:12:26.038 V/LynxModule( 1767): sending LynxFtdiResetControlCommand(true) wasInterrupted=false
10-16 17:12:26.043 V/LynxModule( 1767): sendLEDPatternSteps(): steps=[Step(color=65280, msDuration=1000)]
10-16 17:12:26.047 V/LynxModule( 1767): setAsControlHubEmbeddedModule(mod=173)
10-16 17:12:26.047 V/EmbeddedControlHubModule( 1767): setting embedded module
10-16 17:12:26.049 I/RobotCore( 1767): LynxFirmwareVersionManager: LynxI2cDeviceSynchV2
10-16 17:12:26.050 V/LynxI2cDeviceSynch( 1767): initializeHardware() mod#=173
10-16 17:12:26.068 V/BHI260IMU( 1767): flashFirmwareIfNecessary() alreadyFlashed=true firmwareVersion=20
10-16 17:12:26.069 V/LynxModule( 1767): sending LynxFtdiResetControlCommand(false) wasInterrupted=false
10-16 17:12:26.071 V/LynxModule( 1767): close(#173)
10-16 17:12:26.072 V/ThreadPool( 1767): waiting for service lynx module executor
10-16 17:12:26.072 V/ThreadPool( 1767): service lynx module executor terminated in awaitTermination()
10-16 17:12:26.072 V/ThreadPool( 1767): executive service lynx module executor(0x091b771f) is terminated
10-16 17:12:26.072 V/ThreadPool( 1767): container(0x091b771f: lynx module executor) removed id=152 TID=1851 count=1
10-16 17:12:26.072 V/HardwareFactory( 1767): createHardwareMap()
10-16 17:12:26.072 V/EmbeddedControlHubModule( 1767): clearing embedded module
10-16 17:12:26.079 V/ReadXMLFileHandler( 1767): embedded lynx USB device and module are already present
10-16 17:12:26.080 V/RobotCore( 1767): Creating REV Robotics USB Expansion Hub Portal [(embedded)]
10-16 17:12:26.080 V/LynxUsb ( 1767): using existing [(embedded)]: 0x0df633dd
10-16 17:12:26.080 V/LynxUsb ( 1767): 0x0d2f2b17 on 0x0df633dd: new delegate to [(embedded)]
10-16 17:12:26.081 V/LynxUsb ( 1767): addConfiguredModule() module#=173
10-16 17:12:26.082 V/LynxModule( 1767): pingAndQueryKnownInterfaces mod=173
10-16 17:12:26.084 V/ThreadPool( 1767): container(0x07008b04: lynx module executor) added id=153 TID=0 count=1
10-16 17:12:26.094 V/LynxModule( 1767): mod#=173 queryInterface(DEKA)=54 commands starting at 4096
10-16 17:12:26.101 V/LynxModule( 1767): sending LynxFtdiResetControlCommand(true) wasInterrupted=false
10-16 17:12:26.105 V/LynxModule( 1767): sendLEDPatternSteps(): steps=[Step(color=65280, msDuration=1000)]
10-16 17:12:26.109 V/LynxModule( 1767): setAsControlHubEmbeddedModule(mod=173)
10-16 17:12:26.110 V/EmbeddedControlHubModule( 1767): setting embedded module
10-16 17:12:26.111 V/LynxMotor( 1767): initializeHardware() mod#=173
10-16 17:12:26.158 D/RobotCore( 1767): system telemetry: key=$System$None$ msg=""
10-16 17:12:26.160 V/PeerDiscovery( 1767): new remote peer discovered: 192.168.43.149
10-16 17:12:26.160 V/NetworkConnectionHandler( 1767): starting sending loop
10-16 17:12:26.161 V/RobotCore( 1767): DcMotorImpl(type=goBILDA5202SeriesMotor)
10-16 17:12:26.161 V/RobotCore( 1767): DcMotorImpl(type=goBILDA5202SeriesMotor)
10-16 17:12:26.162 V/Robocol ( 1767): sending CMD_NOTIFY_ROBOT_STATE(9), attempt: 0
10-16 17:12:26.162 V/RobotCore( 1767): DcMotorImpl(type=goBILDA5202SeriesMotor)
10-16 17:12:26.162 V/RobotCore( 1767): DcMotorImpl(type=goBILDA5202SeriesMotor)
10-16 17:12:26.163 V/Robocol ( 1767): sending CMD_NOTIFY_ROBOT_STATE(10), attempt: 0
10-16 17:12:26.163 V/LynxServoController( 1767): initializeHardware() mod#=173
10-16 17:12:26.163 V/Robocol ( 1767): sending CMD_NOTIFY_ROBOT_STATE(11), attempt: 0
10-16 17:12:26.164 V/Robocol ( 1767): sending CMD_NOTIFY_ACTIVE_CONFIGURATION(13), attempt: 0
10-16 17:12:26.167 V/Robocol ( 1767): sending CMD_NOTIFY_USER_DEVICE_LIST(14), attempt: 0
10-16 17:12:26.173 V/Robocol ( 1767): sending CMD_NOTIFY_OP_MODE_LIST(15), attempt: 0
10-16 17:12:26.187 V/ThreadPool( 1767): container(0x006ef8a5: SoundPlayer) added id=157 TID=0 count=1
10-16 17:12:26.188 V/UpdateUI( 1767): Network: active, connected
10-16 17:12:26.189 D/FTCService( 1767): Sending user device types and preferences to driver station
10-16 17:12:26.191 I/MediaPlayerService(  203): processName cmdline:/proc/1767/cmdline
10-16 17:12:26.191 V/LynxVoltageSensor( 1767): initializeHardware() mod#=173
10-16 17:12:26.192 V/LynxAnalogInputController( 1767): initializeHardware() mod#=173
10-16 17:12:26.192 I/MediaPlayerFactory(  203):  createFFPlayer
10-16 17:12:26.193 V/LynxDigitalChannelController( 1767): initializeHardware() mod#=173
10-16 17:12:26.195 E/FFPlayer(  203): isBluray(), extension = .apk
10-16 17:12:26.196 E/FFPlayerHelper(  203): isBDDirectory() ,path = /data/app/com.qualcomm.ftcrobotcontroller-1/base.apk
10-16 17:12:26.196 E/FFPlayerHelper(  203): isBDDirectory(): no BDMV
10-16 17:12:26.196 D/RkMemConfig(  203): RkMemConfig init
10-16 17:12:26.196 E/RockFFPlayerBase(  203): FFMPlayerBase:eDisplayIdMain
10-16 17:12:26.196 D/FFPlayerHelper(  203): MediaServer is SP_FOREGROUND, tid=723
10-16 17:12:26.197 D/RkExtensionPlayer(  203): RkExtensionPlayer in
10-16 17:12:26.197 D/RkExtensionPlayer(  203): checkDirectoryAccess: Directory[0] = /tmp/rk_ext_subtitle/, AccessPermission = -1
10-16 17:12:26.197 D/RkExtensionPlayer(  203): checkDirectoryAccess: Directory[1] = /data/rk_ext_subtitle/, AccessPermission = -1
10-16 17:12:26.197 D/RkExtensionPlayer(  203): checkDirectoryAccess: Directory[2] = /data/media/0/rk_ext_subtitle/, AccessPermission = -1
10-16 17:12:26.197 E/RkExtensionPlayer(  203): createDirectory(), path = /tmp/rk_ext_subtitle/
10-16 17:12:26.197 E/RkExtensionPlayer(  203): createDirectory(), create directory = /tmp/rk_ext_subtitle/ fail,reson = No such file or directory
10-16 17:12:26.197 E/RkExtensionPlayer(  203): createDirectory(), path = /data/rk_ext_subtitle/
10-16 17:12:26.198 E/RkExtensionPlayer(  203): createDirectory(), path = /data/rk_ext_subtitle/edfb43c0/
10-16 17:12:26.199 D/RkExtensionPlayer(  203): checkDirectoryAccess: Use [/data/rk_ext_subtitle/edfb43c0/] as Temp Subtile Directory
10-16 17:12:26.202 E/TraceThread(  203): TraceThread::randomUID() --> [UID=3a0794d6]
10-16 17:12:26.202 E/TraceThread(  203):     RockFFPlayer(tid = 3967117600)--> [UID=3a0794d6] FFMPlayer Construction; object=0xebfaa000
10-16 17:12:26.202 D/RockFFPlayer(  203): setDataSource fd = 12, offset =22899136,length = 72716
10-16 17:12:26.202 D/RockFFPlayer(  203): start:create thread
10-16 17:12:26.202 D/RockFFPlayer(  203): RkMessageQueue::run()
10-16 17:12:26.202 D/RockFFPlayer(  203): start:create thread ok,mThreadStatus=0
10-16 17:12:26.203 D/RockFFPlayer(  203): enter enqueueMessage
10-16 17:12:26.203 D/RockFFPlayer(  203): enqueueMessage:****1
10-16 17:12:26.203 D/RockFFPlayer(  203): enqueueMessage:****2
10-16 17:12:26.203 D/RockFFPlayer(  203): enqueueMessage:****3
10-16 17:12:26.203 D/RockFFPlayer(  203): enqueueMessage:Message 1,set signal
10-16 17:12:26.203 D/RockFFPlayer(  203): enqueueMessage:sync wait
10-16 17:12:26.203 D/RockFFPlayer(  203): deliverMessage 
10-16 17:12:26.203 D/RockFFPlayer(  203): run : dequeueMessage Message 20
10-16 17:12:26.203 D/RockFFPlayer(  203): CMD_CURRENTSTATUS
10-16 17:12:26.203 D/RockFFPlayerBase(  203): dumpStatus(): Initialized
10-16 17:12:26.203 D/RockFFPlayer(  203): run : dequeueMessage Message 20 OK
10-16 17:12:26.203 D/RockFFPlayer(  203): Messagecomplete type [20]
10-16 17:12:26.203 D/RockFFPlayer(  203): run : Message 20 complete
10-16 17:12:26.203 D/RockFFPlayer(  203): enqueueMessage:sync wait ok
10-16 17:12:26.204 E/TraceThread(  203):     VsyncReciver(tid = 3962939680)--> [UID=3a0794d6] VsyncReciver::startthread
10-16 17:12:26.205 D/RockFFPlayer(  203): prepareAsync in
10-16 17:12:26.205 D/RockFFPlayerBase(  203): dumpStatus(): Initialized
10-16 17:12:26.205 D/RockFFPlayerBase(  203): dumpStatus(): Preparing
10-16 17:12:26.205 I/FFPlayer_Version(  203): ******************************************
10-16 17:12:26.205 I/FFPlayer_Version(  203): 
10-16 17:12:26.205 I/FFPlayer_Version(  203): starting main player: v2.1 ffplayer git_version: git-2018-01-18-45a23f4
10-16 17:12:26.205 I/FFPlayer_Version(  203): ffPlayer runs on BOARD_RK3328
10-16 17:12:26.205 I/FFPlayer_Version(  203): 
10-16 17:12:26.205 I/FFPlayer_Version(  203): ******************************************
10-16 17:12:26.205 I/RockFFPlayer(  203): setDataSource(url =file/fd::12,offset::22899136,length::72716)
10-16 17:12:26.205 I/RockFFPlayer(  203): setDataSource(fileurl =/data/app/com.qualcomm.ftcrobotcontroller-1/base.apk)
10-16 17:12:26.205 E/RockFFPlayerBase(  203): openContext : in
10-16 17:12:26.205 D/RockFFPlayer(  203): prepareAsync ok
10-16 17:12:26.205 E/RockFFPlayer(  203): ffmpeg version v2.1: git-2017-12-25-6d3343b
10-16 17:12:26.205 E/RockFFPlayer(  203): av_probe_input_buffer:avio_read
10-16 17:12:26.206 I/RockFFPlayer(  203): flv_probe get probe score: 0
10-16 17:12:26.206 E/RockFFPlayer(  203): Hery, probe size = 0
10-16 17:12:26.206 E/RockFFPlayer(  203): avformat_open_input:read_header
10-16 17:12:26.206 E/RockFFPlayer(  203): file_read: offset=22971852, c->offset=22899136, c->length=72716
10-16 17:12:26.206 E/RockFFPlayer(  203): file_read: offset=22971852, c->offset=22899136, c->length=72716
10-16 17:12:26.206 E/RockFFPlayer(  203): avformat_open_input:read_header ok
10-16 17:12:26.206 D/RkExtensionPlayer(  203): openContext in
10-16 17:12:26.206 E/RkExtensionPlayer(  203): autoDetect(): path = /data/app/com.qualcomm.ftcrobotcontroller-1/base.apk
10-16 17:12:26.206 E/FFPlayerHelper(  203): isNetWorkUrl: url = /data/app/com.qualcomm.ftcrobotcontroller-1/base.apk
10-16 17:12:26.207 E/FFPlayerHelper(  203): isBDDirectory() ,path = /data/app/com.qualcomm.ftcrobotcontroller-1
10-16 17:12:26.207 E/FFPlayerHelper(  203): isBDDirectory(): no BDMV
10-16 17:12:26.207 D/RkExtensionPlayer(  203): openContext out,mTrackInfos size = 0
10-16 17:12:26.207 E/RockFFPlayerBase(  203): openContext : out,ret = 0
10-16 17:12:26.207 D/RockFFPlayer(  203): the source format name: wav
10-16 17:12:26.207 D/RockFFPlayer(  203): find av stream info in
10-16 17:12:26.207 I/RockFFPlayer(  203): flv_probe get probe score: 0
10-16 17:12:26.208 E/RockFFPlayer(  203): Hery, probe size = 0
10-16 17:12:26.208 V/NetDiscover_prefremrc( 1767): sendAllPreferences()
10-16 17:12:26.209 I/RockFFPlayer(  203): flv_probe get probe score: 0
10-16 17:12:26.209 V/NetDiscover_prefremrc( 1767): sending RC pref name=pref_wifip2p_remote_channel_change_works value=false
10-16 17:12:26.209 E/RockFFPlayer(  203): Hery, probe size = 0
10-16 17:12:26.202 I/FFParser(  203): type=1400 audit(0.0:260): avc: denied { read } for name="com.qualcomm.ftcrobotcontroller-1" dev="mmcblk0p14" ino=327131 scontext=u:r:mediaserver:s0 tcontext=u:object_r:apk_data_file:s0 tclass=dir permissive=1
10-16 17:12:26.211 I/RockFFPlayer(  203): flv_probe get probe score: 0
10-16 17:12:26.211 E/RockFFPlayer(  203): Hery, probe size = 0
10-16 17:12:26.202 I/FFParser(  203): type=1400 audit(0.0:261): avc: denied { open } for path="/data/app/com.qualcomm.ftcrobotcontroller-1" dev="mmcblk0p14" ino=327131 scontext=u:r:mediaserver:s0 tcontext=u:object_r:apk_data_file:s0 tclass=dir permissive=1
10-16 17:12:26.214 V/RobotCore( 1767): Creating user sensor goBILDA Pinpoint Odometry Computer - on Lynx module=173 bus=0
10-16 17:12:26.215 V/NetDiscover_prefremrc( 1767): sending RC pref name=pref_device_name value=FTC-22346
10-16 17:12:26.215 I/RobotCore( 1767): LynxFirmwareVersionManager: LynxI2cDeviceSynchV2
10-16 17:12:26.215 V/NetDiscover_prefremrc( 1767): sending RC pref name=pref_warn_about_incorrect_clocks value=true
10-16 17:12:26.215 V/LynxI2cDeviceSynch( 1767): initializeHardware() mod#=173
10-16 17:12:26.215 I/RockFFPlayer(  203): flv_probe get probe score: 0
10-16 17:12:26.215 V/NetDiscover_prefremrc( 1767): sending RC pref name=pref_warn_about_obsolete_software value=true
10-16 17:12:26.216 I/RobotCore( 1767): LynxFirmwareVersionManager: LynxI2cDeviceSynchV2
10-16 17:12:26.216 V/NetDiscover_prefremrc( 1767): sending RC pref name=pref_has_speaker value=false
10-16 17:12:26.216 E/RockFFPlayer(  203): Hery, probe size = 0
10-16 17:12:26.217 V/NetDiscover_prefremrc( 1767): sending RC pref name=pref_warn_about_2_4_ghz_band value=true
10-16 17:12:26.217 V/NetDiscover_prefremrc( 1767): sending RC pref name=pref_has_independent_phone_battery value=false
10-16 17:12:26.218 V/NetDiscover_prefremrc( 1767): sending RC pref name=pref_app_theme value=red
10-16 17:12:26.218 V/LynxI2cDeviceSynch( 1767): initializeHardware() mod#=173
10-16 17:12:26.218 V/NetDiscover_prefremrc( 1767): sending RC pref name=pref_warn_about_mismatched_app_versions value=true
10-16 17:12:26.219 I/RobotCore( 1767): ========= Device Information ===================================================
10-16 17:12:26.219 V/NetDiscover_prefremrc( 1767): sending RC pref name=pref_sound_on_off value=false
10-16 17:12:26.219 I/RobotCore( 1767): Type                                               Name                           Connection
10-16 17:12:26.219 V/NetworkConnectionHandler( 1767): Peer connection established
10-16 17:12:26.220 I/RobotCore( 1767): Motor                                              FLmotor                        USB (embedded); module 173; port 2
10-16 17:12:26.220 I/RobotCore( 1767): Motor                                              BRmotor                        USB (embedded); module 173; port 0
10-16 17:12:26.221 I/RobotCore( 1767): goBILDA Pinpoint Odometry Computer                odo                            USB (embedded); module 173; bus 0; addr7=0x31
10-16 17:12:26.221 I/RobotCore( 1767): goBILDA Pinpoint Odometry Computer                odo                            USB (embedded); module 173; bus 0; addr7=0x31
10-16 17:12:26.222 I/RobotCore( 1767): Motor                                              BLmotor                        USB (embedded); module 173; port 1
10-16 17:12:26.222 V/Robocol ( 1767): packet processing took 64.6ms: type=PEER_DISCOVERY
10-16 17:12:26.223 I/RobotCore( 1767): Expansion Hub DC Motor Controller                  Control Hub                    USB (embedded); module 173
10-16 17:12:26.223 I/RockFFPlayer(  203): flv_probe get probe score: 0
10-16 17:12:26.223 I/RobotCore( 1767): Expansion Hub Servo Controller                     Control Hub                    USB (embedded); module 173
10-16 17:12:26.224 I/RobotCore( 1767): Expansion Hub Voltage Sensor                       Control Hub                    USB (embedded); module 173
10-16 17:12:26.224 I/RobotCore( 1767): Expansion Hub Analog Input Controller              Control Hub                    USB (embedded); module 173
10-16 17:12:26.225 I/RobotCore( 1767): Expansion Hub Digital Channel Controller           Control Hub                    USB (embedded); module 173
10-16 17:12:26.225 E/RockFFPlayer(  203): Hery, probe size = 0
10-16 17:12:26.228 I/RobotCore( 1767): Expansion Hub (HW: 20, Maj: 1, Min: 8, Eng: 2)     Control Hub                    USB (embedded); module 173
10-16 17:12:26.228 I/RobotCore( 1767): Motor                                              FRmotor                        USB (embedded); module 173; port 3
10-16 17:12:26.229 I/RobotCore( 1767): REV Robotics USB Expansion Hub Portal              Control Hub Portal             USB (embedded)
10-16 17:12:26.232 V/EventLoopManager( 1767): Setting authoritative wall clock based on connected DS.
10-16 17:12:26.232 D/Uvc     ( 1767): [time.cpp:64] Java_org_firstinspires_ftc_robotcore_internal_system_AppUtil_nativeSetCurrentTimeMi