10-16 17:31:50.378  2112  2181 V Robocol : sending CMD_ROBOT_CONTROLLER_PREFERENCE(19), attempt: 0
10-16 17:31:50.378  2112  2181 V Robocol : sending CMD_ROBOT_CONTROLLER_PREFERENCE(20), attempt: 0
10-16 17:31:50.379  2112  2181 V Robocol : sending CMD_NOTIFY_OP_MODE_LIST(21), attempt: 0
10-16 17:31:50.380  2112  2181 V Robocol : sending CMD_ROBOT_CONTROLLER_PREFERENCE(22), attempt: 0
10-16 17:31:50.381  2112  2181 V Robocol : sending CMD_ROBOT_CONTROLLER_PREFERENCE(23), attempt: 0
10-16 17:31:50.382  2112  2181 V Robocol : sending CMD_ROBOT_CONTROLLER_PREFERENCE(24), attempt: 0
10-16 17:31:50.382  2112  2181 V Robocol : sending CMD_ROBOT_CONTROLLER_PREFERENCE(25), attempt: 0
10-16 17:31:50.383  2112  2181 V Robocol : sending CMD_ROBOT_CONTROLLER_PREFERENCE(27), attempt: 0
10-16 17:31:50.384  2112  2180 V EventLoopManager: Setting authoritative wall clock based on connected DS.
10-16 17:31:50.384  2112  2180 D Uvc     : [time.cpp:64] Java_org_firstinspires_ftc_robotcore_internal_system_AppUtil_nativeSetCurrentTimeMillis()...
10-16 17:31:50.351  2112  2180 I JniTime : [time.cpp:83] settimeofday() succeeded
10-16 17:31:50.351  2112  2180 D Uvc     : [time.cpp:64] ...Java_org_firstinspires_ftc_robotcore_internal_system_AppUtil_nativeSetCurrentTimeMillis()
10-16 17:31:50.351  2112  2181 V Robocol : sending CMD_ROBOT_CONTROLLER_PREFERENCE(28), attempt: 0
10-16 17:31:50.351   429   753 D AlarmManagerService: Kernel timezone updated to 240 minutes west of GMT
10-16 17:31:50.352  2112  2181 V Robocol : sending CMD_ROBOT_CONTROLLER_PREFERENCE(29), attempt: 0
10-16 17:31:50.352  2112  2180 V AppUtil : attempted to set timezone: before=America/New_York after=America/New_York
10-16 17:31:50.354  2112  2178 V Robocol : received command: CMD_REQUEST_ACTIVE_CONFIG(10001) 
10-16 17:31:50.354  2112  2178 V Robocol : received command: CMD_REQUEST_USER_DEVICE_TYPES(10002) 
10-16 17:31:50.356  2112  2178 V Robocol : received command: CMD_REQUEST_OP_MODE_LIST(10003) 
10-16 17:31:50.357  2112  2178 V Robocol : received command: CMD_ROBOT_CONTROLLER_PREFERENCE(10004) {"booleanValue":true,"prefName":"pref_ds_supports_5_ghz"}
10-16 17:31:50.359   202   597 D MediaBufferGroup: creating MemoryDealer
10-16 17:31:50.359  2112  2178 V Robocol : received command: CMD_ROBOT_CONTROLLER_PREFERENCE(10005) {"intValue":21,"prefName":"pref_dh_os_version_code"}
10-16 17:31:50.374  2112  2139 D SoundPlayer: onLoadComplete(samp=1|ms=757, samp=1)=0
10-16 17:31:50.376  2112  2184 W AudioTrack: AUDIO_OUTPUT_FLAG_FAST denied by client; transfer 4, track 48000 Hz, output 44100 Hz
10-16 17:31:50.379   195   238 D AudioHardwareTiny: out_set_parameters: kvpairs = routing=1024
10-16 17:31:50.381   195   238 D AudioHardwareTiny: start_output_stream
10-16 17:31:50.381  2112  2184 D SoundPlayer: playing volume=0.000000 samp=1|ms=757
10-16 17:31:50.382   195   238 D AudioHardwareTiny: Device     : 0x402
10-16 17:31:50.382   195   238 D AudioHardwareTiny: SampleRate : 44100
10-16 17:31:50.382   195   238 D AudioHardwareTiny: Channels   : 2
10-16 17:31:50.382   195   238 D AudioHardwareTiny: Formate    : 0
10-16 17:31:50.382   195   238 D AudioHardwareTiny: PreiodSize : 512
10-16 17:31:50.382   195   238 D alsa_route: route_info->sound_card 0, route_info->devices 0  
10-16 17:31:50.382   195   238 D alsa_route: route_set_controls() set route 24
10-16 17:31:50.377   195   195 I AudioOut_D: type=1400 audit(0.0:302): avc: denied { read } for name="audioinfo" dev="sysfs" ino=10588 scontext=u:r:audioserver:s0 tcontext=u:object_r:sysfs_hdmi:s0 tclass=file permissive=1
10-16 17:31:50.377   195   195 I AudioOut_D: type=1400 audit(0.0:303): avc: denied { open } for path="/sys/devices/virtual/display/HDMI/audioinfo" dev="sysfs" ino=10588 scontext=u:r:audioserver:s0 tcontext=u:object_r:sysfs_hdmi:s0 tclass=file permissive=1
10-16 17:31:50.377   195   195 I AudioOut_D: type=1400 audit(0.0:304): avc: denied { getattr } for path="/sys/devices/virtual/display/HDMI/audioinfo" dev="sysfs" ino=10588 scontext=u:r:audioserver:s0 tcontext=u:object_r:sysfs_hdmi:s0 tclass=file permissive=1
10-16 17:31:50.419  2112  2181 V Robocol : sending CMD_NOTIFY_ROBOT_STATE(9), attempt: 1
10-16 17:31:50.420  2112  2181 V Robocol : sending CMD_NOTIFY_ROBOT_STATE(10), attempt: 1
10-16 17:31:50.420  2112  2181 V Robocol : sending CMD_NOTIFY_ROBOT_STATE(11), attempt: 1
10-16 17:31:50.421  2112  2181 V Robocol : sending CMD_PLAY_SOUND(36), attempt: 0
10-16 17:31:50.499  2112  2181 V Robocol : sending CMD_NOTIFY_ACTIVE_CONFIGURATION(15), attempt: 1
10-16 17:31:50.688  2112  2171 V ThreadPool: container(0x00ff4977: lynx dg poller) added id=164 TID=0 count=1
10-16 17:31:50.689  2112  2171 V LynxUsb : ...done armDevice()
10-16 17:31:50.690  2112  2196 V RobotCore: thread: 'lynx incoming datagrams' starting...
10-16 17:31:50.690  2112  2171 V LynxUsb : 0x0a10ce4d on 0x0ab4b238: new delegate to [(embedded)]
10-16 17:31:50.691  2112  2171 V LynxUsb : addConfiguredModule() module#=173
10-16 17:31:50.698  2112  2171 V LynxModule: pingAndQueryKnownInterfaces mod=173
10-16 17:31:50.701  2112  2171 V ThreadPool: container(0x08767a05: lynx module executor) added id=165 TID=0 count=1
10-16 17:31:50.701  2112  2196 V LynxUsb : synchronization gained: serial=(embedded)
10-16 17:31:50.724  2112  2171 V LynxModule: mod#=173 queryInterface(DEKA)=54 commands starting at 4096
10-16 17:31:50.736  2112  2171 V LynxModule: sending LynxFtdiResetControlCommand(true) wasInterrupted=false
10-16 17:31:50.742  2112  2171 V LynxModule: sendLEDPatternSteps(): steps=[Step(color=65280, msDuration=1000)]
10-16 17:31:50.747  2112  2171 V LynxModule: setAsControlHubEmbeddedModule(mod=173)
10-16 17:31:50.747  2112  2171 V EmbeddedControlHubModule: setting embedded module
10-16 17:31:50.750  2112  2171 V LynxModule: sending LynxFtdiResetControlCommand(false) wasInterrupted=false
10-16 17:31:50.752  2112  2171 V LynxModule: close(#173)
10-16 17:31:50.753  2112  2171 V ThreadPool: waiting for service lynx module executor
10-16 17:31:50.753  2112  2171 V ThreadPool: service lynx module executor terminated in awaitTermination()
10-16 17:31:50.753  2112  2197 V ThreadPool: container(0x08767a05: lynx module executor) removed id=165 TID=2197 count=1
10-16 17:31:50.753  2112  2171 V ThreadPool: executive service lynx module executor(0x08767a05) is terminated
10-16 17:31:50.753  2112  2171 V LynxUsb : Verified that the embedded Control Hub module has the correct address
10-16 17:31:50.754  2112  2171 V LynxUsb : addConfiguredModule() module#=173
10-16 17:31:50.755  2112  2171 V LynxModule: pingAndQueryKnownInterfaces mod=173
10-16 17:31:50.757  2112  2171 V ThreadPool: container(0x0ef582b1: lynx module executor) added id=166 TID=0 count=1
10-16 17:31:50.768  2112  2171 V LynxModule: mod#=173 queryInterface(DEKA)=54 commands starting at 4096
10-16 17:31:50.777  2112  2171 V LynxModule: sending LynxFtdiResetControlCommand(true) wasInterrupted=false
10-16 17:31:50.782  2112  2171 V LynxModule: sendLEDPatternSteps(): steps=[Step(color=65280, msDuration=1000)]
10-16 17:31:50.786  2112  2171 V LynxModule: setAsControlHubEmbeddedModule(mod=173)
10-16 17:31:50.786  2112  2171 V EmbeddedControlHubModule: setting embedded module
10-16 17:31:50.791  2112  2196 V RobotCore: nack rec'd mod=173 msg#=8 ref#=0 reason=PARAM0:0
10-16 17:31:50.793  2112  2190 V LynxModule: mod#=173 queryInterface(): interface SERVO_HUB is not supported
10-16 17:31:50.793  2112  2190 I RobotCore: LynxFirmwareVersionManager: LynxI2cDeviceSynchV2
10-16 17:31:50.794  2112  2190 V LynxI2cDeviceSynch: initializeHardware() mod#=173
10-16 17:31:50.795  2112  2190 V BNO055  : Suppressing I2C warnings while we check for a BNO055 IMU
10-16 17:31:50.801  2112  2190 V BNO055  : No BNO055 IMU found
10-16 17:31:50.802  2112  2190 V BHI260IMU: Suppressing I2C warnings while we check for a BHI260AP IMU
10-16 17:31:50.807  2112  2190 V BHI260IMU: Found BHI260AP IMU
10-16 17:31:50.808  2112  2190 V EmbeddedControlHubModule: setting embedded IMU type
10-16 17:31:50.808  2112  2171 V LynxModule: sending LynxFtdiResetControlCommand(false) wasInterrupted=false
10-16 17:31:50.811  2112  2171 V LynxModule: close(#173)
10-16 17:31:50.811  2112  2171 V ThreadPool: waiting for service lynx module executor
10-16 17:31:50.812  2112  2171 V ThreadPool: service lynx module executor terminated in awaitTermination()
10-16 17:31:50.812  2112  2171 V ThreadPool: executive service lynx module executor(0x0ef582b1) is terminated
10-16 17:31:50.812  2112  2198 V ThreadPool: container(0x0ef582b1: lynx module executor) removed id=166 TID=2198 count=1
10-16 17:31:50.812  2112  2171 V LynxUsb : addConfiguredModule() module#=173
10-16 17:31:50.813  2112  2171 V LynxModule: pingAndQueryKnownInterfaces mod=173
10-16 17:31:50.815  2112  2171 V ThreadPool: container(0x017161b3: lynx module executor) added id=167 TID=0 count=1
10-16 17:31:50.827  2112  2171 V LynxModule: mod#=173 queryInterface(DEKA)=54 commands starting at 4096
10-16 17:31:50.837  2112  2171 V LynxModule: sending LynxFtdiResetControlCommand(true) wasInterrupted=false
10-16 17:31:50.841  2112  2171 V LynxModule: sendLEDPatternSteps(): steps=[Step(color=65280, msDuration=1000)]
10-16 17:31:50.846  2112  2171 V LynxModule: setAsControlHubEmbeddedModule(mod=173)
10-16 17:31:50.846  2112  2171 V EmbeddedControlHubModule: setting embedded module
10-16 17:31:50.848  2112  2190 I RobotCore: LynxFirmwareVersionManager: LynxI2cDeviceSynchV2
10-16 17:31:50.849  2112  2190 V LynxI2cDeviceSynch: initializeHardware() mod#=173
10-16 17:31:50.869  2112  2190 V BHI260IMU: flashFirmwareIfNecessary() alreadyFlashed=true firmwareVersion=20
10-16 17:31:50.870  2112  2171 V LynxModule: sending LynxFtdiResetControlCommand(false) wasInterrupted=false
10-16 17:31:50.872  2112  2171 V LynxModule: close(#173)
10-16 17:31:50.872  2112  2171 V ThreadPool: waiting for service lynx module executor
10-16 17:31:50.873  2112  2171 V ThreadPool: service lynx module executor terminated in awaitTermination()
10-16 17:31:50.873  2112  2199 V ThreadPool: container(0x017161b3: lynx module executor) removed id=167 TID=2199 count=1
10-16 17:31:50.873  2112  2171 V ThreadPool: executive service lynx module executor(0x017161b3) is terminated
10-16 17:31:50.873  2112  2171 V HardwareFactory: createHardwareMap()
10-16 17:31:50.873  2112  2171 V EmbeddedControlHubModule: clearing embedded module
10-16 17:31:50.881  2112  2171 V ReadXMLFileHandler: embedded lynx USB device and module are already present
10-16 17:31:50.881  2112  2171 V RobotCore: Creating REV Robotics USB Expansion Hub Portal [(embedded)]
10-16 17:31:50.881  2112  2171 V LynxUsb : using existing [(embedded)]: 0x0ab4b238
10-16 17:31:50.882  2112  2171 V LynxUsb : 0x055d542b on 0x0ab4b238: new delegate to [(embedded)]
10-16 17:31:50.882  2112  2171 V LynxUsb : addConfiguredModule() module#=173
10-16 17:31:50.883  2112  2171 V LynxModule: pingAndQueryKnownInterfaces mod=173
10-16 17:31:50.885  2112  2171 V ThreadPool: container(0x0ca42088: lynx module executor) added id=168 TID=0 count=1
10-16 17:31:50.894  2112  2171 V LynxModule: mod#=173 queryInterface(DEKA)=54 commands starting at 4096
10-16 17:31:50.902  2112  2171 V LynxModule: sending LynxFtdiResetControlCommand(true) wasInterrupted=false
10-16 17:31:50.906  2112  2171 V LynxModule: sendLEDPatternSteps(): steps=[Step(color=65280, msDuration=1000)]
10-16 17:31:50.910  2112  2171 V LynxModule: setAsControlHubEmbeddedModule(mod=173)
10-16 17:31:50.910  2112  2171 V EmbeddedControlHubModule: setting embedded module
10-16 17:31:50.911  2112  2171 V LynxMotor: initializeHardware() mod#=173
10-16 17:31:50.966  2112  2171 V RobotCore: DcMotorImpl(type=goBILDA5202SeriesMotor)
10-16 17:31:50.966  2112  2171 V RobotCore: DcMotorImpl(type=goBILDA5202SeriesMotor)
10-16 17:31:50.966  2112  2171 V RobotCore: DcMotorImpl(type=goBILDA5202SeriesMotor)
10-16 17:31:50.967  2112  2171 V RobotCore: DcMotorImpl(type=goBILDA5202SeriesMotor)
10-16 17:31:50.967  2112  2171 V LynxServoController: initializeHardware() mod#=173
10-16 17:31:50.992  2112  2171 V LynxVoltageSensor: initializeHardware() mod#=173
10-16 17:31:50.992  2112  2171 V LynxAnalogInputController: initializeHardware() mod#=173
10-16 17:31:50.993  2112  2171 V LynxDigitalChannelController: initializeHardware() mod#=173
10-16 17:31:51.010  2112  2171 V RobotCore: Creating user sensor goBILDA Pinpoint Odometry Computer - on Lynx module=173 bus=0
10-16 17:31:51.011  2112  2171 I RobotCore: LynxFirmwareVersionManager: LynxI2cDeviceSynchV2
10-16 17:31:51.011  2112  2171 V LynxI2cDeviceSynch: initializeHardware() mod#=173
10-16 17:31:51.012  2112  2171 I RobotCore: LynxFirmwareVersionManager: LynxI2cDeviceSynchV2
10-16 17:31:51.013  2112  2171 V LynxI2cDeviceSynch: initializeHardware() mod#=173
10-16 17:31:51.014  2112  2171 I RobotCore: ========= Device Information ===================================================
10-16 17:31:51.015  2112  2171 I RobotCore: Type                                               Name                           Connection
10-16 17:31:51.015  2112  2171 I RobotCore: Motor                                              FLmotor                        USB (embedded); module 173; port 2
10-16 17:31:51.016  2112  2171 I RobotCore: Motor                                              BRmotor                        USB (embedded); module 173; port 0
10-16 17:31:51.016  2112  2171 I RobotCore: goBILDA Pinpoint Odometry Computer                odo                            USB (embedded); module 173; bus 0; addr7=0x31
10-16 17:31:51.017  2112  2171 I RobotCore: goBILDA Pinpoint Odometry Computer                odo                            USB (embedded); module 173; bus 0; addr7=0x31
10-16 17:31:51.018  2112  2171 I RobotCore: Motor                                              BLmotor                        USB (embedded); module 173; port 1
10-16 17:31:51.018  2112  2171 I RobotCore: Expansion Hub DC Motor Controller                  Control Hub                    USB (embedded); module 173
10-16 17:31:51.019  2112  2171 I RobotCore: Expansion Hub Servo Controller                     Control Hub                    USB (embedded); module 173
10-16 17:31:51.020  2112  2171 I RobotCore: Expansion Hub Voltage Sensor                       Control Hub                    USB (embedded); module 173
10-16 17:31:51.020  2112  2171 I RobotCore: Expansion Hub Analog Input Controller              Control Hub                    USB (embedded); module 173
10-16 17:31:51.021  2112  2171 I RobotCore: Expansion Hub Digital Channel Controller           Control Hub                    USB (embedded); module 173
10-16 17:31:51.025  2112  2171 I RobotCore: Expansion Hub (HW: 20, Maj: 1, Min: 8, Eng: 2)     Control Hub                    USB (embedded); module 173
10-16 17:31:51.025  2112  2171 I RobotCore: Motor                                              FRmotor                        USB (embedded); module 173; port 3
10-16 17:31:51.026  2112  2171 I RobotCore: REV Robotics USB Expansion Hub Portal              Control Hub Portal             USB (embedded)
10-16 17:31:51.031  2112  2196 V RobotCore: nack rec'd mod=173 msg#=57 ref#=0 reason=PARAM0:0
10-16 17:31:51.032  2112  2171 V LynxModule: mod#=173 queryInterface(): interface SERVO_HUB is not supported
10-16 17:31:51.034  2112  2171 I RobotCore: LynxFirmwareVersionManager: LynxI2cDeviceSynchV2
10-16 17:31:51.035  2112  2171 V LynxI2cDeviceSynch: initializeHardware() mod#=173
10-16 17:31:51.035  2112  2171 V BNO055  : Suppressing I2C warnings while we check for a BNO055 IMU
10-16 17:31:51.039  2112  2171 V BNO055  : No BNO055 IMU found
10-16 17:31:51.039  2112  2171 V BHI260IMU: Suppressing I2C warnings while we check for a BHI260AP IMU
10-16 17:31:51.042  2112  2171 V BHI260IMU: Found BHI260AP IMU
10-16 17:31:51.044  2112  2196 V RobotCore: nack rec'd mod=173 msg#=62 ref#=0 reason=PARAM0:0
10-16 17:31:51.046  2112  2171 V LynxModule: mod#=173 queryInterface(): interface SERVO_HUB is not supported
10-16 17:31:51.052  2112  2196 V RobotCore: nack rec'd mod=173 msg#=64 ref#=0 reason=PARAM0:0
10-16 17:31:51.053  2112  2171 V LynxModule: mod#=173 queryInterface(): interface SERVO_HUB is not supported
10-16 17:31:51.054  2112  2171 V LynxUsb : 0x0a10ce4d on 0x0ab4b238: releasing delegate to [(embedded)]
10-16 17:31:51.054  2112  2171 I FtcEventLoop: ======= INIT FINISH =======
10-16 17:31:51.055  2112  2179 W art     : Long monitor contention with owner RobotSetupRunnable.run() (2171) at void java.lang.Thread.sleep!(java.lang.Object, long, int)(Thread.java:-2) waiters=0 in org.firstinspires.ftc.robotcore.internal.network.CallbackResult com.qualcomm.robotcore.eventloop.EventLoopManager.commandEvent(com.qualcomm.robotcore.robocol.Command) for 701ms
10-16 17:31:51.055  2112  2171 V RobotCore: EventLoopManager state is RUNNING
10-16 17:31:51.056   203   618 D RockFFPlayer: reset()***********
10-16 17:31:51.056   203   618 D RockFFPlayerBase: dumpStatus(): Preapared
10-16 17:31:51.056   203   618 D RockFFPlayer: reset(),stop_l
10-16 17:31:51.056   203   618 D RockFFPlayer: stop_l
10-16 17:31:51.056   203   618 D RockFFPlayer: enter enqueueMessage
10-16 17:31:51.056   203   618 D RockFFPlayer: enqueueMessage:****1
10-16 17:31:51.056   203   618 D RockFFPlayer: enqueueMessage:****2
10-16 17:31:51.056   203   618 D RockFFPlayer: enqueueMessage:****3
10-16 17:31:51.056   203   618 D RockFFPlayer: enqueueMessage:Message 1,set signal
10-16 17:31:51.056   203   618 D RockFFPlayer: enqueueMessage:sync wait
10-16 17:31:51.056   203  2187 D RockFFPlayer: deliverMessage 
10-16 17:31:51.056   203  2187 D RockFFPlayer: run : dequeueMessage Message 4
10-16 17:31:51.056   203  2187 D RockFFPlayer: CMD_STOP
10-16 17:31:51.056   203  2187 D RockFFPlayer: doStop()*****
10-16 17:31:51.056   203  2187 D RockFFPlayerBase: dumpStatus(): Preapared
10-16 17:31:51.056   203  2187 D RockFFPlayerBase: dumpStatus(): Stopped
10-16 17:31:51.056   203  2187 D RockFFPlayer: doRelease()************
10-16 17:31:51.056   203  2187 I FFIDecoder: waiting on end of decoder thread
10-16 17:31:51.056   203  2187 E FFMpegThread: DecoderAudio,wait
10-16 17:31:51.056   203  2188 I RockFFPlayer: readthread end of playing
10-16 17:31:51.057   203  2187 E RockFFPlayerBase: FFMPlayerBase::flushRenderQueue in
10-16 17:31:51.057   203  2187 E RockFFPlayerBase: FFMPlayerBase::flushRenderQueue out
10-16 17:31:51.057   203  2187 D FFMpegThread: DecoderAudio:~PlayerThread enter mThreadStatus=-1
10-16 17:31:51.057  2112  2171 V RobotCore: Robot Status: running, starting robot
10-16 17:31:51.058   203  2187 D RockFFPlayer: doRelease ok
10-16 17:31:51.058   203  2187 D RockFFPlayer: doStop()*****OK
10-16 17:31:51.058   203  2187 D RockFFPlayer: run : dequeueMessage Message 4 OK
10-16 17:31:51.058   203  2187 D RockFFPlayer: Messagecomplete type [4]
10-16 17:31:51.058   203  2187 D RockFFPlayer: run : Message 4 complete
10-16 17:31:51.058   203   618 D RockFFPlayer: enqueueMessage:sync wait ok
10-16 17:31:51.058   203   618 D RockFFPlayer: doRelease() clearQueue************
10-16 17:31:51.058   203   618 D RockFFPlayer: stop_l:MessageStop down
10-16 17:31:51.058   203   618 D RockFFPlayerBase: dumpStatus(): Stopped
10-16 17:31:51.058   203   618 D RockFFPlayer: stop_l : create CancelThread
10-16 17:31:51.058  2112  2171 V RobotCore: Robot Status: running
10-16 17:31:51.059   203   618 D RockFFPlayer: stop_l :CancelThread create ok
10-16 17:31:51.059   203   618 D RockFFPlayer: stop_l buffer thread quit
10-16 17:31:51.059   203   618 D RockFFPlayer: enter enqueueMessage
10-16 17:31:51.059   203   618 D RockFFPlayer: enqueueMessage:****1
10-16 17:31:51.059   203   618 D RockFFPlayer: enqueueMessage:****2
10-16 17:31:51.059   203   618 D RockFFPlayer: enqueueMessage:****3
10-16 17:31:51.059   203   618 D RockFFPlayer: enqueueMessage:Message 1,set signal
10-16 17:31:51.059   203   618 D RockFFPlayer: enqueueMessage:sync wait
10-16 17:31:51.059   203  2187 D RockFFPlayer: deliverMessage 
10-16 17:31:51.059   203  2187 D RockFFPlayer: run : dequeueMessage Message 11
10-16 17:31:51.059   203  2187 D RockFFPlayer: CMD_RESET
10-16 17:31:51.059   203  2187 D RockFFPlayerBase: dumpStatus(): Idle
10-16 17:31:51.059   203  2187 D RockFFPlayer: doReset ok
10-16 17:31:51.059   203  2187 D RockFFPlayer: run : dequeueMessage Message 11 OK
10-16 17:31:51.059   203  2187 D RockFFPlayer: Messagecomplete type [11]
10-16 17:31:51.059   203  2187 D RockFFPlayer: run : Message 11 complete
10-16 17:31:51.059   203   618 D RockFFPlayer: enqueueMessage:sync wait ok
10-16 17:31:51.059  2112  2181 V Robocol : sending CMD_NOTIFY_ROBOT_STATE(61), attempt: 0
10-16 17:31:51.059   203   618 D RockFFPlayer: reset(),MessageReset down
10-16 17:31:51.059   203  2187 D RockFFPlayer: signal thread out
10-16 17:31:51.059   203  2187 D RockFFPlayer: sched_thread out
10-16 17:31:51.060   203   618 D RockFFPlayer: stop:wait is ok
10-16 17:31:51.060   203   618 D RockFFPlayer: stop:ok
10-16 17:31:51.060   203   618 D RockFFPlayer: ~RkMessageQueue
10-16 17:31:51.060   203  2201 D RockFFPlayer: CancelThread start
10-16 17:31:51.060   203  2201 E RockFFPlayerBase: closeContext : in
10-16 17:31:51.060   203  2201 E RockFFPlayerBase: closeContext : out
10-16 17:31:51.060   203  2201 D RockFFPlayer: CancelThread end
10-16 17:31:51.060   203  2201 D RockFFPlayer: CancelThread return
10-16 17:31:51.063  2112  2179 E Robocol : command processing took 708 ms: command=CMD_REQUEST_ACTIVE_CONFIG
10-16 17:31:51.063   203   608 D RockFFPlayer: reset()***********
10-16 17:31:51.064   203   608 D RockFFPlayerBase: dumpStatus(): Idle
10-16 17:31:51.064   203   608 D RockFFPlayer: CurrentStatus is IDLE,already reset
10-16 17:31:51.064   203   608 E FFPlayer: ~FFPlayer
10-16 17:31:51.064   203   608 D RockFFPlayer: reset()***********
10-16 17:31:51.064   203   608 D RockFFPlayerBase: dumpStatus(): Idle
10-16 17:31:51.064   203   608 D RockFFPlayer: CurrentStatus is IDLE,already reset
10-16 17:31:51.064   203   608 D RockFFPlayer: ~FFMPlayer*******
10-16 17:31:51.064   203   608 D RockFFPlayer: reset()***********
10-16 17:31:51.064   203   608 D RockFFPlayerBase: dumpStatus(): Idle
10-16 17:31:51.064   203   608 D RockFFPlayer: CurrentStatus is IDLE,already reset
10-16 17:31:51.064   203   608 D RockFFPlayer: ~FFMPlayer:CancelThread
10-16 17:31:51.064   203   608 D RockFFPlayer: ~FFMediaSource
10-16 17:31:51.064   203   608 D RockFFPlayer: FFMediaSource context null. 
10-16 17:31:51.064   203   608 E TraceThread:     VsyncReciver(tid = 3962939680)--> [UID=0033c395] pthread_join begin-->player = 0xedfd0000
10-16 17:31:51.069  2112  2171 V ThreadPool: container(0x037000f7: executorEventLoop) added id=169 TID=0 count=1
10-16 17:31:51.071  2112  2202 V RobotCore: thread: 'EventLoop' starting...
10-16 17:31:51.073  2112  2171 D FTCService: Detecting Wi-Fi reset
10-16 17:31:51.074  2112  2171 D RobotControllerAccessPointAssistant: detectWifiReset button=false
10-16 17:31:51.076  2112  2171 V RobotCore: thread: ...terminating 'RobotSetupRunnable.run()'
10-16 17:31:51.079   203   608 E TraceThread:     VsyncReciver(tid = 3962939680)--> [UID=0033c395] pthread_join   end-->player = 0xedfd0000
10-16 17:31:51.079   203   608 D VsyncReciver: stop_l:vsyncThread down
10-16 17:31:51.079   203   608 E TraceThread:     RockFFPlayer(tid = 3968162080)--> [UID=0033c395] ~FFMPlayer Destruction; object=0xedfd0000
10-16 17:31:51.079   203   608 D RockFFPlayer: ~FFMPlayer***end
10-16 17:31:51.082   203   608 D RockFFPlayerBase: ~FFMPlayerBase(():mDequeueThread down
10-16 17:31:51.082   203   608 D RockFFPlayerBase: ~RkMessageHandler
10-16 17:31:51.084   203   723 I MediaPlayerService: processName cmdline:/proc/2112/cmdline
10-16 17:31:51.084   203   271 I MediaPlayerFactory:  createFFPlayer
10-16 17:31:51.085   203   271 E FFPlayer: isBluray(), extension = .apk
10-16 17:31:51.085   203   271 E FFPlayerHelper: isBDDirectory() ,path = /data/app/com.qualcomm.ftcrobotcontroller-1/base.apk
10-16 17:31:51.086   203   271 E FFPlayerHelper: isBDDirectory(): no BDMV
10-16 17:31:51.086   203   271 D RkMemConfig: RkMemConfig init
10-16 17:31:51.086   203   271 E RockFFPlayerBase: FFMPlayerBase:eDisplayIdMain
10-16 17:31:51.086   203   271 D FFPlayerHelper: MediaServer is SP_FOREGROUND, tid=271
10-16 17:31:51.086   203   271 D RkExtensionPlayer: RkExtensionPlayer in
10-16 17:31:51.086   203   271 D RkExtensionPlayer: checkDirectoryAccess: Directory[0] = /tmp/rk_ext_subtitle/, AccessPermission = -1
10-16 17:31:51.086   203   271 D RkExtensionPlayer: checkDirectoryAccess: Directory[1] = /data/rk_ext_subtitle/, AccessPermission = -1
10-16 17:31:51.086   203   271 D RkExtensionPlayer: checkDirectoryAccess: Directory[2] = /data/media/0/rk_ext_subtitle/, AccessPermission = -1
10-16 17:31:51.086   203   271 E RkExtensionPlayer: createDirectory(), path = /tmp/rk_ext_subtitle/
10-16 17:31:51.087   203   271 E RkExtensionPlayer: createDirectory(), create directory = /tmp/rk_ext_subtitle/ fail,reson = No such file or directory
10-16 17:31:51.087   203   271 E RkExtensionPlayer: createDirectory(), path = /data/rk_ext_subtitle/
10-16 17:31:51.087   203   271 E RkExtensionPlayer: createDirectory(), path = /data/rk_ext_subtitle/edfb4180/
10-16 17:31:51.087   203   271 D RkExtensionPlayer: checkDirectoryAccess: Use [/data/rk_ext_subtitle/edfb4180/] as Temp Subtile Directory
10-16 17:31:51.089   203   271 E TraceThread: TraceThread::randomUID() --> [UID=5ced4d1b]
10-16 17:31:51.089   203   271 E TraceThread:     RockFFPlayer(tid = 3969206560)--> [UID=5ced4d1b] FFMPlayer Construction; object=0xedfd9000
10-16 17:31:51.090   203   271 D RockFFPlayer: setDataSource fd = 12, offset =21583740,length = 432616
10-16 17:31:51.090   203   271 D RockFFPlayer: start:create thread
10-16 17:31:51.090   203  2204 E TraceThread:     VsyncReciver(tid = 3962939680)--> [UID=5ced4d1b] VsyncReciver::startthread
10-16 17:31:51.092   203  2205 D RockFFPlayer: RkMessageQueue::run()
10-16 17:31:51.093   203   271 D RockFFPlayer: start:create thread ok,mThreadStatus=0
10-16 17:31:51.093   203   271 D RockFFPlayer: enter enqueueMessage
10-16 17:31:51.093   203   271 D RockFFPlayer: enqueueMessage:****1
10-16 17:31:51.093   203   271 D RockFFPlayer: enqueueMessage:****2
10-16 17:31:51.093   203   271 D RockFFPlayer: enqueueMessage:****3
10-16 17:31:51.093   203   271 D RockFFPlayer: enqueueMessage:Message 1,set signal
10-16 17:31:51.093   203   271 D RockFFPlayer: enqueueMessage:sync wait
10-16 17:31:51.093   203  2205 D RockFFPlayer: deliverMessage 
10-16 17:31:51.093   203  2205 D RockFFPlayer: run : dequeueMessage Message 20
10-16 17:31:51.093   203  2205 D RockFFPlayer: CMD_CURRENTSTATUS
10-16 17:31:51.093   203  2205 D RockFFPlayerBase: dumpStatus(): Initialized
10-16 17:31:51.093   203  2205 D RockFFPlayer: run : dequeueMessage Message 20 OK
10-16 17:31:51.093   203  2205 D RockFFPlayer: Messagecomplete type [20]
10-16 17:31:51.094   203   271 D RockFFPlayer: enqueueMessage:sync wait ok
10-16 17:31:51.094   203  2205 D RockFFPlayer: run : Message 20 complete
10-16 17:31:51.095   203   723 D RockFFPlayer: prepareAsync in
10-16 17:31:51.095   203   723 D RockFFPlayerBase: dumpStatus(): Initialized
10-16 17:31:51.095   203   723 D RockFFPlayerBase: dumpStatus(): Preparing
10-16 17:31:51.096   203  2206 I FFPlayer_Version: ******************************************
10-16 17:31:51.096   203  2206 I FFPlayer_Version: 
10-16 17:31:51.096   203  2206 I FFPlayer_Version: starting main player: v2.1 ffplayer git_version: git-2018-01-18-45a23f4
10-16 17:31:51.096   203  2206 I FFPlayer_Version: ffPlayer runs on BOARD_RK3328
10-16 17:31:51.096   203  2206 I FFPlayer_Version: 
10-16 17:31:51.096   203  2206 I FFPlayer_Version: ******************************************
10-16 17:31:51.096   203  2206 I RockFFPlayer: setDataSource(url =file/fd::12,offset::21583740,length::432616)
10-16 17:31:51.096   203  2206 I RockFFPlayer: setDataSource(fileurl =/data/app/com.qualcomm.ftcrobotcontroller-1/base.apk)
10-16 17:31:51.096   203   723 D RockFFPlayer: prepareAsync ok
10-16 17:31:51.096   203  2206 E RockFFPlayerBase: openContext : in
10-16 17:31:51.097   203  2206 E RockFFPlayer: ffmpeg version v2.1: git-2017-12-25-6d3343b
10-16 17:31:51.097   203  2206 E RockFFPlayer: av_probe_input_buffer:avio_read
10-16 17:31:51.097   203  2206 I RockFFPlayer: flv_probe get probe score: 0
10-16 17:31:51.097   203  2206 E RockFFPlayer: Hery, probe size = 0
10-16 17:31:51.098   203  2206 E RockFFPlayer: avformat_open_input:read_header
10-16 17:31:51.098   203  2206 E RockFFPlayer: file_read: offset=22016356, c->offset=21583740, c->length=432616
10-16 17:31:51.098   203  2206 E RockFFPlayer: file_read: offset=22016356, c->offset=21583740, c->length=432616
10-16 17:31:51.098   203  2206 E RockFFPlayer: avformat_open_input:read_header ok
10-16 17:31:51.098   203  2206 D RkExtensionPlayer: openContext in
10-16 17:31:51.098   203  2206 E RkExtensionPlayer: autoDetect(): path = /data/app/com.qualcomm.ftcrobotcontroller-1/base.apk
10-16 17:31:51.098   203  2206 E FFPlayerHelper: isNetWorkUrl: url = /data/app/com.qualcomm.ftcrobotcontroller-1/base.apk
10-16 17:31:51.098   203  2206 E FFPlayerHelper: isBDDirectory() ,path = /data/app/com.qualcomm.ftcrobotcontroller-1
10-16 17:31:51.098   203  2206 E FFPlayerHelper: isBDDirectory(): no BDMV
10-16 17:31:51.098   203  2206 D RkExtensionPlayer: openContext out,mTrackInfos size = 0
10-16 17:31:51.098   203  2206 E RockFFPlayerBase: openContext : out,ret = 0
10-16 17:31:51.098   203  2206 D RockFFPlayer: the source format name: wav
10-16 17:31:51.098   203  2206 D RockFFPlayer: find av stream info in
10-16 17:31:51.099   203  2206 I RockFFPlayer: flv_probe get probe score: 0
10-16 17:31:51.099   203  2206 E RockFFPlayer: Hery, probe size = 0
10-16 17:31:51.099  2112  2181 V Robocol : sending CMD_NOTIFY_ACTIVE_CONFIGURATION(63), attempt: 0
10-16 17:31:51.100  2112  2181 V Robocol : sending CMD_SHOW_TOAST(67), attempt: 0
10-16 17:31:51.100   203  2206 I RockFFPlayer: flv_probe get probe score: 0
10-16 17:31:51.100   203  2206 E RockFFPlayer: Hery, probe size = 0
10-16 17:31:51.102  2112  2202 I RobotCore: Attempting to switch to OpMode $Stop$Robot$
10-16 17:31:51.102   203  2206 I RockFFPlayer: flv_probe get probe score: 0
10-16 17:31:51.103   203  2206 E RockFFPlayer: Hery, probe size = 0
10-16 17:31:51.106  2112  2202 D HardwareMap: Clearing which device instances have been retrieved
10-16 17:31:51.106   203  2206 I RockFFPlayer: flv_probe get probe score: 0
10-16 17:31:51.107  2112  2202 V ThreadPool: container(0x03a7fdc9: OpModeExecutor) added id=170 TID=0 count=1
10-16 17:31:51.108  2112  2207 V RobotCore: thread: 'OpModeThread' starting...
10-16 17:31:51.108   203  2206 E RockFFPlayer: Hery, probe size = 0
10-16 17:31:51.116   203  2206 I RockFFPlayer: flv_probe get probe score: 0
10-16 17:31:51.119   203  2206 E RockFFPlayer: Hery, probe size = 0
10-16 17:31:51.134   203  2206 I RockFFPlayer: flv_probe get probe score: 0
10-16 17:31:51.139  2112  2181 V Robocol : sending CMD_NOTIFY_USER_DEVICE_LIST(69), attempt: 0
10-16 17:31:51.139   203  2206 E RockFFPlayer: Hery, probe size = 0
10-16 17:31:51.141  2112  2181 V Robocol : sending CMD_NOTIFY_INIT_OP_MODE(76), attempt: 0
10-16 17:31:51.142  2112  2181 V Robocol : sending CMD_NOTIFY_OP_MODE_LIST(81), attempt: 0
10-16 17:31:51.143  2112  2181 V Robocol : sending CMD_NOTIFY_RUN_OP_MODE(83), attempt: 0
10-16 17:31:51.143  2112  2181 V Robocol : sending CMD_NOTIFY_RUN_OP_MODE(84), attempt: 0
10-16 17:31:51.154   203  2206 E RockFFPlayer: probed stream 0
10-16 17:31:51.159   203  2206 E RockFFPlayer: file_read: offset=22016356, c->offset=21583740, c->length=432616
10-16 17:31:51.159   203  2206 E RockFFPlayer: file_read: offset=22016356, c->offset=21583740, c->length=432616
10-16 17:31:51.159   203  2206 E RockFFPlayer: read_size = 432572
10-16 17:31:51.159   203  2206 E RockFFPlayer: update_stream_timings: st[-302476872].duration = 216286
10-16 17:31:51.159   203  2206 E RockFFPlayer: update_stream_timings: st[-302476872].duration = 216286
10-16 17:31:51.159   203  2206 E RockFFPlayer: estimate_timings:0: start_time: -9223372036854.775 duration: 0.216,base_time.den=48000,base_time.num=1
10-16 17:31:51.159   203  2206 E RockFFPlayer: stream: start_time: -9223372036854.775 duration: 4.506 bitrate=141565 kb/s
10-16 17:31:51.159   203  2206 E RockFFPlayer: avformat_find_stream_info:find_stream_info_err:free info,ok
10-16 17:31:51.159   203  2206 D RockFFPlayer: find av stream info ok
10-16 17:31:51.159   203  2206 D RockFFPlayer: AudioStartTime=0,VideoStartTime=-1,tmpTime=-1
10-16 17:31:51.159   203  2206 D RockFFPlayer: findAVStreamStartTime:start_time set 0
10-16 17:31:51.159   203  2206 E RockFFPlayer: Hery, s->duration = 4505958.000000
10-16 17:31:51.159   203  2206 I RockFFPlayer: Input #0, wav, from 'file/fd::12,offset::21583740,length::432616':
10-16 17:31:51.159   203  2206 I RockFFPlayer:   Duration: 
10-16 17:31:51.159   203  2206 I RockFFPlayer: 00:00:04.51
10-16 17:31:51.159   203  2206 I RockFFPlayer: , start: 
10-16 17:31:51.159   203  2206 I RockFFPlayer: 0.000000
10-16 17:31:51.159   203  2206 I RockFFPlayer: , bitrate: 
10-16 17:31:51.159   203  2206 I RockFFPlayer: 141565 kb/s
10-16 17:31:51.159   203  2206 I RockFFPlayer: 
10-16 17:31:51.159   203  2206 I RockFFPlayer:     Stream #0:0
10-16 17:31:51.159   203  2206 I RockFFPlayer: : Audio: pcm_s16le ([1][0][0][0] / 0x0001), 48000 Hz, 1 channels, s16, 768 kb/s
10-16 17:31:51.159   203  2206 I RockFFPlayer: 
10-16 17:31:51.159   203  2206 D RockFFPlayer: send do-prepare message in
10-16 17:31:51.159   203  2206 D RockFFPlayer: enter enqueueMessage
10-16 17:31:51.159   203  2206 D RockFFPlayer: enqueueMessage:****1
10-16 17:31:51.159   203  2206 D RockFFPlayer: enqueueMessage:****2
10-16 17:31:51.159   203  2206 D RockFFPlayer: enqueueMessage:****3
10-16 17:31:51.159   203  2206 D RockFFPlayer: enqueueMessage:Message 1,set signal
10-16 17:31:51.160   203  2206 D RockFFPlayer: enqueueMessage:sync wait
10-16 17:31:51.160   203  2205 D RockFFPlayer: deliverMessage 
10-16 17:31:51.160   203  2205 D RockFFPlayer: run : dequeueMessage Message 1
10-16 17:31:51.160   203  2205 D RockFFPlayer: CMD_PREPARE
10-16 17:31:51.160   203  2205 I RockFFPlayer: doPrepare in
10-16 17:31:51.160   203  2205 I RockFFPlayer: prepareVideo
10-16 17:31:51.160   203  2205 E RockFFPlayer: mVideoStreamIndex is -1
10-16 17:31:51.160   203  2205 I RockFFPlayer: prepareAudio
10-16 17:31:51.160   203  2205 E RockFFPlayer: audio stream codec_id = 65536
10-16 17:31:51.160   203  2205 D RockFFPlayerBase: open MediaDecoder.cfg failed,so can't config anything
10-16 17:31:51.160   203  2205 D RockFFPlayerBase: File not exists!
10-16 17:31:51.160   203  2205 D RkBitstreamManager: isBypass: false
10-16 17:31:51.160   203  2205 D RockFFPlayer: initAudioPlayer
10-16 17:31:51.160   203  2205 I RkBitstreamManager: BUF: 
10-16 17:31:51.160   203  2205 I RkBitstreamManager: 
10-16 17:31:51.160   203  2205 D RkBitstreamManager: isBypass: false
10-16 17:31:51.160   203  2205 D RockFFPlayer: AudioPlayer getOutputMode : 0, SPDIF mode : -1
10-16 17:31:51.161   203  2205 D RockFFPlayerBase: setAudioOutputMode output_mode : 0
10-16 17:31:51.161   203  2205 D RockFFPlayerBase: set SPDIF output mode : -1
10-16 17:31:51.161   203  2205 D AudioPlayerApi: audio player mode in: 0
10-16 17:31:51.161   203  2205 D AudioPlayerApi: audio player mode out: 0
10-16 17:31:51.161   203  2205 D RockFFPlayer: initAudioPlayer out
10-16 17:31:51.161   203  2205 D RkExtensionPlayer: prepareExtendSubtitle in
10-16 17:31:51.161   203  2205 E RockFFPlayer: prepareExtandSubtitle return error!
10-16 17:31:51.161   203  2205 D RkExtensionPlayer: ~RkExtensionPlayer in
10-16 17:31:51.161   203  2205 D RkExtensionPlayer: RkExtensionPlayer::closeExtendSubDecoder in
10-16 17:31:51.161   203  2205 E FFExtensionSource: ~FFExtensionSource in
10-16 17:31:51.161   203  2205 D RockFFPlayer: FFMediaSource context null. 
10-16 17:31:51.161   203  2205 E FFExtensionSource: ~FFExtensionSource out
10-16 17:31:51.161   203  2205 D RockFFPlayer: ~FFMediaSource
10-16 17:31:51.161   203  2205 D RockFFPlayer: FFMediaSource context null. 
10-16 17:31:51.161   203  2205 D RkExtensionPlayer: closeExtendSubDecoder out
10-16 17:31:51.162   203  2205 E RkExtensionPlayer: deleteAllFileInDirectory(),/tmp/rk_ext_subtitle/ is not exist
10-16 17:31:51.162   203  2205 E RkExtensionPlayer: deleteAllFileInDirectory(),/data/media/0/rk_ext_subtitle/ is not exist
10-16 17:31:51.162   203  2205 I RockFFPlayer: prepareSubtitle in
10-16 17:31:51.162   203  2205 E RockFFPlayer: hasSubtitle return fail
10-16 17:31:51.162   203  2205 D AudioDecoder: decodeaudio AudioOutputMode : 0, SPDIF_MODE : -1, PlayerMode : 0
10-16 17:31:51.162   203  2205 D AudioDecoder: mStream->codec->channels = 1  mStream->codec->sample_rate = 48000
10-16 17:31:51.162   203  2205 D AudioDecoder: mStream->codec->channels = 1  mStream->codec->sample_rate = 48000
10-16 17:31:51.162   203  2205 D RockFFPlayer: createAudioDecoder: create audio decoder ok
10-16 17:31:51.162   203  2205 E RockFFPlayer: createVideoDecoder: no video stream
10-16 17:31:51.162   203  2205 E RockFFPlayer: createSubtitleDecoder: no subtitle stream
10-16 17:31:51.163   203  2205 E TraceThread: TraceThread::dumpTrace() FileName:/data/trace_thread.log
10-16 17:31:51.163   203  2205 D RockFFPlayerBase: dumpStatus(): Preapared
10-16 17:31:51.163   203  2205 D RockFFPlayer: Sync master clock type - 1
10-16 17:31:51.163   203  2205 I RockFFPlayer: doPrepareFinish ok
10-16 17:31:51.163   203  2205 D RockFFPlayer: run : dequeueMessage Message 1 OK
10-16 17:31:51.163   203  2205 D RockFFPlayer: Messagecomplete type [1]
10-16 17:31:51.163   203  2205 D RockFFPlayer: run : Message 1 complete
10-16 17:31:51.163   203  2206 D RockFFPlayer: enqueueMessage:sync wait ok
10-16 17:31:51.163   203  2206 D RockFFPlayer: send do-prepare message ok
10-16 17:31:51.163   203  2206 I RockFFPlayer: decodeMovie:getCurrentStatus() = 8
10-16 17:31:51.163   203  2206 D FFPlayerHelper: MediaServer is SP_FOREGROUND, tid=2206
10-16 17:31:51.164   203   203 E RockFFPlayer: doGetTrackInfo: track size = 1
10-16 17:31:51.165   203   271 E RockFFPlayer: doGetTrackInfo: track size = 1
10-16 17:31:51.167  2112  2184 V SoundInfo: construct(0x0da017ef)
10-16 17:31:51.220  2112  2183 I MediaCodec: callingProcessName:com.qualcomm.ftcrobotcontroller
10-16 17:31:51.222   203   723 I MediaPlayerService: MediaPlayerService::getOMX
10-16 17:31:51.222  2112  2208 I OMXClient: MuxOMX ctor
10-16 17:31:51.223  2112  2208 I ACodec  : onAllocateComponent:6752 mSoftCodecPref:0 componentName:
10-16 17:31:51.225  2112  2208 I ACodec  : onAllocateComponent:6783 mSoftCodecPref:0 componentName:OMX.google.raw.decoder
10-16 17:31:51.226   200   606 I OMXMaster: makeComponentInstance(OMX.google.raw.decoder) in mediacodec process
10-16 17:31:51.240   202   597 D MediaBufferGroup: creating MemoryDealer
10-16 17:31:51.287  2112  2139 D SoundPlayer: onLoadComplete(samp=2|ms=4506, samp=2)=0
10-16 17:31:51.289  2112  2184 W AudioTrack: AUDIO_OUTPUT_FLAG_FAST denied by client; transfer 4, track 48000 Hz, output 44100 Hz
10-16 17:31:51.294  2112  2184 D SoundPlayer: playing volume=0.000000 samp=2|ms=4506
10-16 17:31:51.299  2112  2181 V Robocol : sending CMD_PLAY_SOUND(96), attempt: 0
10-16 17:31:53.115   429   429 W WindowManager: Attempted to remove non-existing token: android.os.Binder@e0ce753
10-16 17:31:53.480  2112  2119 I art     : Debugger is no longer active
10-16 17:31:53.480  2112  2119 I art     : Starting a blocking GC Instrumentation
10-16 17:31:53.777  2112  2117 I art     : Do full code cache collection, code=124KB, data=115KB
10-16 17:31:53.780  2112  2117 I art     : Starting a blocking GC JitCodeCache
10-16 17:31:53.780  2112  2117 I art     : After code cache collection, code=76KB, data=62KB
10-16 17:31:54.385  2112  2141 V ThreadPool: container(0x01c77d55: default scheduler) added id=172 TID=0 count=7
10-16 17:31:55.325  2112  2175 V ThreadPool: container(0x01c77d55: default scheduler) added id=173 TID=0 count=8
10-16 17:31:55.947  1093  1093 I pool-2-thread-1: type=1400 audit(0.0:305): avc: denied { sendto } for path="/data/misc/wifi/hostapd/wlan0" scontext=u:r:platform_app:s0:c512,c768 tcontext=u:r:hostapd:s0 tclass=unix_dgram_socket permissive=1
10-16 17:31:58.829   195   238 D alsa_route: route_set_controls() set route 24
10-16 17:31:58.829   195   238 D AudioHardwareTiny: close device
10-16 17:31:58.981  2112  2123 I art     : Background partial concurrent mark sweep GC freed 184337(5MB) AllocSpace objects, 37(11MB) LOS objects, 40% free, 17MB/28MB, paused 1.745ms total 108.922ms
10-16 17:31:59.385  2112  2164 V ThreadPool: container(0x01c77d55: default scheduler) added id=174 TID=0 count=9
10-16 17:32:04.385  2112  2191 V ThreadPool: container(0x01c77d55: default scheduler) added id=175 TID=0 count=10
10-16 17:32:09.385  2112  2141 V ThreadPool: container(0x01c77d55: default scheduler) added id=176 TID=0 count=11
10-16 17:32:14.385  2112  2175 V ThreadPool: container(0x01c77d55: default scheduler) added id=177 TID=0 count=12
10-16 17:32:18.733  2112  2117 I art     : Do partial code cache collection, code=124KB, data=103KB
10-16 17:32:18.735  2112  2117 I art     : After code cache collection, code=124KB, data=103KB
10-16 17:32:18.735  2112  2117 I art     : Increasing code cache capacity to 512KB
10-16 17:32:19.385  2112  2176 V ThreadPool: container(0x01c77d55: default scheduler) added id=178 TID=0 count=13
10-16 17:32:20.870  2112  2190 V ThreadPool: container(0x00fa466b: default threadpool) removed id=161 TID=2190 count=2
10-16 17:32:21.078  2112  2171 V ThreadPool: container(0x00fa466b: default threadpool) removed id=147 TID=2171 count=1
10-16 17:32:24.385  2112  2214 V ThreadPool: container(0x01c77d55: default scheduler) added id=179 TID=0 count=14
